
> nzila-os@1.0.0 test C:\APPS\nzila-automation
> turbo test

ΓÇó turbo 2.8.20

   ΓÇó Packages in scope: @nzila/abr, @nzila/agri-adapters, @nzila/agri-core, @nzila/agri-db, @nzila/agri-events, @nzila/agri-forecasting, @nzila/agri-intelligence, @nzila/agri-provenance, @nzila/agri-reporting, @nzila/agri-supply-chain, @nzila/agri-sync-contracts, @nzila/agri-traceability, @nzila/agrimo, @nzila/agrimo-core, @nzila/agrimo-intelligence, @nzila/ai-control, @nzila/ai-core, @nzila/ai-registry, @nzila/ai-sdk, @nzila/audit, @nzila/blob, @nzila/canadian-vocabulary, @nzila/cfo, @nzila/cfo-core, @nzila/cfo-intelligence, @nzila/chaos, @nzila/chatops-slack, @nzila/chatops-teams, @nzila/cli, @nzila/commerce-audit, @nzila/commerce-core, @nzila/commerce-db, @nzila/commerce-events, @nzila/commerce-evidence, @nzila/commerce-governance, @nzila/commerce-integration-tests, @nzila/commerce-observability, @nzila/commerce-services, @nzila/commerce-state, @nzila/comms-email, @nzila/comms-push, @nzila/comms-sms, @nzila/config, @nzila/console, @nzila/contracts, @nzila/control-plane, @nzila/cora, @nzila/crm-hubspot, @nzila/cupe-vocabulary, @nzila/data-lifecycle, @nzila/db, @nzila/enforcement, @nzila/events, @nzila/evidence, @nzila/finops, @nzila/flow, @nzila/fx, @nzila/governance, @nzila/integrations-calendar, @nzila/integrations-core, @nzila/integrations-db, @nzila/integrations-hubspot, @nzila/integrations-m365, @nzila/integrations-pension, @nzila/integrations-runtime, @nzila/integrations-whatsapp, @nzila/media-worker, @nzila/ml-core, @nzila/ml-sdk, @nzila/mobility, @nzila/mobility-ai, @nzila/mobility-case-engine, @nzila/mobility-client-portal, @nzila/mobility-compliance, @nzila/mobility-core, @nzila/mobility-family, @nzila/mobility-programs, @nzila/nacp-core, @nzila/nacp-exams, @nzila/observability, @nzila/openapi-gen, @nzila/orchestrator-api, @nzila/org, @nzila/os-core, @nzila/otel-core, @nzila/partners, @nzila/payments-stripe, @nzila/platform-admin, @nzila/platform-agent-workflows, @nzila/platform-ai-contract, @nzila/platform-ai-governance, @nzila/platform-ai-query, @nzila/platform-anomaly-engine, @nzila/platform-assurance, @nzila/platform-auth, @nzila/platform-billing, @nzila/platform-change-management, @nzila/platform-commerce-org, @nzila/platform-compliance-snapshots, @nzila/platform-context-orchestrator, @nzila/platform-contracts, @nzila/platform-cost, @nzila/platform-data-fabric, @nzila/platform-decision-engine, @nzila/platform-decision-graph, @nzila/platform-deploy, @nzila/platform-entity-graph, @nzila/platform-environment, @nzila/platform-event-fabric, @nzila/platform-events, @nzila/platform-evidence-pack, @nzila/platform-export, @nzila/platform-feature-flags, @nzila/platform-governance, @nzila/platform-governed-ai, @nzila/platform-integrations-control-plane, @nzila/platform-intelligence, @nzila/platform-isolation, @nzila/platform-knowledge-registry, @nzila/platform-marketplace, @nzila/platform-metrics, @nzila/platform-notifications, @nzila/platform-observability, @nzila/platform-ontology, @nzila/platform-ops, @nzila/platform-performance, @nzila/platform-policy-engine, @nzila/platform-procurement-proof, @nzila/platform-proof, @nzila/platform-reasoning-engine, @nzila/platform-rfp-generator, @nzila/platform-rum, @nzila/platform-semantic-search, @nzila/platform-shell, @nzila/platform-utils, @nzila/platform-validation, @nzila/pricing-engine, @nzila/qbo, @nzila/quebec-vocabulary, @nzila/secrets, @nzila/security, @nzila/tax, @nzila/tools-runtime, @nzila/trade, @nzila/trade-adapters, @nzila/trade-cars, @nzila/trade-core, @nzila/trade-db, @nzila/ue-assistant, @nzila/ui, @nzila/union-eyes, @nzila/web, @nzila/webhooks, @nzila/zonga, @nzila/zonga-control-plane, @nzila/zonga-core, @nzila/zonga-economics, @nzila/zonga-events, @nzila/zonga-growth, @nzila/zonga-intelligence, @nzila/zonga-payments, @nzila/zonga-rights, nzila-scripts-book-template
   ΓÇó Running test in 163 packages
   ΓÇó Remote caching disabled

@nzila/audit:test: cache hit, replaying logs 0e557ad4e1937e4b
@nzila/zonga-intelligence:test: cache hit, replaying logs ec97de2c683d1cab
@nzila/chaos:test: cache hit, replaying logs 218a2fdf6c977c30
@nzila/cupe-vocabulary:test: cache hit, replaying logs ee1bef8e17cef8cf
@nzila/cfo-core:test: cache hit, replaying logs 617515bdcb10790d
@nzila/platform-environment:test: cache hit, replaying logs cf75035475b19e95
@nzila/platform-ontology:test: cache hit, replaying logs 65a157d576075d4d
@nzila/contracts:test: cache hit, replaying logs e9c88a297236834c
@nzila/platform-validation:test: cache hit, replaying logs 49b6ab28d4461c02
@nzila/cupe-vocabulary:build: cache hit, replaying logs 1279eacbb8ef5a44
@nzila/chaos:test: 
@nzila/chaos:test: > @nzila/chaos@0.1.0 test C:\APPS\nzila-automation\tooling\chaos
@nzila/chaos:test: > vitest run
@nzila/chaos:test: 
@nzila/chaos:test: 
@nzila/chaos:test: [1m[46m RUN [49m[22m [36mv4.1.2 [39m[90mC:/APPS/nzila-automation/tooling/chaos[39m
@nzila/chaos:test: 
@nzila/chaos:test:  [32mΓ£ô[39m [30m[43m chaos [49m[39m src/__tests__/chaos.test.ts [2m([22m[2m5 tests[22m[2m)[22m[32m 81[2mms[22m[39m
@nzila/chaos:test: 
@nzila/chaos:test: [2m Test Files [22m [1m[32m1 passed[39m[22m[90m (1)[39m
@nzila/chaos:test: [2m      Tests [22m [1m[32m5 passed[39m[22m[90m (5)[39m
@nzila/chaos:test: [2m   Start at [22m 16:07:21
@nzila/chaos:test: [2m   Duration [22m 699ms[2m (transform 122ms, setup 0ms, import 176ms, tests 81ms, environment 0ms)[22m
@nzila/chaos:test: 
@nzila/zonga-intelligence:test: 
@nzila/zonga-intelligence:test: > @nzila/zonga-intelligence@0.1.0 test C:\APPS\nzila-automation\packages\zonga-intelligence
@nzila/zonga-intelligence:test: > vitest run
@nzila/zonga-intelligence:test: 
@nzila/zonga-intelligence:test: 
@nzila/zonga-intelligence:test: [1m[46m RUN [49m[22m [36mv3.2.4 [39m[90mC:/APPS/nzila-automation/packages/zonga-intelligence[39m
@nzila/zonga-intelligence:test: 
@nzila/zonga-intelligence:test:  [32mΓ£ô[39m src/creator-assist.test.ts [2m([22m[2m27 tests[22m[2m)[22m[32m 17[2mms[22m[39m
@nzila/zonga-intelligence:test:  [32mΓ£ô[39m src/recommendation-engine.test.ts [2m([22m[2m10 tests[22m[2m)[22m[32m 22[2mms[22m[39m
@nzila/zonga-intelligence:test:  [32mΓ£ô[39m src/intelligence.test.ts [2m([22m[2m26 tests[22m[2m)[22m[32m 20[2mms[22m[39m
@nzila/zonga-intelligence:test: 
@nzila/zonga-intelligence:test: [2m Test Files [22m [1m[32m3 passed[39m[22m[90m (3)[39m
@nzila/zonga-intelligence:test: [2m      Tests [22m [1m[32m63 passed[39m[22m[90m (63)[39m
@nzila/zonga-intelligence:test: [2m   Start at [22m 16:07:18
@nzila/zonga-intelligence:test: [2m   Duration [22m 1.79s[2m (transform 541ms, setup 0ms, collect 775ms, tests 58ms, environment 1ms, prepare 970ms)[22m
@nzila/zonga-intelligence:test: 
@nzila/audit:test: 
@nzila/audit:test: > @nzila/audit@0.1.0 test C:\APPS\nzila-automation\packages\audit
@nzila/audit:test: > vitest run
@nzila/audit:test: 
@nzila/audit:test: 
@nzila/audit:test: [1m[46m RUN [49m[22m [36mv4.1.2 [39m[90mC:/APPS/nzila-automation/packages/audit[39m
@nzila/audit:test: 
@nzila/audit:test:  [32mΓ£ô[39m src/export.test.ts [2m([22m[2m2 tests[22m[2m)[22m[32m 14[2mms[22m[39m
@nzila/audit:test:  [32mΓ£ô[39m src/engine.test.ts [2m([22m[2m4 tests[22m[2m)[22m[32m 18[2mms[22m[39m
@nzila/audit:test: 
@nzila/audit:test: [2m Test Files [22m [1m[32m2 passed[39m[22m[90m (2)[39m
@nzila/audit:test: [2m      Tests [22m [1m[32m6 passed[39m[22m[90m (6)[39m
@nzila/audit:test: [2m   Start at [22m 16:07:18
@nzila/audit:test: [2m   Duration [22m 1.67s[2m (transform 261ms, setup 0ms, import 405ms, tests 32ms, environment 0ms)[22m
@nzila/audit:test: 
@nzila/cupe-vocabulary:test: 
@nzila/cupe-vocabulary:test: > @nzila/cupe-vocabulary@0.1.0 test C:\APPS\nzila-automation\packages\cupe-vocabulary
@nzila/platform-environment:test: 
@nzila/platform-environment:test: > @nzila/platform-environment@0.1.0 test C:\APPS\nzila-automation\packages\platform-environment
@nzila/platform-environment:test: > vitest run
@nzila/cupe-vocabulary:test: > vitest
@nzila/cupe-vocabulary:test: 
@nzila/cupe-vocabulary:test: 
@nzila/cupe-vocabulary:test: [1m[46m RUN [49m[22m [36mv4.1.2 [39m[90mC:/APPS/nzila-automation/packages/cupe-vocabulary[39m
@nzila/platform-environment:test: 
@nzila/platform-environment:test: 
@nzila/platform-environment:test: [1m[46m RUN [49m[22m [36mv4.1.2 [39m[90mC:/APPS/nzila-automation/packages/platform-environment[39m
@nzila/cupe-vocabulary:test: 
@nzila/cupe-vocabulary:test:  [32mΓ£ô[39m src/__tests__/observability.test.ts [2m([22m[2m10 tests[22m[2m)[22m[32m 19[2mms[22m[39m
@nzila/cupe-vocabulary:test:  [32mΓ£ô[39m src/__tests__/case-timeline.test.ts [2m([22m[2m5 tests[22m[2m)[22m[32m 9[2mms[22m[39m
@nzila/cupe-vocabulary:test:  [32mΓ£ô[39m src/__tests__/setup-checklist.test.ts [2m([22m[2m14 tests[22m[2m)[22m[32m 19[2mms[22m[39m
@nzila/cupe-vocabulary:test:  [32mΓ£ô[39m src/__tests__/attachment-validation.test.ts [2m([22m[2m42 tests[22m[2m)[22m[32m 23[2mms[22m[39m
@nzila/cupe-vocabulary:test:  [32mΓ£ô[39m src/__tests__/workbench-utils.test.ts [2m([22m[2m18 tests[22m[2m)[22m[32m 16[2mms[22m[39m
@nzila/cupe-vocabulary:test:  [32mΓ£ô[39m src/__tests__/case-assignment-schema.test.ts [2m([22m[2m6 tests[22m[2m)[22m[32m 13[2mms[22m[39m
@nzila/cupe-vocabulary:test:  [32mΓ£ô[39m src/__tests__/csv-export.test.ts [2m([22m[2m14 tests[22m[2m)[22m[32m 19[2mms[22m[39m
@nzila/cupe-vocabulary:test:  [32mΓ£ô[39m src/__tests__/evidence-export.test.ts [2m([22m[2m12 tests[22m[2m)[22m[32m 15[2mms[22m[39m
@nzila/cupe-vocabulary:test:  [32mΓ£ô[39m src/__tests__/pilot-admin.test.ts [2m([22m[2m14 tests[22m[2m)[22m[32m 19[2mms[22m[39m
@nzila/cupe-vocabulary:test:  [32mΓ£ô[39m src/__tests__/dashboard-metrics.test.ts [2m([22m[2m13 tests[22m[2m)[22m[32m 16[2mms[22m[39m
@nzila/cupe-vocabulary:test:  [32mΓ£ô[39m src/__tests__/action-denial.test.ts [2m([22m[2m43 tests[22m[2m)[22m[32m 38[2mms[22m[39m
@nzila/cupe-vocabulary:test:  [32mΓ£ô[39m src/__tests__/dashboard-metrics-v2.test.ts [2m([22m[2m24 tests[22m[2m)[22m[32m 42[2mms[22m[39m
@nzila/cupe-vocabulary:test:  [32mΓ£ô[39m src/__tests__/audited-case-mutations.test.ts [2m([22m[2m19 tests[22m[2m)[22m[32m 21[2mms[22m[39m
@nzila/cupe-vocabulary:test:  [32mΓ£ô[39m src/__tests__/case-notes-schema.test.ts [2m([22m[2m9 tests[22m[2m)[22m[32m 15[2mms[22m[39m
@nzila/cupe-vocabulary:test:  [32mΓ£ô[39m src/__tests__/fsm-enforcement.test.ts [2m([22m[2m19 tests[22m[2m)[22m[32m 17[2mms[22m[39m
@nzila/cupe-vocabulary:test:  [32mΓ£ô[39m src/__tests__/intake-schema.test.ts [2m([22m[2m15 tests[22m[2m)[22m[32m 26[2mms[22m[39m
@nzila/platform-environment:test: 
@nzila/platform-environment:test:  [32mΓ£ô[39m [30m[46m platform-environment [49m[39m src/__tests__/service.test.ts [2m([22m[2m4 tests[22m[2m)[22m[32m 9[2mms[22m[39m
@nzila/platform-environment:test:  [32mΓ£ô[39m [30m[46m platform-environment [49m[39m src/__tests__/env.test.ts [2m([22m[2m13 tests[22m[2m)[22m[32m 14[2mms[22m[39m
@nzila/platform-environment:test:  [32mΓ£ô[39m [30m[46m platform-environment [49m[39m src/__tests__/environment.test.ts [2m([22m[2m9 tests[22m[2m)[22m[32m 10[2mms[22m[39m
@nzila/platform-environment:test:  [32mΓ£ô[39m [30m[46m platform-environment [49m[39m src/__tests__/schemas.test.ts [2m([22m[2m6 tests[22m[2m)[22m[32m 17[2mms[22m[39m
@nzila/platform-environment:test: 
@nzila/platform-environment:test: [2m Test Files [22m [1m[32m4 passed[39m[22m[90m (4)[39m
@nzila/platform-environment:test: [2m      Tests [22m [1m[32m32 passed[39m[22m[90m (32)[39m
@nzila/platform-environment:test: [2m   Start at [22m 16:07:21
@nzila/platform-environment:test: [2m   Duration [22m 643ms[2m (transform 412ms, setup 0ms, import 604ms, tests 51ms, environment 1ms)[22m
@nzila/platform-environment:test: 
@nzila/cfo-core:test: 
@nzila/cfo-core:test: > @nzila/cfo-core@0.1.0 test C:\APPS\nzila-automation\packages\cfo-core
@nzila/cupe-vocabulary:test:  [32mΓ£ô[39m src/__tests__/entity-schemas.test.ts [2m([22m[2m15 tests[22m[2m)[22m[32m 20[2mms[22m[39m
@nzila/cupe-vocabulary:test:  [32mΓ£ô[39m src/__tests__/vocabulary.test.ts [2m([22m[2m19 tests[22m[2m)[22m[32m 22[2mms[22m[39m
@nzila/cupe-vocabulary:test: 
@nzila/cfo-core:test: > vitest run --passWithNoTests
@nzila/cfo-core:test: 
@nzila/cupe-vocabulary:test: [2m Test Files [22m [1m[32m18 passed[39m[22m[90m (18)[39m
@nzila/cupe-vocabulary:test: [2m      Tests [22m [1m[32m311 passed[39m[22m[90m (311)[39m
@nzila/cupe-vocabulary:test: [2m   Start at [22m 16:07:13
@nzila/cupe-vocabulary:test: [2m   Duration [22m 2.34s[2m (transform 8.38s, setup 0ms, import 9.17s, tests 369ms, environment 4ms)[22m
@nzila/cupe-vocabulary:test: 
@nzila/cfo-core:test: 
@nzila/cfo-core:test: [1m[46m RUN [49m[22m [36mv4.1.2 [39m[90mC:/APPS/nzila-automation/packages/cfo-core[39m
@nzila/cfo-core:test: 
@nzila/cfo-core:test: No test files found, exiting with code 0
@nzila/cfo-core:test: 
@nzila/cfo-core:test: [2minclude: [22m[33m**/*.{test,spec}.?(c|m)[jt]s?(x)[39m
@nzila/cfo-core:test: [2mexclude:  [22m[33m**/node_modules/**[2m, [22m**/.git/**[39m
@nzila/cfo-core:test: 
@nzila/platform-ontology:test: 
@nzila/platform-ontology:test: > @nzila/platform-ontology@0.1.0 test C:\APPS\nzila-automation\packages\platform-ontology
@nzila/platform-ontology:test: > vitest run
@nzila/platform-ontology:test: 
@nzila/platform-ontology:test: 
@nzila/platform-ontology:test: [1m[46m RUN [49m[22m [36mv4.1.2 [39m[90mC:/APPS/nzila-automation/packages/platform-ontology[39m
@nzila/platform-ontology:test: 
@nzila/platform-ontology:test:  [32mΓ£ô[39m [30m[46m platform-ontology [49m[39m src/ontology.test.ts [2m([22m[2m14 tests[22m[2m)[22m[32m 41[2mms[22m[39m
@nzila/platform-ontology:test: 
@nzila/platform-ontology:test: [2m Test Files [22m [1m[32m1 passed[39m[22m[90m (1)[39m
@nzila/platform-ontology:test: [2m      Tests [22m [1m[32m14 passed[39m[22m[90m (14)[39m
@nzila/platform-ontology:test: [2m   Start at [22m 16:07:22
@nzila/platform-ontology:test: [2m   Duration [22m 1.75s[2m (transform 358ms, setup 0ms, import 1.35s, tests 41ms, environment 0ms)[22m
@nzila/platform-ontology:test: 
@nzila/contracts:test: 
@nzila/contracts:test: > @nzila/contracts@0.1.0 test C:\APPS\nzila-automation\packages\contracts
@nzila/contracts:test: > vitest run
@nzila/contracts:test: 
@nzila/contracts:test: 
@nzila/contracts:test: [1m[46m RUN [49m[22m [36mv4.1.2 [39m[90mC:/APPS/nzila-automation/packages/contracts[39m
@nzila/contracts:test: 
@nzila/contracts:test:  [32mΓ£ô[39m src/contracts.test.ts [2m([22m[2m8 tests[22m[2m)[22m[32m 20[2mms[22m[39m
@nzila/contracts:test: 
@nzila/contracts:test: [2m Test Files [22m [1m[32m1 passed[39m[22m[90m (1)[39m
@nzila/contracts:test: [2m      Tests [22m [1m[32m8 passed[39m[22m[90m (8)[39m
@nzila/contracts:test: [2m   Start at [22m 16:07:21
@nzila/contracts:test: [2m   Duration [22m 672ms[2m (transform 141ms, setup 0ms, import 203ms, tests 20ms, environment 0ms)[22m
@nzila/contracts:test: 
@nzila/platform-validation:test: 
@nzila/platform-validation:test: > @nzila/platform-validation@0.1.0 test C:\APPS\nzila-automation\packages\platform-validation
@nzila/platform-validation:test: > vitest run
@nzila/platform-validation:test: 
@nzila/platform-validation:test: 
@nzila/platform-validation:test: [1m[46m RUN [49m[22m [36mv4.1.2 [39m[90mC:/APPS/nzila-automation/packages/platform-validation[39m
@nzila/platform-validation:test: 
@nzila/platform-validation:test:  [32mΓ£ô[39m src/__tests__/grading.test.ts [2m([22m[2m11 tests[22m[2m)[22m[32m 10[2mms[22m[39m
@nzila/platform-validation:test:  [32mΓ£ô[39m src/__tests__/ops-readiness-audit.test.ts [2m([22m[2m10 tests[22m[2m)[22m[32m 165[2mms[22m[39m
@nzila/platform-validation:test: 
@nzila/platform-validation:test: [2m Test Files [22m [1m[32m2 passed[39m[22m[90m (2)[39m
@nzila/platform-validation:test: [2m      Tests [22m [1m[32m21 passed[39m[22m[90m (21)[39m
@nzila/platform-validation:test: [2m   Start at [22m 16:07:17
@nzila/platform-validation:test: [2m   Duration [22m 1.09s[2m (transform 231ms, setup 0ms, import 297ms, tests 176ms, environment 0ms)[22m
@nzila/platform-validation:test: 
@nzila/cupe-vocabulary:build: 
@nzila/cupe-vocabulary:build: > @nzila/cupe-vocabulary@0.1.0 build C:\APPS\nzila-automation\packages\cupe-vocabulary
@nzila/cupe-vocabulary:build: > tsc
@nzila/cupe-vocabulary:build: 
@nzila/blob:test: cache hit, replaying logs 5e55b3e9a08aade3
@nzila/platform-knowledge-registry:test: cache hit, replaying logs 48ef319e79d6d275
@nzila/observability:test: cache hit, replaying logs c3d8c601e94c343a
@nzila/quebec-vocabulary:test: cache hit, replaying logs df0954140c9cbfec
@nzila/agri-core:test: cache hit, replaying logs b1ac234efc8eded4
@nzila/integrations-calendar:test: cache hit, replaying logs c272da4f4c531d44
@nzila/platform-utils:test: cache hit, replaying logs 6ae5a16bb303f8ea
@nzila/integrations-pension:test: cache hit, replaying logs 692d4aa77dacd4e0
@nzila/governance:test: cache hit, replaying logs 325192b6f676a79f
@nzila/blob:test: 
@nzila/blob:test: > @nzila/blob@0.1.0 test C:\APPS\nzila-automation\packages\blob
@nzila/blob:test: > vitest run
@nzila/blob:test: 
@nzila/blob:test: 
@nzila/blob:test: [1m[46m RUN [49m[22m [36mv4.1.2 [39m[90mC:/APPS/nzila-automation/packages/blob[39m
@nzila/blob:test: 
@nzila/blob:test:  [32mΓ£ô[39m [30m[46m blob [49m[39m src/index.test.ts [2m([22m[2m8 tests[22m[2m)[22m[32m 40[2mms[22m[39m
@nzila/blob:test: 
@nzila/blob:test: [2m Test Files [22m [1m[32m1 passed[39m[22m[90m (1)[39m
@nzila/blob:test: [2m      Tests [22m [1m[32m8 passed[39m[22m[90m (8)[39m
@nzila/blob:test: [2m   Start at [22m 16:07:22
@nzila/blob:test: [2m   Duration [22m 1.51s[2m (transform 118ms, setup 0ms, import 1.08s, tests 40ms, environment 0ms)[22m
@nzila/blob:test: 
@nzila/platform-knowledge-registry:test: 
@nzila/platform-knowledge-registry:test: > @nzila/platform-knowledge-registry@0.1.0 test C:\APPS\nzila-automation\packages\platform-knowledge-registry
@nzila/platform-knowledge-registry:test: > vitest run
@nzila/platform-knowledge-registry:test: 
@nzila/platform-knowledge-registry:test: 
@nzila/platform-knowledge-registry:test: [1m[46m RUN [49m[22m [36mv4.1.2 [39m[90mC:/APPS/nzila-automation/packages/platform-knowledge-registry[39m
@nzila/platform-knowledge-registry:test: 
@nzila/platform-knowledge-registry:test:  [32mΓ£ô[39m [30m[45m platform-knowledge-registry [49m[39m src/knowledge-registry.test.ts [2m([22m[2m4 tests[22m[2m)[22m[32m 33[2mms[22m[39m
@nzila/platform-knowledge-registry:test: 
@nzila/platform-knowledge-registry:test: [2m Test Files [22m [1m[32m1 passed[39m[22m[90m (1)[39m
@nzila/platform-knowledge-registry:test: [2m      Tests [22m [1m[32m4 passed[39m[22m[90m (4)[39m
@nzila/platform-knowledge-registry:test: [2m   Start at [22m 16:07:13
@nzila/platform-knowledge-registry:test: [2m   Duration [22m 2.43s[2m (transform 230ms, setup 0ms, import 1.82s, tests 33ms, environment 0ms)[22m
@nzila/platform-knowledge-registry:test: 
@nzila/observability:test: 
@nzila/observability:test: > @nzila/observability@0.1.0 test C:\APPS\nzila-automation\packages\observability
@nzila/observability:test: > vitest run
@nzila/observability:test: 
@nzila/observability:test: 
@nzila/observability:test: [1m[46m RUN [49m[22m [36mv4.1.2 [39m[90mC:/APPS/nzila-automation/packages/observability[39m
@nzila/observability:test: 
@nzila/observability:test:  [32mΓ£ô[39m src/spans.test.ts [2m([22m[2m6 tests[22m[2m)[22m[32m 14[2mms[22m[39m
@nzila/observability:test:  [32mΓ£ô[39m src/logger.test.ts [2m([22m[2m3 tests[22m[2m)[22m[32m 11[2mms[22m[39m
@nzila/observability:test:  [32mΓ£ô[39m src/context.test.ts [2m([22m[2m6 tests[22m[2m)[22m[32m 13[2mms[22m[39m
@nzila/observability:test: 
@nzila/observability:test: [2m Test Files [22m [1m[32m3 passed[39m[22m[90m (3)[39m
@nzila/observability:test: [2m      Tests [22m [1m[32m15 passed[39m[22m[90m (15)[39m
@nzila/observability:test: [2m   Start at [22m 16:07:17
@nzila/observability:test: [2m   Duration [22m 964ms[2m (transform 342ms, setup 0ms, import 535ms, tests 38ms, environment 1ms)[22m
@nzila/observability:test: 
@nzila/platform-observability:test: cache hit, replaying logs 1c470f97b26a437f
@nzila/quebec-vocabulary:test: 
@nzila/quebec-vocabulary:test: > @nzila/quebec-vocabulary@1.0.0 test C:\APPS\nzila-automation\packages\quebec-vocabulary
@nzila/quebec-vocabulary:test: > vitest
@nzila/quebec-vocabulary:test: 
@nzila/quebec-vocabulary:test: 
@nzila/quebec-vocabulary:test: [1m[46m RUN [49m[22m [36mv4.1.2 [39m[90mC:/APPS/nzila-automation/packages/quebec-vocabulary[39m
@nzila/quebec-vocabulary:test: 
@nzila/quebec-vocabulary:test:  [32mΓ£ô[39m src/vocabulary.test.ts [2m([22m[2m15 tests[22m[2m)[22m[32m 18[2mms[22m[39m
@nzila/quebec-vocabulary:test: 
@nzila/quebec-vocabulary:test: [2m Test Files [22m [1m[32m1 passed[39m[22m[90m (1)[39m
@nzila/quebec-vocabulary:test: [2m      Tests [22m [1m[32m15 passed[39m[22m[90m (15)[39m
@nzila/quebec-vocabulary:test: [2m   Start at [22m 16:07:21
@nzila/quebec-vocabulary:test: [2m   Duration [22m 695ms[2m (transform 143ms, setup 0ms, import 198ms, tests 18ms, environment 0ms)[22m
@nzila/quebec-vocabulary:test: 
@nzila/integrations-calendar:test: 
@nzila/integrations-calendar:test: > @nzila/integrations-calendar@0.1.0 test C:\APPS\nzila-automation\packages\integrations-calendar
@nzila/integrations-calendar:test: > vitest run
@nzila/integrations-calendar:test: 
@nzila/integrations-calendar:test: 
@nzila/integrations-calendar:test: [1m[46m RUN [49m[22m [36mv4.1.2 [39m[90mC:/APPS/nzila-automation/packages/integrations-calendar[39m
@nzila/integrations-calendar:test: 
@nzila/integrations-calendar:test:  [32mΓ£ô[39m [30m[43m integrations-calendar [49m[39m src/outlook.test.ts [2m([22m[2m16 tests[22m[2m)[22m[32m 22[2mms[22m[39m
@nzila/integrations-calendar:test:  [32mΓ£ô[39m [30m[43m integrations-calendar [49m[39m src/google.test.ts [2m([22m[2m16 tests[22m[2m)[22m[32m 25[2mms[22m[39m
@nzila/integrations-calendar:test: 
@nzila/integrations-calendar:test: [2m Test Files [22m [1m[32m2 passed[39m[22m[90m (2)[39m
@nzila/integrations-calendar:test: [2m      Tests [22m [1m[32m32 passed[39m[22m[90m (32)[39m
@nzila/integrations-calendar:test: [2m   Start at [22m 16:07:13
@nzila/integrations-calendar:test: [2m   Duration [22m 1.94s[2m (transform 909ms, setup 0ms, import 1.02s, tests 47ms, environment 0ms)[22m
@nzila/integrations-calendar:test: 
@nzila/agri-core:test: 
@nzila/agri-core:test: > @nzila/agri-core@0.1.0 test C:\APPS\nzila-automation\packages\agri-core
@nzila/agri-core:test: > vitest run
@nzila/agri-core:test: 
@nzila/platform-utils:test: 
@nzila/platform-utils:test: > @nzila/platform-utils@0.1.0 test C:\APPS\nzila-automation\packages\platform-utils
@nzila/platform-utils:test: > vitest run
@nzila/agri-core:test: 
@nzila/agri-core:test: [1m[46m RUN [49m[22m [36mv4.1.2 [39m[90mC:/APPS/nzila-automation/packages/agri-core[39m
@nzila/platform-utils:test: 
@nzila/platform-utils:test: 
@nzila/platform-utils:test: [1m[46m RUN [49m[22m [36mv4.1.2 [39m[90mC:/APPS/nzila-automation/packages/platform-utils[39m
@nzila/agri-core:test: 
@nzila/platform-utils:test: 
@nzila/platform-utils:test:  [32mΓ£ô[39m [30m[42m platform-utils [49m[39m src/__tests__/time.test.ts [2m([22m[2m6 tests[22m[2m)[22m[32m 10[2mms[22m[39m
@nzila/agri-core:test:  [32mΓ£ô[39m src/fsm/index.test.ts [2m([22m[2m20 tests[22m[2m)[22m[32m 15[2mms[22m[39m
@nzila/agri-core:test:  [32mΓ£ô[39m src/fsm/fsm.test.ts [2m([22m[2m27 tests[22m[2m)[22m[32m 18[2mms[22m[39m
@nzila/agri-core:test: 
@nzila/platform-utils:test: 
@nzila/platform-utils:test: [2m Test Files [22m [1m[32m1 passed[39m[22m[90m (1)[39m
@nzila/platform-utils:test: [2m      Tests [22m [1m[32m6 passed[39m[22m[90m (6)[39m
@nzila/platform-utils:test: [2m   Start at [22m 16:07:13
@nzila/platform-utils:test: [2m   Duration [22m 654ms[2m (transform 116ms, setup 0ms, import 148ms, tests 10ms, environment 0ms)[22m
@nzila/agri-core:test: [2m Test Files [22m [1m[32m2 passed[39m[22m[90m (2)[39m
@nzila/agri-core:test: [2m      Tests [22m [1m[32m47 passed[39m[22m[90m (47)[39m
@nzila/platform-utils:test: 
@nzila/agri-core:test: [2m   Start at [22m 16:07:17
@nzila/canadian-vocabulary:test: cache miss, executing 7ea9d68e80df305e
@nzila/agri-core:test: [2m   Duration [22m 1.12s[2m (transform 264ms, setup 0ms, import 330ms, tests 33ms, environment 1ms)[22m
@nzila/agri-core:test: 
@nzila/integrations-pension:test: 
@nzila/integrations-pension:test: > @nzila/integrations-pension@0.1.0 test C:\APPS\nzila-automation\packages\integrations-pension
@nzila/integrations-pension:test: > vitest run
@nzila/integrations-pension:test: 
@nzila/integrations-pension:test: 
@nzila/integrations-pension:test: [1m[46m RUN [49m[22m [36mv4.1.2 [39m[90mC:/APPS/nzila-automation/packages/integrations-pension[39m
@nzila/integrations-pension:test: 
@nzila/integrations-pension:test:  [32mΓ£ô[39m [30m[42m integrations-pension [49m[39m src/cpp.test.ts [2m([22m[2m13 tests[22m[2m)[22m[32m 18[2mms[22m[39m
@nzila/integrations-pension:test:  [32mΓ£ô[39m [30m[42m integrations-pension [49m[39m src/otpp.test.ts [2m([22m[2m19 tests[22m[2m)[22m[32m 23[2mms[22m[39m
@nzila/integrations-pension:test: 
@nzila/integrations-pension:test: [2m Test Files [22m [1m[32m2 passed[39m[22m[90m (2)[39m
@nzila/integrations-pension:test: [2m      Tests [22m [1m[32m32 passed[39m[22m[90m (32)[39m
@nzila/integrations-pension:test: [2m   Start at [22m 16:07:21
@nzila/integrations-pension:test: [2m   Duration [22m 606ms[2m (transform 208ms, setup 0ms, import 311ms, tests 41ms, environment 0ms)[22m
@nzila/integrations-pension:test: 
@nzila/governance:test: 
@nzila/governance:test: > @nzila/governance@0.1.0 test C:\APPS\nzila-automation\packages\governance
@nzila/governance:test: > vitest run
@nzila/governance:test: 
@nzila/governance:test: 
@nzila/governance:test: [1m[46m RUN [49m[22m [36mv4.1.2 [39m[90mC:/APPS/nzila-automation/packages/governance[39m
@nzila/governance:test: 
@nzila/governance:test:  [32mΓ£ô[39m src/governance.test.ts [2m([22m[2m8 tests[22m[2m)[22m[32m 16[2mms[22m[39m
@nzila/governance:test: 
@nzila/governance:test: [2m Test Files [22m [1m[32m1 passed[39m[22m[90m (1)[39m
@nzila/governance:test: [2m      Tests [22m [1m[32m8 passed[39m[22m[90m (8)[39m
@nzila/governance:test: [2m   Start at [22m 16:07:20
@nzila/governance:test: [2m   Duration [22m 570ms[2m (transform 128ms, setup 0ms, import 169ms, tests 16ms, environment 0ms)[22m
@nzila/governance:test: 
@nzila/platform-observability:test: 
@nzila/platform-observability:test: > @nzila/platform-observability@0.1.0 test C:\APPS\nzila-automation\packages\platform-observability
@nzila/platform-observability:test: > vitest run
@nzila/platform-observability:test: 
@nzila/platform-observability:test: 
@nzila/platform-observability:test: [1m[46m RUN [49m[22m [36mv4.1.2 [39m[90mC:/APPS/nzila-automation/packages/platform-observability[39m
@nzila/platform-observability:test: 
@nzila/platform-observability:test:  [32mΓ£ô[39m src/__tests__/logger.test.ts [2m([22m[2m7 tests[22m[2m)[22m[32m 18[2mms[22m[39m
@nzila/platform-observability:test: {"event":"Span failed","severity":"error","request_id":"e73d018c-7859-4c13-90fe-2fa6f08ee80d","correlation_id":"c2460216-904f-4887-8ff8-3d21c43daa32","org_id":"system","timestamp":"2026-04-01T20:07:24Z","metadata":{"operationName":"fail-op","traceId":"6ca9968fae597716ad890b79d454898e","error":"boom","durationMs":0.89}}
@nzila/platform-observability:test:  [32mΓ£ô[39m src/__tests__/span.test.ts [2m([22m[2m12 tests[22m[2m)[22m[32m 23[2mms[22m[39m
@nzila/platform-observability:test: {"event":"request_received","severity":"info","request_id":"7a3b8c7e-a80d-4885-bcb6-b8da803709e0","correlation_id":"8148a989-b536-4a91-8f17-aea1e79b1ee9","org_id":"platform","timestamp":"2026-04-01T20:07:24Z","metadata":{"method":"GET","path":"/api/test","service":"console"}}
@nzila/platform-observability:test: {"event":"request_received","severity":"info","request_id":"2f8d4a65-df31-4b6b-86ab-9ca9bd74736c","correlation_id":"a29ef753-3cc2-43d5-afd5-1fbeed5f4833","org_id":"platform","timestamp":"2026-04-01T20:07:24Z","metadata":{"method":"POST","path":"/api/test","service":"console"}}
@nzila/platform-observability:test: {"event":"handler_completed","severity":"info","request_id":"2f8d4a65-df31-4b6b-86ab-9ca9bd74736c","correlation_id":"a29ef753-3cc2-43d5-afd5-1fbeed5f4833","org_id":"platform","timestamp":"2026-04-01T20:07:24Z","metadata":{"method":"POST","path":"/api/test","statusCode":500,"durationMs":0}}
@nzila/platform-observability:test: {"event":"request_received","severity":"info","request_id":"3ab95810-087e-4a2a-b00a-771dd060b40f","correlation_id":"32270c0c-ea6e-417f-aad6-50616150fdf6","org_id":"platform","timestamp":"2026-04-01T20:07:24Z","metadata":{"method":"GET","path":"/api/test","service":"console"}}
@nzila/platform-observability:test: {"event":"handler_completed","severity":"info","request_id":"3ab95810-087e-4a2a-b00a-771dd060b40f","correlation_id":"32270c0c-ea6e-417f-aad6-50616150fdf6","org_id":"platform","timestamp":"2026-04-01T20:07:24Z","metadata":{"method":"GET","path":"/api/test","statusCode":200,"durationMs":0}}
@nzila/platform-observability:test: {"event":"workflow_registered","severity":"info","request_id":"ba43c189-04b8-432d-ae77-bdbdb254f583","correlation_id":"7ac509ee-64b5-4006-992a-442fcefbe857","org_id":"platform","timestamp":"2026-04-01T20:07:24Z","metadata":{"workflowId":"wf-1","workflowName":"procurement"}}
@nzila/platform-observability:test: {"event":"job_queued","severity":"info","request_id":"ba43c189-04b8-432d-ae77-bdbdb254f583","correlation_id":"7ac509ee-64b5-4006-992a-442fcefbe857","org_id":"platform","timestamp":"2026-04-01T20:07:24Z","metadata":{"workflowId":"wf-1","workflowName":"procurement","jobId":"job-1"}}
@nzila/platform-observability:test: {"event":"job_started","severity":"info","request_id":"ba43c189-04b8-432d-ae77-bdbdb254f583","correlation_id":"7ac509ee-64b5-4006-992a-442fcefbe857","org_id":"platform","timestamp":"2026-04-01T20:07:24Z","metadata":{"workflowId":"wf-1","workflowName":"procurement","jobId":"job-1"}}
@nzila/platform-observability:test: {"event":"step_completed","severity":"info","request_id":"ba43c189-04b8-432d-ae77-bdbdb254f583","correlation_id":"7ac509ee-64b5-4006-992a-442fcefbe857","org_id":"platform","timestamp":"2026-04-01T20:07:24Z","metadata":{"workflowId":"wf-1","workflowName":"procurement","jobId":"job-1","stepName":"validate","stepIndex":0}}
@nzila/platform-observability:test: {"event":"job_succeeded","severity":"info","request_id":"ba43c189-04b8-432d-ae77-bdbdb254f583","correlation_id":"7ac509ee-64b5-4006-992a-442fcefbe857","org_id":"platform","timestamp":"2026-04-01T20:07:24Z","metadata":{"workflowId":"wf-1","workflowName":"procurement","jobId":"job-1","durationMs":1}}
@nzila/platform-observability:test: {"event":"job_started","severity":"info","request_id":"ad557d38-dbc0-4642-834a-daa6973271a1","correlation_id":"eae5aba3-8180-4466-a3bb-62258b483a37","org_id":"platform","timestamp":"2026-04-01T20:07:24Z","metadata":{"workflowId":"wf-2","workflowName":"onboarding","jobId":"job-2"}}
@nzila/platform-observability:test: {"event":"job_failed","severity":"error","request_id":"ad557d38-dbc0-4642-834a-daa6973271a1","correlation_id":"eae5aba3-8180-4466-a3bb-62258b483a37","org_id":"platform","timestamp":"2026-04-01T20:07:24Z","metadata":{"workflowId":"wf-2","workflowName":"onboarding","jobId":"job-2","error":"timeout","durationMs":0}}
@nzila/platform-observability:test: {"event":"webhook_received","severity":"info","request_id":"0dbbc3c3-6a1e-4bba-8a4d-261956f12254","correlation_id":"975bbd78-a8e8-48ef-9e76-61d2364ba439","org_id":"platform","timestamp":"2026-04-01T20:07:24Z","metadata":{"provider":"hubspot","channel":"crm","eventType":"contact.created"}}
@nzila/platform-observability:test: {"event":"sync_completed","severity":"info","request_id":"eee5700f-df9a-4ad3-9eb0-4741a109fdf0","correlation_id":"943aa9f8-67cc-4bb9-9870-9efd3e42590b","org_id":"platform","timestamp":"2026-04-01T20:07:24Z","metadata":{"provider":"stripe","channel":"webhooks","success":true,"durationMs":0}}
@nzila/platform-observability:test: {"event":"context_built","severity":"info","request_id":"78c6b303-4e4a-4f5b-b96a-f14a8a20886f","correlation_id":"cc3cb9d7-f08d-474b-bab9-6aa9b049dd6b","org_id":"platform","timestamp":"2026-04-01T20:07:24Z","metadata":{"runId":"run-1","profileKey":"procurement-analysis","sourceCount":5}}
@nzila/platform-observability:test: {"event":"retrieval_performed","severity":"info","request_id":"78c6b303-4e4a-4f5b-b96a-f14a8a20886f","correlation_id":"cc3cb9d7-f08d-474b-bab9-6aa9b049dd6b","org_id":"platform","timestamp":"2026-04-01T20:07:24Z","metadata":{"runId":"run-1","profileKey":"procurement-analysis","resultCount":10}}
@nzila/platform-observability:test: {"event":"model_invoked","severity":"info","request_id":"78c6b303-4e4a-4f5b-b96a-f14a8a20886f","correlation_id":"cc3cb9d7-f08d-474b-bab9-6aa9b049dd6b","org_id":"platform","timestamp":"2026-04-01T20:07:24Z","metadata":{"runId":"run-1","profileKey":"procurement-analysis","model":"gpt-4o"}}
@nzila/platform-observability:test: {"event":"citations_attached","severity":"info","request_id":"78c6b303-4e4a-4f5b-b96a-f14a8a20886f","correlation_id":"cc3cb9d7-f08d-474b-bab9-6aa9b049dd6b","org_id":"platform","timestamp":"2026-04-01T20:07:24Z","metadata":{"runId":"run-1","profileKey":"procurement-analysis","citationCount":3,"coveragePct":85}}
@nzila/platform-observability:test: {"event":"policy_checked","severity":"info","request_id":"78c6b303-4e4a-4f5b-b96a-f14a8a20886f","correlation_id":"cc3cb9d7-f08d-474b-bab9-6aa9b049dd6b","org_id":"platform","timestamp":"2026-04-01T20:07:24Z","metadata":{"runId":"run-1","profileKey":"procurement-analysis","passed":true,"violations":0}}
@nzila/platform-observability:test: {"event":"result_persisted","severity":"info","request_id":"78c6b303-4e4a-4f5b-b96a-f14a8a20886f","correlation_id":"cc3cb9d7-f08d-474b-bab9-6aa9b049dd6b","org_id":"platform","timestamp":"2026-04-01T20:07:24Z","metadata":{"runId":"run-1","profileKey":"procurement-analysis","durationMs":0}}
@nzila/platform-observability:test: {"event":"model_invoked","severity":"info","request_id":"1331c6c6-25da-4c17-9e76-e5e20d6e3c47","correlation_id":"de281dcc-3164-4935-b7cf-761ccda0393b","org_id":"platform","timestamp":"2026-04-01T20:07:24Z","metadata":{"runId":"run-2","profileKey":"risk-assessment","model":"gpt-4o"}}
@nzila/platform-observability:test: {"event":"unsafe_output_detected","severity":"error","request_id":"1331c6c6-25da-4c17-9e76-e5e20d6e3c47","correlation_id":"de281dcc-3164-4935-b7cf-761ccda0393b","org_id":"platform","timestamp":"2026-04-01T20:07:24Z","metadata":{"runId":"run-2","profileKey":"risk-assessment","reason":"PII detected in output"}}
@nzila/platform-observability:test: {"event":"policy_evaluated","severity":"info","request_id":"0a890c27-7328-4cda-a08d-d7b832d15962","correlation_id":"57a39dd7-e54e-4d5c-8c27-daba9c6b8337","org_id":"org-1","timestamp":"2026-04-01T20:07:24Z","metadata":{"policyId":"policy-1","passed":false}}
@nzila/platform-observability:test: {"event":"approval_requested","severity":"info","request_id":"f1f1c8d3-9b7c-4094-b805-4c70a77a028c","correlation_id":"52977475-2338-4d79-b7cd-19354528c2cd","org_id":"org-1","timestamp":"2026-04-01T20:07:24Z","metadata":{"approvalId":"appr-1","requester":"user-1"}}
@nzila/platform-observability:test: {"event":"approval_granted","severity":"info","request_id":"f1f1c8d3-9b7c-4094-b805-4c70a77a028c","correlation_id":"52977475-2338-4d79-b7cd-19354528c2cd","org_id":"org-1","timestamp":"2026-04-01T20:07:24Z","metadata":{"approvalId":"appr-1","approver":"admin-1"}}
@nzila/platform-observability:test: {"event":"record_ingested","severity":"info","request_id":"c316da28-63e5-4e59-ad10-c7818b2732df","correlation_id":"7b4083fa-21f1-4688-a81d-b43e4d99a5d8","org_id":"platform","timestamp":"2026-04-01T20:07:24Z","metadata":{"sourceSystem":"hubspot","entityType":"contact"}}
@nzila/platform-observability:test: {"event":"conflict_detected","severity":"warn","request_id":"b9e472b0-5b0f-46d8-a239-448918f65252","correlation_id":"87d401a9-24be-42ab-b534-cab088fd659d","org_id":"platform","timestamp":"2026-04-01T20:07:24Z","metadata":{"sourceSystem":"qbo","recordId":"entity-1","field":"amount"}}
@nzila/platform-observability:test:  [32mΓ£ô[39m src/__tests__/metrics.test.ts [2m([22m[2m20 tests[22m[2m)[22m[32m 22[2mms[22m[39m
@nzila/platform-observability:test:  [32mΓ£ô[39m src/__tests__/telemetry-contracts.test.ts [2m([22m[2m15 tests[22m[2m)[22m[32m 25[2mms[22m[39m
@nzila/platform-observability:test: {"event":"Health check exception","severity":"warn","request_id":"bb613ae6-f0e8-4637-8358-43b3ed7ca5cf","correlation_id":"915bd98c-3395-4bc2-840e-7eb20108936d","org_id":"system","timestamp":"2026-04-01T20:07:24Z","metadata":{"check":"slow","error":"Health check 'slow' timed out after 50ms"}}
@nzila/platform-observability:test:  [32mΓ£ô[39m src/__tests__/reliability.test.ts [2m([22m[2m8 tests[22m[2m)[22m[32m 15[2mms[22m[39m
@nzila/platform-observability:test:  [32mΓ£ô[39m src/__tests__/health.test.ts [2m([22m[2m7 tests[22m[2m)[22m[32m 90[2mms[22m[39m
@nzila/platform-observability:test:  [32mΓ£ô[39m src/__tests__/correlation.test.ts [2m([22m[2m12 tests[22m[2m)[22m[32m 19[2mms[22m[39m
@nzila/platform-observability:test:  [32mΓ£ô[39m src/__tests__/alerting.test.ts [2m([22m[2m5 tests[22m[2m)[22m[32m 19[2mms[22m[39m
@nzila/platform-observability:test: 
@nzila/platform-observability:test: [2m Test Files [22m [1m[32m8 passed[39m[22m[90m (8)[39m
@nzila/platform-observability:test: [2m      Tests [22m [1m[32m86 passed[39m[22m[90m (86)[39m
@nzila/platform-observability:test: [2m   Start at [22m 16:07:23
@nzila/platform-observability:test: [2m   Duration [22m 996ms[2m (transform 1.81s, setup 0ms, import 2.52s, tests 231ms, environment 2ms)[22m
@nzila/platform-observability:test: 
@nzila/fx:test: cache hit, replaying logs afe56b00bd814ef7
@nzila/openapi-gen:test: cache hit, replaying logs 1ea8bc70ec2e0043
@nzila/ai-control:test: cache hit, replaying logs 00f5ab65223a61f1
@nzila/mobility-core:test: cache hit, replaying logs 95e58648c62f16bd
@nzila/zonga-control-plane:test: cache hit, replaying logs d2bfb1455f3323ff
@nzila/ai-sdk:test: cache hit, replaying logs 6cab17194efdf888
@nzila/security:test: cache hit, replaying logs ca2ad774ba0121bd
@nzila/openapi-gen:test: 
@nzila/openapi-gen:test: > @nzila/openapi-gen@0.1.0 test C:\APPS\nzila-automation\tooling\openapi-gen
@nzila/openapi-gen:test: > vitest run
@nzila/openapi-gen:test: 
@nzila/openapi-gen:test: 
@nzila/openapi-gen:test: [1m[46m RUN [49m[22m [36mv4.1.2 [39m[90mC:/APPS/nzila-automation/tooling/openapi-gen[39m
@nzila/openapi-gen:test: 
@nzila/openapi-gen:test:  [32mΓ£ô[39m [30m[42m openapi-gen [49m[39m src/__tests__/scanner.test.ts [2m([22m[2m4 tests[22m[2m)[22m[32m 112[2mms[22m[39m
@nzila/openapi-gen:test: 
@nzila/openapi-gen:test: [2m Test Files [22m [1m[32m1 passed[39m[22m[90m (1)[39m
@nzila/openapi-gen:test: [2m      Tests [22m [1m[32m4 passed[39m[22m[90m (4)[39m
@nzila/openapi-gen:test: [2m   Start at [22m 16:07:13
@nzila/openapi-gen:test: [2m   Duration [22m 1.05s[2m (transform 261ms, setup 0ms, import 381ms, tests 112ms, environment 0ms)[22m
@nzila/openapi-gen:test: 
@nzila/fx:test: 
@nzila/fx:test: > @nzila/fx@0.1.0 test C:\APPS\nzila-automation\packages\fx
@nzila/fx:test: > vitest run
@nzila/fx:test: 
@nzila/fx:test: 
@nzila/fx:test: [1m[46m RUN [49m[22m [36mv4.1.2 [39m[90mC:/APPS/nzila-automation/packages/fx[39m
@nzila/fx:test: 
@nzila/fx:test:  [32mΓ£ô[39m [30m[45m fx [49m[39m src/__tests__/cache.test.ts [2m([22m[2m8 tests[22m[2m)[22m[32m 18[2mms[22m[39m
@nzila/fx:test:  [32mΓ£ô[39m [30m[45m fx [49m[39m src/__tests__/boc.test.ts [2m([22m[2m14 tests[22m[2m)[22m[32m 17[2mms[22m[39m
@nzila/fx:test:  [32mΓ£ô[39m [30m[45m fx [49m[39m src/__tests__/rates.test.ts [2m([22m[2m15 tests[22m[2m)[22m[32m 15[2mms[22m[39m
@nzila/fx:test:  [32mΓ£ô[39m [30m[45m fx [49m[39m src/__tests__/gain-loss.test.ts [2m([22m[2m20 tests[22m[2m)[22m[32m 22[2mms[22m[39m
@nzila/fx:test:  [32mΓ£ô[39m [30m[45m fx [49m[39m src/__tests__/types.test.ts [2m([22m[2m18 tests[22m[2m)[22m[32m 43[2mms[22m[39m
@nzila/fx:test:  [32mΓ£ô[39m [30m[45m fx [49m[39m src/__tests__/ledger.test.ts [2m([22m[2m11 tests[22m[2m)[22m[32m 39[2mms[22m[39m
@nzila/fx:test:  [32mΓ£ô[39m [30m[45m fx [49m[39m src/__tests__/convert.test.ts [2m([22m[2m23 tests[22m[2m)[22m[32m 64[2mms[22m[39m
@nzila/fx:test: 
@nzila/fx:test: [2m Test Files [22m [1m[32m7 passed[39m[22m[90m (7)[39m
@nzila/fx:test: [2m      Tests [22m [1m[32m109 passed[39m[22m[90m (109)[39m
@nzila/fx:test: [2m   Start at [22m 16:07:17
@nzila/fx:test: [2m   Duration [22m 1.68s[2m (transform 2.65s, setup 0ms, import 3.06s, tests 218ms, environment 2ms)[22m
@nzila/fx:test: 
@nzila/ai-control:test: 
@nzila/ai-control:test: > @nzila/ai-control@0.1.0 test C:\APPS\nzila-automation\packages\ai-control
@nzila/ai-control:test: > vitest run
@nzila/ai-control:test: 
@nzila/ai-control:test: 
@nzila/ai-control:test: [1m[46m RUN [49m[22m [36mv4.1.2 [39m[90mC:/APPS/nzila-automation/packages/ai-control[39m
@nzila/ai-control:test: 
@nzila/ai-control:test:  [32mΓ£ô[39m src/policy.test.ts [2m([22m[2m3 tests[22m[2m)[22m[32m 6[2mms[22m[39m
@nzila/ai-control:test:  [32mΓ£ô[39m src/classifier.test.ts [2m([22m[2m4 tests[22m[2m)[22m[32m 9[2mms[22m[39m
@nzila/ai-control:test:  [32mΓ£ô[39m src/budget.test.ts [2m([22m[2m6 tests[22m[2m)[22m[32m 9[2mms[22m[39m
@nzila/ai-control:test: 
@nzila/ai-control:test: [2m Test Files [22m [1m[32m3 passed[39m[22m[90m (3)[39m
@nzila/ai-control:test: [2m      Tests [22m [1m[32m13 passed[39m[22m[90m (13)[39m
@nzila/ai-control:test: [2m   Start at [22m 16:07:20
@nzila/ai-control:test: [2m   Duration [22m 532ms[2m (transform 247ms, setup 0ms, import 372ms, tests 24ms, environment 1ms)[22m
@nzila/ai-control:test: 
@nzila/zonga-economics:test: cache hit, replaying logs 31dee6b7c9d5c723
@nzila/ai-sdk:test: 
@nzila/ai-sdk:test: > @nzila/ai-sdk@0.1.0 test C:\APPS\nzila-automation\packages\ai-sdk
@nzila/ai-sdk:test: > vitest run
@nzila/ai-sdk:test: 
@nzila/mobility-core:test: 
@nzila/ai-sdk:test: 
@nzila/ai-sdk:test: [1m[46m RUN [49m[22m [36mv4.1.2 [39m[90mC:/APPS/nzila-automation/packages/ai-sdk[39m
@nzila/mobility-core:test: > @nzila/mobility-core@0.0.1 test C:\APPS\nzila-automation\packages\mobility-core
@nzila/mobility-core:test: > vitest run
@nzila/ai-sdk:test: 
@nzila/mobility-core:test: 
@nzila/ai-sdk:test:  [32mΓ£ô[39m [30m[43m ai-sdk [49m[39m src/ai-sdk.test.ts [2m([22m[2m4 tests[22m[2m)[22m[32m 9[2mms[22m[39m
@nzila/mobility-core:test: 
@nzila/mobility-core:test: [1m[46m RUN [49m[22m [36mv4.1.2 [39m[90mC:/APPS/nzila-automation/packages/mobility-core[39m
@nzila/ai-sdk:test: 
@nzila/mobility-core:test: 
@nzila/ai-sdk:test: [2m Test Files [22m [1m[32m1 passed[39m[22m[90m (1)[39m
@nzila/mobility-core:test:  [32mΓ£ô[39m [30m[46m mobility-core [49m[39m src/schemas.test.ts [2m([22m[2m21 tests[22m[2m)[22m[32m 28[2mms[22m[39m
@nzila/ai-sdk:test: [2m      Tests [22m [1m[32m4 passed[39m[22m[90m (4)[39m
@nzila/mobility-core:test: 
@nzila/ai-sdk:test: [2m   Start at [22m 16:07:13
@nzila/mobility-core:test: [2m Test Files [22m [1m[32m1 passed[39m[22m[90m (1)[39m
@nzila/ai-sdk:test: [2m   Duration [22m 1.88s[2m (transform 1.30s, setup 0ms, import 1.34s, tests 9ms, environment 0ms)[22m
@nzila/mobility-core:test: [2m      Tests [22m [1m[32m21 passed[39m[22m[90m (21)[39m
@nzila/ai-sdk:test: 
@nzila/mobility-core:test: [2m   Start at [22m 16:07:17
@nzila/mobility-core:test: [2m   Duration [22m 974ms[2m (transform 136ms, setup 0ms, import 195ms, tests 28ms, environment 0ms)[22m
@nzila/mobility-core:test: 
@nzila/zonga-control-plane:test: 
@nzila/zonga-control-plane:test: > @nzila/zonga-control-plane@0.1.0 test C:\APPS\nzila-automation\packages\zonga-control-plane
@nzila/zonga-control-plane:test: > vitest run
@nzila/zonga-control-plane:test: 
@nzila/zonga-control-plane:test: 
@nzila/zonga-control-plane:test: [1m[46m RUN [49m[22m [36mv4.1.2 [39m[90mC:/APPS/nzila-automation/packages/zonga-control-plane[39m
@nzila/zonga-control-plane:test: 
@nzila/zonga-control-plane:test:  [32mΓ£ô[39m src/invariant-checker.test.ts [2m([22m[2m21 tests[22m[2m)[22m[32m 19[2mms[22m[39m
@nzila/zonga-control-plane:test:  [32mΓ£ô[39m src/economic-enforcer.test.ts [2m([22m[2m19 tests[22m[2m)[22m[32m 20[2mms[22m[39m
@nzila/zonga-control-plane:test:  [32mΓ£ô[39m src/system-events.test.ts [2m([22m[2m11 tests[22m[2m)[22m[32m 21[2mms[22m[39m
@nzila/zonga-control-plane:test:  [32mΓ£ô[39m src/governance-enforcer.test.ts [2m([22m[2m21 tests[22m[2m)[22m[32m 21[2mms[22m[39m
@nzila/zonga-control-plane:test:  [32mΓ£ô[39m src/dispute-impact.test.ts [2m([22m[2m13 tests[22m[2m)[22m[32m 21[2mms[22m[39m
@nzila/zonga-control-plane:test:  [32mΓ£ô[39m src/orchestrator.test.ts [2m([22m[2m9 tests[22m[2m)[22m[32m 24[2mms[22m[39m
@nzila/zonga-control-plane:test:  [32mΓ£ô[39m src/flow-proof.test.ts [2m([22m[2m41 tests[22m[2m)[22m[32m 42[2mms[22m[39m
@nzila/zonga-control-plane:test:  [32mΓ£ô[39m src/observability.test.ts [2m([22m[2m14 tests[22m[2m)[22m[32m 19[2mms[22m[39m
@nzila/zonga-control-plane:test:  [32mΓ£ô[39m src/ai-controller.test.ts [2m([22m[2m12 tests[22m[2m)[22m[32m 21[2mms[22m[39m
@nzila/zonga-control-plane:test:  [32mΓ£ô[39m src/payment-recovery.test.ts [2m([22m[2m14 tests[22m[2m)[22m[32m 19[2mms[22m[39m
@nzila/zonga-control-plane:test:  [32mΓ£ô[39m src/offline-sync.test.ts [2m([22m[2m12 tests[22m[2m)[22m[32m 17[2mms[22m[39m
@nzila/zonga-control-plane:test:  [32mΓ£ô[39m src/governance-proof.test.ts [2m([22m[2m56 tests[22m[2m)[22m[32m 47[2mms[22m[39m
@nzila/zonga-control-plane:test:  [32mΓ£ô[39m src/cross-cutting-proof.test.ts [2m([22m[2m28 tests[22m[2m)[22m[32m 86[2mms[22m[39m
@nzila/zonga-control-plane:test: 
@nzila/zonga-control-plane:test: [2m Test Files [22m [1m[32m13 passed[39m[22m[90m (13)[39m
@nzila/zonga-control-plane:test: [2m      Tests [22m [1m[32m271 passed[39m[22m[90m (271)[39m
@nzila/zonga-control-plane:test: [2m   Start at [22m 16:07:13
@nzila/zonga-control-plane:test: [2m   Duration [22m 2.47s[2m (transform 7.94s, setup 0ms, import 9.53s, tests 376ms, environment 3ms)[22m
@nzila/zonga-control-plane:test: 
@nzila/integrations-core:test: cache hit, replaying logs a54d4942956bb888
@nzila/security:test: 
@nzila/security:test: > @nzila/security@0.1.0 test C:\APPS\nzila-automation\packages\security
@nzila/security:test: > vitest run
@nzila/security:test: 
@nzila/security:test: 
@nzila/security:test: [1m[46m RUN [49m[22m [36mv4.1.2 [39m[90mC:/APPS/nzila-automation/packages/security[39m
@nzila/security:test: 
@nzila/security:test:  [32mΓ£ô[39m src/security.test.ts [2m([22m[2m17 tests[22m[2m)[22m[32m 23[2mms[22m[39m
@nzila/security:test: 
@nzila/security:test: [2m Test Files [22m [1m[32m1 passed[39m[22m[90m (1)[39m
@nzila/security:test: [2m      Tests [22m [1m[32m17 passed[39m[22m[90m (17)[39m
@nzila/security:test: [2m   Start at [22m 16:07:21
@nzila/security:test: [2m   Duration [22m 676ms[2m (transform 164ms, setup 0ms, import 230ms, tests 23ms, environment 0ms)[22m
@nzila/security:test: 
@nzila/zonga-economics:test: 
@nzila/zonga-economics:test: > @nzila/zonga-economics@0.1.0 test C:\APPS\nzila-automation\packages\zonga-economics
@nzila/zonga-economics:test: > vitest run
@nzila/zonga-economics:test: 
@nzila/zonga-economics:test: 
@nzila/zonga-economics:test: [1m[46m RUN [49m[22m [36mv4.1.2 [39m[90mC:/APPS/nzila-automation/packages/zonga-economics[39m
@nzila/zonga-economics:test: 
@nzila/zonga-economics:test:  [32mΓ£ô[39m src/reporting.test.ts [2m([22m[2m8 tests[22m[2m)[22m[32m 16[2mms[22m[39m
@nzila/zonga-economics:test:  [32mΓ£ô[39m src/pricing-tiers.test.ts [2m([22m[2m23 tests[22m[2m)[22m[32m 15[2mms[22m[39m
@nzila/zonga-economics:test:  [32mΓ£ô[39m src/economics.test.ts [2m([22m[2m16 tests[22m[2m)[22m[32m 18[2mms[22m[39m
@nzila/zonga-economics:test:  [32mΓ£ô[39m src/economic-proof.test.ts [2m([22m[2m44 tests[22m[2m)[22m[33m 673[2mms[22m[39m
@nzila/zonga-economics:test:      [33m[2mΓ£ô[22m[39m stress: 10 000 fee calculations produce consistent positive nets [33m 563[2mms[22m[39m
@nzila/zonga-economics:test: 
@nzila/zonga-economics:test: [2m Test Files [22m [1m[32m4 passed[39m[22m[90m (4)[39m
@nzila/zonga-economics:test: [2m      Tests [22m [1m[32m91 passed[39m[22m[90m (91)[39m
@nzila/zonga-economics:test: [2m   Start at [22m 16:07:13
@nzila/zonga-economics:test: [2m   Duration [22m 2.45s[2m (transform 2.98s, setup 0ms, import 3.32s, tests 722ms, environment 1ms)[22m
@nzila/zonga-economics:test: 
@nzila/integrations-core:test: 
@nzila/integrations-core:test: > @nzila/integrations-core@0.1.0 test C:\APPS\nzila-automation\packages\integrations-core
@nzila/integrations-core:test: > vitest run
@nzila/integrations-core:test: 
@nzila/integrations-core:test: 
@nzila/integrations-core:test: [1m[46m RUN [49m[22m [36mv4.1.2 [39m[90mC:/APPS/nzila-automation/packages/integrations-core[39m
@nzila/integrations-core:test: 
@nzila/integrations-core:test:  [32mΓ£ô[39m [30m[46m integrations-core [49m[39m src/registry.test.ts [2m([22m[2m7 tests[22m[2m)[22m[32m 14[2mms[22m[39m
@nzila/integrations-core:test: 
@nzila/integrations-core:test: [2m Test Files [22m [1m[32m1 passed[39m[22m[90m (1)[39m
@nzila/integrations-core:test: [2m      Tests [22m [1m[32m7 passed[39m[22m[90m (7)[39m
@nzila/integrations-core:test: [2m   Start at [22m 16:07:13
@nzila/integrations-core:test: [2m   Duration [22m 1.79s[2m (transform 539ms, setup 0ms, import 571ms, tests 14ms, environment 0ms)[22m
@nzila/integrations-core:test: 
@nzila/comms-sms:test: cache hit, replaying logs 63a2f52fb0fa7bbc
@nzila/chatops-slack:test: cache hit, replaying logs ee672a002c05c73b
@nzila/comms-push:test: cache hit, replaying logs 800731551aef790c
@nzila/integrations-db:test: cache hit, replaying logs ed029920ed7258c3
@nzila/chatops-teams:test: cache hit, replaying logs b600c102316786b8
@nzila/webhooks:test: cache hit, replaying logs 018c175b1f5fdfe1
@nzila/chatops-slack:test: 
@nzila/chatops-slack:test: > @nzila/chatops-slack@0.1.0 test C:\APPS\nzila-automation\packages\chatops-slack
@nzila/chatops-slack:test: > vitest run
@nzila/chatops-slack:test: 
@nzila/chatops-slack:test: 
@nzila/chatops-slack:test: [1m[46m RUN [49m[22m [36mv4.1.2 [39m[90mC:/APPS/nzila-automation/packages/chatops-slack[39m
@nzila/chatops-slack:test: 
@nzila/chatops-slack:test:  [32mΓ£ô[39m [30m[45m chatops-slack [49m[39m src/adapter.test.ts [2m([22m[2m11 tests[22m[2m)[22m[32m 25[2mms[22m[39m
@nzila/chatops-slack:test: 
@nzila/chatops-slack:test: [2m Test Files [22m [1m[32m1 passed[39m[22m[90m (1)[39m
@nzila/chatops-slack:test: [2m      Tests [22m [1m[32m11 passed[39m[22m[90m (11)[39m
@nzila/chatops-slack:test: [2m   Start at [22m 16:07:27
@nzila/chatops-slack:test: [2m   Duration [22m 587ms[2m (transform 101ms, setup 0ms, import 135ms, tests 25ms, environment 0ms)[22m
@nzila/chatops-slack:test: 
@nzila/comms-sms:test: 
@nzila/comms-sms:test: > @nzila/comms-sms@0.1.0 test C:\APPS\nzila-automation\packages\comms-sms
@nzila/comms-sms:test: > vitest run
@nzila/comms-sms:test: 
@nzila/comms-sms:test: 
@nzila/comms-sms:test: [1m[46m RUN [49m[22m [36mv4.1.2 [39m[90mC:/APPS/nzila-automation/packages/comms-sms[39m
@nzila/comms-sms:test: 
@nzila/comms-sms:test:  [32mΓ£ô[39m [30m[45m comms-sms [49m[39m src/adapters/twilio.test.ts [2m([22m[2m9 tests[22m[2m)[22m[32m 25[2mms[22m[39m
@nzila/comms-sms:test: 
@nzila/comms-sms:test: [2m Test Files [22m [1m[32m1 passed[39m[22m[90m (1)[39m
@nzila/comms-sms:test: [2m      Tests [22m [1m[32m9 passed[39m[22m[90m (9)[39m
@nzila/comms-sms:test: [2m   Start at [22m 16:07:25
@nzila/comms-sms:test: [2m   Duration [22m 723ms[2m (transform 115ms, setup 0ms, import 160ms, tests 25ms, environment 0ms)[22m
@nzila/comms-sms:test: 
@nzila/integrations-db:test: 
@nzila/integrations-db:test: > @nzila/integrations-db@0.1.0 test C:\APPS\nzila-automation\packages\integrations-db
@nzila/integrations-db:test: > vitest run
@nzila/integrations-db:test: 
@nzila/integrations-db:test: 
@nzila/integrations-db:test: [1m[46m RUN [49m[22m [36mv4.1.2 [39m[90mC:/APPS/nzila-automation/packages/integrations-db[39m
@nzila/integrations-db:test: 
@nzila/integrations-db:test:  [32mΓ£ô[39m [30m[45m integrations-db [49m[39m src/schema.test.ts [2m([22m[2m13 tests[22m[2m)[22m[32m 15[2mms[22m[39m
@nzila/integrations-db:test: 
@nzila/integrations-db:test: [2m Test Files [22m [1m[32m1 passed[39m[22m[90m (1)[39m
@nzila/integrations-db:test: [2m      Tests [22m [1m[32m13 passed[39m[22m[90m (13)[39m
@nzila/integrations-db:test: [2m   Start at [22m 16:07:26
@nzila/integrations-db:test: [2m   Duration [22m 1.45s[2m (transform 128ms, setup 0ms, import 1.02s, tests 15ms, environment 0ms)[22m
@nzila/integrations-db:test: 
@nzila/webhooks:test: 
@nzila/webhooks:test: > @nzila/webhooks@0.1.0 test C:\APPS\nzila-automation\packages\webhooks
@nzila/webhooks:test: > vitest run
@nzila/webhooks:test: 
@nzila/webhooks:test: 
@nzila/webhooks:test: [1m[46m RUN [49m[22m [36mv4.1.2 [39m[90mC:/APPS/nzila-automation/packages/webhooks[39m
@nzila/webhooks:test: 
@nzila/webhooks:test:  [32mΓ£ô[39m [30m[42m webhooks [49m[39m src/inbound.test.ts [2m([22m[2m4 tests[22m[2m)[22m[32m 29[2mms[22m[39m
@nzila/webhooks:test:  [32mΓ£ô[39m [30m[42m webhooks [49m[39m src/outbound.test.ts [2m([22m[2m4 tests[22m[2m)[22m[32m 57[2mms[22m[39m
@nzila/webhooks:test: 
@nzila/webhooks:test: [2m Test Files [22m [1m[32m2 passed[39m[22m[90m (2)[39m
@nzila/webhooks:test: [2m      Tests [22m [1m[32m8 passed[39m[22m[90m (8)[39m
@nzila/webhooks:test: [2m   Start at [22m 16:07:27
@nzila/webhooks:test: [2m   Duration [22m 646ms[2m (transform 199ms, setup 0ms, import 261ms, tests 86ms, environment 0ms)[22m
@nzila/webhooks:test: 
@nzila/chatops-teams:test: 
@nzila/chatops-teams:test: > @nzila/chatops-teams@0.1.0 test C:\APPS\nzila-automation\packages\chatops-teams
@nzila/chatops-teams:test: > vitest run
@nzila/chatops-teams:test: 
@nzila/chatops-teams:test: 
@nzila/chatops-teams:test: [1m[46m RUN [49m[22m [36mv4.1.2 [39m[90mC:/APPS/nzila-automation/packages/chatops-teams[39m
@nzila/chatops-teams:test: 
@nzila/chatops-teams:test:  [32mΓ£ô[39m [30m[45m chatops-teams [49m[39m src/adapter.test.ts [2m([22m[2m9 tests[22m[2m)[22m[32m 23[2mms[22m[39m
@nzila/chatops-teams:test: 
@nzila/chatops-teams:test: [2m Test Files [22m [1m[32m1 passed[39m[22m[90m (1)[39m
@nzila/chatops-teams:test: [2m      Tests [22m [1m[32m9 passed[39m[22m[90m (9)[39m
@nzila/chatops-teams:test: [2m   Start at [22m 16:07:25
@nzila/chatops-teams:test: [2m   Duration [22m 719ms[2m (transform 101ms, setup 0ms, import 135ms, tests 23ms, environment 0ms)[22m
@nzila/chatops-teams:test: 
@nzila/platform-entity-graph:test: cache hit, replaying logs 3ce3f9b465028f38
@nzila/comms-push:test: 
@nzila/comms-push:test: > @nzila/comms-push@0.1.0 test C:\APPS\nzila-automation\packages\comms-push
@nzila/comms-push:test: > vitest run
@nzila/comms-push:test: 
@nzila/comms-push:test: 
@nzila/comms-push:test: [1m[46m RUN [49m[22m [36mv4.1.2 [39m[90mC:/APPS/nzila-automation/packages/comms-push[39m
@nzila/comms-push:test: 
@nzila/comms-push:test:  [32mΓ£ô[39m [30m[46m comms-push [49m[39m src/adapters/firebase.test.ts [2m([22m[2m11 tests[22m[2m)[22m[32m 25[2mms[22m[39m
@nzila/comms-push:test: 
@nzila/comms-push:test: [2m Test Files [22m [1m[32m1 passed[39m[22m[90m (1)[39m
@nzila/comms-push:test: [2m      Tests [22m [1m[32m11 passed[39m[22m[90m (11)[39m
@nzila/comms-push:test: [2m   Start at [22m 16:07:26
@nzila/comms-push:test: [2m   Duration [22m 594ms[2m (transform 115ms, setup 0ms, import 157ms, tests 25ms, environment 0ms)[22m
@nzila/comms-push:test: 
@nzila/events:test: cache hit, replaying logs b9460681dc5a227f
@nzila/agri-sync-contracts:test: cache hit, replaying logs ee2cb3efc94ac917
@nzila/platform-entity-graph:test: 
@nzila/platform-entity-graph:test: > @nzila/platform-entity-graph@0.1.0 test C:\APPS\nzila-automation\packages\platform-entity-graph
@nzila/platform-entity-graph:test: > vitest run
@nzila/platform-entity-graph:test: 
@nzila/platform-entity-graph:test: 
@nzila/platform-entity-graph:test: [1m[46m RUN [49m[22m [36mv4.1.2 [39m[90mC:/APPS/nzila-automation/packages/platform-entity-graph[39m
@nzila/platform-entity-graph:test: 
@nzila/platform-entity-graph:test:  [32mΓ£ô[39m [30m[43m platform-entity-graph [49m[39m src/entity-graph.test.ts [2m([22m[2m5 tests[22m[2m)[22m[32m 15[2mms[22m[39m
@nzila/platform-entity-graph:test: 
@nzila/platform-entity-graph:test: [2m Test Files [22m [1m[32m1 passed[39m[22m[90m (1)[39m
@nzila/platform-entity-graph:test: [2m      Tests [22m [1m[32m5 passed[39m[22m[90m (5)[39m
@nzila/platform-entity-graph:test: [2m   Start at [22m 16:07:34
@nzila/platform-entity-graph:test: [2m   Duration [22m 1.64s[2m (transform 274ms, setup 0ms, import 1.19s, tests 15ms, environment 0ms)[22m
@nzila/platform-entity-graph:test: 
@nzila/events:test: 
@nzila/events:test: > @nzila/events@0.1.0 test C:\APPS\nzila-automation\packages\events
@nzila/events:test: > vitest run
@nzila/events:test: 
@nzila/events:test: 
@nzila/events:test: [1m[46m RUN [49m[22m [36mv4.1.2 [39m[90mC:/APPS/nzila-automation/packages/events[39m
@nzila/events:test: 
@nzila/events:test:  [32mΓ£ô[39m src/events.test.ts [2m([22m[2m7 tests[22m[2m)[22m[32m 23[2mms[22m[39m
@nzila/events:test: 
@nzila/events:test: [2m Test Files [22m [1m[32m1 passed[39m[22m[90m (1)[39m
@nzila/events:test: [2m      Tests [22m [1m[32m7 passed[39m[22m[90m (7)[39m
@nzila/events:test: [2m   Start at [22m 16:07:24
@nzila/events:test: [2m   Duration [22m 1.00s[2m (transform 118ms, setup 0ms, import 153ms, tests 23ms, environment 0ms)[22m
@nzila/events:test: 
@nzila/agri-sync-contracts:test: 
@nzila/agri-sync-contracts:test: > @nzila/agri-sync-contracts@0.1.0 test C:\APPS\nzila-automation\packages\agri-sync-contracts
@nzila/agri-sync-contracts:test: > vitest run
@nzila/agri-sync-contracts:test: 
@nzila/agri-sync-contracts:test: 
@nzila/agri-sync-contracts:test: [1m[46m RUN [49m[22m [36mv4.1.2 [39m[90mC:/APPS/nzila-automation/packages/agri-sync-contracts[39m
@nzila/agri-sync-contracts:test: 
@nzila/agri-sync-contracts:test:  [32mΓ£ô[39m [30m[42m agri-sync-contracts [49m[39m __tests__/sync-contracts.test.ts [2m([22m[2m14 tests[22m[2m)[22m[32m 18[2mms[22m[39m
@nzila/agri-sync-contracts:test: 
@nzila/agri-sync-contracts:test: [2m Test Files [22m [1m[32m1 passed[39m[22m[90m (1)[39m
@nzila/agri-sync-contracts:test: [2m      Tests [22m [1m[32m14 passed[39m[22m[90m (14)[39m
@nzila/agri-sync-contracts:test: [2m   Start at [22m 16:07:31
@nzila/agri-sync-contracts:test: [2m   Duration [22m 881ms[2m (transform 262ms, setup 0ms, import 349ms, tests 18ms, environment 0ms)[22m
@nzila/agri-sync-contracts:test: 
@nzila/agri-adapters:test: cache hit, replaying logs 7463401fc378159c
@nzila/agri-events:test: cache hit, replaying logs 3be56964751a7c6f
@nzila/agri-supply-chain:test: cache hit, replaying logs 64ad88fe59865605
@nzila/agri-provenance:test: cache hit, replaying logs 34df7a5440555ce0
@nzila/agri-intelligence:test: cache hit, replaying logs 287eb73142627e7a
@nzila/platform-feature-flags:test: cache hit, replaying logs e575401615506d62
@nzila/agri-events:test: 
@nzila/agri-events:test: > @nzila/agri-events@0.1.0 test C:\APPS\nzila-automation\packages\agri-events
@nzila/agri-events:test: > vitest run
@nzila/agri-events:test: 
@nzila/agri-adapters:test: 
@nzila/agri-adapters:test: > @nzila/agri-adapters@0.1.0 test C:\APPS\nzila-automation\packages\agri-adapters
@nzila/agri-events:test: 
@nzila/agri-events:test: [1m[46m RUN [49m[22m [36mv4.1.2 [39m[90mC:/APPS/nzila-automation/packages/agri-events[39m
@nzila/agri-adapters:test: > vitest run
@nzila/agri-adapters:test: 
@nzila/agri-events:test: 
@nzila/agri-events:test:  [32mΓ£ô[39m [30m[43m agri-events [49m[39m src/event-bus.test.ts [2m([22m[2m4 tests[22m[2m)[22m[32m 15[2mms[22m[39m
@nzila/agri-events:test: 
@nzila/agri-adapters:test: 
@nzila/agri-adapters:test: [1m[46m RUN [49m[22m [36mv4.1.2 [39m[90mC:/APPS/nzila-automation/packages/agri-adapters[39m
@nzila/agri-events:test: [2m Test Files [22m [1m[32m1 passed[39m[22m[90m (1)[39m
@nzila/agri-events:test: [2m      Tests [22m [1m[32m4 passed[39m[22m[90m (4)[39m
@nzila/agri-events:test: [2m   Start at [22m 16:07:33
@nzila/agri-adapters:test: 
@nzila/agri-adapters:test:  [32mΓ£ô[39m src/adapters.test.ts [2m([22m[2m10 tests[22m[2m)[22m[32m 18[2mms[22m[39m
@nzila/agri-events:test: [2m   Duration [22m 617ms[2m (transform 99ms, setup 0ms, import 132ms, tests 15ms, environment 0ms)[22m
@nzila/agri-events:test: 
@nzila/agri-adapters:test: 
@nzila/agri-adapters:test: [2m Test Files [22m [1m[32m1 passed[39m[22m[90m (1)[39m
@nzila/agri-adapters:test: [2m      Tests [22m [1m[32m10 passed[39m[22m[90m (10)[39m
@nzila/agri-adapters:test: [2m   Start at [22m 16:07:32
@nzila/agri-adapters:test: [2m   Duration [22m 619ms[2m (transform 167ms, setup 0ms, import 211ms, tests 18ms, environment 0ms)[22m
@nzila/agri-adapters:test: 
@nzila/agri-supply-chain:test: 
@nzila/agri-supply-chain:test: > @nzila/agri-supply-chain@0.1.0 test C:\APPS\nzila-automation\packages\agri-supply-chain
@nzila/agri-supply-chain:test: > vitest run
@nzila/agri-supply-chain:test: 
@nzila/agri-supply-chain:test: 
@nzila/agri-supply-chain:test: [1m[46m RUN [49m[22m [36mv4.1.2 [39m[90mC:/APPS/nzila-automation/packages/agri-supply-chain[39m
@nzila/agri-supply-chain:test: 
@nzila/agri-supply-chain:test:  [32mΓ£ô[39m [30m[46m agri-supply-chain [49m[39m __tests__/supply-chain.test.ts [2m([22m[2m21 tests[22m[2m)[22m[32m 23[2mms[22m[39m
@nzila/agri-supply-chain:test: 
@nzila/agri-supply-chain:test: [2m Test Files [22m [1m[32m1 passed[39m[22m[90m (1)[39m
@nzila/agri-supply-chain:test: [2m      Tests [22m [1m[32m21 passed[39m[22m[90m (21)[39m
@nzila/agri-supply-chain:test: [2m   Start at [22m 16:07:33
@nzila/agri-supply-chain:test: [2m   Duration [22m 839ms[2m (transform 248ms, setup 0ms, import 338ms, tests 23ms, environment 0ms)[22m
@nzila/agri-supply-chain:test: 
@nzila/agri-traceability:test: cache hit, replaying logs 62a9787163f2b9dc
@nzila/zonga-rights:test: cache hit, replaying logs 04a0f53261183e01
@nzila/platform-feature-flags:test: 
@nzila/platform-feature-flags:test: > @nzila/platform-feature-flags@0.1.0 test C:\APPS\nzila-automation\packages\platform-feature-flags
@nzila/platform-feature-flags:test: > vitest run
@nzila/platform-feature-flags:test: 
@nzila/platform-feature-flags:test: 
@nzila/platform-feature-flags:test: [1m[46m RUN [49m[22m [36mv4.1.2 [39m[90mC:/APPS/nzila-automation/packages/platform-feature-flags[39m
@nzila/platform-feature-flags:test: 
@nzila/platform-feature-flags:test:  [32mΓ£ô[39m [30m[45m platform-feature-flags [49m[39m src/__tests__/index.test.ts [2m([22m[2m14 tests[22m[2m)[22m[32m 15[2mms[22m[39m
@nzila/platform-feature-flags:test: 
@nzila/platform-feature-flags:test: [2m Test Files [22m [1m[32m1 passed[39m[22m[90m (1)[39m
@nzila/platform-feature-flags:test: [2m      Tests [22m [1m[32m14 passed[39m[22m[90m (14)[39m
@nzila/platform-feature-flags:test: [2m   Start at [22m 16:07:34
@nzila/platform-feature-flags:test: [2m   Duration [22m 748ms[2m (transform 220ms, setup 0ms, import 290ms, tests 15ms, environment 0ms)[22m
@nzila/platform-feature-flags:test: 
@nzila/agri-provenance:test: 
@nzila/agri-provenance:test: > @nzila/agri-provenance@0.1.0 test C:\APPS\nzila-automation\packages\agri-provenance
@nzila/agri-provenance:test: > vitest run
@nzila/agri-provenance:test: 
@nzila/agri-provenance:test: 
@nzila/agri-provenance:test: [1m[46m RUN [49m[22m [36mv4.1.2 [39m[90mC:/APPS/nzila-automation/packages/agri-provenance[39m
@nzila/agri-provenance:test: 
@nzila/agri-provenance:test:  [32mΓ£ô[39m [30m[42m agri-provenance [49m[39m __tests__/provenance.test.ts [2m([22m[2m16 tests[22m[2m)[22m[32m 24[2mms[22m[39m
@nzila/agri-provenance:test: 
@nzila/agri-provenance:test: [2m Test Files [22m [1m[32m1 passed[39m[22m[90m (1)[39m
@nzila/agri-provenance:test: [2m      Tests [22m [1m[32m16 passed[39m[22m[90m (16)[39m
@nzila/agri-provenance:test: [2m   Start at [22m 16:07:32
@nzila/agri-provenance:test: [2m   Duration [22m 594ms[2m (transform 137ms, setup 0ms, import 182ms, tests 24ms, environment 0ms)[22m
@nzila/agri-provenance:test: 
@nzila/agri-intelligence:test: 
@nzila/agri-intelligence:test: > @nzila/agri-intelligence@0.1.0 test C:\APPS\nzila-automation\packages\agri-intelligence
@nzila/agri-intelligence:test: > vitest run
@nzila/agri-intelligence:test: 
@nzila/agri-intelligence:test: 
@nzila/agri-intelligence:test: [1m[46m RUN [49m[22m [36mv4.1.2 [39m[90mC:/APPS/nzila-automation/packages/agri-intelligence[39m
@nzila/agri-intelligence:test: 
@nzila/agri-intelligence:test:  [32mΓ£ô[39m src/analytics.test.ts [2m([22m[2m21 tests[22m[2m)[22m[32m 19[2mms[22m[39m
@nzila/agri-intelligence:test:  [32mΓ£ô[39m src/intelligence.test.ts [2m([22m[2m14 tests[22m[2m)[22m[32m 15[2mms[22m[39m
@nzila/agri-intelligence:test: 
@nzila/agri-intelligence:test: [2m Test Files [22m [1m[32m2 passed[39m[22m[90m (2)[39m
@nzila/agri-intelligence:test: [2m      Tests [22m [1m[32m35 passed[39m[22m[90m (35)[39m
@nzila/agri-intelligence:test: [2m   Start at [22m 16:07:33
@nzila/agri-intelligence:test: [2m   Duration [22m 633ms[2m (transform 301ms, setup 0ms, import 380ms, tests 34ms, environment 0ms)[22m
@nzila/agri-intelligence:test: 
@nzila/agri-traceability:test: 
@nzila/agri-traceability:test: > @nzila/agri-traceability@0.1.0 test C:\APPS\nzila-automation\packages\agri-traceability
@nzila/agri-traceability:test: > vitest run
@nzila/agri-traceability:test: 
@nzila/agri-traceability:test: 
@nzila/agri-traceability:test: [1m[46m RUN [49m[22m [36mv4.1.2 [39m[90mC:/APPS/nzila-automation/packages/agri-traceability[39m
@nzila/agri-traceability:test: 
@nzila/agri-traceability:test:  [32mΓ£ô[39m src/traceability.test.ts [2m([22m[2m8 tests[22m[2m)[22m[32m 18[2mms[22m[39m
@nzila/agri-traceability:test: 
@nzila/agri-traceability:test: [2m Test Files [22m [1m[32m1 passed[39m[22m[90m (1)[39m
@nzila/agri-traceability:test: [2m      Tests [22m [1m[32m8 passed[39m[22m[90m (8)[39m
@nzila/agri-traceability:test: [2m   Start at [22m 16:07:32
@nzila/agri-traceability:test: [2m   Duration [22m 716ms[2m (transform 141ms, setup 0ms, import 186ms, tests 18ms, environment 0ms)[22m
@nzila/agri-traceability:test: 
@nzila/zonga-rights:test: 
@nzila/zonga-rights:test: > @nzila/zonga-rights@0.1.0 test C:\APPS\nzila-automation\packages\zonga-rights
@nzila/zonga-rights:test: > vitest run
@nzila/zonga-rights:test: 
@nzila/zonga-rights:test: 
@nzila/zonga-rights:test: [1m[46m RUN [49m[22m [36mv3.2.4 [39m[90mC:/APPS/nzila-automation/packages/zonga-rights[39m
@nzila/zonga-rights:test: 
@nzila/zonga-rights:test:  [32mΓ£ô[39m src/rights.test.ts [2m([22m[2m35 tests[22m[2m)[22m[32m 20[2mms[22m[39m
@nzila/zonga-rights:test:  [32mΓ£ô[39m src/rights-proof.test.ts [2m([22m[2m53 tests[22m[2m)[22m[32m 33[2mms[22m[39m
@nzila/zonga-rights:test: 
@nzila/zonga-rights:test: [2m Test Files [22m [1m[32m2 passed[39m[22m[90m (2)[39m
@nzila/zonga-rights:test: [2m      Tests [22m [1m[32m88 passed[39m[22m[90m (88)[39m
@nzila/zonga-rights:test: [2m   Start at [22m 16:07:24
@nzila/zonga-rights:test: [2m   Duration [22m 1.65s[2m (transform 466ms, setup 0ms, collect 879ms, tests 53ms, environment 1ms, prepare 607ms)[22m
@nzila/zonga-rights:test: 
@nzila/zonga-events:test: cache hit, replaying logs f052ce6571b92887
@nzila/zonga-events:test: 
@nzila/zonga-events:test: > @nzila/zonga-events@0.1.0 test C:\APPS\nzila-automation\packages\zonga-events
@nzila/zonga-events:test: > vitest run
@nzila/zonga-events:test: 
@nzila/zonga-events:test: 
@nzila/zonga-events:test: [1m[46m RUN [49m[22m [36mv4.1.2 [39m[90mC:/APPS/nzila-automation/packages/zonga-events[39m
@nzila/zonga-events:test: 
@nzila/zonga-events:test:  [32mΓ£ô[39m src/events.test.ts [2m([22m[2m19 tests[22m[2m)[22m[32m 18[2mms[22m[39m
@nzila/zonga-events:test:  [32mΓ£ô[39m src/ticketing-proof.test.ts [2m([22m[2m68 tests[22m[2m)[22m[32m 126[2mms[22m[39m
@nzila/zonga-events:test: 
@nzila/zonga-events:test: [2m Test Files [22m [1m[32m2 passed[39m[22m[90m (2)[39m
@nzila/zonga-events:test: [2m      Tests [22m [1m[32m87 passed[39m[22m[90m (87)[39m
@nzila/mobility-compliance:test: cache hit, replaying logs 86b171d48d261ed5
@nzila/zonga-events:test: [2m   Start at [22m 16:07:24
@nzila/zonga-events:test: [2m   Duration [22m 1.49s[2m (transform 852ms, setup 0ms, import 1.02s, tests 144ms, environment 1ms)[22m
@nzila/zonga-events:test: 
@nzila/mobility-programs:test: cache hit, replaying logs 7ff075e14c727510
@nzila/integrations-m365:test: cache hit, replaying logs bb4a42c872497e22
@nzila/mobility-ai:test: cache hit, replaying logs 2388793c6086511f
@nzila/integrations-hubspot:test: cache hit, replaying logs 8ae827c6070a4629
@nzila/integrations-whatsapp:test: cache hit, replaying logs 21cff1bf95760792
@nzila/mobility-programs:test: 
@nzila/mobility-programs:test: > @nzila/mobility-programs@0.0.1 test C:\APPS\nzila-automation\packages\mobility-programs
@nzila/mobility-programs:test: > vitest run
@nzila/mobility-programs:test: 
@nzila/mobility-programs:test: 
@nzila/mobility-programs:test: [1m[46m RUN [49m[22m [36mv4.1.2 [39m[90mC:/APPS/nzila-automation/packages/mobility-programs[39m
@nzila/mobility-programs:test: 
@nzila/mobility-programs:test:  [32mΓ£ô[39m [30m[46m mobility-programs [49m[39m src/engine.test.ts [2m([22m[2m12 tests[22m[2m)[22m[32m 19[2mms[22m[39m
@nzila/mobility-programs:test: 
@nzila/mobility-programs:test: [2m Test Files [22m [1m[32m1 passed[39m[22m[90m (1)[39m
@nzila/mobility-programs:test: [2m      Tests [22m [1m[32m12 passed[39m[22m[90m (12)[39m
@nzila/mobility-programs:test: [2m   Start at [22m 16:07:30
@nzila/mobility-programs:test: [2m   Duration [22m 659ms[2m (transform 133ms, setup 0ms, import 171ms, tests 19ms, environment 0ms)[22m
@nzila/mobility-programs:test: 
@nzila/mobility-compliance:test: 
@nzila/mobility-compliance:test: > @nzila/mobility-compliance@0.0.1 test C:\APPS\nzila-automation\packages\mobility-compliance
@nzila/mobility-compliance:test: > vitest run
@nzila/mobility-compliance:test: 
@nzila/mobility-compliance:test: 
@nzila/mobility-compliance:test: [1m[46m RUN [49m[22m [36mv4.1.2 [39m[90mC:/APPS/nzila-automation/packages/mobility-compliance[39m
@nzila/mobility-compliance:test: 
@nzila/mobility-compliance:test:  [32mΓ£ô[39m [30m[43m mobility-compliance [49m[39m src/compliance.test.ts [2m([22m[2m26 tests[22m[2m)[22m[32m 33[2mms[22m[39m
@nzila/mobility-compliance:test: 
@nzila/mobility-compliance:test: [2m Test Files [22m [1m[32m1 passed[39m[22m[90m (1)[39m
@nzila/mobility-compliance:test: [2m      Tests [22m [1m[32m26 passed[39m[22m[90m (26)[39m
@nzila/mobility-compliance:test: [2m   Start at [22m 16:07:30
@nzila/mobility-compliance:test: [2m   Duration [22m 684ms[2m (transform 131ms, setup 0ms, import 169ms, tests 33ms, environment 0ms)[22m
@nzila/mobility-compliance:test: 
@nzila/platform-rum:test: cache hit, replaying logs 6c9bdcab722380d7
@nzila/platform-event-fabric:test: cache hit, replaying logs 003fdb5023c88a7e
@nzila/integrations-m365:test: 
@nzila/integrations-m365:test: > @nzila/integrations-m365@0.0.1 test C:\APPS\nzila-automation\packages\integrations-m365
@nzila/integrations-m365:test: > vitest run
@nzila/integrations-m365:test: 
@nzila/integrations-m365:test: 
@nzila/integrations-m365:test: [1m[46m RUN [49m[22m [36mv4.1.2 [39m[90mC:/APPS/nzila-automation/packages/integrations-m365[39m
@nzila/integrations-m365:test: 
@nzila/integrations-m365:test:  [32mΓ£ô[39m [30m[45m integrations-m365 [49m[39m src/m365.test.ts [2m([22m[2m5 tests[22m[2m)[22m[32m 11[2mms[22m[39m
@nzila/integrations-m365:test: 
@nzila/integrations-m365:test: [2m Test Files [22m [1m[32m1 passed[39m[22m[90m (1)[39m
@nzila/integrations-m365:test: [2m      Tests [22m [1m[32m5 passed[39m[22m[90m (5)[39m
@nzila/integrations-m365:test: [2m   Start at [22m 16:07:30
@nzila/integrations-m365:test: [2m   Duration [22m 610ms[2m (transform 116ms, setup 0ms, import 154ms, tests 11ms, environment 0ms)[22m
@nzila/integrations-m365:test: 
@nzila/integrations-hubspot:test: 
@nzila/integrations-hubspot:test: > @nzila/integrations-hubspot@0.0.1 test C:\APPS\nzila-automation\packages\integrations-hubspot
@nzila/integrations-hubspot:test: > vitest run
@nzila/integrations-hubspot:test: 
@nzila/integrations-hubspot:test: 
@nzila/integrations-hubspot:test: [1m[46m RUN [49m[22m [36mv4.1.2 [39m[90mC:/APPS/nzila-automation/packages/integrations-hubspot[39m
@nzila/integrations-hubspot:test: 
@nzila/integrations-hubspot:test:  [32mΓ£ô[39m [30m[45m integrations-hubspot [49m[39m src/hubspot.test.ts [2m([22m[2m11 tests[22m[2m)[22m[32m 20[2mms[22m[39m
@nzila/integrations-hubspot:test: 
@nzila/integrations-hubspot:test: [2m Test Files [22m [1m[32m1 passed[39m[22m[90m (1)[39m
@nzila/integrations-hubspot:test: [2m      Tests [22m [1m[32m11 passed[39m[22m[90m (11)[39m
@nzila/integrations-hubspot:test: [2m   Start at [22m 16:07:31
@nzila/integrations-hubspot:test: [2m   Duration [22m 686ms[2m (transform 149ms, setup 0ms, import 211ms, tests 20ms, environment 0ms)[22m
@nzila/integrations-hubspot:test: 
@nzila/mobility-ai:test: 
@nzila/mobility-ai:test: > @nzila/mobility-ai@0.0.1 test C:\APPS\nzila-automation\packages\mobility-ai
@nzila/mobility-ai:test: > vitest run
@nzila/mobility-ai:test: 
@nzila/mobility-ai:test: 
@nzila/mobility-ai:test: [1m[46m RUN [49m[22m [36mv4.1.2 [39m[90mC:/APPS/nzila-automation/packages/mobility-ai[39m
@nzila/mobility-ai:test: 
@nzila/mobility-ai:test:  [32mΓ£ô[39m [30m[45m mobility-ai [49m[39m src/governance-checklist.test.ts [2m([22m[2m22 tests[22m[2m)[22m[32m 22[2mms[22m[39m
@nzila/mobility-ai:test: 
@nzila/mobility-ai:test: [2m Test Files [22m [1m[32m1 passed[39m[22m[90m (1)[39m
@nzila/mobility-ai:test: [2m      Tests [22m [1m[32m22 passed[39m[22m[90m (22)[39m
@nzila/mobility-ai:test: [2m   Start at [22m 16:07:30
@nzila/mobility-ai:test: [2m   Duration [22m 675ms[2m (transform 154ms, setup 0ms, import 191ms, tests 22ms, environment 0ms)[22m
@nzila/mobility-ai:test: 
@nzila/integrations-whatsapp:test: 
@nzila/integrations-whatsapp:test: > @nzila/integrations-whatsapp@0.0.1 test C:\APPS\nzila-automation\packages\integrations-whatsapp
@nzila/integrations-whatsapp:test: > vitest run
@nzila/integrations-whatsapp:test: 
@nzila/integrations-whatsapp:test: 
@nzila/integrations-whatsapp:test: [1m[46m RUN [49m[22m [36mv4.1.2 [39m[90mC:/APPS/nzila-automation/packages/integrations-whatsapp[39m
@nzila/integrations-whatsapp:test: 
@nzila/integrations-whatsapp:test:  [32mΓ£ô[39m [30m[42m integrations-whatsapp [49m[39m src/whatsapp.test.ts [2m([22m[2m8 tests[22m[2m)[22m[32m 11[2mms[22m[39m
@nzila/integrations-whatsapp:test: 
@nzila/integrations-whatsapp:test: [2m Test Files [22m [1m[32m1 passed[39m[22m[90m (1)[39m
@nzila/integrations-whatsapp:test: [2m      Tests [22m [1m[32m8 passed[39m[22m[90m (8)[39m
@nzila/integrations-whatsapp:test: [2m   Start at [22m 16:07:29
@nzila/integrations-whatsapp:test: [2m   Duration [22m 572ms[2m (transform 121ms, setup 0ms, import 155ms, tests 11ms, environment 0ms)[22m
@nzila/integrations-whatsapp:test: 
@nzila/platform-rum:test: 
@nzila/platform-rum:test: > @nzila/platform-rum@0.1.0 test C:\APPS\nzila-automation\packages\platform-rum
@nzila/platform-rum:test: > vitest run
@nzila/platform-rum:test: 
@nzila/platform-rum:test: 
@nzila/platform-rum:test: [1m[46m RUN [49m[22m [36mv4.1.2 [39m[90mC:/APPS/nzila-automation/packages/platform-rum[39m
@nzila/platform-rum:test: 
@nzila/platform-rum:test:  [32mΓ£ô[39m [30m[43m platform-rum [49m[39m src/__tests__/rum.test.ts [2m([22m[2m10 tests[22m[2m)[22m[32m 124[2mms[22m[39m
@nzila/platform-rum:test: 
@nzila/platform-rum:test: [2m Test Files [22m [1m[32m1 passed[39m[22m[90m (1)[39m
@nzila/platform-rum:test: [2m      Tests [22m [1m[32m10 passed[39m[22m[90m (10)[39m
@nzila/platform-rum:test: [2m   Start at [22m 16:07:27
@nzila/platform-rum:test: [2m   Duration [22m 761ms[2m (transform 139ms, setup 0ms, import 192ms, tests 124ms, environment 0ms)[22m
@nzila/platform-rum:test: 
@nzila/org:test: cache hit, replaying logs b1e02534077648fa
@nzila/platform-event-fabric:test: 
@nzila/platform-event-fabric:test: > @nzila/platform-event-fabric@0.1.0 test C:\APPS\nzila-automation\packages\platform-event-fabric
@nzila/platform-event-fabric:test: > vitest run
@nzila/platform-event-fabric:test: 
@nzila/platform-event-fabric:test: 
@nzila/platform-event-fabric:test: [1m[46m RUN [49m[22m [36mv4.1.2 [39m[90mC:/APPS/nzila-automation/packages/platform-event-fabric[39m
@nzila/platform-event-fabric:test: 
@nzila/platform-event-fabric:test: {"event":"event_subscribed","severity":"debug","request_id":"40cf34de-7c6f-4b9f-bb44-be21f1b8c25e","correlation_id":"c360bbd4-f99e-4ddd-a095-ed57503dc11b","org_id":"platform","timestamp":"2026-04-01T20:07:28Z","metadata":{"eventType":"workflow.started"}}
@nzila/platform-event-fabric:test: {"event":"event_published","severity":"info","request_id":"40cf34de-7c6f-4b9f-bb44-be21f1b8c25e","correlation_id":"c360bbd4-f99e-4ddd-a095-ed57503dc11b","org_id":"platform","timestamp":"2026-04-01T20:07:28Z","metadata":{"eventType":"workflow.started","eventId":"0f4169b0-86dc-4721-8c38-0468f1ab757e","source":"test","actorId":"test-user"}}
@nzila/platform-event-fabric:test: {"event":"audit_emitted","severity":"info","request_id":"3a0edbb3-2e29-4323-91c0-5782fcf4964a","correlation_id":"409bd4c1-41d7-41fe-b01f-4685e1834d79","org_id":"platform","timestamp":"2026-04-01T20:07:28Z","metadata":{"eventName":"event_published","eventType":"workflow.started","eventId":"0f4169b0-86dc-4721-8c38-0468f1ab757e"}}
@nzila/platform-event-fabric:test: {"event":"event_published","severity":"info","request_id":"40cf34de-7c6f-4b9f-bb44-be21f1b8c25e","correlation_id":"c360bbd4-f99e-4ddd-a095-ed57503dc11b","org_id":"platform","timestamp":"2026-04-01T20:07:28Z","metadata":{"eventType":"workflow.started","eventId":"2119eeee-2d41-407b-9d52-f4be3530a8ea","source":"test","actorId":"test-user"}}
@nzila/platform-event-fabric:test: {"event":"audit_emitted","severity":"info","request_id":"23b4dc5a-050e-4e25-824b-c050bafa2ae8","correlation_id":"55e6948c-7729-4094-a62d-f9678a65d2ca","org_id":"platform","timestamp":"2026-04-01T20:07:28Z","metadata":{"eventName":"event_published","eventType":"workflow.started","eventId":"2119eeee-2d41-407b-9d52-f4be3530a8ea"}}
@nzila/platform-event-fabric:test: {"event":"event_replay_requested","severity":"info","request_id":"40cf34de-7c6f-4b9f-bb44-be21f1b8c25e","correlation_id":"c360bbd4-f99e-4ddd-a095-ed57503dc11b","org_id":"platform","timestamp":"2026-04-01T20:07:28Z","metadata":{"eventType":"workflow.started","since":"2000-01-01"}}
@nzila/platform-event-fabric:test: {"event":"event_subscribed","severity":"debug","request_id":"40cf34de-7c6f-4b9f-bb44-be21f1b8c25e","correlation_id":"c360bbd4-f99e-4ddd-a095-ed57503dc11b","org_id":"platform","timestamp":"2026-04-01T20:07:28Z","metadata":{"eventType":"workflow.started"}}
@nzila/platform-event-fabric:test: {"event":"event_published","severity":"info","request_id":"40cf34de-7c6f-4b9f-bb44-be21f1b8c25e","correlation_id":"c360bbd4-f99e-4ddd-a095-ed57503dc11b","org_id":"platform","timestamp":"2026-04-01T20:07:28Z","metadata":{"eventType":"workflow.started","eventId":"c400680a-98f7-4c10-952b-7250bd120007","source":"test","actorId":"test-user"}}
@nzila/platform-event-fabric:test: {"event":"audit_emitted","severity":"info","request_id":"da510cff-1661-4b5d-9d29-4a4fda4359f1","correlation_id":"ec445765-210f-4eba-a20a-9b5cd914d686","org_id":"platform","timestamp":"2026-04-01T20:07:28Z","metadata":{"eventName":"event_published","eventType":"workflow.started","eventId":"c400680a-98f7-4c10-952b-7250bd120007"}}
@nzila/platform-event-fabric:test: {"event":"event_handler_error","severity":"error","request_id":"40cf34de-7c6f-4b9f-bb44-be21f1b8c25e","correlation_id":"c360bbd4-f99e-4ddd-a095-ed57503dc11b","org_id":"platform","timestamp":"2026-04-01T20:07:28Z","metadata":{"eventType":"workflow.started","eventId":"c400680a-98f7-4c10-952b-7250bd120007","error":"handler-boom"}}
@nzila/platform-event-fabric:test: {"event":"event_subscribed","severity":"debug","request_id":"40cf34de-7c6f-4b9f-bb44-be21f1b8c25e","correlation_id":"c360bbd4-f99e-4ddd-a095-ed57503dc11b","org_id":"platform","timestamp":"2026-04-01T20:07:28Z","metadata":{"eventType":"workflow.started"}}
@nzila/platform-event-fabric:test: {"event":"event_subscribed_all","severity":"debug","request_id":"40cf34de-7c6f-4b9f-bb44-be21f1b8c25e","correlation_id":"c360bbd4-f99e-4ddd-a095-ed57503dc11b","org_id":"platform","timestamp":"2026-04-01T20:07:28Z","metadata":{}}
@nzila/platform-event-fabric:test: {"event":"event_unsubscribed","severity":"debug","request_id":"40cf34de-7c6f-4b9f-bb44-be21f1b8c25e","correlation_id":"c360bbd4-f99e-4ddd-a095-ed57503dc11b","org_id":"platform","timestamp":"2026-04-01T20:07:28Z","metadata":{"eventType":"workflow.started"}}
@nzila/platform-event-fabric:test: {"event":"event_unsubscribed_all","severity":"debug","request_id":"40cf34de-7c6f-4b9f-bb44-be21f1b8c25e","correlation_id":"c360bbd4-f99e-4ddd-a095-ed57503dc11b","org_id":"platform","timestamp":"2026-04-01T20:07:28Z","metadata":{}}
@nzila/platform-event-fabric:test: {"event":"event_subscribed_all","severity":"debug","request_id":"40cf34de-7c6f-4b9f-bb44-be21f1b8c25e","correlation_id":"c360bbd4-f99e-4ddd-a095-ed57503dc11b","org_id":"platform","timestamp":"2026-04-01T20:07:28Z","metadata":{}}
@nzila/platform-event-fabric:test: {"event":"event_published","severity":"info","request_id":"40cf34de-7c6f-4b9f-bb44-be21f1b8c25e","correlation_id":"c360bbd4-f99e-4ddd-a095-ed57503dc11b","org_id":"platform","timestamp":"2026-04-01T20:07:28Z","metadata":{"eventType":"workflow.started","eventId":"568a98a0-fe38-4038-ad71-504a53892f4c","source":"test","actorId":"test-user"}}
@nzila/platform-event-fabric:test: {"event":"audit_emitted","severity":"info","request_id":"cc08aa7f-36ae-43ec-9b87-668514c8ad7b","correlation_id":"42991bb9-42e7-44d1-8da6-9f35cf5b6fe6","org_id":"platform","timestamp":"2026-04-01T20:07:28Z","metadata":{"eventName":"event_published","eventType":"workflow.started","eventId":"568a98a0-fe38-4038-ad71-504a53892f4c"}}
@nzila/platform-event-fabric:test: {"event":"event_published","severity":"info","request_id":"40cf34de-7c6f-4b9f-bb44-be21f1b8c25e","correlation_id":"c360bbd4-f99e-4ddd-a095-ed57503dc11b","org_id":"platform","timestamp":"2026-04-01T20:07:28Z","metadata":{"eventType":"workflow.completed","eventId":"b3744d7c-9098-4f8c-ae54-457e2b81d1f9","source":"test","actorId":"test-user"}}
@nzila/platform-event-fabric:test: {"event":"audit_emitted","severity":"info","request_id":"cc08aa7f-36ae-43ec-9b87-668514c8ad7b","correlation_id":"42991bb9-42e7-44d1-8da6-9f35cf5b6fe6","org_id":"platform","timestamp":"2026-04-01T20:07:28Z","metadata":{"eventName":"event_published","eventType":"workflow.completed","eventId":"b3744d7c-9098-4f8c-ae54-457e2b81d1f9"}}
@nzila/platform-event-fabric:test: {"event":"event_published","severity":"info","request_id":"40cf34de-7c6f-4b9f-bb44-be21f1b8c25e","correlation_id":"c360bbd4-f99e-4ddd-a095-ed57503dc11b","org_id":"platform","timestamp":"2026-04-01T20:07:28Z","metadata":{"eventType":"workflow.started","eventId":"c86129c1-4c90-404f-a3f8-7eb70a310ce1","source":"test","actorId":"test-user"}}
@nzila/platform-event-fabric:test: {"event":"audit_emitted","severity":"info","request_id":"f512243f-640d-4be1-a7cc-43c43a0608a4","correlation_id":"1dd5759a-632b-48eb-a1c4-70f0b3a218a1","org_id":"platform","timestamp":"2026-04-01T20:07:28Z","metadata":{"eventName":"event_published","eventType":"workflow.started","eventId":"c86129c1-4c90-404f-a3f8-7eb70a310ce1"}}
@nzila/platform-event-fabric:test: {"event":"event_published","severity":"info","request_id":"40cf34de-7c6f-4b9f-bb44-be21f1b8c25e","correlation_id":"c360bbd4-f99e-4ddd-a095-ed57503dc11b","org_id":"platform","timestamp":"2026-04-01T20:07:28Z","metadata":{"eventType":"workflow.started","eventId":"343f1cf6-feaa-4269-88d8-c780d2138d4b","source":"test","actorId":"test-user"}}
@nzila/platform-event-fabric:test: {"event":"audit_emitted","severity":"info","request_id":"f512243f-640d-4be1-a7cc-43c43a0608a4","correlation_id":"1dd5759a-632b-48eb-a1c4-70f0b3a218a1","org_id":"platform","timestamp":"2026-04-01T20:07:28Z","metadata":{"eventName":"event_published","eventType":"workflow.started","eventId":"343f1cf6-feaa-4269-88d8-c780d2138d4b"}}
@nzila/platform-event-fabric:test: {"event":"event_replay_requested","severity":"info","request_id":"40cf34de-7c6f-4b9f-bb44-be21f1b8c25e","correlation_id":"c360bbd4-f99e-4ddd-a095-ed57503dc11b","org_id":"platform","timestamp":"2026-04-01T20:07:28Z","metadata":{"eventType":"workflow.started","since":"2000-01-01"}}
@nzila/platform-event-fabric:test: {"event":"event_replay_requested","severity":"info","request_id":"40cf34de-7c6f-4b9f-bb44-be21f1b8c25e","correlation_id":"c360bbd4-f99e-4ddd-a095-ed57503dc11b","org_id":"platform","timestamp":"2026-04-01T20:07:28Z","metadata":{"eventType":"workflow.started","since":"2000-01-01"}}
@nzila/platform-event-fabric:test: {"event":"event_subscribed","severity":"debug","request_id":"40cf34de-7c6f-4b9f-bb44-be21f1b8c25e","correlation_id":"c360bbd4-f99e-4ddd-a095-ed57503dc11b","org_id":"platform","timestamp":"2026-04-01T20:07:28Z","metadata":{"eventType":"workflow.started"}}
@nzila/platform-event-fabric:test: {"event":"event_bus_cleared","severity":"info","request_id":"40cf34de-7c6f-4b9f-bb44-be21f1b8c25e","correlation_id":"c360bbd4-f99e-4ddd-a095-ed57503dc11b","org_id":"platform","timestamp":"2026-04-01T20:07:28Z","metadata":{}}
@nzila/platform-event-fabric:test: {"event":"event_published","severity":"info","request_id":"40cf34de-7c6f-4b9f-bb44-be21f1b8c25e","correlation_id":"c360bbd4-f99e-4ddd-a095-ed57503dc11b","org_id":"platform","timestamp":"2026-04-01T20:07:28Z","metadata":{"eventType":"workflow.started","eventId":"6ee0f8ea-1a68-45fc-8c25-4a76fe53b93f","source":"test","actorId":"test-user"}}
@nzila/platform-event-fabric:test: {"event":"audit_emitted","severity":"info","request_id":"b842c82e-9974-475e-8a50-6ebb5c401c76","correlation_id":"094d92dd-6735-472e-9198-b51aaaadaa01","org_id":"platform","timestamp":"2026-04-01T20:07:28Z","metadata":{"eventName":"event_published","eventType":"workflow.started","eventId":"6ee0f8ea-1a68-45fc-8c25-4a76fe53b93f"}}
@nzila/platform-event-fabric:test:  [32mΓ£ô[39m [30m[42m platform-event-fabric [49m[39m src/instrumented-bus.test.ts [2m([22m[2m8 tests[22m[2m)[22m[32m 25[2mms[22m[39m
@nzila/platform-event-fabric:test:  [32mΓ£ô[39m [30m[42m platform-event-fabric [49m[39m src/event-fabric.test.ts [2m([22m[2m8 tests[22m[2m)[22m[32m 42[2mms[22m[39m
@nzila/platform-event-fabric:test: 
@nzila/platform-event-fabric:test: [2m Test Files [22m [1m[32m2 passed[39m[22m[90m (2)[39m
@nzila/platform-event-fabric:test: [2m      Tests [22m [1m[32m16 passed[39m[22m[90m (16)[39m
@nzila/platform-event-fabric:test: [2m   Start at [22m 16:07:27
@nzila/platform-event-fabric:test: [2m   Duration [22m 1.81s[2m (transform 773ms, setup 0ms, import 1.78s, tests 67ms, environment 0ms)[22m
@nzila/platform-event-fabric:test: 
@nzila/org:test: 
@nzila/org:test: > @nzila/org@0.1.0 test C:\APPS\nzila-automation\packages\org
@nzila/org:test: > vitest run
@nzila/org:test: 
@nzila/org:test: 
@nzila/org:test: [1m[46m RUN [49m[22m [36mv4.1.2 [39m[90mC:/APPS/nzila-automation/packages/org[39m
@nzila/org:test: 
@nzila/org:test:  [32mΓ£ô[39m src/context/types.test.ts [2m([22m[2m8 tests[22m[2m)[22m[32m 11[2mms[22m[39m
@nzila/org:test:  [32mΓ£ô[39m src/context/guards.test.ts [2m([22m[2m11 tests[22m[2m)[22m[32m 17[2mms[22m[39m
@nzila/org:test: 
@nzila/org:test: [2m Test Files [22m [1m[32m2 passed[39m[22m[90m (2)[39m
@nzila/org:test: [2m      Tests [22m [1m[32m19 passed[39m[22m[90m (19)[39m
@nzila/org:test: [2m   Start at [22m 17:05:13
@nzila/org:test: [2m   Duration [22m 1.47s[2m (transform 1.30s, setup 0ms, import 1.38s, tests 28ms, environment 0ms)[22m
@nzila/org:test: 
@nzila/ui:test: cache hit, replaying logs 349010c52d70f69b
@nzila/data-lifecycle:test: cache hit, replaying logs 9db7e3aaa1198655
@nzila/cfo-intelligence:test: cache hit, replaying logs 1132ce4ea4dc2985
@nzila/data-lifecycle:test: 
@nzila/data-lifecycle:test: > @nzila/data-lifecycle@0.1.0 test C:\APPS\nzila-automation\packages\data-lifecycle
@nzila/data-lifecycle:test: > vitest run
@nzila/data-lifecycle:test: 
@nzila/data-lifecycle:test: 
@nzila/data-lifecycle:test: [1m[46m RUN [49m[22m [36mv4.1.2 [39m[90mC:/APPS/nzila-automation/packages/data-lifecycle[39m
@nzila/data-lifecycle:test: 
@nzila/data-lifecycle:test:  [32mΓ£ô[39m [30m[42m data-lifecycle [49m[39m src/manifest.test.ts [2m([22m[2m9 tests[22m[2m)[22m[32m 17[2mms[22m[39m
@nzila/data-lifecycle:test: 
@nzila/data-lifecycle:test: [2m Test Files [22m [1m[32m1 passed[39m[22m[90m (1)[39m
@nzila/data-lifecycle:test: [2m      Tests [22m [1m[32m9 passed[39m[22m[90m (9)[39m
@nzila/data-lifecycle:test: [2m   Start at [22m 16:07:28
@nzila/data-lifecycle:test: [2m   Duration [22m 698ms[2m (transform 147ms, setup 0ms, import 190ms, tests 17ms, environment 0ms)[22m
@nzila/data-lifecycle:test: 
@nzila/ui:test: 
@nzila/ui:test: > @nzila/ui@0.1.0 test C:\APPS\nzila-automation\packages\ui
@nzila/ui:test: > vitest run
@nzila/ui:test: 
@nzila/ui:test: 
@nzila/ui:test: [1m[46m RUN [49m[22m [36mv4.1.2 [39m[90mC:/APPS/nzila-automation/packages/ui[39m
@nzila/ui:test: 
@nzila/agri-forecasting:test: cache hit, replaying logs 33e8958318717210
@nzila/ui:test:  [32mΓ£ô[39m [30m[45m ui [49m[39m src/__tests__/Badge.test.tsx [2m([22m[2m8 tests[22m[2m)[22m[32m 108[2mms[22m[39m
@nzila/ui:test:  [32mΓ£ô[39m [30m[45m ui [49m[39m src/__tests__/Card.test.tsx [2m([22m[2m8 tests[22m[2m)[22m[32m 112[2mms[22m[39m
@nzila/ui:test:  [32mΓ£ô[39m [30m[45m ui [49m[39m src/__tests__/Container.test.tsx [2m([22m[2m8 tests[22m[2m)[22m[32m 110[2mms[22m[39m
@nzila/ui:test:  [32mΓ£ô[39m [30m[45m ui [49m[39m src/__tests__/Button.test.tsx [2m([22m[2m9 tests[22m[2m)[22m[33m 634[2mms[22m[39m
@nzila/ui:test:      [33m[2mΓ£ô[22m[39m renders children [33m 350[2mms[22m[39m
@nzila/ui:test: 
@nzila/ui:test: [2m Test Files [22m [1m[32m4 passed[39m[22m[90m (4)[39m
@nzila/ui:test: [2m      Tests [22m [1m[32m33 passed[39m[22m[90m (33)[39m
@nzila/ui:test: [2m   Start at [22m 16:07:28
@nzila/ui:test: [2m   Duration [22m 5.46s[2m (transform 734ms, setup 4.61s, import 579ms, tests 964ms, environment 12.04s)[22m
@nzila/ui:test: 
@nzila/platform-contracts:test: cache hit, replaying logs 8969673933bf894b
@nzila/enforcement:test: cache hit, replaying logs 7a2f03d9ef162800
@nzila/platform-semantic-search:test: cache hit, replaying logs 1cb629be57f7e4ee
@nzila/agrimo-core:test: cache hit, replaying logs 3b03c256c4a2752e
@nzila/cfo-intelligence:test: 
@nzila/cfo-intelligence:test: > @nzila/cfo-intelligence@0.1.0 test C:\APPS\nzila-automation\packages\cfo-intelligence
@nzila/cfo-intelligence:test: > vitest run --passWithNoTests
@nzila/cfo-intelligence:test: 
@nzila/cfo-intelligence:test: 
@nzila/cfo-intelligence:test: [1m[46m RUN [49m[22m [36mv4.1.2 [39m[90mC:/APPS/nzila-automation/packages/cfo-intelligence[39m
@nzila/cfo-intelligence:test: 
@nzila/cfo-intelligence:test: No test files found, exiting with code 0
@nzila/cfo-intelligence:test: 
@nzila/cfo-intelligence:test: [2minclude: [22m[33m**/*.{test,spec}.?(c|m)[jt]s?(x)[39m
@nzila/cfo-intelligence:test: [2mexclude:  [22m[33m**/node_modules/**[2m, [22m**/.git/**[39m
@nzila/cfo-intelligence:test: 
@nzila/agri-forecasting:test: 
@nzila/agri-forecasting:test: > @nzila/agri-forecasting@0.1.0 test C:\APPS\nzila-automation\packages\agri-forecasting
@nzila/agri-forecasting:test: > vitest run
@nzila/agri-forecasting:test: 
@nzila/agri-forecasting:test: 
@nzila/agri-forecasting:test: [1m[46m RUN [49m[22m [36mv4.1.2 [39m[90mC:/APPS/nzila-automation/packages/agri-forecasting[39m
@nzila/agri-forecasting:test: 
@nzila/agri-forecasting:test:  [32mΓ£ô[39m [30m[46m agri-forecasting [49m[39m __tests__/forecasting.test.ts [2m([22m[2m4 tests[22m[2m)[22m[32m 13[2mms[22m[39m
@nzila/agri-forecasting:test: 
@nzila/agri-forecasting:test: [2m Test Files [22m [1m[32m1 passed[39m[22m[90m (1)[39m
@nzila/agri-forecasting:test: [2m      Tests [22m [1m[32m4 passed[39m[22m[90m (4)[39m
@nzila/agri-forecasting:test: [2m   Start at [22m 16:07:38
@nzila/agri-forecasting:test: [2m   Duration [22m 850ms[2m (transform 294ms, setup 0ms, import 379ms, tests 13ms, environment 0ms)[22m
@nzila/agri-forecasting:test: 
@nzila/platform-contracts:test: 
@nzila/platform-contracts:test: > @nzila/platform-contracts@0.1.0 test C:\APPS\nzila-automation\packages\platform-contracts
@nzila/platform-contracts:test: > vitest run
@nzila/platform-contracts:test: 
@nzila/platform-contracts:test: 
@nzila/platform-contracts:test: [1m[46m RUN [49m[22m [36mv4.1.2 [39m[90mC:/APPS/nzila-automation/packages/platform-contracts[39m
@nzila/platform-contracts:test: 
@nzila/platform-contracts:test:  [32mΓ£ô[39m src/error.test.ts [2m([22m[2m13 tests[22m[2m)[22m[32m 17[2mms[22m[39m
@nzila/platform-contracts:test:  [32mΓ£ô[39m src/mutation.test.ts [2m([22m[2m4 tests[22m[2m)[22m[32m 11[2mms[22m[39m
@nzila/platform-contracts:test:  [32mΓ£ô[39m src/module-registry.test.ts [2m([22m[2m4 tests[22m[2m)[22m[32m 15[2mms[22m[39m
@nzila/platform-contracts:test:  [32mΓ£ô[39m src/role.test.ts [2m([22m[2m5 tests[22m[2m)[22m[32m 11[2mms[22m[39m
@nzila/platform-contracts:test: 
@nzila/platform-contracts:test: [2m Test Files [22m [1m[32m4 passed[39m[22m[90m (4)[39m
@nzila/platform-contracts:test: [2m      Tests [22m [1m[32m26 passed[39m[22m[90m (26)[39m
@nzila/platform-contracts:test: [2m   Start at [22m 17:05:13
@nzila/platform-contracts:test: [2m   Duration [22m 1.32s[2m (transform 1.86s, setup 0ms, import 2.11s, tests 54ms, environment 1ms)[22m
@nzila/platform-contracts:test: 
@nzila/zonga-payments:test: cache hit, replaying logs 9c309f50d0510397
@nzila/platform-semantic-search:test: 
@nzila/platform-semantic-search:test: > @nzila/platform-semantic-search@0.0.1 test C:\APPS\nzila-automation\packages\platform-semantic-search
@nzila/platform-semantic-search:test: > vitest run
@nzila/platform-semantic-search:test: 
@nzila/platform-semantic-search:test: 
@nzila/platform-semantic-search:test: [1m[46m RUN [49m[22m [36mv4.1.2 [39m[90mC:/APPS/nzila-automation/packages/platform-semantic-search[39m
@nzila/platform-semantic-search:test: 
@nzila/platform-semantic-search:test:  [32mΓ£ô[39m [30m[46m platform-semantic-search [49m[39m src/semantic-search.test.ts [2m([22m[2m7 tests[22m[2m)[22m[32m 23[2mms[22m[39m
@nzila/platform-semantic-search:test: 
@nzila/platform-semantic-search:test: [2m Test Files [22m [1m[32m1 passed[39m[22m[90m (1)[39m
@nzila/platform-semantic-search:test: [2m      Tests [22m [1m[32m7 passed[39m[22m[90m (7)[39m
@nzila/platform-semantic-search:test: [2m   Start at [22m 16:07:39
@nzila/platform-semantic-search:test: [2m   Duration [22m 1.58s[2m (transform 275ms, setup 0ms, import 1.17s, tests 23ms, environment 0ms)[22m
@nzila/platform-semantic-search:test: 
@nzila/enforcement:test: 
@nzila/enforcement:test: > @nzila/enforcement@0.1.0 test C:\APPS\nzila-automation\packages\enforcement
@nzila/enforcement:test: > vitest run
@nzila/enforcement:test: 
@nzila/enforcement:test: 
@nzila/enforcement:test: [1m[46m RUN [49m[22m [36mv4.1.2 [39m[90mC:/APPS/nzila-automation/packages/enforcement[39m
@nzila/enforcement:test: 
@nzila/enforcement:test:  [32mΓ£ô[39m src/enforcement.test.ts [2m([22m[2m10 tests[22m[2m)[22m[32m 18[2mms[22m[39m
@nzila/enforcement:test:  [32mΓ£ô[39m src/adapters.test.ts [2m([22m[2m10 tests[22m[2m)[22m[32m 90[2mms[22m[39m
@nzila/enforcement:test: 
@nzila/enforcement:test: [2m Test Files [22m [1m[32m2 passed[39m[22m[90m (2)[39m
@nzila/enforcement:test: [2m      Tests [22m [1m[32m20 passed[39m[22m[90m (20)[39m
@nzila/enforcement:test: [2m   Start at [22m 16:07:34
@nzila/enforcement:test: [2m   Duration [22m 846ms[2m (transform 380ms, setup 0ms, import 476ms, tests 108ms, environment 1ms)[22m
@nzila/enforcement:test: 
@nzila/agrimo-core:test: 
@nzila/agrimo-core:test: > @nzila/agrimo-core@0.2.0 test C:\APPS\nzila-automation\packages\agrimo-core
@nzila/agrimo-core:test: > vitest run
@nzila/agrimo-core:test: 
@nzila/agrimo-core:test: 
@nzila/agrimo-core:test: [1m[46m RUN [49m[22m [36mv4.1.2 [39m[90mC:/APPS/nzila-automation/packages/agrimo-core[39m
@nzila/agrimo-core:test: 
@nzila/agrimo-core:test:  [32mΓ£ô[39m [30m[43m agrimo-core [49m[39m __tests__/offline-engine.test.ts [2m([22m[2m11 tests[22m[2m)[22m[32m 25[2mms[22m[39m
@nzila/agrimo-core:test:  [32mΓ£ô[39m [30m[43m agrimo-core [49m[39m __tests__/provenance.test.ts [2m([22m[2m10 tests[22m[2m)[22m[32m 22[2mms[22m[39m
@nzila/agrimo-core:test:  [32mΓ£ô[39m [30m[43m agrimo-core [49m[39m __tests__/cooperative-model.test.ts [2m([22m[2m6 tests[22m[2m)[22m[32m 19[2mms[22m[39m
@nzila/agrimo-core:test:  [32mΓ£ô[39m [30m[43m agrimo-core [49m[39m __tests__/supply-chain.test.ts [2m([22m[2m10 tests[22m[2m)[22m[32m 16[2mms[22m[39m
@nzila/agrimo-core:test: 
@nzila/agrimo-core:test: [2m Test Files [22m [1m[32m4 passed[39m[22m[90m (4)[39m
@nzila/agrimo-core:test: [2m      Tests [22m [1m[32m37 passed[39m[22m[90m (37)[39m
@nzila/agrimo-core:test: [2m   Start at [22m 16:07:38
@nzila/agrimo-core:test: [2m   Duration [22m 679ms[2m (transform 364ms, setup 0ms, import 640ms, tests 81ms, environment 1ms)[22m
@nzila/agrimo-core:test: 
@nzila/zonga-payments:test: 
@nzila/zonga-payments:test: > @nzila/zonga-payments@0.1.0 test C:\APPS\nzila-automation\packages\zonga-payments
@nzila/zonga-payments:test: > vitest run
@nzila/zonga-payments:test: 
@nzila/zonga-payments:test: 
@nzila/zonga-payments:test: [1m[46m RUN [49m[22m [36mv3.2.4 [39m[90mC:/APPS/nzila-automation/packages/zonga-payments[39m
@nzila/zonga-payments:test: 
@nzila/zonga-payments:test:  [32mΓ£ô[39m src/payments.test.ts [2m([22m[2m34 tests[22m[2m)[22m[32m 28[2mms[22m[39m
@nzila/zonga-payments:test: 
@nzila/zonga-payments:test: [2m Test Files [22m [1m[32m1 passed[39m[22m[90m (1)[39m
@nzila/zonga-payments:test: [2m      Tests [22m [1m[32m34 passed[39m[22m[90m (34)[39m
@nzila/zonga-payments:test: [2m   Start at [22m 16:07:35
@nzila/zonga-payments:test: [2m   Duration [22m 1.56s[2m (transform 543ms, setup 0ms, collect 786ms, tests 28ms, environment 0ms, prepare 274ms)[22m
@nzila/zonga-payments:test: 
@nzila/mobility-family:test: cache hit, replaying logs b7dfa4588117a4bf
@nzila/mobility-case-engine:test: cache hit, replaying logs ce512fd3ffbf80cf
@nzila/commerce-core:test: cache hit, replaying logs 57c4e47a3a34ffc1
@nzila/mobility-case-engine:test: 
@nzila/mobility-case-engine:test: > @nzila/mobility-case-engine@0.1.0 test C:\APPS\nzila-automation\packages\mobility-case-engine
@nzila/mobility-case-engine:test: > vitest run
@nzila/mobility-case-engine:test: 
@nzila/mobility-case-engine:test: 
@nzila/mobility-case-engine:test: [1m[46m RUN [49m[22m [36mv4.1.2 [39m[90mC:/APPS/nzila-automation/packages/mobility-case-engine[39m
@nzila/mobility-case-engine:test: 
@nzila/mobility-case-engine:test:  [32mΓ£ô[39m src/lifecycle.test.ts [2m([22m[2m12 tests[22m[2m)[22m[32m 17[2mms[22m[39m
@nzila/mobility-case-engine:test: 
@nzila/mobility-case-engine:test: [2m Test Files [22m [1m[32m1 passed[39m[22m[90m (1)[39m
@nzila/mobility-case-engine:test: [2m      Tests [22m [1m[32m12 passed[39m[22m[90m (12)[39m
@nzila/mobility-case-engine:test: [2m   Start at [22m 16:07:37
@nzila/mobility-case-engine:test: [2m   Duration [22m 597ms[2m (transform 114ms, setup 0ms, import 148ms, tests 17ms, environment 0ms)[22m
@nzila/mobility-case-engine:test: 
@nzila/mobility-family:test: 
@nzila/mobility-family:test: > @nzila/mobility-family@0.1.0 test C:\APPS\nzila-automation\packages\mobility-family
@nzila/mobility-family:test: > vitest run
@nzila/mobility-family:test: 
@nzila/mobility-family:test: 
@nzila/mobility-family:test: [1m[46m RUN [49m[22m [36mv4.1.2 [39m[90mC:/APPS/nzila-automation/packages/mobility-family[39m
@nzila/mobility-family:test: 
@nzila/mobility-family:test:  [32mΓ£ô[39m src/timeline.test.ts [2m([22m[2m7 tests[22m[2m)[22m[32m 17[2mms[22m[39m
@nzila/mobility-family:test:  [32mΓ£ô[39m src/graph.test.ts [2m([22m[2m8 tests[22m[2m)[22m[32m 11[2mms[22m[39m
@nzila/mobility-family:test: 
@nzila/mobility-family:test: [2m Test Files [22m [1m[32m2 passed[39m[22m[90m (2)[39m
@nzila/mobility-family:test: [2m      Tests [22m [1m[32m15 passed[39m[22m[90m (15)[39m
@nzila/mobility-family:test: [2m   Start at [22m 16:07:37
@nzila/mobility-family:test: [2m   Duration [22m 626ms[2m (transform 150ms, setup 0ms, import 251ms, tests 27ms, environment 1ms)[22m
@nzila/mobility-family:test: 
@nzila/platform-data-fabric:test: cache hit, replaying logs c3bf34a165f47ea3
@nzila/platform-decision-graph:test: cache hit, replaying logs 10de9a8016f16c3b
@nzila/trade-core:test: cache hit, replaying logs 76527f9d5c55c11a
@nzila/platform-shell:test: cache hit, replaying logs 3524b7a5760316af
@nzila/commerce-core:test: 
@nzila/commerce-core:test: > @nzila/commerce-core@0.1.0 test C:\APPS\nzila-automation\packages\commerce-core
@nzila/commerce-core:test: > vitest run
@nzila/commerce-core:test: 
@nzila/commerce-core:test: 
@nzila/commerce-core:test: [1m[46m RUN [49m[22m [36mv4.1.2 [39m[90mC:/APPS/nzila-automation/packages/commerce-core[39m
@nzila/commerce-core:test: 
@nzila/commerce-core:test:  [32mΓ£ô[39m src/enums.test.ts [2m([22m[2m11 tests[22m[2m)[22m[32m 17[2mms[22m[39m
@nzila/commerce-core:test:  [32mΓ£ô[39m src/schemas.test.ts [2m([22m[2m36 tests[22m[2m)[22m[32m 36[2mms[22m[39m
@nzila/commerce-core:test: 
@nzila/commerce-core:test: [2m Test Files [22m [1m[32m2 passed[39m[22m[90m (2)[39m
@nzila/commerce-core:test: [2m      Tests [22m [1m[32m47 passed[39m[22m[90m (47)[39m
@nzila/commerce-core:test: [2m   Start at [22m 17:05:13
@nzila/commerce-core:test: [2m   Duration [22m 921ms[2m (transform 269ms, setup 0ms, import 417ms, tests 53ms, environment 0ms)[22m
@nzila/platform-billing:test: cache hit, replaying logs 53117760b509a38d
@nzila/commerce-core:test: 
@nzila/platform-notifications:test: cache hit, replaying logs de7e538a47eb0c65
@nzila/platform-shell:test: 
@nzila/platform-shell:test: > @nzila/platform-shell@0.1.0 test C:\APPS\nzila-automation\packages\platform-shell
@nzila/platform-shell:test: > vitest run
@nzila/platform-shell:test: 
@nzila/platform-shell:test: 
@nzila/platform-shell:test: [1m[46m RUN [49m[22m [36mv4.1.2 [39m[90mC:/APPS/nzila-automation/packages/platform-shell[39m
@nzila/platform-shell:test: 
@nzila/platform-shell:test:  [32mΓ£ô[39m src/registry/registry.test.ts [2m([22m[2m9 tests[22m[2m)[22m[32m 17[2mms[22m[39m
@nzila/platform-shell:test: 
@nzila/platform-shell:test: [2m Test Files [22m [1m[32m1 passed[39m[22m[90m (1)[39m
@nzila/platform-shell:test: [2m      Tests [22m [1m[32m9 passed[39m[22m[90m (9)[39m
@nzila/platform-shell:test: [2m   Start at [22m 17:05:13
@nzila/platform-shell:test: [2m   Duration [22m 1.15s[2m (transform 149ms, setup 0ms, import 186ms, tests 17ms, environment 0ms)[22m
@nzila/platform-shell:test: 
@nzila/platform-data-fabric:test: 
@nzila/trade-core:test: 
@nzila/trade-core:test: > @nzila/trade-core@0.1.0 test C:\APPS\nzila-automation\packages\trade-core
@nzila/trade-core:test: > vitest run
@nzila/trade-core:test: 
@nzila/platform-data-fabric:test: > @nzila/platform-data-fabric@0.1.0 test C:\APPS\nzila-automation\packages\platform-data-fabric
@nzila/platform-data-fabric:test: > vitest run
@nzila/platform-data-fabric:test: 
@nzila/platform-data-fabric:test: 
@nzila/trade-core:test: 
@nzila/trade-core:test: [1m[46m RUN [49m[22m [36mv4.1.2 [39m[90mC:/APPS/nzila-automation/packages/trade-core[39m
@nzila/platform-data-fabric:test: [1m[46m RUN [49m[22m [36mv4.1.2 [39m[90mC:/APPS/nzila-automation/packages/platform-data-fabric[39m
@nzila/trade-core:test: 
@nzila/platform-data-fabric:test: 
@nzila/platform-data-fabric:test: {"event":"record_ingested","severity":"info","request_id":"2cc470a2-fcfb-46d6-961c-642fc8e74584","correlation_id":"f27d5b80-cdcf-4cbc-9ea2-d830f0014d98","org_id":"platform","timestamp":"2026-04-01T20:07:37Z","metadata":{"sourceSystem":"quickbooks","entityType":"Policy"}}
@nzila/trade-core:test:  [32mΓ£ô[39m src/machines/engine.test.ts [2m([22m[2m16 tests[22m[2m)[22m[32m 19[2mms[22m[39m
@nzila/trade-core:test: 
@nzila/trade-core:test: [2m Test Files [22m [1m[32m1 passed[39m[22m[90m (1)[39m
@nzila/trade-core:test: [2m      Tests [22m [1m[32m16 passed[39m[22m[90m (16)[39m
@nzila/platform-data-fabric:test: {"event":"mapping_applied","severity":"info","request_id":"2cc470a2-fcfb-46d6-961c-642fc8e74584","correlation_id":"f27d5b80-cdcf-4cbc-9ea2-d830f0014d98","org_id":"platform","timestamp":"2026-04-01T20:07:37Z","metadata":{"sourceSystem":"quickbooks","ruleId":"v1","entityType":"Policy"}}
@nzila/trade-core:test: [2m   Start at [22m 17:05:13
@nzila/trade-core:test: [2m   Duration [22m 1.14s[2m (transform 283ms, setup 0ms, import 330ms, tests 19ms, environment 0ms)[22m
@nzila/platform-data-fabric:test: {"event":"data_fabric_mapping_completed","severity":"info","request_id":"048c397c-e2ba-46f6-9ddb-8d02b9c1938c","correlation_id":"9107b3b9-c7fc-43bf-99f9-97bc83c1f6b1","org_id":"platform","timestamp":"2026-04-01T20:07:37Z","metadata":{"sourceSystem":"quickbooks","sourceRecordId":"qb-inv-42","entityType":"Policy","entityId":"entity-1","mappingVersion":1}}
@nzila/platform-data-fabric:test: {"event":"record_ingested","severity":"info","request_id":"20d3d283-4ebc-4570-ade2-9a4436659c3a","correlation_id":"5e8687b7-3478-4e7e-8491-e19b95f1647c","org_id":"platform","timestamp":"2026-04-01T20:07:37Z","metadata":{"sourceSystem":"quickbooks","entityType":"Policy"}}
@nzila/trade-core:test: 
@nzila/platform-data-fabric:test: {"event":"mapping_applied","severity":"info","request_id":"20d3d283-4ebc-4570-ade2-9a4436659c3a","correlation_id":"5e8687b7-3478-4e7e-8491-e19b95f1647c","org_id":"platform","timestamp":"2026-04-01T20:07:37Z","metadata":{"sourceSystem":"quickbooks","ruleId":"v2","entityType":"Policy"}}
@nzila/platform-data-fabric:test: {"event":"data_fabric_mapping_completed","severity":"info","request_id":"048c397c-e2ba-46f6-9ddb-8d02b9c1938c","correlation_id":"9107b3b9-c7fc-43bf-99f9-97bc83c1f6b1","org_id":"platform","timestamp":"2026-04-01T20:07:37Z","metadata":{"sourceSystem":"quickbooks","sourceRecordId":"custom-id-99","entityType":"Policy","entityId":"entity-2","mappingVersion":2}}
@nzila/platform-data-fabric:test: {"event":"record_ingested","severity":"info","request_id":"0688d033-b6de-46c4-a620-8ff5f9a0b94f","correlation_id":"4a134d9c-0344-4d89-ae80-f9dc3006b214","org_id":"platform","timestamp":"2026-04-01T20:07:37Z","metadata":{"sourceSystem":"quickbooks","entityType":"Policy"}}
@nzila/platform-data-fabric:test: {"event":"mapping_applied","severity":"info","request_id":"0688d033-b6de-46c4-a620-8ff5f9a0b94f","correlation_id":"4a134d9c-0344-4d89-ae80-f9dc3006b214","org_id":"platform","timestamp":"2026-04-01T20:07:37Z","metadata":{"sourceSystem":"quickbooks","ruleId":"v1","entityType":"Policy"}}
@nzila/platform-data-fabric:test: {"event":"data_fabric_mapping_completed","severity":"info","request_id":"048c397c-e2ba-46f6-9ddb-8d02b9c1938c","correlation_id":"9107b3b9-c7fc-43bf-99f9-97bc83c1f6b1","org_id":"platform","timestamp":"2026-04-01T20:07:37Z","metadata":{"sourceSystem":"quickbooks","sourceRecordId":"qb-inv-42","entityType":"Policy","entityId":"entity-1","mappingVersion":1}}
@nzila/platform-data-fabric:test: {"event":"reconciliation_performed","severity":"info","request_id":"26abb764-6a89-4b16-94a8-4d51f388bc19","correlation_id":"fe8c722e-df45-4164-bd2c-2ecce39bbdc8","org_id":"platform","timestamp":"2026-04-01T20:07:37Z","metadata":{"sourceSystem":"quickbooks","recordId":"entity-1","matched":true}}
@nzila/platform-data-fabric:test: {"event":"lineage_updated","severity":"info","request_id":"26abb764-6a89-4b16-94a8-4d51f388bc19","correlation_id":"fe8c722e-df45-4164-bd2c-2ecce39bbdc8","org_id":"platform","timestamp":"2026-04-01T20:07:37Z","metadata":{"sourceSystem":"quickbooks","recordId":"entity-1"}}
@nzila/platform-data-fabric:test: {"event":"audit_emitted","severity":"info","request_id":"f526ce4d-a701-48c0-80c6-61040923f9d5","correlation_id":"ac541c06-5e6e-402a-9232-15db99402e7c","org_id":"tenant-1","timestamp":"2026-04-01T20:07:37Z","metadata":{"eventName":"data_fabric_reconciliation","entityId":"entity-1","entityType":"Policy","sourceSystem":"quickbooks","conflictCount":0,"durationMs":0}}
@nzila/platform-data-fabric:test: {"event":"data_fabric_reconciliation_completed","severity":"info","request_id":"048c397c-e2ba-46f6-9ddb-8d02b9c1938c","correlation_id":"9107b3b9-c7fc-43bf-99f9-97bc83c1f6b1","org_id":"platform","timestamp":"2026-04-01T20:07:37Z","metadata":{"entityId":"entity-1","entityType":"Policy","sourceSystem":"quickbooks","persisted":true,"conflictCount":0,"durationMs":0}}
@nzila/platform-data-fabric:test: {"event":"record_ingested","severity":"info","request_id":"14c44256-836a-4a01-ae05-1e5ce1932ba2","correlation_id":"4f8983f9-5bac-401f-b3ea-ac3d8920fb6b","org_id":"platform","timestamp":"2026-04-01T20:07:37Z","metadata":{"sourceSystem":"quickbooks","entityType":"Policy"}}
@nzila/platform-data-fabric:test: {"event":"mapping_applied","severity":"info","request_id":"14c44256-836a-4a01-ae05-1e5ce1932ba2","correlation_id":"4f8983f9-5bac-401f-b3ea-ac3d8920fb6b","org_id":"platform","timestamp":"2026-04-01T20:07:37Z","metadata":{"sourceSystem":"quickbooks","ruleId":"v1","entityType":"Policy"}}
@nzila/platform-data-fabric:test: {"event":"data_fabric_mapping_completed","severity":"info","request_id":"048c397c-e2ba-46f6-9ddb-8d02b9c1938c","correlation_id":"9107b3b9-c7fc-43bf-99f9-97bc83c1f6b1","org_id":"platform","timestamp":"2026-04-01T20:07:37Z","metadata":{"sourceSystem":"quickbooks","sourceRecordId":"qb-1","entityType":"Policy","entityId":"entity-1","mappingVersion":1}}
@nzila/platform-data-fabric:test: {"event":"reconciliation_performed","severity":"info","request_id":"47a0cab5-bbf5-4470-9e5e-95a8c0c8243b","correlation_id":"86cb4e7c-38c1-4872-8b41-93e1cfce3808","org_id":"platform","timestamp":"2026-04-01T20:07:37Z","metadata":{"sourceSystem":"quickbooks","recordId":"entity-1","matched":true}}
@nzila/platform-data-fabric:test: {"event":"lineage_updated","severity":"info","request_id":"47a0cab5-bbf5-4470-9e5e-95a8c0c8243b","correlation_id":"86cb4e7c-38c1-4872-8b41-93e1cfce3808","org_id":"platform","timestamp":"2026-04-01T20:07:37Z","metadata":{"sourceSystem":"quickbooks","recordId":"entity-1"}}
@nzila/platform-data-fabric:test: {"event":"audit_emitted","severity":"info","request_id":"5caa06d9-11a1-4a2d-8231-e9321f5531c2","correlation_id":"442a8869-3f3c-46e3-9de8-cb48e4b95d8b","org_id":"tenant-1","timestamp":"2026-04-01T20:07:37Z","metadata":{"eventName":"data_fabric_reconciliation","entityId":"entity-1","entityType":"Policy","sourceSystem":"quickbooks","conflictCount":0,"durationMs":0}}
@nzila/platform-data-fabric:test: {"event":"data_fabric_reconciliation_completed","severity":"info","request_id":"048c397c-e2ba-46f6-9ddb-8d02b9c1938c","correlation_id":"9107b3b9-c7fc-43bf-99f9-97bc83c1f6b1","org_id":"platform","timestamp":"2026-04-01T20:07:37Z","metadata":{"entityId":"entity-1","entityType":"Policy","sourceSystem":"quickbooks","persisted":true,"conflictCount":0,"durationMs":0}}
@nzila/platform-data-fabric:test: {"event":"record_ingested","severity":"info","request_id":"f5dd8653-706f-42cb-8350-5bfcba23482a","correlation_id":"485b4051-6ae9-402d-a3ed-14787f55e071","org_id":"platform","timestamp":"2026-04-01T20:07:37Z","metadata":{"sourceSystem":"xero","entityType":"Policy"}}
@nzila/platform-data-fabric:test: {"event":"mapping_applied","severity":"info","request_id":"f5dd8653-706f-42cb-8350-5bfcba23482a","correlation_id":"485b4051-6ae9-402d-a3ed-14787f55e071","org_id":"platform","timestamp":"2026-04-01T20:07:37Z","metadata":{"sourceSystem":"xero","ruleId":"v1","entityType":"Policy"}}
@nzila/platform-data-fabric:test: {"event":"data_fabric_mapping_completed","severity":"info","request_id":"048c397c-e2ba-46f6-9ddb-8d02b9c1938c","correlation_id":"9107b3b9-c7fc-43bf-99f9-97bc83c1f6b1","org_id":"platform","timestamp":"2026-04-01T20:07:37Z","metadata":{"sourceSystem":"xero","sourceRecordId":"xero-1","entityType":"Policy","entityId":"entity-1","mappingVersion":1}}
@nzila/platform-data-fabric:test: {"event":"reconciliation_performed","severity":"info","request_id":"2acfe4dc-1a4b-48c2-827b-fc3d90e31ce0","correlation_id":"1685e5e0-9eea-4f84-89a4-650b21ce1d39","org_id":"platform","timestamp":"2026-04-01T20:07:37Z","metadata":{"sourceSystem":"xero","recordId":"entity-1","matched":false}}
@nzila/platform-data-fabric:test: {"event":"conflict_detected","severity":"warn","request_id":"2acfe4dc-1a4b-48c2-827b-fc3d90e31ce0","correlation_id":"1685e5e0-9eea-4f84-89a4-650b21ce1d39","org_id":"platform","timestamp":"2026-04-01T20:07:37Z","metadata":{"sourceSystem":"xero","recordId":"entity-1","field":"source_identity"}}
@nzila/platform-data-fabric:test: {"event":"data_fabric_conflict_detected","severity":"warn","request_id":"048c397c-e2ba-46f6-9ddb-8d02b9c1938c","correlation_id":"9107b3b9-c7fc-43bf-99f9-97bc83c1f6b1","org_id":"platform","timestamp":"2026-04-01T20:07:37Z","metadata":{"entityId":"entity-1","entityType":"Policy","sourceA":"quickbooks","sourceB":"xero","field":"source_identity"}}
@nzila/platform-data-fabric:test: {"event":"lineage_updated","severity":"info","request_id":"2acfe4dc-1a4b-48c2-827b-fc3d90e31ce0","correlation_id":"1685e5e0-9eea-4f84-89a4-650b21ce1d39","org_id":"platform","timestamp":"2026-04-01T20:07:37Z","metadata":{"sourceSystem":"xero","recordId":"entity-1"}}
@nzila/platform-data-fabric:test: {"event":"audit_emitted","severity":"info","request_id":"1974a37f-4cf6-4cf9-a80e-3a55a961a60a","correlation_id":"96776ca7-2de4-4efe-acd8-ed60f9bdb314","org_id":"tenant-1","timestamp":"2026-04-01T20:07:37Z","metadata":{"eventName":"data_fabric_reconciliation","entityId":"entity-1","entityType":"Policy","sourceSystem":"xero","conflictCount":1,"durationMs":0}}
@nzila/platform-data-fabric:test: {"event":"data_fabric_reconciliation_completed","severity":"info","request_id":"048c397c-e2ba-46f6-9ddb-8d02b9c1938c","correlation_id":"9107b3b9-c7fc-43bf-99f9-97bc83c1f6b1","org_id":"platform","timestamp":"2026-04-01T20:07:37Z","metadata":{"entityId":"entity-1","entityType":"Policy","sourceSystem":"xero","persisted":true,"conflictCount":1,"durationMs":0}}
@nzila/platform-data-fabric:test: {"event":"record_ingested","severity":"info","request_id":"cb161b42-7836-42b3-8a38-1c1d448256a5","correlation_id":"fd9db0a3-71bd-4abd-96b8-d8514fa55ef2","org_id":"platform","timestamp":"2026-04-01T20:07:37Z","metadata":{"sourceSystem":"quickbooks","entityType":"Policy"}}
@nzila/platform-data-fabric:test: {"event":"mapping_applied","severity":"info","request_id":"cb161b42-7836-42b3-8a38-1c1d448256a5","correlation_id":"fd9db0a3-71bd-4abd-96b8-d8514fa55ef2","org_id":"platform","timestamp":"2026-04-01T20:07:37Z","metadata":{"sourceSystem":"quickbooks","ruleId":"v1","entityType":"Policy"}}
@nzila/platform-data-fabric:test: {"event":"data_fabric_mapping_completed","severity":"info","request_id":"048c397c-e2ba-46f6-9ddb-8d02b9c1938c","correlation_id":"9107b3b9-c7fc-43bf-99f9-97bc83c1f6b1","org_id":"platform","timestamp":"2026-04-01T20:07:37Z","metadata":{"sourceSystem":"quickbooks","sourceRecordId":"qb-inv-42","entityType":"Policy","entityId":"new-entity","mappingVersion":1}}
@nzila/platform-data-fabric:test: {"event":"reconciliation_performed","severity":"info","request_id":"a8223047-101c-410e-90f0-bd3121ff9ecb","correlation_id":"362bc418-5c9b-4793-a697-88deceb96dea","org_id":"platform","timestamp":"2026-04-01T20:07:37Z","metadata":{"sourceSystem":"quickbooks","recordId":"new-entity","matched":true}}
@nzila/platform-decision-graph:test: 
@nzila/platform-decision-graph:test: > @nzila/platform-decision-graph@0.0.1 test C:\APPS\nzila-automation\packages\platform-decision-graph
@nzila/platform-data-fabric:test: {"event":"lineage_updated","severity":"info","request_id":"a8223047-101c-410e-90f0-bd3121ff9ecb","correlation_id":"362bc418-5c9b-4793-a697-88deceb96dea","org_id":"platform","timestamp":"2026-04-01T20:07:37Z","metadata":{"sourceSystem":"quickbooks","recordId":"new-entity"}}
@nzila/platform-data-fabric:test: {"event":"audit_emitted","severity":"info","request_id":"5976c092-5d76-4df9-969d-3eba46c717b1","correlation_id":"698b0ec9-1c20-4bad-a12c-054d2729f975","org_id":"tenant-1","timestamp":"2026-04-01T20:07:37Z","metadata":{"eventName":"data_fabric_reconciliation","entityId":"new-entity","entityType":"Policy","sourceSystem":"quickbooks","conflictCount":0,"durationMs":0}}
@nzila/platform-decision-graph:test: > vitest run
@nzila/platform-decision-graph:test: 
@nzila/platform-decision-graph:test: 
@nzila/platform-data-fabric:test: {"event":"data_fabric_reconciliation_completed","severity":"info","request_id":"048c397c-e2ba-46f6-9ddb-8d02b9c1938c","correlation_id":"9107b3b9-c7fc-43bf-99f9-97bc83c1f6b1","org_id":"platform","timestamp":"2026-04-01T20:07:37Z","metadata":{"entityId":"new-entity","entityType":"Policy","sourceSystem":"quickbooks","persisted":true,"conflictCount":0,"durationMs":0}}
@nzila/platform-data-fabric:test:  [32mΓ£ô[39m [30m[42m platform-data-fabric [49m[39m src/instrumented-adapters.test.ts [2m([22m[2m5 tests[22m[2m)[22m[32m 20[2mms[22m[39m
@nzila/platform-decision-graph:test: [1m[46m RUN [49m[22m [36mv4.1.2 [39m[90mC:/APPS/nzila-automation/packages/platform-decision-graph[39m
@nzila/platform-decision-graph:test: 
@nzila/platform-decision-graph:test:  [32mΓ£ô[39m [30m[43m platform-decision-graph [49m[39m src/decision-graph.test.ts [2m([22m[2m6 tests[22m[2m)[22m[32m 24[2mms[22m[39m
@nzila/platform-decision-graph:test: 
@nzila/platform-data-fabric:test:  [32mΓ£ô[39m [30m[42m platform-data-fabric [49m[39m src/data-fabric.test.ts [2m([22m[2m6 tests[22m[2m)[22m[32m 17[2mms[22m[39m
@nzila/platform-data-fabric:test: 
@nzila/platform-decision-graph:test: [2m Test Files [22m [1m[32m1 passed[39m[22m[90m (1)[39m
@nzila/platform-decision-graph:test: [2m      Tests [22m [1m[32m6 passed[39m[22m[90m (6)[39m
@nzila/platform-data-fabric:test: [2m Test Files [22m [1m[32m2 passed[39m[22m[90m (2)[39m
@nzila/platform-data-fabric:test: [2m      Tests [22m [1m[32m11 passed[39m[22m[90m (11)[39m
@nzila/platform-data-fabric:test: [2m   Start at [22m 16:07:36
@nzila/platform-decision-graph:test: [2m   Start at [22m 16:07:36
@nzila/platform-decision-graph:test: [2m   Duration [22m 1.70s[2m (transform 307ms, setup 0ms, import 1.23s, tests 24ms, environment 0ms)[22m
@nzila/platform-decision-graph:test: 
@nzila/platform-data-fabric:test: [2m   Duration [22m 1.93s[2m (transform 916ms, setup 0ms, import 1.96s, tests 37ms, environment 0ms)[22m
@nzila/platform-data-fabric:test: 
@nzila/platform-billing:test: 
@nzila/platform-billing:test: > @nzila/platform-billing@0.1.0 test C:\APPS\nzila-automation\packages\platform-billing
@nzila/platform-billing:test: > vitest run
@nzila/platform-billing:test: 
@nzila/platform-billing:test: 
@nzila/platform-billing:test: [1m[46m RUN [49m[22m [36mv4.1.2 [39m[90mC:/APPS/nzila-automation/packages/platform-billing[39m
@nzila/platform-billing:test: 
@nzila/platform-billing:test:  [32mΓ£ô[39m src/service.test.ts [2m([22m[2m6 tests[22m[2m)[22m[32m 20[2mms[22m[39m
@nzila/platform-billing:test: 
@nzila/platform-billing:test: [2m Test Files [22m [1m[32m1 passed[39m[22m[90m (1)[39m
@nzila/platform-billing:test: [2m      Tests [22m [1m[32m6 passed[39m[22m[90m (6)[39m
@nzila/platform-billing:test: [2m   Start at [22m 17:05:13
@nzila/platform-billing:test: [2m   Duration [22m 970ms[2m (transform 181ms, setup 0ms, import 244ms, tests 20ms, environment 0ms)[22m
@nzila/platform-billing:test: 
@nzila/platform-notifications:test: 
@nzila/platform-notifications:test: > @nzila/platform-notifications@0.1.0 test C:\APPS\nzila-automation\packages\platform-notifications
@nzila/platform-notifications:test: > vitest run
@nzila/platform-notifications:test: 
@nzila/platform-notifications:test: 
@nzila/platform-notifications:test: [1m[46m RUN [49m[22m [36mv4.1.2 [39m[90mC:/APPS/nzila-automation/packages/platform-notifications[39m
@nzila/platform-notifications:test: 
@nzila/platform-notifications:test:  [32mΓ£ô[39m src/service.test.ts [2m([22m[2m6 tests[22m[2m)[22m[32m 24[2mms[22m[39m
@nzila/platform-notifications:test: 
@nzila/platform-notifications:test: [2m Test Files [22m [1m[32m1 passed[39m[22m[90m (1)[39m
@nzila/platform-notifications:test: [2m      Tests [22m [1m[32m6 passed[39m[22m[90m (6)[39m
@nzila/platform-notifications:test: [2m   Start at [22m 17:05:13
@nzila/platform-notifications:test: [2m   Duration [22m 928ms[2m (transform 161ms, setup 0ms, import 218ms, tests 24ms, environment 0ms)[22m
@nzila/platform-notifications:test: 
@nzila/platform-auth:test: cache hit, replaying logs 9a7b1333d9dcc9ed
@nzila/platform-context-orchestrator:test: cache hit, replaying logs 2becc9374d05d91c
@nzila/platform-context-orchestrator:test: 
@nzila/platform-context-orchestrator:test: > @nzila/platform-context-orchestrator@0.0.1 test C:\APPS\nzila-automation\packages\platform-context-orchestrator
@nzila/platform-context-orchestrator:test: > vitest run
@nzila/platform-auth:test: 
@nzila/platform-auth:test: > @nzila/platform-auth@0.1.0 test C:\APPS\nzila-automation\packages\platform-auth
@nzila/platform-auth:test: > vitest run
@nzila/platform-auth:test: 
@nzila/platform-auth:test: 
@nzila/platform-auth:test: [1m[46m RUN [49m[22m [36mv4.1.2 [39m[90mC:/APPS/nzila-automation/packages/platform-auth[39m
@nzila/platform-context-orchestrator:test: 
@nzila/platform-context-orchestrator:test: 
@nzila/platform-context-orchestrator:test: [1m[46m RUN [49m[22m [36mv4.1.2 [39m[90mC:/APPS/nzila-automation/packages/platform-context-orchestrator[39m
@nzila/platform-auth:test: 
@nzila/platform-auth:test:  [32mΓ£ô[39m src/authorization.test.ts [2m([22m[2m20 tests[22m[2m)[22m[32m 13[2mms[22m[39m
@nzila/platform-context-orchestrator:test: 
@nzila/platform-context-orchestrator:test:  [32mΓ£ô[39m [30m[42m platform-context-orchestrator [49m[39m src/context-orchestrator.test.ts [2m([22m[2m6 tests[22m[2m)[22m[32m 35[2mms[22m[39m
@nzila/platform-context-orchestrator:test: 
@nzila/platform-auth:test: 
@nzila/platform-auth:test: [2m Test Files [22m [1m[32m1 passed[39m[22m[90m (1)[39m
@nzila/platform-auth:test: [2m      Tests [22m [1m[32m20 passed[39m[22m[90m (20)[39m
@nzila/platform-context-orchestrator:test: [2m Test Files [22m [1m[32m1 passed[39m[22m[90m (1)[39m
@nzila/platform-context-orchestrator:test: [2m      Tests [22m [1m[32m6 passed[39m[22m[90m (6)[39m
@nzila/platform-auth:test: [2m   Start at [22m 17:05:13
@nzila/platform-context-orchestrator:test: [2m   Start at [22m 16:07:39
@nzila/platform-context-orchestrator:test: [2m   Duration [22m 1.61s[2m (transform 262ms, setup 0ms, import 1.17s, tests 35ms, environment 0ms)[22m
@nzila/platform-context-orchestrator:test: 
@nzila/platform-auth:test: [2m   Duration [22m 1.72s[2m (transform 896ms, setup 0ms, import 1.00s, tests 13ms, environment 0ms)[22m
@nzila/platform-auth:test: 
@nzila/pricing-engine:test: cache hit, replaying logs b3465f3eecf813c2
@nzila/trade-cars:test: cache hit, replaying logs 18e430bc3b3e8386
@nzila/commerce-state:test: cache hit, replaying logs 56a6191de1b9b3d1
@nzila/commerce-governance:test: cache hit, replaying logs a9615980d08cdb40
@nzila/platform-reasoning-engine:test: cache hit, replaying logs 5b1ae60532a5935a
@nzila/commerce-audit:test: cache hit, replaying logs 698038a4aeb54ddd
@nzila/platform-governed-ai:test: cache hit, replaying logs 1ae50471bce5e6da
@nzila/pricing-engine:test: 
@nzila/pricing-engine:test: > @nzila/pricing-engine@0.1.0 test C:\APPS\nzila-automation\packages\pricing-engine
@nzila/pricing-engine:test: > vitest run
@nzila/pricing-engine:test: 
@nzila/pricing-engine:test: 
@nzila/pricing-engine:test: [1m[46m RUN [49m[22m [36mv4.1.2 [39m[90mC:/APPS/nzila-automation/packages/pricing-engine[39m
@nzila/pricing-engine:test: 
@nzila/pricing-engine:test:  [32mΓ£ô[39m src/pricing-engine.test.ts [2m([22m[2m33 tests[22m[2m)[22m[32m 61[2mms[22m[39m
@nzila/pricing-engine:test: 
@nzila/pricing-engine:test: [2m Test Files [22m [1m[32m1 passed[39m[22m[90m (1)[39m
@nzila/pricing-engine:test: [2m      Tests [22m [1m[32m33 passed[39m[22m[90m (33)[39m
@nzila/pricing-engine:test: [2m   Start at [22m 17:05:14
@nzila/pricing-engine:test: [2m   Duration [22m 809ms[2m (transform 172ms, setup 0ms, import 218ms, tests 61ms, environment 0ms)[22m
@nzila/pricing-engine:test: 
@nzila/trade-cars:test: 
@nzila/trade-cars:test: > @nzila/trade-cars@0.1.0 test C:\APPS\nzila-automation\packages\trade-cars
@nzila/trade-cars:test: > vitest run
@nzila/trade-cars:test: 
@nzila/trade-cars:test: 
@nzila/trade-cars:test: [1m[46m RUN [49m[22m [36mv4.1.2 [39m[90mC:/APPS/nzila-automation/packages/trade-cars[39m
@nzila/trade-cars:test: 
@nzila/trade-cars:test:  [32mΓ£ô[39m src/helpers/helpers.test.ts [2m([22m[2m10 tests[22m[2m)[22m[32m 16[2mms[22m[39m
@nzila/trade-cars:test: 
@nzila/trade-cars:test: [2m Test Files [22m [1m[32m1 passed[39m[22m[90m (1)[39m
@nzila/trade-cars:test: [2m      Tests [22m [1m[32m10 passed[39m[22m[90m (10)[39m
@nzila/trade-cars:test: [2m   Start at [22m 17:05:17
@nzila/trade-cars:test: [2m   Duration [22m 909ms[2m (transform 214ms, setup 0ms, import 253ms, tests 16ms, environment 0ms)[22m
@nzila/trade-cars:test: 
@nzila/commerce-state:test: 
@nzila/commerce-state:test: > @nzila/commerce-state@0.1.0 test C:\APPS\nzila-automation\packages\commerce-state
@nzila/commerce-state:test: > vitest run
@nzila/commerce-state:test: 
@nzila/commerce-state:test: 
@nzila/commerce-state:test: [1m[46m RUN [49m[22m [36mv4.1.2 [39m[90mC:/APPS/nzila-automation/packages/commerce-state[39m
@nzila/commerce-state:test: 
@nzila/commerce-state:test:  [32mΓ£ô[39m src/engine.test.ts [2m([22m[2m28 tests[22m[2m)[22m[32m 22[2mms[22m[39m
@nzila/commerce-state:test: 
@nzila/commerce-state:test: [2m Test Files [22m [1m[32m1 passed[39m[22m[90m (1)[39m
@nzila/commerce-state:test: [2m      Tests [22m [1m[32m28 passed[39m[22m[90m (28)[39m
@nzila/commerce-state:test: [2m   Start at [22m 17:05:17
@nzila/commerce-state:test: [2m   Duration [22m 1.03s[2m (transform 342ms, setup 0ms, import 398ms, tests 22ms, environment 0ms)[22m
@nzila/commerce-state:test: 
@nzila/platform-reasoning-engine:test: 
@nzila/platform-reasoning-engine:test: > @nzila/platform-reasoning-engine@0.0.1 test C:\APPS\nzila-automation\packages\platform-reasoning-engine
@nzila/platform-reasoning-engine:test: > vitest run
@nzila/platform-reasoning-engine:test: 
@nzila/platform-reasoning-engine:test: 
@nzila/platform-reasoning-engine:test: [1m[46m RUN [49m[22m [36mv4.1.2 [39m[90mC:/APPS/nzila-automation/packages/platform-reasoning-engine[39m
@nzila/platform-reasoning-engine:test: 
@nzila/platform-reasoning-engine:test:  [32mΓ£ô[39m [30m[45m platform-reasoning-engine [49m[39m src/reasoning-engine.test.ts [2m([22m[2m4 tests[22m[2m)[22m[32m 20[2mms[22m[39m
@nzila/platform-reasoning-engine:test: 
@nzila/platform-reasoning-engine:test: [2m Test Files [22m [1m[32m1 passed[39m[22m[90m (1)[39m
@nzila/platform-reasoning-engine:test: [2m      Tests [22m [1m[32m4 passed[39m[22m[90m (4)[39m
@nzila/platform-reasoning-engine:test: [2m   Start at [22m 16:07:41
@nzila/platform-reasoning-engine:test: [2m   Duration [22m 1.64s[2m (transform 284ms, setup 0ms, import 1.17s, tests 20ms, environment 0ms)[22m
@nzila/platform-reasoning-engine:test: 
@nzila/commerce-governance:test: 
@nzila/commerce-governance:test: > @nzila/commerce-governance@0.1.0 test C:\APPS\nzila-automation\packages\commerce-governance
@nzila/commerce-governance:test: > vitest run
@nzila/commerce-governance:test: 
@nzila/commerce-governance:test: 
@nzila/commerce-governance:test: [1m[46m RUN [49m[22m [36mv4.1.2 [39m[90mC:/APPS/nzila-automation/packages/commerce-governance[39m
@nzila/commerce-governance:test: 
@nzila/commerce-governance:test:  [32mΓ£ô[39m [30m[42m @nzila/commerce-governance [49m[39m src/gates.test.ts [2m([22m[2m58 tests[22m[2m)[22m[32m 36[2mms[22m[39m
@nzila/commerce-governance:test: 
@nzila/commerce-governance:test: [2m Test Files [22m [1m[32m1 passed[39m[22m[90m (1)[39m
@nzila/commerce-governance:test: [2m      Tests [22m [1m[32m58 passed[39m[22m[90m (58)[39m
@nzila/commerce-governance:test: [2m   Start at [22m 17:05:17
@nzila/commerce-governance:test: [2m   Duration [22m 1.79s[2m (transform 1.06s, setup 0ms, import 1.11s, tests 36ms, environment 1ms)[22m
@nzila/commerce-governance:test: 
@nzila/platform-governed-ai:test: 
@nzila/platform-governed-ai:test: > @nzila/platform-governed-ai@0.0.1 test C:\APPS\nzila-automation\packages\platform-governed-ai
@nzila/platform-governed-ai:test: > vitest run
@nzila/platform-governed-ai:test: 
@nzila/platform-governed-ai:test: 
@nzila/platform-governed-ai:test: [1m[46m RUN [49m[22m [36mv4.1.2 [39m[90mC:/APPS/nzila-automation/packages/platform-governed-ai[39m
@nzila/platform-governed-ai:test: 
@nzila/platform-governed-ai:test: {"event":"context_built","severity":"info","request_id":"af25aa91-9527-41db-a864-910a4bd6811f","correlation_id":"bfa6fe66-17f0-4875-9936-14aab06b1745","org_id":"platform","timestamp":"2026-04-01T20:07:41Z","metadata":{"runId":"e8db7462-2002-4b04-a2b9-e64a7024c187","profileKey":"classify","sourceCount":0}}
@nzila/platform-governed-ai:test: {"event":"ai_run_started","severity":"info","request_id":"127a2542-585d-4358-a0bc-0385dbc26e46","correlation_id":"71d17ad1-b663-4dca-91f0-66ac8a321ebd","org_id":"platform","timestamp":"2026-04-01T20:07:41Z","metadata":{"runId":"e8db7462-2002-4b04-a2b9-e64a7024c187","operationType":"classify","entityType":"policy","entityId":"policy-123","tenantId":"tenant-1","modelId":"gpt-4"}}
@nzila/platform-governed-ai:test: {"event":"policy_checked","severity":"info","request_id":"af25aa91-9527-41db-a864-910a4bd6811f","correlation_id":"bfa6fe66-17f0-4875-9936-14aab06b1745","org_id":"platform","timestamp":"2026-04-01T20:07:41Z","metadata":{"runId":"e8db7462-2002-4b04-a2b9-e64a7024c187","profileKey":"classify","passed":true,"violations":0}}
@nzila/platform-governed-ai:test: {"event":"model_invoked","severity":"info","request_id":"af25aa91-9527-41db-a864-910a4bd6811f","correlation_id":"bfa6fe66-17f0-4875-9936-14aab06b1745","org_id":"platform","timestamp":"2026-04-01T20:07:41Z","metadata":{"runId":"e8db7462-2002-4b04-a2b9-e64a7024c187","profileKey":"classify","model":"gpt-4"}}
@nzila/platform-governed-ai:test: {"event":"result_persisted","severity":"info","request_id":"af25aa91-9527-41db-a864-910a4bd6811f","correlation_id":"bfa6fe66-17f0-4875-9936-14aab06b1745","org_id":"platform","timestamp":"2026-04-01T20:07:41Z","metadata":{"runId":"e8db7462-2002-4b04-a2b9-e64a7024c187","profileKey":"classify","durationMs":3}}
@nzila/platform-governed-ai:test: {"event":"audit_emitted","severity":"info","request_id":"56b4efc5-d6d9-4e24-a472-e9b5509c617c","correlation_id":"6d1acd61-1679-43d9-8d8f-bb968e511010","org_id":"tenant-1","timestamp":"2026-04-01T20:07:41Z","metadata":{"eventName":"ai_run_completed","runId":"a0d6bc75-4fe4-4327-89e6-fb6dac9bafc1","operationType":"classify","modelId":"gpt-4","confidence":0.92}}
@nzila/platform-governed-ai:test: {"event":"ai_run_completed","severity":"info","request_id":"127a2542-585d-4358-a0bc-0385dbc26e46","correlation_id":"71d17ad1-b663-4dca-91f0-66ac8a321ebd","org_id":"platform","timestamp":"2026-04-01T20:07:41Z","metadata":{"runId":"a0d6bc75-4fe4-4327-89e6-fb6dac9bafc1","operationType":"classify","confidence":0.92,"latencyMs":0.13289999999994961}}
@nzila/platform-governed-ai:test: {"event":"context_built","severity":"info","request_id":"e4ef4579-9bb1-4a44-a4dc-1dc507205adb","correlation_id":"6feb7e29-8a71-4345-a21e-fc5b6882a198","org_id":"platform","timestamp":"2026-04-01T20:07:41Z","metadata":{"runId":"1e91a7c3-1d27-4a20-a037-596ef2384813","profileKey":"classify","sourceCount":0}}
@nzila/platform-governed-ai:test: {"event":"ai_run_started","severity":"info","request_id":"127a2542-585d-4358-a0bc-0385dbc26e46","correlation_id":"71d17ad1-b663-4dca-91f0-66ac8a321ebd","org_id":"platform","timestamp":"2026-04-01T20:07:41Z","metadata":{"runId":"1e91a7c3-1d27-4a20-a037-596ef2384813","operationType":"classify","entityType":"policy","entityId":"policy-123","tenantId":"tenant-1","modelId":"gpt-4"}}
@nzila/platform-governed-ai:test: {"event":"policy_checked","severity":"info","request_id":"e4ef4579-9bb1-4a44-a4dc-1dc507205adb","correlation_id":"6feb7e29-8a71-4345-a21e-fc5b6882a198","org_id":"platform","timestamp":"2026-04-01T20:07:41Z","metadata":{"runId":"1e91a7c3-1d27-4a20-a037-596ef2384813","profileKey":"classify","passed":false,"violations":1}}
@nzila/platform-governed-ai:test: {"event":"policy_evaluated","severity":"info","request_id":"85d4667d-378e-48dc-b03c-0f1070bec7e8","correlation_id":"7b7a1dad-0ec1-48f8-a941-93be13e21548","org_id":"tenant-1","timestamp":"2026-04-01T20:07:41Z","metadata":{"policyId":"classify","passed":false}}
@nzila/platform-governed-ai:test: {"event":"ai_run_rejected_by_policy","severity":"warn","request_id":"127a2542-585d-4358-a0bc-0385dbc26e46","correlation_id":"71d17ad1-b663-4dca-91f0-66ac8a321ebd","org_id":"platform","timestamp":"2026-04-01T20:07:41Z","metadata":{"runId":"26159bf7-f190-408d-8737-2dc4ec9cac7a","operationType":"classify","violations":1,"reasoning":"Blocked by policies: data-residency","latencyMs":0.18680000000006203}}
@nzila/platform-governed-ai:test: {"event":"context_built","severity":"info","request_id":"529cdcec-d72f-4808-8514-1e3cd817a31a","correlation_id":"d700d7af-dc47-4676-b9b4-dfb7d1018000","org_id":"platform","timestamp":"2026-04-01T20:07:41Z","metadata":{"runId":"289c0788-6312-457e-a4a6-36b80cb3daf7","profileKey":"classify","sourceCount":0}}
@nzila/platform-governed-ai:test: {"event":"ai_run_started","severity":"info","request_id":"127a2542-585d-4358-a0bc-0385dbc26e46","correlation_id":"71d17ad1-b663-4dca-91f0-66ac8a321ebd","org_id":"platform","timestamp":"2026-04-01T20:07:41Z","metadata":{"runId":"289c0788-6312-457e-a4a6-36b80cb3daf7","operationType":"classify","entityType":"policy","entityId":"policy-123","tenantId":"tenant-1","modelId":"gpt-4"}}
@nzila/platform-governed-ai:test: {"event":"policy_checked","severity":"info","request_id":"529cdcec-d72f-4808-8514-1e3cd817a31a","correlation_id":"d700d7af-dc47-4676-b9b4-dfb7d1018000","org_id":"platform","timestamp":"2026-04-01T20:07:41Z","metadata":{"runId":"289c0788-6312-457e-a4a6-36b80cb3daf7","profileKey":"classify","passed":true,"violations":0}}
@nzila/platform-governed-ai:test: {"event":"model_invoked","severity":"info","request_id":"529cdcec-d72f-4808-8514-1e3cd817a31a","correlation_id":"d700d7af-dc47-4676-b9b4-dfb7d1018000","org_id":"platform","timestamp":"2026-04-01T20:07:41Z","metadata":{"runId":"289c0788-6312-457e-a4a6-36b80cb3daf7","profileKey":"classify","model":"gpt-4"}}
@nzila/platform-governed-ai:test: {"event":"ai_run_failed","severity":"error","request_id":"127a2542-585d-4358-a0bc-0385dbc26e46","correlation_id":"71d17ad1-b663-4dca-91f0-66ac8a321ebd","org_id":"platform","timestamp":"2026-04-01T20:07:41Z","metadata":{"runId":"ee5f92b5-7275-4e96-8308-3642601a2e99","operationType":"classify","reasoning":"model-error","latencyMs":0.15259999999989304}}
@nzila/platform-governed-ai:test: {"event":"context_built","severity":"info","request_id":"4b76d790-5edf-48c9-a343-e029b244d5bc","correlation_id":"be0cbcf1-58b0-410f-8a1f-7df2c16818f2","org_id":"platform","timestamp":"2026-04-01T20:07:41Z","metadata":{"runId":"e9d12416-0bf9-4d23-a122-5062316eae38","profileKey":"classify","sourceCount":1}}
@nzila/platform-governed-ai:test: {"event":"ai_run_started","severity":"info","request_id":"127a2542-585d-4358-a0bc-0385dbc26e46","correlation_id":"71d17ad1-b663-4dca-91f0-66ac8a321ebd","org_id":"platform","timestamp":"2026-04-01T20:07:41Z","metadata":{"runId":"e9d12416-0bf9-4d23-a122-5062316eae38","operationType":"classify","entityType":"policy","entityId":"policy-123","tenantId":"tenant-1","modelId":"gpt-4"}}
@nzila/platform-governed-ai:test: {"event":"policy_checked","severity":"info","request_id":"4b76d790-5edf-48c9-a343-e029b244d5bc","correlation_id":"be0cbcf1-58b0-410f-8a1f-7df2c16818f2","org_id":"platform","timestamp":"2026-04-01T20:07:41Z","metadata":{"runId":"e9d12416-0bf9-4d23-a122-5062316eae38","profileKey":"classify","passed":true,"violations":0}}
@nzila/platform-governed-ai:test: {"event":"model_invoked","severity":"info","request_id":"4b76d790-5edf-48c9-a343-e029b244d5bc","correlation_id":"be0cbcf1-58b0-410f-8a1f-7df2c16818f2","org_id":"platform","timestamp":"2026-04-01T20:07:41Z","metadata":{"runId":"e9d12416-0bf9-4d23-a122-5062316eae38","profileKey":"classify","model":"gpt-4"}}
@nzila/commerce-audit:test: 
@nzila/commerce-audit:test: > @nzila/commerce-audit@0.1.0 test C:\APPS\nzila-automation\packages\commerce-audit
@nzila/platform-governed-ai:test: {"event":"citations_attached","severity":"info","request_id":"4b76d790-5edf-48c9-a343-e029b244d5bc","correlation_id":"be0cbcf1-58b0-410f-8a1f-7df2c16818f2","org_id":"platform","timestamp":"2026-04-01T20:07:41Z","metadata":{"runId":"e9d12416-0bf9-4d23-a122-5062316eae38","profileKey":"classify","citationCount":1,"coveragePct":92}}
@nzila/platform-governed-ai:test: {"event":"result_persisted","severity":"info","request_id":"4b76d790-5edf-48c9-a343-e029b244d5bc","correlation_id":"be0cbcf1-58b0-410f-8a1f-7df2c16818f2","org_id":"platform","timestamp":"2026-04-01T20:07:41Z","metadata":{"runId":"e9d12416-0bf9-4d23-a122-5062316eae38","profileKey":"classify","durationMs":0}}
@nzila/commerce-audit:test: > vitest run
@nzila/commerce-audit:test: 
@nzila/commerce-audit:test: 
@nzila/commerce-audit:test: [1m[46m RUN [49m[22m [36mv4.1.2 [39m[90mC:/APPS/nzila-automation/packages/commerce-audit[39m
@nzila/commerce-audit:test: 
@nzila/commerce-audit:test:  [32mΓ£ô[39m src/audit.test.ts [2m([22m[2m16 tests[22m[2m)[22m[32m 25[2mms[22m[39m
@nzila/commerce-audit:test:  [32mΓ£ô[39m src/evidence.test.ts [2m([22m[2m13 tests[22m[2m)[22m[32m 22[2mms[22m[39m
@nzila/platform-governed-ai:test: {"event":"audit_emitted","severity":"info","request_id":"68faf9ce-1526-4a6f-ac55-f787db8f47cf","correlation_id":"7f9db430-d6aa-4f9b-b142-d972234d39e4","org_id":"tenant-1","timestamp":"2026-04-01T20:07:41Z","metadata":{"eventName":"ai_run_completed","runId":"0e2ce3ff-d022-46fc-abdb-857f5c307ee1","operationType":"classify","modelId":"gpt-4","confidence":0.92}}
@nzila/platform-governed-ai:test: {"event":"ai_run_completed","severity":"info","request_id":"127a2542-585d-4358-a0bc-0385dbc26e46","correlation_id":"71d17ad1-b663-4dca-91f0-66ac8a321ebd","org_id":"platform","timestamp":"2026-04-01T20:07:41Z","metadata":{"runId":"0e2ce3ff-d022-46fc-abdb-857f5c307ee1","operationType":"classify","confidence":0.92,"latencyMs":0.02580000000000382}}
@nzila/commerce-audit:test: 
@nzila/commerce-audit:test: [2m Test Files [22m [1m[32m2 passed[39m[22m[90m (2)[39m
@nzila/commerce-audit:test: [2m      Tests [22m [1m[32m29 passed[39m[22m[90m (29)[39m
@nzila/commerce-audit:test: [2m   Start at [22m 17:05:17
@nzila/platform-governed-ai:test: {"event":"context_built","severity":"info","request_id":"9a2077da-cf9e-4c4d-852e-f3914ee01c44","correlation_id":"3aba2da3-5c2e-43e4-aa8e-f4b7c368f568","org_id":"platform","timestamp":"2026-04-01T20:07:41Z","metadata":{"runId":"5a6edbbd-1bf9-41ac-bbc6-2ce49c84f9b7","profileKey":"classify","sourceCount":0}}
@nzila/platform-governed-ai:test: {"event":"ai_run_started","severity":"info","request_id":"127a2542-585d-4358-a0bc-0385dbc26e46","correlation_id":"71d17ad1-b663-4dca-91f0-66ac8a321ebd","org_id":"platform","timestamp":"2026-04-01T20:07:41Z","metadata":{"runId":"5a6edbbd-1bf9-41ac-bbc6-2ce49c84f9b7","operationType":"classify","entityType":"policy","entityId":"policy-123","tenantId":"tenant-1","modelId":"gpt-4"}}
@nzila/platform-governed-ai:test: {"event":"policy_checked","severity":"info","request_id":"9a2077da-cf9e-4c4d-852e-f3914ee01c44","correlation_id":"3aba2da3-5c2e-43e4-aa8e-f4b7c368f568","org_id":"platform","timestamp":"2026-04-01T20:07:41Z","metadata":{"runId":"5a6edbbd-1bf9-41ac-bbc6-2ce49c84f9b7","profileKey":"classify","passed":true,"violations":0}}
@nzila/platform-governed-ai:test: {"event":"model_invoked","severity":"info","request_id":"9a2077da-cf9e-4c4d-852e-f3914ee01c44","correlation_id":"3aba2da3-5c2e-43e4-aa8e-f4b7c368f568","org_id":"platform","timestamp":"2026-04-01T20:07:41Z","metadata":{"runId":"5a6edbbd-1bf9-41ac-bbc6-2ce49c84f9b7","profileKey":"classify","model":"gpt-4"}}
@nzila/platform-governed-ai:test: {"event":"result_persisted","severity":"info","request_id":"9a2077da-cf9e-4c4d-852e-f3914ee01c44","correlation_id":"3aba2da3-5c2e-43e4-aa8e-f4b7c368f568","org_id":"platform","timestamp":"2026-04-01T20:07:41Z","metadata":{"runId":"5a6edbbd-1bf9-41ac-bbc6-2ce49c84f9b7","profileKey":"classify","durationMs":0}}
@nzila/commerce-audit:test: [2m   Duration [22m 2.24s[2m (transform 2.96s, setup 0ms, import 3.10s, tests 47ms, environment 0ms)[22m
@nzila/commerce-audit:test: 
@nzila/platform-governed-ai:test: {"event":"audit_emitted","severity":"info","request_id":"681e95c8-76ba-447b-96e0-7a28133298da","correlation_id":"6e58a5ce-720f-4c1f-8156-9d3539d8d040","org_id":"tenant-1","timestamp":"2026-04-01T20:07:41Z","metadata":{"eventName":"ai_run_completed","runId":"4a8d3478-a111-4d43-836f-4f5ab3e50618","operationType":"classify","modelId":"gpt-4","confidence":0.92}}
@nzila/platform-governed-ai:test: {"event":"ai_run_completed","severity":"info","request_id":"127a2542-585d-4358-a0bc-0385dbc26e46","correlation_id":"71d17ad1-b663-4dca-91f0-66ac8a321ebd","org_id":"platform","timestamp":"2026-04-01T20:07:41Z","metadata":{"runId":"4a8d3478-a111-4d43-836f-4f5ab3e50618","operationType":"classify","confidence":0.92,"latencyMs":0.030300000000011096}}
@nzila/platform-governed-ai:test:  [32mΓ£ô[39m [30m[46m platform-governed-ai [49m[39m src/instrumented-operations.test.ts [2m([22m[2m5 tests[22m[2m)[22m[32m 20[2mms[22m[39m
@nzila/platform-governed-ai:test:  [32mΓ£ô[39m [30m[46m platform-governed-ai [49m[39m src/governed-ai.test.ts [2m([22m[2m5 tests[22m[2m)[22m[32m 15[2mms[22m[39m
@nzila/platform-governed-ai:test: 
@nzila/platform-governed-ai:test: [2m Test Files [22m [1m[32m2 passed[39m[22m[90m (2)[39m
@nzila/platform-governed-ai:test: [2m      Tests [22m [1m[32m10 passed[39m[22m[90m (10)[39m
@nzila/platform-governed-ai:test: [2m   Start at [22m 16:07:40
@nzila/platform-governed-ai:test: [2m   Duration [22m 1.70s[2m (transform 627ms, setup 0ms, import 1.72s, tests 35ms, environment 0ms)[22m
@nzila/platform-governed-ai:test: 
@nzila/commerce-events:test: cache hit, replaying logs 4e84bad683d32f9c
@nzila/db:test: cache hit, replaying logs da842dd536f14b7f
@nzila/commerce-events:test: 
@nzila/commerce-events:test: > @nzila/commerce-events@0.1.0 test C:\APPS\nzila-automation\packages\commerce-events
@nzila/commerce-events:test: > vitest run
@nzila/commerce-events:test: 
@nzila/commerce-events:test: 
@nzila/commerce-events:test: [1m[46m RUN [49m[22m [36mv4.1.2 [39m[90mC:/APPS/nzila-automation/packages/commerce-events[39m
@nzila/commerce-events:test: 
@nzila/commerce-events:test:  [32mΓ£ô[39m src/event-bus.test.ts [2m([22m[2m18 tests[22m[2m)[22m[32m 54[2mms[22m[39m
@nzila/commerce-events:test:  [32mΓ£ô[39m src/saga.test.ts [2m([22m[2m14 tests[22m[2m)[22m[32m 128[2mms[22m[39m
@nzila/commerce-events:test: 
@nzila/commerce-events:test: [2m Test Files [22m [1m[32m2 passed[39m[22m[90m (2)[39m
@nzila/commerce-events:test: [2m      Tests [22m [1m[32m32 passed[39m[22m[90m (32)[39m
@nzila/commerce-events:test: [2m   Start at [22m 17:05:17
@nzila/commerce-events:test: [2m   Duration [22m 1.56s[2m (transform 237ms, setup 0ms, import 322ms, tests 182ms, environment 0ms)[22m
@nzila/commerce-events:test: 
@nzila/commerce-services:test: cache hit, replaying logs ded7d000d0778899
@nzila/platform-deploy:test: cache hit, replaying logs 100c7b7e5ac182f5
@nzila/os-core:test: cache hit, replaying logs 0e8449734bed8064
@nzila/nacp-core:test: cache hit, replaying logs 922f48203df61915
@nzila/zonga-core:test: cache hit, replaying logs 219b30e31a3414f9
@nzila/db:test: 
@nzila/db:test: > @nzila/db@0.1.0 test C:\APPS\nzila-automation\packages\db
@nzila/db:test: > vitest run
@nzila/db:test: 
@nzila/db:test: 
@nzila/db:test: [1m[46m RUN [49m[22m [36mv4.1.2 [39m[90mC:/APPS/nzila-automation/packages/db[39m
@nzila/db:test: 
@nzila/db:test:  [32mΓ£ô[39m [30m[45m db [49m[39m src/__tests__/scoped.test.ts [2m([22m[2m14 tests[22m[2m)[22m[32m 19[2mms[22m[39m
@nzila/db:test:  [32mΓ£ô[39m [30m[45m db [49m[39m src/__tests__/audit.test.ts [2m([22m[2m13 tests[22m[2m)[22m[32m 26[2mms[22m[39m
@nzila/db:test: 
@nzila/db:test: [2m Test Files [22m [1m[32m2 passed[39m[22m[90m (2)[39m
@nzila/db:test: [2m      Tests [22m [1m[32m27 passed[39m[22m[90m (27)[39m
@nzila/db:test: [2m   Start at [22m 16:07:42
@nzila/db:test: [2m   Duration [22m 3.47s[2m (transform 2.84s, setup 0ms, import 5.95s, tests 45ms, environment 1ms)[22m
@nzila/db:test: 
@nzila/commerce-db:test: cache hit, replaying logs 677718d44efd90f1
@nzila/agri-db:test: cache hit, replaying logs 6a4777c0ef6c2d42
@nzila/commerce-services:test: 
@nzila/commerce-services:test: > @nzila/commerce-services@0.1.0 test C:\APPS\nzila-automation\packages\commerce-services
@nzila/commerce-services:test: > vitest run
@nzila/commerce-services:test: 
@nzila/commerce-services:test: 
@nzila/commerce-services:test: [1m[46m RUN [49m[22m [36mv4.1.2 [39m[90mC:/APPS/nzila-automation/packages/commerce-services[39m
@nzila/commerce-services:test: 
@nzila/commerce-services:test:  [32mΓ£ô[39m src/sagas/sagas.test.ts [2m([22m[2m21 tests[22m[2m)[22m[32m 40[2mms[22m[39m
@nzila/commerce-services:test:  [32mΓ£ô[39m src/order-service.test.ts [2m([22m[2m21 tests[22m[2m)[22m[32m 37[2mms[22m[39m
@nzila/commerce-services:test:  [32mΓ£ô[39m src/invoice-service.test.ts [2m([22m[2m42 tests[22m[2m)[22m[32m 59[2mms[22m[39m
@nzila/commerce-services:test:  [32mΓ£ô[39m src/quote-service.test.ts [2m([22m[2m52 tests[22m[2m)[22m[32m 81[2mms[22m[39m
@nzila/commerce-services:test: 
@nzila/commerce-services:test: [2m Test Files [22m [1m[32m4 passed[39m[22m[90m (4)[39m
@nzila/commerce-services:test: [2m      Tests [22m [1m[32m136 passed[39m[22m[90m (136)[39m
@nzila/commerce-services:test: [2m   Start at [22m 17:05:17
@nzila/commerce-services:test: [2m   Duration [22m 2.35s[2m (transform 3.09s, setup 0ms, import 3.60s, tests 217ms, environment 1ms)[22m
@nzila/commerce-services:test: 
@nzila/platform-deploy:test: 
@nzila/platform-deploy:test: > @nzila/platform-deploy@0.1.0 test C:\APPS\nzila-automation\packages\platform-deploy
@nzila/platform-deploy:test: > vitest run
@nzila/platform-deploy:test: 
@nzila/platform-deploy:test: 
@nzila/platform-deploy:test: [1m[46m RUN [49m[22m [36mv4.1.2 [39m[90mC:/APPS/nzila-automation/packages/platform-deploy[39m
@nzila/platform-deploy:test: 
@nzila/platform-deploy:test:  [32mΓ£ô[39m [30m[43m platform-deploy [49m[39m src/sovereign.test.ts [2m([22m[2m10 tests[22m[2m)[22m[32m 13[2mms[22m[39m
@nzila/platform-deploy:test:  [32mΓ£ô[39m [30m[43m platform-deploy [49m[39m src/deploy-profile.test.ts [2m([22m[2m10 tests[22m[2m)[22m[32m 21[2mms[22m[39m
@nzila/platform-deploy:test: 
@nzila/platform-deploy:test: [2m Test Files [22m [1m[32m2 passed[39m[22m[90m (2)[39m
@nzila/platform-deploy:test: [2m      Tests [22m [1m[32m20 passed[39m[22m[90m (20)[39m
@nzila/platform-deploy:test: [2m   Start at [22m 16:07:46
@nzila/platform-deploy:test: [2m   Duration [22m 824ms[2m (transform 260ms, setup 0ms, import 370ms, tests 34ms, environment 0ms)[22m
@nzila/platform-deploy:test: 
@nzila/os-core:test: 
@nzila/os-core:test: > @nzila/os-core@0.1.0 test C:\APPS\nzila-automation\packages\os-core
@nzila/os-core:test: > vitest run
@nzila/os-core:test: 
@nzila/os-core:test: 
@nzila/os-core:test: [1m[46m RUN [49m[22m [36mv4.1.2 [39m[90mC:/APPS/nzila-automation/packages/os-core[39m
@nzila/os-core:test: 
@nzila/os-core:test:  [32mΓ£ô[39m [30m[46m os-core [49m[39m src/__tests__/governance.test.ts [2m([22m[2m70 tests[22m[2m)[22m[32m 51[2mms[22m[39m
@nzila/os-core:test:  [32mΓ£ô[39m [30m[46m os-core [49m[39m src/rateLimit/store.test.ts [2m([22m[2m10 tests[22m[2m)[22m[32m 87[2mms[22m[39m
@nzila/os-core:test:  [32mΓ£ô[39m [30m[46m os-core [49m[39m src/__tests__/api-response.test.ts [2m([22m[2m11 tests[22m[2m)[22m[32m 22[2mms[22m[39m
@nzila/os-core:test:  [32mΓ£ô[39m [30m[46m os-core [49m[39m src/classification/classification.test.ts [2m([22m[2m38 tests[22m[2m)[22m[32m 29[2mms[22m[39m
@nzila/os-core:test:  [32mΓ£ô[39m [30m[46m os-core [49m[39m src/__tests__/idempotency.test.ts [2m([22m[2m15 tests[22m[2m)[22m[32m 23[2mms[22m[39m
@nzila/os-core:test:  [32mΓ£ô[39m [30m[46m os-core [49m[39m src/crypto/fips.test.ts [2m([22m[2m32 tests[22m[2m)[22m[32m 134[2mms[22m[39m
@nzila/os-core:test:  [32mΓ£ô[39m [30m[46m os-core [49m[39m src/__tests__/env.test.ts [2m([22m[2m7 tests[22m[2m)[22m[32m 21[2mms[22m[39m
@nzila/os-core:test:  [32mΓ£ô[39m [30m[46m os-core [49m[39m src/orgRateLimit.test.ts [2m([22m[2m10 tests[22m[2m)[22m[32m 13[2mms[22m[39m
@nzila/os-core:test:  [32mΓ£ô[39m [30m[46m os-core [49m[39m src/resilience/__tests__/org-bulkhead.test.ts [2m([22m[2m5 tests[22m[2m)[22m[33m 502[2mms[22m[39m
@nzila/os-core:test:  [32mΓ£ô[39m [30m[46m os-core [49m[39m src/mtls/mtls.test.ts [2m([22m[2m17 tests[22m[2m)[22m[32m 21[2mms[22m[39m
@nzila/os-core:test:  [32mΓ£ô[39m [30m[46m os-core [49m[39m src/resilience/__tests__/resilience.test.ts [2m([22m[2m16 tests[22m[2m)[22m[33m 413[2mms[22m[39m
@nzila/os-core:test: 
@nzila/os-core:test: [2m Test Files [22m [1m[32m11 passed[39m[22m[90m (11)[39m
@nzila/os-core:test: [2m      Tests [22m [1m[32m231 passed[39m[22m[90m (231)[39m
@nzila/os-core:test: [2m   Start at [22m 16:07:51
@nzila/os-core:test: [2m   Duration [22m 1.57s[2m (transform 2.96s, setup 0ms, import 3.57s, tests 1.32s, environment 3ms)[22m
@nzila/os-core:test: 
@nzila/nacp-core:test: 
@nzila/nacp-core:test: > @nzila/nacp-core@0.1.0 test C:\APPS\nzila-automation\packages\nacp-core
@nzila/nacp-core:test: > vitest run
@nzila/nacp-core:test: 
@nzila/nacp-core:test: 
@nzila/nacp-core:test: [1m[46m RUN [49m[22m [36mv4.1.2 [39m[90mC:/APPS/nzila-automation/packages/nacp-core[39m
@nzila/nacp-core:test: 
@nzila/nacp-core:test:  [32mΓ£ô[39m src/enums.test.ts [2m([22m[2m5 tests[22m[2m)[22m[32m 12[2mms[22m[39m
@nzila/nacp-core:test:  [32mΓ£ô[39m src/schemas.test.ts [2m([22m[2m8 tests[22m[2m)[22m[32m 17[2mms[22m[39m
@nzila/nacp-core:test:  [32mΓ£ô[39m src/machines/exam-session.test.ts [2m([22m[2m11 tests[22m[2m)[22m[32m 16[2mms[22m[39m
@nzila/nacp-core:test: 
@nzila/nacp-core:test: [2m Test Files [22m [1m[32m3 passed[39m[22m[90m (3)[39m
@nzila/nacp-core:test: [2m      Tests [22m [1m[32m24 passed[39m[22m[90m (24)[39m
@nzila/nacp-core:test: [2m   Start at [22m 17:05:17
@nzila/nacp-core:test: [2m   Duration [22m 2.09s[2m (transform 1.33s, setup 0ms, import 1.50s, tests 46ms, environment 1ms)[22m
@nzila/nacp-core:test: 
@nzila/zonga-core:test: 
@nzila/zonga-core:test: > @nzila/zonga-core@0.1.0 test C:\APPS\nzila-automation\packages\zonga-core
@nzila/zonga-core:test: > vitest run
@nzila/zonga-core:test: 
@nzila/zonga-core:test: 
@nzila/zonga-core:test: [1m[46m RUN [49m[22m [36mv4.1.2 [39m[90mC:/APPS/nzila-automation/packages/zonga-core[39m
@nzila/zonga-core:test: 
@nzila/zonga-core:test:  [32mΓ£ô[39m src/enums.test.ts [2m([22m[2m9 tests[22m[2m)[22m[32m 16[2mms[22m[39m
@nzila/zonga-core:test:  [32mΓ£ô[39m src/services.test.ts [2m([22m[2m8 tests[22m[2m)[22m[32m 23[2mms[22m[39m
@nzila/zonga-core:test:  [32mΓ£ô[39m src/streaming.test.ts [2m([22m[2m20 tests[22m[2m)[22m[32m 22[2mms[22m[39m
@nzila/zonga-core:test:  [32mΓ£ô[39m src/rights.test.ts [2m([22m[2m34 tests[22m[2m)[22m[32m 27[2mms[22m[39m
@nzila/zonga-core:test:  [32mΓ£ô[39m src/enums-extended.test.ts [2m([22m[2m52 tests[22m[2m)[22m[32m 62[2mms[22m[39m
@nzila/zonga-core:test:  [32mΓ£ô[39m src/schemas.test.ts [2m([22m[2m20 tests[22m[2m)[22m[32m 29[2mms[22m[39m
@nzila/zonga-core:test:  [32mΓ£ô[39m src/schemas-extended.test.ts [2m([22m[2m54 tests[22m[2m)[22m[32m 41[2mms[22m[39m
@nzila/zonga-core:test: 
@nzila/zonga-core:test: [2m Test Files [22m [1m[32m7 passed[39m[22m[90m (7)[39m
@nzila/zonga-core:test: [2m      Tests [22m [1m[32m197 passed[39m[22m[90m (197)[39m
@nzila/agri-db:test: 
@nzila/agri-db:test: > @nzila/agri-db@0.1.0 test C:\APPS\nzila-automation\packages\agri-db
@nzila/agri-db:test: > vitest run
@nzila/zonga-core:test: [2m   Start at [22m 17:05:17
@nzila/zonga-core:test: [2m   Duration [22m 1.83s[2m (transform 3.02s, setup 0ms, import 3.50s, tests 220ms, environment 2ms)[22m
@nzila/zonga-core:test: 
@nzila/agri-db:test: 
@nzila/agri-db:test: 
@nzila/agri-db:test: [1m[46m RUN [49m[22m [36mv4.1.2 [39m[90mC:/APPS/nzila-automation/packages/agri-db[39m
@nzila/agri-db:test: 
@nzila/agri-db:test:  [32mΓ£ô[39m [30m[45m agri-db [49m[39m src/types.test.ts [2m([22m[2m7 tests[22m[2m)[22m[32m 12[2mms[22m[39m
@nzila/agri-db:test: 
@nzila/agri-db:test: [2m Test Files [22m [1m[32m1 passed[39m[22m[90m (1)[39m
@nzila/agri-db:test: [2m      Tests [22m [1m[32m7 passed[39m[22m[90m (7)[39m
@nzila/agri-db:test: [2m   Start at [22m 16:07:50
@nzila/agri-db:test: [2m   Duration [22m 665ms[2m (transform 80ms, setup 0ms, import 109ms, tests 12ms, environment 0ms)[22m
@nzila/agri-db:test: 
@nzila/commerce-db:test: 
@nzila/commerce-db:test: > @nzila/commerce-db@0.1.0 test C:\APPS\nzila-automation\packages\commerce-db
@nzila/commerce-db:test: > vitest run
@nzila/commerce-db:test: 
@nzila/commerce-db:test: 
@nzila/commerce-db:test: [1m[46m RUN [49m[22m [36mv4.1.2 [39m[90mC:/APPS/nzila-automation/packages/commerce-db[39m
@nzila/commerce-db:test: 
@nzila/commerce-db:test:  [32mΓ£ô[39m src/commerce-db.test.ts [2m([22m[2m39 tests[22m[2m)[22m[32m 82[2mms[22m[39m
@nzila/commerce-db:test: 
@nzila/commerce-db:test: [2m Test Files [22m [1m[32m1 passed[39m[22m[90m (1)[39m
@nzila/commerce-db:test: [2m      Tests [22m [1m[32m39 passed[39m[22m[90m (39)[39m
@nzila/commerce-db:test: [2m   Start at [22m 17:05:21
@nzila/commerce-db:test: [2m   Duration [22m 1.41s[2m (transform 110ms, setup 0ms, import 160ms, tests 82ms, environment 0ms)[22m
@nzila/commerce-db:test: 
@nzila/platform-proof:test: cache hit, replaying logs 612e6522d266bed9
@nzila/platform-ops:test: cache hit, replaying logs 5e3c4d63959f917f
@nzila/platform-cost:test: cache hit, replaying logs a88666b747b804dc
@nzila/platform-proof:test: 
@nzila/platform-proof:test: > @nzila/platform-proof@0.1.0 test C:\APPS\nzila-automation\packages\platform-proof
@nzila/platform-proof:test: > vitest run
@nzila/platform-proof:test: 
@nzila/platform-proof:test: 
@nzila/platform-proof:test: [1m[46m RUN [49m[22m [36mv4.1.2 [39m[90mC:/APPS/nzila-automation/packages/platform-proof[39m
@nzila/platform-proof:test: 
@nzila/platform-proof:test:  [32mΓ£ô[39m [30m[45m platform-proof [49m[39m src/proof.test.ts [2m([22m[2m7 tests[22m[2m)[22m[32m 39[2mms[22m[39m
@nzila/platform-proof:test:  [32mΓ£ô[39m [30m[45m platform-proof [49m[39m src/abr-proof.test.ts [2m([22m[2m6 tests[22m[2m)[22m[32m 39[2mms[22m[39m
@nzila/platform-proof:test:  [32mΓ£ô[39m [30m[45m platform-proof [49m[39m src/nacp-proof.test.ts [2m([22m[2m8 tests[22m[2m)[22m[32m 40[2mms[22m[39m
@nzila/platform-proof:test:  [32mΓ£ô[39m [30m[45m platform-proof [49m[39m src/integrations-proof.test.ts [2m([22m[2m6 tests[22m[2m)[22m[32m 47[2mms[22m[39m
@nzila/platform-proof:test: 
@nzila/platform-proof:test: [2m Test Files [22m [1m[32m4 passed[39m[22m[90m (4)[39m
@nzila/platform-proof:test: [2m      Tests [22m [1m[32m27 passed[39m[22m[90m (27)[39m
@nzila/platform-proof:test: [2m   Start at [22m 16:07:45
@nzila/platform-proof:test: [2m   Duration [22m 3.35s[2m (transform 4.27s, setup 0ms, import 8.74s, tests 165ms, environment 1ms)[22m
@nzila/platform-proof:test: 
@nzila/qbo:test: cache hit, replaying logs 93b9ef94823a3b3e
@nzila/platform-metrics:test: cache hit, replaying logs 9a5babb7ac44734e
@nzila/platform-ops:test: 
@nzila/platform-ops:test: > @nzila/platform-ops@0.1.0 test C:\APPS\nzila-automation\packages\platform-ops
@nzila/platform-ops:test: > vitest run
@nzila/platform-ops:test: 
@nzila/platform-ops:test: 
@nzila/platform-ops:test: [1m[46m RUN [49m[22m [36mv4.1.2 [39m[90mC:/APPS/nzila-automation/packages/platform-ops[39m
@nzila/platform-ops:test: 
@nzila/platform-ops:test:  [32mΓ£ô[39m src/ops-score.test.ts [2m([22m[2m12 tests[22m[2m)[22m[32m 38[2mms[22m[39m
@nzila/platform-ops:test:  [32mΓ£ô[39m src/failure-simulation.test.ts [2m([22m[2m19 tests[22m[2m)[22m[32m 21[2mms[22m[39m
@nzila/platform-ops:test:  [32mΓ£ô[39m src/pilot-pack.test.ts [2m([22m[2m7 tests[22m[2m)[22m[32m 31[2mms[22m[39m
@nzila/platform-ops:test:  [32mΓ£ô[39m src/pilot-export.test.ts [2m([22m[2m3 tests[22m[2m)[22m[32m 19[2mms[22m[39m
@nzila/platform-ops:test:  [32mΓ£ô[39m src/workflow-registry.test.ts [2m([22m[2m9 tests[22m[2m)[22m[32m 16[2mms[22m[39m
@nzila/platform-ops:test:  [32mΓ£ô[39m src/trend-detection.test.ts [2m([22m[2m16 tests[22m[2m)[22m[32m 21[2mms[22m[39m
@nzila/platform-ops:test:  [32mΓ£ô[39m src/health-alerts.test.ts [2m([22m[2m8 tests[22m[2m)[22m[32m 17[2mms[22m[39m
@nzila/platform-ops:test:  [32mΓ£ô[39m src/digest-trends.test.ts [2m([22m[2m9 tests[22m[2m)[22m[32m 21[2mms[22m[39m
@nzila/platform-ops:test:  [32mΓ£ô[39m src/retry-state-machine.test.ts [2m([22m[2m7 tests[22m[2m)[22m[32m 11[2mms[22m[39m
@nzila/platform-ops:test:  [32mΓ£ô[39m src/trend-alerts.test.ts [2m([22m[2m9 tests[22m[2m)[22m[32m 16[2mms[22m[39m
@nzila/platform-ops:test:  [32mΓ£ô[39m src/failure-classification.test.ts [2m([22m[2m12 tests[22m[2m)[22m[32m 15[2mms[22m[39m
@nzila/platform-ops:test:  [32mΓ£ô[39m src/health-digest.test.ts [2m([22m[2m12 tests[22m[2m)[22m[32m 17[2mms[22m[39m
@nzila/platform-ops:test:  [32mΓ£ô[39m src/dead-letter-queue.test.ts [2m([22m[2m6 tests[22m[2m)[22m[32m 19[2mms[22m[39m
@nzila/platform-ops:test: 
@nzila/platform-ops:test: [2m Test Files [22m [1m[32m13 passed[39m[22m[90m (13)[39m
@nzila/platform-ops:test: [2m      Tests [22m [1m[32m129 passed[39m[22m[90m (129)[39m
@nzila/platform-ops:test: [2m   Start at [22m 16:07:47
@nzila/platform-ops:test: [2m   Duration [22m 1.42s[2m (transform 3.02s, setup 0ms, import 3.65s, tests 264ms, environment 3ms)[22m
@nzila/platform-ops:test: 
@nzila/platform-performance:test: cache hit, replaying logs 42a529953a515e6c
@nzila/platform-cost:test: 
@nzila/platform-cost:test: > @nzila/platform-cost@0.1.0 test C:\APPS\nzila-automation\packages\platform-cost
@nzila/platform-cost:test: > vitest run
@nzila/platform-cost:test: 
@nzila/platform-cost:test: 
@nzila/platform-cost:test: [1m[46m RUN [49m[22m [36mv4.1.2 [39m[90mC:/APPS/nzila-automation/packages/platform-cost[39m
@nzila/platform-cost:test: 
@nzila/platform-cost:test:  [32mΓ£ô[39m [30m[46m platform-cost [49m[39m src/cost-events.test.ts [2m([22m[2m10 tests[22m[2m)[22m[32m 28[2mms[22m[39m
@nzila/platform-cost:test:  [32mΓ£ô[39m [30m[46m platform-cost [49m[39m src/budget.test.ts [2m([22m[2m12 tests[22m[2m)[22m[32m 21[2mms[22m[39m
@nzila/platform-cost:test: 
@nzila/platform-cost:test: [2m Test Files [22m [1m[32m2 passed[39m[22m[90m (2)[39m
@nzila/platform-cost:test: [2m      Tests [22m [1m[32m22 passed[39m[22m[90m (22)[39m
@nzila/platform-cost:test: [2m   Start at [22m 16:07:46
@nzila/platform-cost:test: [2m   Duration [22m 794ms[2m (transform 284ms, setup 0ms, import 463ms, tests 49ms, environment 1ms)[22m
@nzila/platform-cost:test: 
@nzila/platform-export:test: cache hit, replaying logs 384b7d5409f50b7e
@nzila/qbo:test: 
@nzila/qbo:test: > @nzila/qbo@0.1.0 test C:\APPS\nzila-automation\packages\qbo
@nzila/qbo:test: > vitest run
@nzila/qbo:test: 
@nzila/qbo:test: 
@nzila/qbo:test: [1m[46m RUN [49m[22m [36mv4.1.2 [39m[90mC:/APPS/nzila-automation/packages/qbo[39m
@nzila/qbo:test: 
@nzila/qbo:test:  [32mΓ£ô[39m [30m[46m qbo [49m[39m src/qbo.test.ts [2m([22m[2m18 tests[22m[2m)[22m[32m 19[2mms[22m[39m
@nzila/qbo:test: 
@nzila/qbo:test: [2m Test Files [22m [1m[32m1 passed[39m[22m[90m (1)[39m
@nzila/qbo:test: [2m      Tests [22m [1m[32m18 passed[39m[22m[90m (18)[39m
@nzila/qbo:test: [2m   Start at [22m 16:07:48
@nzila/qbo:test: [2m   Duration [22m 882ms[2m (transform 310ms, setup 0ms, import 355ms, tests 19ms, environment 0ms)[22m
@nzila/qbo:test: 
@nzila/ml-sdk:test: cache hit, replaying logs 5e27a7e15e1ca3d5
@nzila/platform-metrics:test: 
@nzila/platform-metrics:test: > @nzila/platform-metrics@0.1.0 test C:\APPS\nzila-automation\packages\platform-metrics
@nzila/platform-metrics:test: > vitest run
@nzila/platform-metrics:test: 
@nzila/platform-metrics:test: 
@nzila/platform-metrics:test: [1m[46m RUN [49m[22m [36mv4.1.2 [39m[90mC:/APPS/nzila-automation/packages/platform-metrics[39m
@nzila/platform-metrics:test: 
@nzila/platform-metrics:test:  [32mΓ£ô[39m [30m[46m platform-metrics [49m[39m src/__tests__/metrics.test.ts [2m([22m[2m8 tests[22m[2m)[22m[33m 710[2mms[22m[39m
@nzila/platform-metrics:test:      [33m[2mΓ£ô[22m[39m should export getOrgPerformanceMetrics function [33m 647[2mms[22m[39m
@nzila/platform-metrics:test: 
@nzila/platform-metrics:test: [2m Test Files [22m [1m[32m1 passed[39m[22m[90m (1)[39m
@nzila/platform-metrics:test: [2m      Tests [22m [1m[32m8 passed[39m[22m[90m (8)[39m
@nzila/platform-metrics:test: [2m   Start at [22m 16:07:43
@nzila/platform-metrics:test: [2m   Duration [22m 1.87s[2m (transform 303ms, setup 0ms, import 251ms, tests 710ms, environment 0ms)[22m
@nzila/platform-metrics:test: 
@nzila/trade-db:test: cache hit, replaying logs 42027e1c66e8fdee
@nzila/platform-performance:test: 
@nzila/platform-performance:test: > @nzila/platform-performance@0.1.0 test C:\APPS\nzila-automation\packages\platform-performance
@nzila/platform-performance:test: > vitest run
@nzila/platform-performance:test: 
@nzila/platform-performance:test: 
@nzila/platform-performance:test: [1m[46m RUN [49m[22m [36mv4.1.2 [39m[90mC:/APPS/nzila-automation/packages/platform-performance[39m
@nzila/platform-performance:test: 
@nzila/platform-performance:test:  [32mΓ£ô[39m [30m[42m platform-performance [49m[39m src/metrics.test.ts [2m([22m[2m10 tests[22m[2m)[22m[32m 18[2mms[22m[39m
@nzila/platform-performance:test:  [32mΓ£ô[39m [30m[42m platform-performance [49m[39m src/scale-report.test.ts [2m([22m[2m14 tests[22m[2m)[22m[32m 203[2mms[22m[39m
@nzila/platform-performance:test:  [32mΓ£ô[39m [30m[42m platform-performance [49m[39m src/scale-harness.test.ts [2m([22m[2m21 tests[22m[2m)[22m[33m 675[2mms[22m[39m
@nzila/platform-performance:test: 
@nzila/platform-performance:test: [2m Test Files [22m [1m[32m3 passed[39m[22m[90m (3)[39m
@nzila/platform-performance:test: [2m      Tests [22m [1m[32m45 passed[39m[22m[90m (45)[39m
@nzila/platform-performance:test: [2m   Start at [22m 16:07:50
@nzila/platform-performance:test: [2m   Duration [22m 4.53s[2m (transform 4.30s, setup 0ms, import 7.60s, tests 897ms, environment 1ms)[22m
@nzila/platform-performance:test: 
@nzila/platform-export:test: 
@nzila/platform-export:test: > @nzila/platform-export@0.1.0 test C:\APPS\nzila-automation\packages\platform-export
@nzila/platform-export:test: > vitest run
@nzila/platform-export:test: 
@nzila/platform-export:test: 
@nzila/platform-export:test: [1m[46m RUN [49m[22m [36mv4.1.2 [39m[90mC:/APPS/nzila-automation/packages/platform-export[39m
@nzila/platform-export:test: 
@nzila/platform-export:test:  [32mΓ£ô[39m [30m[46m platform-export [49m[39m src/__tests__/export.test.ts [2m([22m[2m5 tests[22m[2m)[22m[32m 9[2mms[22m[39m
@nzila/platform-export:test: 
@nzila/platform-export:test: [2m Test Files [22m [1m[32m1 passed[39m[22m[90m (1)[39m
@nzila/platform-export:test: [2m      Tests [22m [1m[32m5 passed[39m[22m[90m (5)[39m
@nzila/platform-export:test: [2m   Start at [22m 16:07:44
@nzila/platform-export:test: [2m   Duration [22m 3.92s[2m (transform 2.01s, setup 0ms, import 3.25s, tests 9ms, environment 0ms)[22m
@nzila/platform-export:test: 
@nzila/ml-sdk:test: 
@nzila/ml-sdk:test: > @nzila/ml-sdk@0.1.0 test C:\APPS\nzila-automation\packages\ml-sdk
@nzila/ml-sdk:test: > vitest run
@nzila/ml-sdk:test: 
@nzila/ml-sdk:test: 
@nzila/ml-sdk:test: [1m[46m RUN [49m[22m [36mv4.1.2 [39m[90mC:/APPS/nzila-automation/packages/ml-sdk[39m
@nzila/ml-sdk:test: 
@nzila/ml-sdk:test:  [32mΓ£ô[39m [30m[45m ml-sdk [49m[39m src/client.test.ts [2m([22m[2m10 tests[22m[2m)[22m[32m 142[2mms[22m[39m
@nzila/ml-sdk:test: 
@nzila/ml-sdk:test: [2m Test Files [22m [1m[32m1 passed[39m[22m[90m (1)[39m
@nzila/ml-sdk:test: [2m      Tests [22m [1m[32m10 passed[39m[22m[90m (10)[39m
@nzila/ml-sdk:test: [2m   Start at [22m 16:07:51
@nzila/ml-sdk:test: [2m   Duration [22m 845ms[2m (transform 139ms, setup 0ms, import 127ms, tests 142ms, environment 0ms)[22m
@nzila/ml-sdk:test: 
@nzila/platform-isolation:test: cache hit, replaying logs de46035198745420
@nzila/trade-db:test: 
@nzila/trade-db:test: > @nzila/trade-db@0.1.0 test C:\APPS\nzila-automation\packages\trade-db
@nzila/trade-db:test: > vitest run
@nzila/trade-db:test: 
@nzila/trade-db:test: 
@nzila/trade-db:test: [1m[46m RUN [49m[22m [36mv4.1.2 [39m[90mC:/APPS/nzila-automation/packages/trade-db[39m
@nzila/trade-db:test: 
@nzila/trade-db:test:  [32mΓ£ô[39m src/repositories/cross-org.test.ts [2m([22m[2m5 tests[22m[2m)[22m[32m 10[2mms[22m[39m
@nzila/trade-db:test: 
@nzila/trade-db:test: [2m Test Files [22m [1m[32m1 passed[39m[22m[90m (1)[39m
@nzila/trade-db:test: [2m      Tests [22m [1m[32m5 passed[39m[22m[90m (5)[39m
@nzila/trade-db:test: [2m   Start at [22m 17:05:21
@nzila/trade-db:test: [2m   Duration [22m 1.35s[2m (transform 78ms, setup 0ms, import 106ms, tests 10ms, environment 0ms)[22m
@nzila/trade-db:test: 
@nzila/zonga-growth:test: cache hit, replaying logs 974d3f5b0820e14d
@nzila/media-worker:test: cache hit, replaying logs d79a47f2fcbe9c92
@nzila/commerce-observability:test: cache hit, replaying logs f9cdfb0b956aa31f
@nzila/platform-isolation:test: 
@nzila/platform-isolation:test: > @nzila/platform-isolation@0.1.0 test C:\APPS\nzila-automation\packages\platform-isolation
@nzila/platform-isolation:test: > vitest run
@nzila/platform-isolation:test: 
@nzila/platform-isolation:test: 
@nzila/platform-isolation:test: [1m[46m RUN [49m[22m [36mv4.1.2 [39m[90mC:/APPS/nzila-automation/packages/platform-isolation[39m
@nzila/platform-isolation:test: 
@nzila/platform-isolation:test:  [32mΓ£ô[39m [30m[46m platform-isolation [49m[39m src/audit.test.ts [2m([22m[2m8 tests[22m[2m)[22m[32m 13[2mms[22m[39m
@nzila/platform-isolation:test:  [32mΓ£ô[39m [30m[46m platform-isolation [49m[39m src/multi-org-stress.test.ts [2m([22m[2m23 tests[22m[2m)[22m[32m 226[2mms[22m[39m
@nzila/platform-isolation:test: 
@nzila/platform-isolation:test: [2m Test Files [22m [1m[32m2 passed[39m[22m[90m (2)[39m
@nzila/platform-isolation:test: [2m      Tests [22m [1m[32m31 passed[39m[22m[90m (31)[39m
@nzila/platform-isolation:test: [2m   Start at [22m 16:07:49
@nzila/platform-isolation:test: [2m   Duration [22m 1.01s[2m (transform 387ms, setup 0ms, import 477ms, tests 238ms, environment 0ms)[22m
@nzila/platform-isolation:test: 
@nzila/tax:test: cache hit, replaying logs b7bf91bde93ae9ac
@nzila/zonga-growth:test: 
@nzila/zonga-growth:test: > @nzila/zonga-growth@0.1.0 test C:\APPS\nzila-automation\packages\zonga-growth
@nzila/zonga-growth:test: > vitest run
@nzila/zonga-growth:test: 
@nzila/zonga-growth:test: 
@nzila/zonga-growth:test: [1m[46m RUN [49m[22m [36mv4.1.2 [39m[90mC:/APPS/nzila-automation/packages/zonga-growth[39m
@nzila/zonga-growth:test: 
@nzila/zonga-growth:test:  [32mΓ£ô[39m src/engagement-engine.test.ts [2m([22m[2m25 tests[22m[2m)[22m[32m 41[2mms[22m[39m
@nzila/zonga-growth:test: 
@nzila/zonga-growth:test: [2m Test Files [22m [1m[32m1 passed[39m[22m[90m (1)[39m
@nzila/zonga-growth:test: [2m      Tests [22m [1m[32m25 passed[39m[22m[90m (25)[39m
@nzila/zonga-growth:test: [2m   Start at [22m 17:05:19
@nzila/zonga-growth:test: [2m   Duration [22m 862ms[2m (transform 161ms, setup 0ms, import 196ms, tests 41ms, environment 0ms)[22m
@nzila/zonga-growth:test: 
@nzila/platform-assurance:test: cache hit, replaying logs 5257ecfb7eee2c5c
@nzila/commerce-observability:test: 
@nzila/commerce-observability:test: > @nzila/commerce-observability@0.1.0 test C:\APPS\nzila-automation\packages\commerce-observability
@nzila/commerce-observability:test: > vitest run
@nzila/commerce-observability:test: 
@nzila/commerce-observability:test: 
@nzila/commerce-observability:test: [1m[46m RUN [49m[22m [36mv4.1.2 [39m[90mC:/APPS/nzila-automation/packages/commerce-observability[39m
@nzila/commerce-observability:test: 
@nzila/commerce-observability:test:  [32mΓ£ô[39m [30m[42m commerce-observability [49m[39m src/observability.test.ts [2m([22m[2m48 tests[22m[2m)[22m[32m 41[2mms[22m[39m
@nzila/commerce-observability:test: 
@nzila/commerce-observability:test: [2m Test Files [22m [1m[32m1 passed[39m[22m[90m (1)[39m
@nzila/commerce-observability:test: [2m      Tests [22m [1m[32m48 passed[39m[22m[90m (48)[39m
@nzila/commerce-observability:test: [2m   Start at [22m 17:05:22
@nzila/commerce-observability:test: [2m   Duration [22m 1.71s[2m (transform 285ms, setup 0ms, import 339ms, tests 41ms, environment 0ms)[22m
@nzila/commerce-observability:test: 
@nzila/media-worker:test: 
@nzila/media-worker:test: > @nzila/media-worker@0.1.0 test C:\APPS\nzila-automation\services\media-worker
@nzila/media-worker:test: > vitest run
@nzila/media-worker:test: 
@nzila/media-worker:test: 
@nzila/media-worker:test: [1m[46m RUN [49m[22m [36mv3.2.4 [39m[90mC:/APPS/nzila-automation/services/media-worker[39m
@nzila/media-worker:test: 
@nzila/media-worker:test:  [32mΓ£ô[39m src/storage.test.ts [2m([22m[2m20 tests[22m[2m)[22m[32m 19[2mms[22m[39m
@nzila/media-worker:test:  [32mΓ£ô[39m src/observability.test.ts [2m([22m[2m20 tests[22m[2m)[22m[32m 31[2mms[22m[39m
@nzila/media-worker:test:  [32mΓ£ô[39m src/transcoder.test.ts [2m([22m[2m14 tests[22m[2m)[22m[32m 34[2mms[22m[39m
@nzila/media-worker:test:  [32mΓ£ô[39m src/streaming.test.ts [2m([22m[2m14 tests[22m[2m)[22m[32m 12[2mms[22m[39m
@nzila/media-worker:test:  [32mΓ£ô[39m src/recovery.test.ts [2m([22m[2m10 tests[22m[2m)[22m[32m 14[2mms[22m[39m
@nzila/media-worker:test:  [32mΓ£ô[39m src/queue.test.ts [2m([22m[2m9 tests[22m[2m)[22m[32m 216[2mms[22m[39m
@nzila/media-worker:test:  [32mΓ£ô[39m src/player.test.ts [2m([22m[2m11 tests[22m[2m)[22m[32m 12[2mms[22m[39m
@nzila/media-worker:test: 
@nzila/media-worker:test: [2m Test Files [22m [1m[32m7 passed[39m[22m[90m (7)[39m
@nzila/media-worker:test: [2m      Tests [22m [1m[32m98 passed[39m[22m[90m (98)[39m
@nzila/media-worker:test: [2m   Start at [22m 17:05:21
@nzila/media-worker:test: [2m   Duration [22m 1.60s[2m (transform 1.08s, setup 0ms, collect 1.82s, tests 337ms, environment 3ms, prepare 1.83s)[22m
@nzila/media-worker:test: 
@nzila/otel-core:test: cache hit, replaying logs 0f085aea1d85a179
@nzila/secrets:test: cache hit, replaying logs e5f1303773cb3309
@nzila/tax:test: 
@nzila/tax:test: > @nzila/tax@0.1.0 test C:\APPS\nzila-automation\packages\tax
@nzila/tax:test: > vitest run
@nzila/tax:test: 
@nzila/tax:test: 
@nzila/tax:test: [1m[46m RUN [49m[22m [36mv4.1.2 [39m[90mC:/APPS/nzila-automation/packages/tax[39m
@nzila/tax:test: 
@nzila/tax:test:  [32mΓ£ô[39m [30m[43m tax [49m[39m src/__tests__/validation.test.ts [2m([22m[2m19 tests[22m[2m)[22m[32m 51[2mms[22m[39m
@nzila/tax:test:  [32mΓ£ô[39m [30m[43m tax [49m[39m src/__tests__/governance.test.ts [2m([22m[2m11 tests[22m[2m)[22m[32m 50[2mms[22m[39m
@nzila/tax:test:  [32mΓ£ô[39m [30m[43m tax [49m[39m src/__tests__/prescribed-interest.test.ts [2m([22m[2m16 tests[22m[2m)[22m[32m 22[2mms[22m[39m
@nzila/tax:test:  [32mΓ£ô[39m [30m[43m tax [49m[39m src/__tests__/evidence.test.ts [2m([22m[2m13 tests[22m[2m)[22m[32m 24[2mms[22m[39m
@nzila/tax:test:  [32mΓ£ô[39m [30m[43m tax [49m[39m src/__tests__/cra-deadlines.test.ts [2m([22m[2m13 tests[22m[2m)[22m[32m 20[2mms[22m[39m
@nzila/tax:test:  [32mΓ£ô[39m [30m[43m tax [49m[39m src/__tests__/bn-validation.test.ts [2m([22m[2m22 tests[22m[2m)[22m[32m 24[2mms[22m[39m
@nzila/tax:test:  [32mΓ£ô[39m [30m[43m tax [49m[39m src/__tests__/installments.test.ts [2m([22m[2m13 tests[22m[2m)[22m[32m 18[2mms[22m[39m
@nzila/tax:test:  [32mΓ£ô[39m [30m[43m tax [49m[39m src/__tests__/capital-gains.test.ts [2m([22m[2m9 tests[22m[2m)[22m[32m 15[2mms[22m[39m
@nzila/tax:test:  [32mΓ£ô[39m [30m[43m tax [49m[39m src/__tests__/penalties.test.ts [2m([22m[2m13 tests[22m[2m)[22m[32m 15[2mms[22m[39m
@nzila/tax:test:  [32mΓ£ô[39m [30m[43m tax [49m[39m src/__tests__/gst-hst.test.ts [2m([22m[2m22 tests[22m[2m)[22m[32m 22[2mms[22m[39m
@nzila/tax:test:  [32mΓ£ô[39m [30m[43m tax [49m[39m src/__tests__/rates.test.ts [2m([22m[2m26 tests[22m[2m)[22m[32m 23[2mms[22m[39m
@nzila/tax:test:  [32mΓ£ô[39m [30m[43m tax [49m[39m src/__tests__/personal-rates.test.ts [2m([22m[2m17 tests[22m[2m)[22m[32m 17[2mms[22m[39m
@nzila/tax:test:  [32mΓ£ô[39m [30m[43m tax [49m[39m src/__tests__/data-versions.test.ts [2m([22m[2m10 tests[22m[2m)[22m[32m 17[2mms[22m[39m
@nzila/tax:test:  [32mΓ£ô[39m [30m[43m tax [49m[39m src/__tests__/dividend-tax.test.ts [2m([22m[2m15 tests[22m[2m)[22m[32m 15[2mms[22m[39m
@nzila/tax:test:  [32mΓ£ô[39m [30m[43m tax [49m[39m src/__tests__/deadlines.test.ts [2m([22m[2m20 tests[22m[2m)[22m[32m 19[2mms[22m[39m
@nzila/tax:test:  [32mΓ£ô[39m [30m[43m tax [49m[39m src/__tests__/integration.test.ts [2m([22m[2m13 tests[22m[2m)[22m[32m 23[2mms[22m[39m
@nzila/tax:test:  [32mΓ£ô[39m [30m[43m tax [49m[39m src/__tests__/payroll-thresholds.test.ts [2m([22m[2m26 tests[22m[2m)[22m[32m 20[2mms[22m[39m
@nzila/tax:test: 
@nzila/tax:test: [2m Test Files [22m [1m[32m17 passed[39m[22m[90m (17)[39m
@nzila/tax:test: [2m      Tests [22m [1m[32m278 passed[39m[22m[90m (278)[39m
@nzila/tax:test: [2m   Start at [22m 16:07:55
@nzila/tax:test: [2m   Duration [22m 1.41s[2m (transform 2.62s, setup 0ms, import 3.35s, tests 394ms, environment 4ms)[22m
@nzila/tax:test: 
@nzila/otel-core:test: 
@nzila/otel-core:test: > @nzila/otel-core@0.1.0 test C:\APPS\nzila-automation\packages\otel-core
@nzila/otel-core:test: > vitest run
@nzila/otel-core:test: 
@nzila/otel-core:test: 
@nzila/otel-core:test: [1m[46m RUN [49m[22m [36mv4.1.2 [39m[90mC:/APPS/nzila-automation/packages/otel-core[39m
@nzila/otel-core:test: 
@nzila/platform-assurance:test: 
@nzila/platform-assurance:test: > @nzila/platform-assurance@0.1.0 test C:\APPS\nzila-automation\packages\platform-assurance
@nzila/otel-core:test:  [32mΓ£ô[39m src/__tests__/otel-core.test.ts [2m([22m[2m13 tests[22m[2m)[22m[32m 91[2mms[22m[39m
@nzila/otel-core:test: 
@nzila/platform-assurance:test: > vitest run
@nzila/otel-core:test: [2m Test Files [22m [1m[32m1 passed[39m[22m[90m (1)[39m
@nzila/platform-assurance:test: 
@nzila/otel-core:test: [2m      Tests [22m [1m[32m13 passed[39m[22m[90m (13)[39m
@nzila/platform-assurance:test: 
@nzila/otel-core:test: [2m   Start at [22m 16:07:53
@nzila/otel-core:test: [2m   Duration [22m 987ms[2m (transform 207ms, setup 0ms, import 268ms, tests 91ms, environment 0ms)[22m
@nzila/platform-assurance:test: [1m[46m RUN [49m[22m [36mv4.1.2 [39m[90mC:/APPS/nzila-automation/packages/platform-assurance[39m
@nzila/otel-core:test: 
@nzila/platform-assurance:test: 
@nzila/platform-assurance:test: {"level":"info","message":"[assurance-scorer] Computing assurance dashboard","timestamp":"2026-04-01T20:07:56.179Z","orgId":"org-1"}
@nzila/platform-assurance:test: {"level":"info","message":"[assurance-scorer] Assurance dashboard computed","timestamp":"2026-04-01T20:07:56.181Z","orgId":"org-1","overallScore":91,"overallGrade":"A"}
@nzila/platform-assurance:test: {"level":"info","message":"[assurance-scorer] Computing platform-wide assurance aggregate","timestamp":"2026-04-01T20:07:56.183Z"}
@nzila/platform-assurance:test: {"level":"info","message":"[assurance-scorer] Computing assurance dashboard","timestamp":"2026-04-01T20:07:56.183Z","orgId":"org-1"}
@nzila/platform-assurance:test: {"level":"info","message":"[assurance-scorer] Assurance dashboard computed","timestamp":"2026-04-01T20:07:56.183Z","orgId":"org-1","overallScore":91,"overallGrade":"A"}
@nzila/platform-assurance:test: {"level":"info","message":"[assurance-scorer] Computing assurance dashboard","timestamp":"2026-04-01T20:07:56.183Z","orgId":"org-2"}
@nzila/platform-assurance:test: {"level":"info","message":"[assurance-scorer] Assurance dashboard computed","timestamp":"2026-04-01T20:07:56.183Z","orgId":"org-2","overallScore":91,"overallGrade":"A"}
@nzila/platform-assurance:test: {"level":"info","message":"[assurance-scorer] Platform assurance aggregate computed","timestamp":"2026-04-01T20:07:56.183Z","orgCount":2,"platformOverallScore":91,"platformOverallGrade":"A"}
@nzila/platform-assurance:test:  [32mΓ£ô[39m [30m[43m platform-assurance [49m[39m src/__tests__/scorer.test.ts [2m([22m[2m3 tests[22m[2m)[22m[32m 14[2mms[22m[39m
@nzila/platform-assurance:test: 
@nzila/platform-assurance:test: [2m Test Files [22m [1m[32m1 passed[39m[22m[90m (1)[39m
@nzila/platform-assurance:test: [2m      Tests [22m [1m[32m3 passed[39m[22m[90m (3)[39m
@nzila/platform-assurance:test: [2m   Start at [22m 16:07:55
@nzila/platform-assurance:test: [2m   Duration [22m 850ms[2m (transform 291ms, setup 0ms, import 366ms, tests 14ms, environment 0ms)[22m
@nzila/platform-assurance:test: 
@nzila/platform-events:test: cache hit, replaying logs 3dea41d37c0b2806
@nzila/secrets:test: 
@nzila/secrets:test: > @nzila/secrets@0.1.0 test C:\APPS\nzila-automation\packages\secrets
@nzila/secrets:test: > vitest run
@nzila/secrets:test: 
@nzila/secrets:test: 
@nzila/secrets:test: [1m[46m RUN [49m[22m [36mv4.1.2 [39m[90mC:/APPS/nzila-automation/packages/secrets[39m
@nzila/secrets:test: 
@nzila/secrets:test:  [32mΓ£ô[39m [30m[42m secrets [49m[39m src/__tests__/scanner.test.ts [2m([22m[2m4 tests[22m[2m)[22m[32m 12[2mms[22m[39m
@nzila/secrets:test: 
@nzila/secrets:test: [2m Test Files [22m [1m[32m1 passed[39m[22m[90m (1)[39m
@nzila/secrets:test: [2m      Tests [22m [1m[32m4 passed[39m[22m[90m (4)[39m
@nzila/secrets:test: [2m   Start at [22m 16:07:57
@nzila/secrets:test: [2m   Duration [22m 616ms[2m (transform 114ms, setup 0ms, import 169ms, tests 12ms, environment 0ms)[22m
@nzila/secrets:test: 
@nzila/mobility-client-portal:test: cache hit, replaying logs 7824b93d44851cd4
@nzila/platform-events:test: 
@nzila/platform-events:test: > @nzila/platform-events@0.1.0 test C:\APPS\nzila-automation\packages\platform-events
@nzila/platform-events:test: > vitest run
@nzila/platform-events:test: 
@nzila/platform-events:test: 
@nzila/platform-events:test: [1m[46m RUN [49m[22m [36mv4.1.2 [39m[90mC:/APPS/nzila-automation/packages/platform-events[39m
@nzila/platform-events:test: 
@nzila/platform-events:test:  [32mΓ£ô[39m src/__tests__/schema.test.ts [2m([22m[2m10 tests[22m[2m)[22m[32m 26[2mms[22m[39m
@nzila/platform-events:test: {"level":"error","message":"[platform-events] Platform event handler error (sync)","timestamp":"2026-04-01T20:07:57.819Z","eventType":"test.event","error":"boom"}
@nzila/platform-events:test:  [32mΓ£ô[39m src/__tests__/bus.test.ts [2m([22m[2m12 tests[22m[2m)[22m[32m 150[2mms[22m[39m
@nzila/platform-events:test: 
@nzila/platform-events:test: [2m Test Files [22m [1m[32m2 passed[39m[22m[90m (2)[39m
@nzila/platform-events:test: [2m      Tests [22m [1m[32m22 passed[39m[22m[90m (22)[39m
@nzila/platform-events:test: [2m   Start at [22m 16:07:57
@nzila/platform-events:test: [2m   Duration [22m 917ms[2m (transform 382ms, setup 0ms, import 490ms, tests 175ms, environment 0ms)[22m
@nzila/platform-events:test: 
@nzila/ml-core:test: cache hit, replaying logs 93300a899935c38b
@nzila/platform-marketplace:test: cache hit, replaying logs 78f4c76876431b58
@nzila/payments-stripe:test: cache hit, replaying logs 0eb36c8ba87f9efd
@nzila/mobility-client-portal:test: 
@nzila/mobility-client-portal:test: > @nzila/mobility-client-portal@0.1.0 test C:\APPS\nzila-automation\apps\mobility-client-portal
@nzila/mobility-client-portal:test: > vitest run
@nzila/mobility-client-portal:test: 
@nzila/mobility-client-portal:test: 
@nzila/mobility-client-portal:test: [1m[46m RUN [49m[22m [36mv4.1.2 [39m[90mC:/APPS/nzila-automation/apps/mobility-client-portal[39m
@nzila/mobility-client-portal:test: 
@nzila/mobility-client-portal:test:  [32mΓ£ô[39m [30m[45m mobility-client-portal [49m[39m app/api/health/route.test.ts [2m([22m[2m3 tests[22m[2m)[22m[32m 31[2mms[22m[39m
@nzila/mobility-client-portal:test: 
@nzila/mobility-client-portal:test: [2m Test Files [22m [1m[32m1 passed[39m[22m[90m (1)[39m
@nzila/mobility-client-portal:test: [2m      Tests [22m [1m[32m3 passed[39m[22m[90m (3)[39m
@nzila/mobility-client-portal:test: [2m   Start at [22m 17:05:26
@nzila/mobility-client-portal:test: [2m   Duration [22m 5.45s[2m (transform 154ms, setup 0ms, import 357ms, tests 31ms, environment 4.41s)[22m
@nzila/mobility-client-portal:test: 
@nzila/ml-core:test: 
@nzila/ml-core:test: > @nzila/ml-core@0.1.0 test C:\APPS\nzila-automation\packages\ml-core
@nzila/ml-core:test: > vitest run
@nzila/ml-core:test: 
@nzila/ml-core:test: 
@nzila/ml-core:test: [1m[46m RUN [49m[22m [36mv4.1.2 [39m[90mC:/APPS/nzila-automation/packages/ml-core[39m
@nzila/ml-core:test: 
@nzila/ml-core:test:  [32mΓ£ô[39m [30m[43m ml-core [49m[39m src/types.test.ts [2m([22m[2m15 tests[22m[2m)[22m[32m 16[2mms[22m[39m
@nzila/ml-core:test: 
@nzila/ml-core:test: [2m Test Files [22m [1m[32m1 passed[39m[22m[90m (1)[39m
@nzila/ml-core:test: [2m      Tests [22m [1m[32m15 passed[39m[22m[90m (15)[39m
@nzila/ml-core:test: [2m   Start at [22m 17:05:22
@nzila/ml-core:test: [2m   Duration [22m 1.46s[2m (transform 139ms, setup 0ms, import 175ms, tests 16ms, environment 0ms)[22m
@nzila/ml-core:test: 
@nzila/ai-registry:test: cache hit, replaying logs 088b2f8445c00c3e
@nzila/mobility:test: cache hit, replaying logs f0d330ca1d4e52a7
@nzila/platform-marketplace:test: 
@nzila/platform-marketplace:test: > @nzila/platform-marketplace@0.1.0 test C:\APPS\nzila-automation\packages\platform-marketplace
@nzila/platform-marketplace:test: > vitest run
@nzila/platform-marketplace:test: 
@nzila/platform-marketplace:test: 
@nzila/platform-marketplace:test: [1m[46m RUN [49m[22m [36mv4.1.2 [39m[90mC:/APPS/nzila-automation/packages/platform-marketplace[39m
@nzila/platform-marketplace:test: 
@nzila/platform-marketplace:test: {"level":"info","message":"[marketplace-registry] Provider registered","timestamp":"2026-04-01T20:07:58.060Z","providerKey":"slack"}
@nzila/platform-marketplace:test: {"level":"info","message":"[marketplace-registry] Provider registered","timestamp":"2026-04-01T20:07:58.064Z","providerKey":"slack"}
@nzila/platform-marketplace:test: {"level":"info","message":"[marketplace-registry] Provider registered","timestamp":"2026-04-01T20:07:58.067Z","providerKey":"slack"}
@nzila/platform-marketplace:test: {"level":"info","message":"[marketplace-registry] Provider registered","timestamp":"2026-04-01T20:07:58.067Z","providerKey":"hubspot"}
@nzila/platform-marketplace:test: {"level":"info","message":"[marketplace-installer] Installing provider","timestamp":"2026-04-01T20:07:58.071Z","orgId":"org-1","providerKey":"slack","installedBy":"user-1"}
@nzila/platform-marketplace:test: {"level":"info","message":"[marketplace-installer] Provider installation complete","timestamp":"2026-04-01T20:07:58.072Z","orgId":"org-1","providerKey":"slack","status":"active"}
@nzila/platform-marketplace:test: {"level":"info","message":"[marketplace-installer] Installing provider","timestamp":"2026-04-01T20:07:58.073Z","orgId":"org-1","providerKey":"slack","installedBy":"user-1"}
@nzila/platform-marketplace:test: {"level":"info","message":"[marketplace-installer] Installing provider","timestamp":"2026-04-01T20:07:58.074Z","orgId":"org-1","providerKey":"slack","installedBy":"user-1"}
@nzila/platform-marketplace:test: {"level":"info","message":"[marketplace-installer] Provider installation complete","timestamp":"2026-04-01T20:07:58.074Z","orgId":"org-1","providerKey":"slack","status":"active"}
@nzila/platform-marketplace:test: {"level":"info","message":"[marketplace-installer] Installing provider","timestamp":"2026-04-01T20:07:58.074Z","orgId":"org-1","providerKey":"hubspot","installedBy":"user-1"}
@nzila/platform-marketplace:test: {"level":"info","message":"[marketplace-installer] Provider installation complete","timestamp":"2026-04-01T20:07:58.074Z","orgId":"org-1","providerKey":"hubspot","status":"active"}
@nzila/platform-marketplace:test: {"level":"info","message":"[marketplace-exporter] Exported provider configs","timestamp":"2026-04-01T20:07:58.076Z","orgId":"org-1","count":1}
@nzila/platform-marketplace:test:  [32mΓ£ô[39m [30m[46m platform-marketplace [49m[39m src/__tests__/marketplace.test.ts [2m([22m[2m7 tests[22m[2m)[22m[32m 25[2mms[22m[39m
@nzila/platform-marketplace:test: 
@nzila/platform-marketplace:test: [2m Test Files [22m [1m[32m1 passed[39m[22m[90m (1)[39m
@nzila/platform-marketplace:test: [2m      Tests [22m [1m[32m7 passed[39m[22m[90m (7)[39m
@nzila/platform-marketplace:test: [2m   Start at [22m 16:07:57
@nzila/platform-marketplace:test: [2m   Duration [22m 834ms[2m (transform 296ms, setup 0ms, import 384ms, tests 25ms, environment 0ms)[22m
@nzila/platform-marketplace:test: 
@nzila/payments-stripe:test: 
@nzila/payments-stripe:test: > @nzila/payments-stripe@0.1.0 test C:\APPS\nzila-automation\packages\payments-stripe
@nzila/payments-stripe:test: > vitest run
@nzila/payments-stripe:test: 
@nzila/payments-stripe:test: 
@nzila/payments-stripe:test: [1m[46m RUN [49m[22m [36mv4.1.2 [39m[90mC:/APPS/nzila-automation/packages/payments-stripe[39m
@nzila/payments-stripe:test: 
@nzila/payments-stripe:test:  [32mΓ£ô[39m [30m[42m payments-stripe [49m[39m src/__tests__/types.test.ts [2m([22m[2m7 tests[22m[2m)[22m[32m 14[2mms[22m[39m
@nzila/payments-stripe:test:  [32mΓ£ô[39m [30m[42m payments-stripe [49m[39m src/__tests__/reports.test.ts [2m([22m[2m3 tests[22m[2m)[22m[32m 8[2mms[22m[39m
@nzila/payments-stripe:test:  [32mΓ£ô[39m [30m[42m payments-stripe [49m[39m src/__tests__/webhooks.test.ts [2m([22m[2m8 tests[22m[2m)[22m[32m 12[2mms[22m[39m
@nzila/payments-stripe:test:  [32mΓ£ô[39m [30m[42m payments-stripe [49m[39m src/__tests__/primitives.test.ts [2m([22m[2m8 tests[22m[2m)[22m[32m 20[2mms[22m[39m
@nzila/payments-stripe:test:  [32mΓ£ô[39m [30m[42m payments-stripe [49m[39m src/__tests__/env.test.ts [2m([22m[2m8 tests[22m[2m)[22m[32m 129[2mms[22m[39m
@nzila/payments-stripe:test: 
@nzila/payments-stripe:test: [2m Test Files [22m [1m[32m5 passed[39m[22m[90m (5)[39m
@nzila/payments-stripe:test: [2m      Tests [22m [1m[32m34 passed[39m[22m[90m (34)[39m
@nzila/payments-stripe:test: [2m   Start at [22m 16:07:57
@nzila/payments-stripe:test: [2m   Duration [22m 857ms[2m (transform 958ms, setup 0ms, import 1.14s, tests 182ms, environment 1ms)[22m
@nzila/payments-stripe:test: 
@nzila/commerce-evidence:test: cache hit, replaying logs 59ebad7e44dde4d9
@nzila/integrations-runtime:test: cache hit, replaying logs 96c64324babd1e59
@nzila/ai-registry:test: 
@nzila/ai-registry:test: > @nzila/ai-registry@0.1.0 test C:\APPS\nzila-automation\packages\ai-registry
@nzila/ai-registry:test: > vitest run
@nzila/ai-registry:test: 
@nzila/ai-registry:test: 
@nzila/ai-registry:test: [1m[46m RUN [49m[22m [36mv4.1.2 [39m[90mC:/APPS/nzila-automation/packages/ai-registry[39m
@nzila/ai-registry:test: 
@nzila/ai-registry:test:  [32mΓ£ô[39m [30m[45m ai-registry [49m[39m src/__tests__/carbon-tracking.test.ts [2m([22m[2m8 tests[22m[2m)[22m[32m 20[2mms[22m[39m
@nzila/ai-registry:test:  [32mΓ£ô[39m [30m[45m ai-registry [49m[39m src/__tests__/bias-detection.test.ts [2m([22m[2m7 tests[22m[2m)[22m[32m 20[2mms[22m[39m
@nzila/ai-registry:test:  [32mΓ£ô[39m [30m[45m ai-registry [49m[39m src/__tests__/ai-registry.test.ts [2m([22m[2m13 tests[22m[2m)[22m[32m 32[2mms[22m[39m
@nzila/ai-registry:test: 
@nzila/ai-registry:test: [2m Test Files [22m [1m[32m3 passed[39m[22m[90m (3)[39m
@nzila/ai-registry:test: [2m      Tests [22m [1m[32m28 passed[39m[22m[90m (28)[39m
@nzila/ai-registry:test: [2m   Start at [22m 16:07:53
@nzila/ai-registry:test: [2m   Duration [22m 991ms[2m (transform 506ms, setup 0ms, import 747ms, tests 72ms, environment 1ms)[22m
@nzila/ai-registry:test: 
@nzila/mobility:test: 
@nzila/mobility:test: > @nzila/mobility@0.0.1 test C:\APPS\nzila-automation\apps\mobility
@nzila/mobility:test: > vitest run
@nzila/mobility:test: 
@nzila/mobility:test: 
@nzila/mobility:test: [1m[46m RUN [49m[22m [36mv4.1.2 [39m[90mC:/APPS/nzila-automation/apps/mobility[39m
@nzila/mobility:test: 
@nzila/mobility:test:  [32mΓ£ô[39m [30m[46m mobility [49m[39m app/api/health/route.test.ts [2m([22m[2m3 tests[22m[2m)[22m[32m 26[2mms[22m[39m
@nzila/mobility:test: 
@nzila/mobility:test: [2m Test Files [22m [1m[32m1 passed[39m[22m[90m (1)[39m
@nzila/mobility:test: [2m      Tests [22m [1m[32m3 passed[39m[22m[90m (3)[39m
@nzila/mobility:test: [2m   Start at [22m 17:05:23
@nzila/mobility:test: [2m   Duration [22m 1.06s[2m (transform 109ms, setup 0ms, import 378ms, tests 26ms, environment 0ms)[22m
@nzila/mobility:test: 
@nzila/commerce-evidence:test: 
@nzila/commerce-evidence:test: > @nzila/commerce-evidence@0.1.0 test C:\APPS\nzila-automation\packages\commerce-evidence
@nzila/commerce-evidence:test: > vitest run
@nzila/commerce-evidence:test: 
@nzila/commerce-evidence:test: 
@nzila/commerce-evidence:test: [1m[46m RUN [49m[22m [36mv4.1.2 [39m[90mC:/APPS/nzila-automation/packages/commerce-evidence[39m
@nzila/commerce-evidence:test: 
@nzila/commerce-evidence:test:  [32mΓ£ô[39m src/evidence.test.ts [2m([22m[2m19 tests[22m[2m)[22m[32m 26[2mms[22m[39m
@nzila/commerce-evidence:test: 
@nzila/commerce-evidence:test: [2m Test Files [22m [1m[32m1 passed[39m[22m[90m (1)[39m
@nzila/commerce-evidence:test: [2m      Tests [22m [1m[32m19 passed[39m[22m[90m (19)[39m
@nzila/commerce-evidence:test: [2m   Start at [22m 17:05:23
@nzila/commerce-evidence:test: [2m   Duration [22m 961ms[2m (transform 289ms, setup 0ms, import 349ms, tests 26ms, environment 0ms)[22m
@nzila/commerce-evidence:test: 
@nzila/finops:test: cache hit, replaying logs 26c0330ed9876f9f
@nzila/integrations-runtime:test: 
@nzila/integrations-runtime:test: > @nzila/integrations-runtime@0.1.0 test C:\APPS\nzila-automation\packages\integrations-runtime
@nzila/integrations-runtime:test: > vitest run
@nzila/integrations-runtime:test: 
@nzila/integrations-runtime:test: 
@nzila/integrations-runtime:test: [1m[46m RUN [49m[22m [36mv4.1.2 [39m[90mC:/APPS/nzila-automation/packages/integrations-runtime[39m
@nzila/integrations-runtime:test: 
@nzila/integrations-runtime:test:  [32mΓ£ô[39m [30m[42m integrations-runtime [49m[39m src/__tests__/mock-adapter.test.ts [2m([22m[2m8 tests[22m[2m)[22m[32m 69[2mms[22m[39m
@nzila/integrations-runtime:test:  [32mΓ£ô[39m [30m[42m integrations-runtime [49m[39m src/dispatcher.test.ts [2m([22m[2m2 tests[22m[2m)[22m[32m 36[2mms[22m[39m
@nzila/integrations-runtime:test:  [32mΓ£ô[39m [30m[42m integrations-runtime [49m[39m src/circuitBreaker.test.ts [2m([22m[2m12 tests[22m[2m)[22m[32m 31[2mms[22m[39m
@nzila/integrations-runtime:test:  [32mΓ£ô[39m [30m[42m integrations-runtime [49m[39m src/slo.test.ts [2m([22m[2m7 tests[22m[2m)[22m[32m 28[2mms[22m[39m
@nzila/integrations-runtime:test:  [32mΓ£ô[39m [30m[42m integrations-runtime [49m[39m src/retry.test.ts [2m([22m[2m6 tests[22m[2m)[22m[32m 70[2mms[22m[39m
@nzila/integrations-runtime:test:  [32mΓ£ô[39m [30m[42m integrations-runtime [49m[39m src/rateLimitParser.test.ts [2m([22m[2m18 tests[22m[2m)[22m[32m 16[2mms[22m[39m
@nzila/integrations-runtime:test:  [32mΓ£ô[39m [30m[42m integrations-runtime [49m[39m src/metrics.test.ts [2m([22m[2m9 tests[22m[2m)[22m[32m 19[2mms[22m[39m
@nzila/integrations-runtime:test:  [32mΓ£ô[39m [30m[42m integrations-runtime [49m[39m src/__tests__/timeout.test.ts [2m([22m[2m7 tests[22m[2m)[22m[32m 123[2mms[22m[39m
@nzila/integrations-runtime:test:  [32mΓ£ô[39m [30m[42m integrations-runtime [49m[39m src/__tests__/resilientAdapter.test.ts [2m([22m[2m5 tests[22m[2m)[22m[32m 22[2mms[22m[39m
@nzila/integrations-runtime:test:  [32mΓ£ô[39m [30m[42m integrations-runtime [49m[39m src/chaos.test.ts [2m([22m[2m17 tests[22m[2m)[22m[32m 23[2mms[22m[39m
@nzila/integrations-runtime:test:  [32mΓ£ô[39m [30m[42m integrations-runtime [49m[39m src/__tests__/adapter-validator.test.ts [2m([22m[2m9 tests[22m[2m)[22m[32m 20[2mms[22m[39m
@nzila/integrations-runtime:test:  [32mΓ£ô[39m [30m[42m integrations-runtime [49m[39m src/__tests__/classified-retry.test.ts [2m([22m[2m6 tests[22m[2m)[22m[32m 114[2mms[22m[39m
@nzila/integrations-runtime:test: {"event":"provider_request","severity":"debug","request_id":"29546d5a-d429-4407-ba83-6cbff59ca24c","correlation_id":"d978a9c0-5d1e-459c-9b88-ce1b1270d820","org_id":"platform","timestamp":"2026-04-01T20:08:04Z","metadata":{"provider":"resend","channel":"email"}}
@nzila/integrations-runtime:test: {"event":"provider_response","severity":"info","request_id":"29546d5a-d429-4407-ba83-6cbff59ca24c","correlation_id":"d978a9c0-5d1e-459c-9b88-ce1b1270d820","org_id":"platform","timestamp":"2026-04-01T20:08:04Z","metadata":{"provider":"resend","channel":"email","statusCode":200,"latencyMs":42}}
@nzila/integrations-runtime:test: {"event":"sync_completed","severity":"info","request_id":"29546d5a-d429-4407-ba83-6cbff59ca24c","correlation_id":"d978a9c0-5d1e-459c-9b88-ce1b1270d820","org_id":"platform","timestamp":"2026-04-01T20:08:04Z","metadata":{"provider":"resend","channel":"email","success":true,"durationMs":2}}
@nzila/integrations-runtime:test: {"event":"provider_response","severity":"info","request_id":"26d5ab27-8ef7-49f4-bbac-5116a7d72054","correlation_id":"6d84d946-8eca-4e5a-b3ad-9cce0dec020f","org_id":"platform","timestamp":"2026-04-01T20:08:04Z","metadata":{"provider":"slack","channel":"chatops","statusCode":504,"latencyMs":15001}}
@nzila/integrations-runtime:test: {"event":"provider_request","severity":"debug","request_id":"bcb4befb-35b0-41a3-8553-1b74b2203f6f","correlation_id":"10295b06-c7c1-4fe1-9927-c45de02dc310","org_id":"platform","timestamp":"2026-04-01T20:08:04Z","metadata":{"provider":"resend","channel":"email"}}
@nzila/integrations-runtime:test: {"event":"provider_response","severity":"info","request_id":"bcb4befb-35b0-41a3-8553-1b74b2203f6f","correlation_id":"10295b06-c7c1-4fe1-9927-c45de02dc310","org_id":"platform","timestamp":"2026-04-01T20:08:04Z","metadata":{"provider":"resend","channel":"email","statusCode":200,"latencyMs":50}}
@nzila/integrations-runtime:test: {"event":"sync_completed","severity":"info","request_id":"bcb4befb-35b0-41a3-8553-1b74b2203f6f","correlation_id":"10295b06-c7c1-4fe1-9927-c45de02dc310","org_id":"platform","timestamp":"2026-04-01T20:08:04Z","metadata":{"provider":"resend","channel":"email","success":true,"durationMs":0}}
@nzila/integrations-runtime:test: {"event":"provider_request","severity":"debug","request_id":"198e705f-60d0-41e8-9e2b-2886569cbf91","correlation_id":"500af1c8-f6c0-4ef6-ba26-8fea873e4783","org_id":"platform","timestamp":"2026-04-01T20:08:04Z","metadata":{"provider":"resend","channel":"email"}}
@nzila/integrations-runtime:test: {"event":"provider_response","severity":"info","request_id":"198e705f-60d0-41e8-9e2b-2886569cbf91","correlation_id":"500af1c8-f6c0-4ef6-ba26-8fea873e4783","org_id":"platform","timestamp":"2026-04-01T20:08:04Z","metadata":{"provider":"resend","channel":"email","statusCode":200,"latencyMs":50}}
@nzila/integrations-runtime:test: {"event":"sync_completed","severity":"info","request_id":"198e705f-60d0-41e8-9e2b-2886569cbf91","correlation_id":"500af1c8-f6c0-4ef6-ba26-8fea873e4783","org_id":"platform","timestamp":"2026-04-01T20:08:04Z","metadata":{"provider":"resend","channel":"email","success":true,"durationMs":0}}
@nzila/integrations-runtime:test:  [32mΓ£ô[39m [30m[42m integrations-runtime [49m[39m src/__tests__/reliability-contracts.test.ts [2m([22m[2m18 tests[22m[2m)[22m[32m 132[2mms[22m[39m
@nzila/integrations-runtime:test: 
@nzila/integrations-runtime:test: [2m Test Files [22m [1m[32m13 passed[39m[22m[90m (13)[39m
@nzila/integrations-runtime:test: [2m      Tests [22m [1m[32m124 passed[39m[22m[90m (124)[39m
@nzila/integrations-runtime:test: [2m   Start at [22m 16:07:59
@nzila/integrations-runtime:test: [2m   Duration [22m 4.92s[2m (transform 7.68s, setup 0ms, import 11.11s, tests 704ms, environment 4ms)[22m
@nzila/integrations-runtime:test: 
@nzila/cora:test: cache hit, replaying logs b02b69d8d7cfa90f
@nzila/trade-adapters:test: cache hit, replaying logs 2031cb61128e125e
@nzila/tools-runtime:test: cache hit, replaying logs 4b33d9aa9808322e
@nzila/union-eyes:test: cache hit, replaying logs 24d1d3041197f9a5
@nzila/finops:test: 
@nzila/finops:test: > @nzila/finops@0.1.0 test C:\APPS\nzila-automation\packages\finops
@nzila/finops:test: > vitest run
@nzila/finops:test: 
@nzila/finops:test: 
@nzila/finops:test: [1m[46m RUN [49m[22m [36mv4.1.2 [39m[90mC:/APPS/nzila-automation/packages/finops[39m
@nzila/finops:test: 
@nzila/finops:test:  [32mΓ£ô[39m [30m[42m finops [49m[39m src/__tests__/org-provisioning.test.ts [2m([22m[2m7 tests[22m[2m)[22m[32m 24[2mms[22m[39m
@nzila/finops:test:  [32mΓ£ô[39m [30m[42m finops [49m[39m src/__tests__/finops.test.ts [2m([22m[2m20 tests[22m[2m)[22m[32m 28[2mms[22m[39m
@nzila/finops:test: 
@nzila/finops:test: [2m Test Files [22m [1m[32m2 passed[39m[22m[90m (2)[39m
@nzila/finops:test: [2m      Tests [22m [1m[32m27 passed[39m[22m[90m (27)[39m
@nzila/finops:test: [2m   Start at [22m 16:08:00
@nzila/finops:test: [2m   Duration [22m 1.01s[2m (transform 451ms, setup 0ms, import 581ms, tests 51ms, environment 1ms)[22m
@nzila/finops:test: 
@nzila/cora:test: 
@nzila/cora:test: > @nzila/cora@0.1.0 test C:\APPS\nzila-automation\apps\cora
@nzila/cora:test: > vitest run
@nzila/cora:test: 
@nzila/cora:test: 
@nzila/cora:test: [1m[46m RUN [49m[22m [36mv4.1.2 [39m[90mC:/APPS/nzila-automation/apps/cora[39m
@nzila/cora:test: 
@nzila/cora:test:  [32mΓ£ô[39m [30m[45m cora [49m[39m lib/__tests__/smoke.test.ts [2m([22m[2m5 tests[22m[2m)[22m[32m 14[2mms[22m[39m
@nzila/cora:test:  [32mΓ£ô[39m [30m[45m cora [49m[39m lib/__tests__/resolve-org.test.ts [2m([22m[2m8 tests[22m[2m)[22m[32m 16[2mms[22m[39m
@nzila/cora:test: 
@nzila/cora:test: [2m Test Files [22m [1m[32m2 passed[39m[22m[90m (2)[39m
@nzila/cora:test: [2m      Tests [22m [1m[32m13 passed[39m[22m[90m (13)[39m
@nzila/cora:test: [2m   Start at [22m 17:05:23
@nzila/cora:test: [2m   Duration [22m 773ms[2m (transform 262ms, setup 0ms, import 343ms, tests 30ms, environment 0ms)[22m
@nzila/cora:test: 
@nzila/platform-policy-engine:test: cache hit, replaying logs 82c7f09fe18f5499
@nzila/trade-adapters:test: 
@nzila/trade-adapters:test: > @nzila/trade-adapters@0.1.0 test C:\APPS\nzila-automation\packages\trade-adapters
@nzila/trade-adapters:test: > vitest run
@nzila/trade-adapters:test: 
@nzila/trade-adapters:test: 
@nzila/trade-adapters:test: [1m[46m RUN [49m[22m [36mv4.1.2 [39m[90mC:/APPS/nzila-automation/packages/trade-adapters[39m
@nzila/trade-adapters:test: 
@nzila/trade-adapters:test:  [32mΓ£ô[39m src/adapters.test.ts [2m([22m[2m18 tests[22m[2m)[22m[32m 27[2mms[22m[39m
@nzila/trade-adapters:test: 
@nzila/trade-adapters:test: [2m Test Files [22m [1m[32m1 passed[39m[22m[90m (1)[39m
@nzila/trade-adapters:test: [2m      Tests [22m [1m[32m18 passed[39m[22m[90m (18)[39m
@nzila/trade-adapters:test: [2m   Start at [22m 17:05:22
@nzila/trade-adapters:test: [2m   Duration [22m 1.60s[2m (transform 141ms, setup 0ms, import 177ms, tests 27ms, environment 0ms)[22m
@nzila/trade-adapters:test: 
@nzila/platform-intelligence:test: cache hit, replaying logs efa7b298a96ab550
@nzila/union-eyes:test: 
@nzila/union-eyes:test: > @nzila/union-eyes@1.0.0 test C:\APPS\nzila-automation\apps\union-eyes
@nzila/union-eyes:test: > vitest run
@nzila/union-eyes:test: 
@nzila/union-eyes:test: 
@nzila/union-eyes:test: [1m[46m RUN [49m[22m [36mv4.1.2 [39m[90mC:/APPS/nzila-automation/apps/union-eyes[39m
@nzila/union-eyes:test: 
@nzila/union-eyes:test:  [32mΓ£ô[39m [30m[46m union-eyes [49m[39m lib/__tests__/circuit-breaker.test.ts [2m([22m[2m11 tests[22m[2m)[22m[32m 268[2mms[22m[39m
@nzila/union-eyes:test:  [32mΓ£ô[39m [30m[46m union-eyes [49m[39m lib/resilience/__tests__/circuit-breaker.test.ts [2m([22m[2m20 tests[22m[2m)[22m[32m 287[2mms[22m[39m
@nzila/union-eyes:test:  [32mΓ£ô[39m [30m[46m union-eyes [49m[39m lib/services/__tests__/cache-service.test.ts [2m([22m[2m34 tests[22m[2m)[22m[33m 1166[2mms[22m[39m
@nzila/union-eyes:test:      [33m[2mΓ£ô[22m[39m initRedis creates Redis instance [33m 1079[2mms[22m[39m
@nzila/union-eyes:test:  [32mΓ£ô[39m [30m[46m union-eyes [49m[39m lib/__tests__/claim-notifications.test.ts [2m([22m[2m4 tests[22m[2m)[22m[33m 1395[2mms[22m[39m
@nzila/union-eyes:test:      [33m[2mΓ£ô[22m[39m returns error when claim not found [33m 1385[2mms[22m[39m
@nzila/union-eyes:test: Γä╣∩╕Å [2026-04-01T21:05:32.868Z] [INFO] [e1e8f3e2-070a-4c13-9ced-eb0cabc2be02] Performance: test-operation
@nzila/union-eyes:test:   Context: {
@nzila/union-eyes:test:   "durationMs": 1
@nzila/union-eyes:test: }
@nzila/union-eyes:test:  [32mΓ£ô[39m [30m[46m union-eyes [49m[39m lib/__tests__/rate-limiter.test.ts [2m([22m[2m25 tests[22m[2m)[22m[33m 1840[2mms[22m[39m
@nzila/union-eyes:test:        [33m[2mΓ£ô[22m[39m allows requests under the limit [33m 1786[2mms[22m[39m
@nzila/union-eyes:test: Γä╣∩╕Å [2026-04-01T21:05:32.898Z] [INFO] [test-corr-id] HTTP GET /api/test 200
@nzila/union-eyes:test:   Context: {
@nzila/union-eyes:test:   "method": "GET",
@nzila/union-eyes:test:   "path": "/api/test",
@nzila/union-eyes:test:   "status": 200,
@nzila/union-eyes:test:   "durationMs": 0,
@nzila/union-eyes:test:   "correlationId": "test-corr-id"
@nzila/union-eyes:test: }
@nzila/union-eyes:test: Γ¥î [2026-04-01T21:05:32.911Z] [ERROR] [07bab17f-9435-4e6d-a76d-f9e5017799d3] Unhandled error in /api/fail
@nzila/union-eyes:test:   Context: {
@nzila/union-eyes:test:   "method": "GET",
@nzila/union-eyes:test:   "correlationId": "07bab17f-9435-4e6d-a76d-f9e5017799d3",
@nzila/union-eyes:test:   "durationMs": 2,
@nzila/union-eyes:test:   "error": {
@nzila/union-eyes:test:     "name": "Error",
@nzila/union-eyes:test:     "message": "handler-boom",
@nzila/union-eyes:test:     "stack": "Error: handler-boom\n    at C:/APPS/nzila-automation/apps/union-eyes/lib/__tests__/logger.test.ts:195:49\n    at file:///C:/APPS/nzila-automation/node_modules/@vitest/runner/dist/chunk-artifact.js:302:11\n    at file:///C:/APPS/nzila-automation/node_modules/@vitest/runner/dist/chunk-artifact.js:1893:26\n    at file:///C:/APPS/nzila-automation/node_modules/@vitest/runner/dist/chunk-artifact.js:2316:20\n    at new Promise (<anonymous>)\n    at runWithCancel (file:///C:/APPS/nzila-automation/node_modules/@vitest/runner/dist/chunk-artifact.js:2313:10)\n    at file:///C:/APPS/nzila-automation/node_modules/@vitest/runner/dist/chunk-artifact.js:2295:20\n    at new Promise (<anonymous>)\n    at runWithTimeout (file:///C:/APPS/nzila-automation/node_modules/@vitest/runner/dist/chunk-artifact.js:2262:10)\n    at file:///C:/APPS/nzila-automation/node_modules/@vitest/runner/dist/chunk-artifact.js:2945:64"
@nzila/union-eyes:test:   }
@nzila/union-eyes:test: }
@nzila/union-eyes:test: ΓÜá∩╕Å [2026-04-01T21:05:32.921Z] [WARN] [07bab17f-9435-4e6d-a76d-f9e5017799d3] server-warn
@nzila/union-eyes:test:   Context: {
@nzila/union-eyes:test:   "a": 1
@nzila/union-eyes:test: }
@nzila/union-eyes:test: ΓÜá∩╕Å [2026-04-01T21:05:32.922Z] [WARN] [f5f6b080-cb15-4d5d-af2d-189c4b628b32] browser-warn-no-sentry
@nzila/union-eyes:test: Γ¥î [2026-04-01T21:05:32.926Z] [ERROR] [153c2f73-69a1-4d6b-ad5d-aed30af91c97] browser-error-no-sentry
@nzila/union-eyes:test:   Context: {
@nzila/union-eyes:test:   "error": {
@nzila/union-eyes:test:     "name": "Error",
@nzila/union-eyes:test:     "message": "x",
@nzila/union-eyes:test:     "stack": "Error: x\n    at C:/APPS/nzila-automation/apps/union-eyes/lib/__tests__/logger.test.ts:288:64\n    at Proxy.assertThrows (file:///C:/APPS/nzila-automation/node_modules/@vitest/expect/node_modules/chai/index.js:2798:5)\n    at Proxy.methodWrapper (file:///C:/APPS/nzila-automation/node_modules/@vitest/expect/node_modules/chai/index.js:1700:25)\n    at Proxy.<anonymous> (file:///C:/APPS/nzila-automation/node_modules/@vitest/expect/dist/index.js:1215:12)\n    at Proxy.overwritingMethodWrapper (file:///C:/APPS/nzila-automation/node_modules/@vitest/expect/node_modules/chai/index.js:1750:33)\n    at Proxy.<anonymous> (file:///C:/APPS/nzila-automation/node_modules/@vitest/expect/dist/index.js:1551:16)\n    at Proxy.<anonymous> (file:///C:/APPS/nzila-automation/node_modules/@vitest/expect/dist/index.js:1155:15)\n    at Proxy.methodWrapper (file:///C:/APPS/nzila-automation/node_modules/@vitest/expect/node_modules/chai/index.js:1700:25)\n    at C:/APPS/nzila-automation/apps/union-eyes/lib/__tests__/logger.test.ts:288:85\n    at processTicksAndRejections (node:internal/process/task_queues:103:5)"
@nzila/union-eyes:test:   }
@nzila/union-eyes:test: }
@nzila/union-eyes:test: Γä╣∩╕Å [2026-04-01T21:05:32.928Z] [INFO] [153c2f73-69a1-4d6b-ad5d-aed30af91c97] Performance: slow-op
@nzila/union-eyes:test:   Context: {
@nzila/union-eyes:test: ΓÜá∩╕Å [2026-04-01T21:05:32.928Z] [WARN] [153c2f73-69a1-4d6b-ad5d-aed30af91c97] Slow operation detected: slow-op
@nzila/union-eyes:test:   "durationMs": 1505
@nzila/union-eyes:test: }
@nzila/union-eyes:test:   Context: {
@nzila/union-eyes:test:   "durationMs": 1505
@nzila/union-eyes:test: }
@nzila/union-eyes:test:  [32mΓ£ô[39m [30m[46m union-eyes [49m[39m lib/services/cba-intelligence/__tests__/ingestion-extraction-pipeline.test.ts [2m([22m[2m7 tests[22m[2m)[22m[33m 1895[2mms[22m[39m
@nzila/union-eyes:test:      [33m[2mΓ£ô[22m[39m runs full ingestion: discover ΓåÆ fetch ΓåÆ persist ΓåÆ metrics [33m 1769[2mms[22m[39m
@nzila/union-eyes:test: Γ¥î [2026-04-01T21:05:32.930Z] [ERROR] [153c2f73-69a1-4d6b-ad5d-aed30af91c97] error-with-sentry-fail
@nzila/union-eyes:test:   Context: {
@nzila/union-eyes:test:   "error": {
@nzila/union-eyes:test:     "name": "Error",
@nzila/union-eyes:test:     "message": "x",
@nzila/union-eyes:test:     "stack": "Error: x\n    at C:/APPS/nzila-automation/apps/union-eyes/lib/__tests__/logger.test.ts:317:72\n    at Proxy.assertThrows (file:///C:/APPS/nzila-automation/node_modules/@vitest/expect/node_modules/chai/index.js:2798:5)\n    at Proxy.methodWrapper (file:///C:/APPS/nzila-automation/node_modules/@vitest/expect/node_modules/chai/index.js:1700:25)\n    at Proxy.<anonymous> (file:///C:/APPS/nzila-automation/node_modules/@vitest/expect/dist/index.js:1215:12)\n    at Proxy.overwritingMethodWrapper (file:///C:/APPS/nzila-automation/node_modules/@vitest/expect/node_modules/chai/index.js:1750:33)\n    at Proxy.<anonymous> (file:///C:/APPS/nzila-automation/node_modules/@vitest/expect/dist/index.js:1551:16)\n    at Proxy.<anonymous> (file:///C:/APPS/nzila-automation/node_modules/@vitest/expect/dist/index.js:1155:15)\n    at Proxy.methodWrapper (file:///C:/APPS/nzila-automation/node_modules/@vitest/expect/node_modules/chai/index.js:1700:25)\n    at C:/APPS/nzila-automation/apps/union-eyes/lib/__tests__/logger.test.ts:317:93\n    at processTicksAndRejections (node:internal/process/task_queues:103:5)"
@nzila/union-eyes:test:   }
@nzila/union-eyes:test: }
@nzila/union-eyes:test: ΓÜá∩╕Å [2026-04-01T21:05:32.933Z] [WARN] [153c2f73-69a1-4d6b-ad5d-aed30af91c97] warn-no-sentry
@nzila/union-eyes:test: ΓÜá∩╕Å [2026-04-01T21:05:32.934Z] [WARN] [153c2f73-69a1-4d6b-ad5d-aed30af91c97] warn-with-sentry
@nzila/union-eyes:test: Γ¥î [2026-04-01T21:05:32.935Z] [ERROR] [153c2f73-69a1-4d6b-ad5d-aed30af91c97] error-no-sentry
@nzila/union-eyes:test:   Context: {
@nzila/union-eyes:test:   "error": {
@nzila/union-eyes:test:     "name": "Error",
@nzila/union-eyes:test:     "message": "x",
@nzila/union-eyes:test:     "stack": "Error: x\n    at C:/APPS/nzila-automation/apps/union-eyes/lib/__tests__/logger.test.ts:359:43\n    at processTicksAndRejections (node:internal/process/task_queues:103:5)\n    at file:///C:/APPS/nzila-automation/node_modules/@vitest/runner/dist/chunk-artifact.js:1893:20"
@nzila/union-eyes:test:   }
@nzila/union-eyes:test: }
@nzila/union-eyes:test:  [32mΓ£ô[39m [30m[46m union-eyes [49m[39m lib/services/__tests__/voting-crypto-service.test.ts [2m([22m[2m8 tests[22m[2m)[22m[33m 2073[2mms[22m[39m
@nzila/union-eyes:test:        [33m[2mΓ£ô[22m[39m produces deterministic output for same inputs [33m 475[2mms[22m[39m
@nzila/union-eyes:test:  [32mΓ£ô[39m [30m[46m union-eyes [49m[39m lib/services/__tests__/support-service.test.ts [2m([22m[2m16 tests[22m[2m)[22m[33m 2553[2mms[22m[39m
@nzila/union-eyes:test:      [33m[2mΓ£ô[22m[39m getTicketById returns null when not found [33m 2525[2mms[22m[39m
@nzila/union-eyes:test:  [32mΓ£ô[39m [30m[46m union-eyes [49m[39m lib/services/__tests__/satisfaction-service.test.ts [2m([22m[2m21 tests[22m[2m)[22m[33m 2567[2mms[22m[39m
@nzila/union-eyes:test:        [33m[2mΓ£ô[22m[39m returns existing survey if already created [33m 2534[2mms[22m[39m
@nzila/union-eyes:test: Warning: A vi.mock("resend") call in "C:/APPS/nzila-automation/apps/union-eyes/lib/__tests__/email-service.test.ts" is not at the top level of the module. Although it appears nested, it will be hoisted and executed before any tests run. Move it to the top level to reflect its actual execution order. This will become an error in a future version.
@nzila/union-eyes:test: See: https://vitest.dev/guide/mocking/modules#how-it-works
@nzila/union-eyes:test: Warning: A vi.mock("@/lib/logger") call in "C:/APPS/nzila-automation/apps/union-eyes/lib/__tests__/email-service.test.ts" is not at the top level of the module. Although it appears nested, it will be hoisted and executed before any tests run. Move it to the top level to reflect its actual execution order. This will become an error in a future version.
@nzila/tools-runtime:test: 
@nzila/tools-runtime:test: > @nzila/tools-runtime@0.1.0 test C:\APPS\nzila-automation\packages\tools-runtime
@nzila/union-eyes:test: See: https://vitest.dev/guide/mocking/modules#how-it-works
@nzila/union-eyes:test:  [32mΓ£ô[39m [30m[46m union-eyes [49m[39m lib/__tests__/azure-keyvault.test.ts [2m([22m[2m6 tests[22m[2m)[22m[33m 1222[2mms[22m[39m
@nzila/union-eyes:test:      [33m[2mΓ£ô[22m[39m getEncryptionKey retrieves secret from key vault [33m 1206[2mms[22m[39m
@nzila/union-eyes:test:  [32mΓ£ô[39m [30m[46m union-eyes [49m[39m lib/__tests__/organization-utils.test.ts [2m([22m[2m25 tests[22m[2m)[22m[33m 639[2mms[22m[39m
@nzila/union-eyes:test:        [33m[2mΓ£ô[22m[39m returns the default organization ID constant [33m 611[2mms[22m[39m
@nzila/union-eyes:test:  [32mΓ£ô[39m [30m[46m union-eyes [49m[39m lib/ai/__tests__/mamba-service.test.ts [2m([22m[2m11 tests[22m[2m)[22m[33m 2829[2mms[22m[39m
@nzila/tools-runtime:test: > vitest run
@nzila/tools-runtime:test: 
@nzila/union-eyes:test:        [33m[2mΓ£ô[22m[39m chunks and processes long documents [33m 2005[2mms[22m[39m
@nzila/union-eyes:test:  [32mΓ£ô[39m [30m[46m union-eyes [49m[39m lib/__tests__/dues-calculation-engine.test.ts [2m([22m[2m18 tests[22m[2m)[22m[33m 1264[2mms[22m[39m
@nzila/tools-runtime:test: 
@nzila/tools-runtime:test: [1m[46m RUN [49m[22m [36mv4.1.2 [39m[90mC:/APPS/nzila-automation/packages/tools-runtime[39m
@nzila/union-eyes:test:      [33m[2mΓ£ô[22m[39m returns null when no assignment found [33m 1225[2mms[22m[39m
@nzila/union-eyes:test:  [32mΓ£ô[39m [30m[46m union-eyes [49m[39m lib/__tests__/email-service.test.ts [2m([22m[2m9 tests[22m[2m)[22m[32m 94[2mms[22m[39m
@nzila/union-eyes:test:  [32mΓ£ô[39m [30m[46m union-eyes [49m[39m lib/__tests__/cba-intelligence-integration.test.ts [2m([22m[2m11 tests[22m[2m)[22m[33m 3302[2mms[22m[39m
@nzila/union-eyes:test:      [33m[2mΓ£ô[22m[39m Step 1: creates a source via source-registry [33m 2563[2mms[22m[39m
@nzila/union-eyes:test:      [33m[2mΓ£ô[22m[39m Step 2: creates an ingestion job [33m 448[2mms[22m[39m
@nzila/tools-runtime:test: 
@nzila/tools-runtime:test:  [32mΓ£ô[39m [30m[43m tools-runtime [49m[39m src/sanitize.test.ts [2m([22m[2m10 tests[22m[2m)[22m[32m 17[2mms[22m[39m
@nzila/tools-runtime:test:  [32mΓ£ô[39m [30m[43m tools-runtime [49m[39m src/integration.test.ts [2m([22m[2m4 tests[22m[2m | [22m[33m1 skipped[39m[2m)[22m[32m 56[2mms[22m[39m
@nzila/union-eyes:test:  [32mΓ£ô[39m [30m[46m union-eyes [49m[39m lib/__tests__/org-context.test.tsx [2m([22m[2m8 tests[22m[2m)[22m[33m 469[2mms[22m[39m
@nzila/union-eyes:test: (node:53400) [DEP0040] DeprecationWarning: The `punycode` module is deprecated. Please use a userland alternative instead.
@nzila/tools-runtime:test:  [32mΓ£ô[39m [30m[43m tools-runtime [49m[39m src/chunker.test.ts [2m([22m[2m11 tests[22m[2m)[22m[32m 18[2mms[22m[39m
@nzila/tools-runtime:test:  [32mΓ£ô[39m [30m[43m tools-runtime [49m[39m src/blobTool.test.ts [2m([22m[2m4 tests[22m[2m)[22m[32m 9[2mms[22m[39m
@nzila/union-eyes:test: (Use `node --trace-deprecation ...` to show where the warning was created)
@nzila/union-eyes:test:  [32mΓ£ô[39m [30m[46m union-eyes [49m[39m lib/services/__tests__/ocr-service.test.ts [2m([22m[2m10 tests[22m[2m)[22m[33m 1911[2mms[22m[39m
@nzila/tools-runtime:test: 
@nzila/tools-runtime:test: [2m Test Files [22m [1m[32m4 passed[39m[22m[90m (4)[39m
@nzila/union-eyes:test:        [33m[2mΓ£ô[22m[39m throws on missing SDK [33m 1423[2mms[22m[39m
@nzila/union-eyes:test:        [33m[2mΓ£ô[22m[39m throws on missing SDK [33m 460[2mms[22m[39m
@nzila/tools-runtime:test: [2m      Tests [22m [1m[32m28 passed[39m[22m[2m | [22m[33m1 skipped[39m[90m (29)[39m
@nzila/tools-runtime:test: [2m   Start at [22m 16:08:00
@nzila/union-eyes:test:  [32mΓ£ô[39m [30m[46m union-eyes [49m[39m lib/__tests__/useUEMlSignals.test.ts [2m([22m[2m8 tests[22m[2m)[22m[33m 562[2mms[22m[39m
@nzila/union-eyes:test:  [32mΓ£ô[39m [30m[46m union-eyes [49m[39m lib/db/__tests__/query-performance-monitor.test.ts [2m([22m[2m33 tests[22m[2m)[22m[33m 2819[2mms[22m[39m
@nzila/tools-runtime:test: [2m   Duration [22m 949ms[2m (transform 651ms, setup 0ms, import 922ms, tests 101ms, environment 2ms)[22m
@nzila/union-eyes:test:        [33m[2mΓ£ô[22m[39m generates recommendation for slow JOIN queries [33m 511[2mms[22m[39m
@nzila/tools-runtime:test: 
@nzila/union-eyes:test:        [33m[2mΓ£ô[22m[39m generates recommendation for slow ORDER BY queries [33m 311[2mms[22m[39m
@nzila/union-eyes:test:        [33m[2mΓ£ô[22m[39m generates recommendation for queries over 1 second [33m 1010[2mms[22m[39m
@nzila/union-eyes:test:        [33m[2mΓ£ô[22m[39m shifts oldest slow query when history exceeds max [33m 510[2mms[22m[39m
@nzila/union-eyes:test:  [32mΓ£ô[39m [30m[46m union-eyes [49m[39m lib/hooks/__tests__/useCUPEVocabulary.test.ts [2m([22m[2m10 tests[22m[2m)[22m[33m 1061[2mms[22m[39m
@nzila/union-eyes:test:  [32mΓ£ô[39m [30m[46m union-eyes [49m[39m lib/__tests__/data-export-import.test.ts [2m([22m[2m31 tests[22m[2m)[22m[32m 117[2mms[22m[39m
@nzila/union-eyes:test:  [32mΓ£ô[39m [30m[46m union-eyes [49m[39m lib/auth/__tests__/index.test.ts [2m([22m[2m6 tests[22m[2m)[22m[33m 5865[2mms[22m[39m
@nzila/union-eyes:test:      [33m[2mΓ£ô[22m[39m exports Permission [33m 5859[2mms[22m[39m
@nzila/union-eyes:test:  [32mΓ£ô[39m [30m[46m union-eyes [49m[39m lib/__tests__/observability.test.ts [2m([22m[2m6 tests[22m[2m)[22m[32m 71[2mms[22m[39m
@nzila/union-eyes:test:  [32mΓ£ô[39m [30m[46m union-eyes [49m[39m lib/__tests__/representation-protocol.test.ts [2m([22m[2m33 tests[22m[2m)[22m[32m 86[2mms[22m[39m
@nzila/union-eyes:test:  [32mΓ£ô[39m [30m[46m union-eyes [49m[39m lib/__tests__/scheduled-jobs.test.ts [2m([22m[2m30 tests[22m[2m)[22m[33m 1656[2mms[22m[39m
@nzila/union-eyes:test:        [33m[2mΓ£ô[22m[39m runs without throwing [33m 1604[2mms[22m[39m
@nzila/union-eyes:test:  [32mΓ£ô[39m [30m[46m union-eyes [49m[39m lib/services/__tests__/break-glass-service.test.ts [2m([22m[2m19 tests[22m[2m)[22m[33m 1081[2mms[22m[39m
@nzila/union-eyes:test:      [33m[2mΓ£ô[22m[39m succeeds with 3 valid key holders [33m 791[2mms[22m[39m
@nzila/union-eyes:test:  [32mΓ£ô[39m [30m[46m union-eyes [49m[39m lib/__tests__/logger.test.ts [2m([22m[2m35 tests[22m[2m)[22m[33m 1899[2mms[22m[39m
@nzila/union-eyes:test:        [33m[2mΓ£ô[22m[39m generatess a default correlation ID [33m 1777[2mms[22m[39m
@nzila/union-eyes:test:  [32mΓ£ô[39m [30m[46m union-eyes [49m[39m lib/resilience/__tests__/retry.test.ts [2m([22m[2m14 tests[22m[2m)[22m[32m 161[2mms[22m[39m
@nzila/union-eyes:test:  [32mΓ£ô[39m [30m[46m union-eyes [49m[39m lib/__tests__/env-validator.test.ts [2m([22m[2m16 tests[22m[2m)[22m[32m 99[2mms[22m[39m
@nzila/union-eyes:test:  [32mΓ£ô[39m [30m[46m union-eyes [49m[39m lib/__tests__/csrf-client.test.ts [2m([22m[2m28 tests[22m[2m)[22m[32m 155[2mms[22m[39m
@nzila/union-eyes:test:  [32mΓ£ô[39m [30m[46m union-eyes [49m[39m lib/__tests__/pdf-generator.test.ts [2m([22m[2m18 tests[22m[2m)[22m[32m 155[2mms[22m[39m
@nzila/union-eyes:test: ≡ƒÉ¢ [2026-04-01T21:05:38.842Z] [DEBUG] [7b1e98a2-56ef-437e-a2ff-32d4d662f20a] Event subscriber registered
@nzila/union-eyes:test:   Context: {
@nzila/union-eyes:test:   "eventType": "claim_events"
@nzila/union-eyes:test: }
@nzila/union-eyes:test: ≡ƒÉ¢ [2026-04-01T21:05:38.844Z] [DEBUG] [7b1e98a2-56ef-437e-a2ff-32d4d662f20a] Emitting event
@nzila/union-eyes:test:   Context: {
@nzila/union-eyes:test:   "eventType": "claim_events",
@nzila/union-eyes:test:   "subscriberCount": 1,
@nzila/union-eyes:test:   "eventId": "evt_1775077538843_v3sgoj2mx"
@nzila/union-eyes:test: }
@nzila/union-eyes:test:  [32mΓ£ô[39m [30m[46m union-eyes [49m[39m lib/__tests__/staging-hardening.integration.test.ts [2m([22m[2m23 tests[22m[2m)[22m[32m 104[2mms[22m[39m
@nzila/union-eyes:test:  [32mΓ£ô[39m [30m[46m union-eyes [49m[39m lib/__tests__/voting-crypto-service.test.ts [2m([22m[2m29 tests[22m[2m)[22m[33m 7894[2mms[22m[39m
@nzila/union-eyes:test:      [33m[2mΓ£ô[22m[39m is deterministic ΓÇö same inputs produce same key [33m 477[2mms[22m[39m
@nzila/union-eyes:test:      [33m[2mΓ£ô[22m[39m different session IDs produce different keys [33m 495[2mms[22m[39m
@nzila/union-eyes:test:      [33m[2mΓ£ô[22m[39m different secrets produce different keys [33m 547[2mms[22m[39m
@nzila/union-eyes:test:      [33m[2mΓ£ô[22m[39m returns voteHash, signature, and nonce [33m 306[2mms[22m[39m
@nzila/union-eyes:test:      [33m[2mΓ£ô[22m[39m returns false when using wrong session key [33m 471[2mms[22m[39m
@nzila/union-eyes:test:      [33m[2mΓ£ô[22m[39m receiptId is a 32-char hex string [33m 313[2mms[22m[39m
@nzila/union-eyes:test:      [33m[2mΓ£ô[22m[39m detects tampering if wrong session key used for verification [33m 466[2mms[22m[39m
@nzila/union-eyes:test:  [32mΓ£ô[39m [30m[46m union-eyes [49m[39m lib/__tests__/azure-speech.test.ts [2m([22m[2m14 tests[22m[2m)[22m[32m 88[2mms[22m[39m
@nzila/union-eyes:test:  [32mΓ£ô[39m [30m[46m union-eyes [49m[39m lib/__tests__/error-handler.test.ts [2m([22m[2m37 tests[22m[2m)[22m[32m 79[2mms[22m[39m
@nzila/union-eyes:test:  [32mΓ£ô[39m [30m[46m union-eyes [49m[39m lib/services/__tests__/multi-provider-geocoding-service.test.ts [2m([22m[2m11 tests[22m[2m)[22m[32m 123[2mms[22m[39m
@nzila/union-eyes:test:  [32mΓ£ô[39m [30m[46m union-eyes [49m[39m lib/signature/__tests__/providers.test.ts [2m([22m[2m72 tests[22m[2m)[22m[32m 104[2mms[22m[39m
@nzila/union-eyes:test:  [32mΓ£ô[39m [30m[46m union-eyes [49m[39m lib/__tests__/db-validator.test.ts [2m([22m[2m9 tests[22m[2m)[22m[32m 87[2mms[22m[39m
@nzila/union-eyes:test:  [32mΓ£ô[39m [30m[46m union-eyes [49m[39m lib/__tests__/date-utils.test.ts [2m([22m[2m50 tests[22m[2m)[22m[32m 82[2mms[22m[39m
@nzila/union-eyes:test:  [32mΓ£ô[39m [30m[46m union-eyes [49m[39m lib/__tests__/grievance-notifications.test.ts [2m([22m[2m37 tests[22m[2m)[22m[32m 95[2mms[22m[39m
@nzila/union-eyes:test:  [32mΓ£ô[39m [30m[46m union-eyes [49m[39m lib/services/__tests__/payment-notifications.test.ts [2m([22m[2m34 tests[22m[2m)[22m[32m 96[2mms[22m[39m
@nzila/union-eyes:test:  [32mΓ£ô[39m [30m[46m union-eyes [49m[39m lib/services/__tests__/audit-trail-service.test.ts [2m([22m[2m33 tests[22m[2m)[22m[32m 86[2mms[22m[39m
@nzila/union-eyes:test:  [32mΓ£ô[39m [30m[46m union-eyes [49m[39m lib/__tests__/webhook-security.test.ts [2m([22m[2m29 tests[22m[2m)[22m[32m 111[2mms[22m[39m
@nzila/union-eyes:test:  [32mΓ£ô[39m [30m[46m union-eyes [49m[39m lib/__tests__/audit-logger.test.ts [2m([22m[2m20 tests[22m[2m)[22m[32m 81[2mms[22m[39m
@nzila/union-eyes:test:  [32mΓ£ô[39m [30m[46m union-eyes [49m[39m lib/services/rewards/__tests__/webhook-service.test.ts [2m([22m[2m15 tests[22m[2m)[22m[32m 89[2mms[22m[39m
@nzila/union-eyes:test:  [32mΓ£ô[39m [30m[46m union-eyes [49m[39m lib/__tests__/smart-onboarding.test.ts [2m([22m[2m76 tests[22m[2m)[22m[32m 77[2mms[22m[39m
@nzila/union-eyes:test:  [32mΓ£ô[39m [30m[46m union-eyes [49m[39m lib/services/__tests__/document-storage-service.test.ts [2m([22m[2m14 tests[22m[2m)[22m[32m 245[2mms[22m[39m
@nzila/union-eyes:test:  [32mΓ£ô[39m [30m[46m union-eyes [49m[39m lib/tracing/__tests__/utils.test.ts [2m([22m[2m20 tests[22m[2m)[22m[32m 108[2mms[22m[39m
@nzila/union-eyes:test:  [32mΓ£ô[39m [30m[46m union-eyes [49m[39m lib/__tests__/websocket.test.ts [2m([22m[2m9 tests[22m[2m)[22m[32m 74[2mms[22m[39m
@nzila/union-eyes:test:  [32mΓ£ô[39m [30m[46m union-eyes [49m[39m lib/services/__tests__/currency-service.test.ts [2m([22m[2m25 tests[22m[2m)[22m[32m 63[2mms[22m[39m
@nzila/union-eyes:test:  [32mΓ£ô[39m [30m[46m union-eyes [49m[39m lib/__tests__/validation.test.ts [2m([22m[2m82 tests[22m[2m)[22m[32m 130[2mms[22m[39m
@nzila/union-eyes:test:  [32mΓ£ô[39m [30m[46m union-eyes [49m[39m lib/__tests__/api-auth-guard.test.ts [2m([22m[2m83 tests[22m[2m)[22m[32m 94[2mms[22m[39m
@nzila/union-eyes:test:  [32mΓ£ô[39m [30m[46m union-eyes [49m[39m lib/middleware/__tests__/request-validation.test.ts [2m([22m[2m24 tests[22m[2m)[22m[32m 66[2mms[22m[39m
@nzila/union-eyes:test:  [32mΓ£ô[39m [30m[46m union-eyes [49m[39m lib/hooks/__tests__/use-feature-flags.test.tsx [2m([22m[2m6 tests[22m[2m)[22m[32m 180[2mms[22m[39m
@nzila/union-eyes:test:  [32mΓ£ô[39m [30m[46m union-eyes [49m[39m lib/ai/__tests__/transparency.test.ts [2m([22m[2m32 tests[22m[2m)[22m[32m 78[2mms[22m[39m
@nzila/union-eyes:test:  [32mΓ£ô[39m [30m[46m union-eyes [49m[39m lib/services/__tests__/financial-email-service.test.ts [2m([22m[2m12 tests[22m[2m)[22m[32m 78[2mms[22m[39m
@nzila/union-eyes:test:  [32mΓ£ô[39m [30m[46m union-eyes [49m[39m lib/validation/__tests__/union-structure-schemas.test.ts [2m([22m[2m89 tests[22m[2m)[22m[32m 81[2mms[22m[39m
@nzila/union-eyes:test:  [32mΓ£ô[39m [30m[46m union-eyes [49m[39m lib/services/__tests__/indigenous-data-service.test.ts [2m([22m[2m38 tests[22m[2m)[22m[32m 72[2mms[22m[39m
@nzila/union-eyes:test:  [32mΓ£ô[39m [30m[46m union-eyes [49m[39m lib/auth/__tests__/roles.test.ts [2m([22m[2m49 tests[22m[2m)[22m[32m 83[2mms[22m[39m
@nzila/union-eyes:test:  [32mΓ£ô[39m [30m[46m union-eyes [49m[39m lib/__tests__/cba-intelligence-adapters.test.ts [2m([22m[2m5 tests[22m[2m)[22m[32m 85[2mms[22m[39m
@nzila/union-eyes:test:  [32mΓ£ô[39m [30m[46m union-eyes [49m[39m lib/__tests__/rate-limit.test.ts [2m([22m[2m7 tests[22m[2m)[22m[32m 78[2mms[22m[39m
@nzila/union-eyes:test:  [32mΓ£ô[39m [30m[46m union-eyes [49m[39m lib/__tests__/case-assignment-engine.test.ts [2m([22m[2m48 tests[22m[2m)[22m[32m 74[2mms[22m[39m
@nzila/union-eyes:test:  [32mΓ£ô[39m [30m[46m union-eyes [49m[39m lib/services/__tests__/feature-flags-service.test.ts [2m([22m[2m25 tests[22m[2m)[22m[32m 75[2mms[22m[39m
@nzila/union-eyes:test:  [32mΓ£ô[39m [30m[46m union-eyes [49m[39m lib/__tests__/document-service.test.ts [2m([22m[2m52 tests[22m[2m)[22m[32m 80[2mms[22m[39m
@nzila/union-eyes:test:  [32mΓ£ô[39m [30m[46m union-eyes [49m[39m lib/tracing/__tests__/opentelemetry.test.ts [2m([22m[2m4 tests[22m[2m)[22m[32m 73[2mms[22m[39m
@nzila/union-eyes:test:  [32mΓ£ô[39m [30m[46m union-eyes [49m[39m lib/services/__tests__/notification-service.test.ts [2m([22m[2m36 tests[22m[2m)[22m[32m 68[2mms[22m[39m
@nzila/union-eyes:test:  [32mΓ£ô[39m [30m[46m union-eyes [49m[39m lib/__tests__/chart-utils.test.ts [2m([22m[2m20 tests[22m[2m)[22m[32m 75[2mms[22m[39m
@nzila/union-eyes:test:  [32mΓ£ô[39m [30m[46m union-eyes [49m[39m lib/ai/__tests__/rag-pipeline.test.ts [2m([22m[2m35 tests[22m[2m)[22m[32m 78[2mms[22m[39m
@nzila/union-eyes:test:  [32mΓ£ô[39m [30m[46m union-eyes [49m[39m lib/__tests__/i18n-utils.test.ts [2m([22m[2m8 tests[22m[2m)[22m[32m 58[2mms[22m[39m
@nzila/union-eyes:test:  [32mΓ£ô[39m [30m[46m union-eyes [49m[39m lib/__tests__/clause-service.test.ts [2m([22m[2m42 tests[22m[2m)[22m[32m 61[2mms[22m[39m
@nzila/union-eyes:test:  [32mΓ£ô[39m [30m[46m union-eyes [49m[39m lib/__tests__/deadline-tracking-system.test.ts [2m([22m[2m59 tests[22m[2m)[22m[32m 85[2mms[22m[39m
@nzila/union-eyes:test:  [32mΓ£ô[39m [30m[46m union-eyes [49m[39m lib/services/__tests__/api-cache.test.ts [2m([22m[2m4 tests[22m[2m)[22m[32m 84[2mms[22m[39m
@nzila/union-eyes:test:  [32mΓ£ô[39m [30m[46m union-eyes [49m[39m lib/__tests__/report-executor.test.ts [2m([22m[2m82 tests[22m[2m)[22m[32m 52[2mms[22m[39m
@nzila/union-eyes:test:  [32mΓ£ô[39m [30m[46m union-eyes [49m[39m lib/__tests__/utils.test.ts [2m([22m[2m5 tests[22m[2m)[22m[32m 113[2mms[22m[39m
@nzila/union-eyes:test:  [32mΓ£ô[39m [30m[46m union-eyes [49m[39m lib/__tests__/hierarchy-validation.test.ts [2m([22m[2m33 tests[22m[2m)[22m[32m 24[2mms[22m[39m
@nzila/union-eyes:test:  [32mΓ£ô[39m [30m[46m union-eyes [49m[39m lib/ai/__tests__/template-engine.test.ts [2m([22m[2m33 tests[22m[2m)[22m[32m 71[2mms[22m[39m
@nzila/union-eyes:test:  [32mΓ£ô[39m [30m[46m union-eyes [49m[39m lib/services/__tests__/negotiations-service.test.ts [2m([22m[2m16 tests[22m[2m)[22m[32m 39[2mms[22m[39m
@nzila/union-eyes:test:  [32mΓ£ô[39m [30m[46m union-eyes [49m[39m lib/__tests__/ml-client.test.ts [2m([22m[2m4 tests[22m[2m)[22m[32m 63[2mms[22m[39m
@nzila/union-eyes:test:  [32mΓ£ô[39m [30m[46m union-eyes [49m[39m lib/auth/__tests__/policy-adapter.test.ts [2m([22m[2m9 tests[22m[2m)[22m[32m 56[2mms[22m[39m
@nzila/union-eyes:test:  [32mΓ£ô[39m [30m[46m union-eyes [49m[39m lib/__tests__/blob-client.test.ts [2m([22m[2m5 tests[22m[2m)[22m[32m 93[2mms[22m[39m
@nzila/union-eyes:test:  [32mΓ£ô[39m [30m[46m union-eyes [49m[39m lib/validation/__tests__/member-employment-schemas.test.ts [2m([22m[2m79 tests[22m[2m)[22m[32m 52[2mms[22m[39m
@nzila/union-eyes:test:  [32mΓ£ô[39m [30m[46m union-eyes [49m[39m lib/__tests__/enterprise-role-middleware.test.ts [2m([22m[2m26 tests[22m[2m)[22m[32m 57[2mms[22m[39m
@nzila/union-eyes:test:  [32mΓ£ô[39m [30m[46m union-eyes [49m[39m lib/config/__tests__/env-validation.test.ts [2m([22m[2m18 tests[22m[2m)[22m[32m 49[2mms[22m[39m
@nzila/union-eyes:test:  [32mΓ£ô[39m [30m[46m union-eyes [49m[39m lib/services/__tests__/multi-currency-treasury-service.test.ts [2m([22m[2m26 tests[22m[2m)[22m[32m 44[2mms[22m[39m
@nzila/union-eyes:test:  [32mΓ£ô[39m [30m[46m union-eyes [49m[39m lib/services/__tests__/precedent-service.test.ts [2m([22m[2m44 tests[22m[2m)[22m[32m 44[2mms[22m[39m
@nzila/union-eyes:test:  [32mΓ£ô[39m [30m[46m union-eyes [49m[39m lib/validation/__tests__/member-segments-schemas.test.ts [2m([22m[2m45 tests[22m[2m)[22m[32m 52[2mms[22m[39m
@nzila/union-eyes:test:  [32mΓ£ô[39m [30m[46m union-eyes [49m[39m lib/__tests__/role-middleware.test.ts [2m([22m[2m28 tests[22m[2m)[22m[32m 36[2mms[22m[39m
@nzila/union-eyes:test:  [32mΓ£ô[39m [30m[46m union-eyes [49m[39m lib/services/__tests__/voting-service.test.ts [2m([22m[2m45 tests[22m[2m)[22m[33m 2085[2mms[22m[39m
@nzila/union-eyes:test:        [33m[2mΓ£ô[22m[39m returns statistics [33m 2028[2mms[22m[39m
@nzila/union-eyes:test:  [32mΓ£ô[39m [30m[46m union-eyes [49m[39m lib/services/__tests__/policy-engine.test.ts [2m([22m[2m3 tests[22m[2m)[22m[33m 2074[2mms[22m[39m
@nzila/union-eyes:test:      [33m[2mΓ£ô[22m[39m enforces active rules ΓÇö denies when condition fails [33m 2008[2mms[22m[39m
@nzila/union-eyes:test:  [32mΓ£ô[39m [30m[46m union-eyes [49m[39m lib/services/__tests__/invoice-generator.test.ts [2m([22m[2m7 tests[22m[2m)[22m[33m 1600[2mms[22m[39m
@nzila/union-eyes:test:        [33m[2mΓ£ô[22m[39m returns a valid HTML string [33m 1589[2mms[22m[39m
@nzila/union-eyes:test:  [32mΓ£ô[39m [30m[46m union-eyes [49m[39m lib/__tests__/receipt-generator.test.ts [2m([22m[2m3 tests[22m[2m)[22m[33m 1432[2mms[22m[39m
@nzila/union-eyes:test:      [33m[2mΓ£ô[22m[39m generates a PDF receipt and uploads to blob storage [33m 1422[2mms[22m[39m
@nzila/union-eyes:test:  [32mΓ£ô[39m [30m[46m union-eyes [49m[39m lib/__tests__/member-service.test.ts [2m([22m[2m39 tests[22m[2m)[22m[33m 1063[2mms[22m[39m
@nzila/union-eyes:test:        [33m[2mΓ£ô[22m[39m calculates years and months from unionJoinDate [33m 1008[2mms[22m[39m
@nzila/union-eyes:test:  [32mΓ£ô[39m [30m[46m union-eyes [49m[39m lib/services/external-data/__tests__/statcan-client.test.ts [2m([22m[2m30 tests[22m[2m)[22m[33m 685[2mms[22m[39m
@nzila/union-eyes:test:        [33m[2mΓ£ô[22m[39m fetches COLA data [33m 640[2mms[22m[39m
@nzila/union-eyes:test:  [32mΓ£ô[39m [30m[46m union-eyes [49m[39m lib/__tests__/cache-service.test.ts [2m([22m[2m55 tests[22m[2m)[22m[33m 986[2mms[22m[39m
@nzila/union-eyes:test:        [33m[2mΓ£ô[22m[39m cacheSession stores session data [33m 921[2mms[22m[39m
@nzila/union-eyes:test:  [32mΓ£ô[39m [30m[46m union-eyes [49m[39m lib/services/__tests__/exchange-rate-service.test.ts [2m([22m[2m27 tests[22m[2m)[22m[32m 38[2mms[22m[39m
@nzila/union-eyes:test:  [32mΓ£ô[39m [30m[46m union-eyes [49m[39m lib/services/__tests__/general-ledger-service.test.ts [2m([22m[2m19 tests[22m[2m)[22m[32m 42[2mms[22m[39m
@nzila/union-eyes:test:  [32mΓ£ô[39m [30m[46m union-eyes [49m[39m lib/__tests__/email-templates.test.tsx [2m([22m[2m4 tests[22m[2m)[22m[32m 96[2mms[22m[39m
@nzila/union-eyes:test:  [32mΓ£ô[39m [30m[46m union-eyes [49m[39m lib/__tests__/document-management-system.test.ts [2m([22m[2m34 tests[22m[2m)[22m[32m 40[2mms[22m[39m
@nzila/union-eyes:test:  [32mΓ£ô[39m [30m[46m union-eyes [49m[39m lib/__tests__/deadline-service.test.ts [2m([22m[2m43 tests[22m[2m)[22m[32m 48[2mms[22m[39m
@nzila/union-eyes:test:  [32mΓ£ô[39m [30m[46m union-eyes [49m[39m lib/validation/__tests__/rewards-schemas.test.ts [2m([22m[2m51 tests[22m[2m)[22m[32m 53[2mms[22m[39m
@nzila/union-eyes:test:  [32mΓ£ô[39m [30m[46m union-eyes [49m[39m lib/__tests__/education-service.test.ts [2m([22m[2m36 tests[22m[2m)[22m[32m 89[2mms[22m[39m
@nzila/union-eyes:test:  [32mΓ£ô[39m [30m[46m union-eyes [49m[39m lib/services/__tests__/location-tracking-service.test.ts [2m([22m[2m23 tests[22m[2m)[22m[32m 57[2mms[22m[39m
@nzila/union-eyes:test:  [32mΓ£ô[39m [30m[46m union-eyes [49m[39m lib/services/__tests__/member-service.test.ts [2m([22m[2m38 tests[22m[2m)[22m[32m 41[2mms[22m[39m
@nzila/union-eyes:test:  [32mΓ£ô[39m [30m[46m union-eyes [49m[39m lib/hooks/__tests__/use-toast.test.ts [2m([22m[2m6 tests[22m[2m)[22m[32m 69[2mms[22m[39m
@nzila/union-eyes:test:  [32mΓ£ô[39m [30m[46m union-eyes [49m[39m lib/hooks/__tests__/use-debounce.test.ts [2m([22m[2m5 tests[22m[2m)[22m[32m 68[2mms[22m[39m
@nzila/union-eyes:test:  [32mΓ£ô[39m [30m[46m union-eyes [49m[39m lib/services/__tests__/dues-notifications.test.ts [2m([22m[2m23 tests[22m[2m)[22m[32m 52[2mms[22m[39m
@nzila/union-eyes:test:  [32mΓ£ô[39m [30m[46m union-eyes [49m[39m lib/services/__tests__/signature-workflow-service.test.ts [2m([22m[2m17 tests[22m[2m)[22m[32m 44[2mms[22m[39m
@nzila/union-eyes:test:  [32mΓ£ô[39m [30m[46m union-eyes [49m[39m lib/__tests__/encryption.test.ts [2m([22m[2m28 tests[22m[2m)[22m[32m 40[2mms[22m[39m
@nzila/union-eyes:test:  [32mΓ£ô[39m [30m[46m union-eyes [49m[39m lib/services/__tests__/bargaining-notes-service.test.ts [2m([22m[2m27 tests[22m[2m)[22m[32m 38[2mms[22m[39m
@nzila/union-eyes:test:  [32mΓ£ô[39m [30m[46m union-eyes [49m[39m lib/__tests__/action-flows.integration.test.ts [2m([22m[2m8 tests[22m[2m)[22m[32m 23[2mms[22m[39m
@nzila/union-eyes:test:  [32mΓ£ô[39m [30m[46m union-eyes [49m[39m lib/services/ai/__tests__/auto-classification-service.test.ts [2m([22m[2m22 tests[22m[2m)[22m[32m 27[2mms[22m[39m
@nzila/union-eyes:test:  [32mΓ£ô[39m [30m[46m union-eyes [49m[39m lib/__tests__/api-client.test.ts [2m([22m[2m27 tests[22m[2m)[22m[32m 55[2mms[22m[39m
@nzila/union-eyes:test:  [32mΓ£ô[39m [30m[46m union-eyes [49m[39m lib/services/__tests__/audit-service.test.ts [2m([22m[2m15 tests[22m[2m)[22m[32m 114[2mms[22m[39m
@nzila/union-eyes:test:  [32mΓ£ô[39m [30m[46m union-eyes [49m[39m lib/services/__tests__/cba-service.test.ts [2m([22m[2m34 tests[22m[2m)[22m[32m 40[2mms[22m[39m
@nzila/union-eyes:test:  [32mΓ£ô[39m [30m[46m union-eyes [49m[39m lib/__tests__/workflow-engine.test.ts [2m([22m[2m33 tests[22m[2m)[22m[32m 38[2mms[22m[39m
@nzila/union-eyes:test:  [32mΓ£ô[39m [30m[46m union-eyes [49m[39m lib/middleware/__tests__/sql-injection-prevention.test.ts [2m([22m[2m25 tests[22m[2m)[22m[32m 34[2mms[22m[39m
@nzila/union-eyes:test:  [32mΓ£ô[39m [30m[46m union-eyes [49m[39m lib/__tests__/calendar-reminder-scheduler.test.ts [2m([22m[2m25 tests[22m[2m)[22m[32m 62[2mms[22m[39m
@nzila/union-eyes:test:  [32mΓ£ô[39m [30m[46m union-eyes [49m[39m lib/ai/__tests__/safety.test.ts [2m([22m[2m62 tests[22m[2m)[22m[32m 41[2mms[22m[39m
@nzila/union-eyes:test:  [32mΓ£ô[39m [30m[46m union-eyes [49m[39m lib/__tests__/scheduled-report-executor.test.ts [2m([22m[2m16 tests[22m[2m)[22m[32m 45[2mms[22m[39m
@nzila/union-eyes:test:  [32mΓ£ô[39m [30m[46m union-eyes [49m[39m lib/database/__tests__/multi-db-client.test.ts [2m([22m[2m37 tests[22m[2m)[22m[32m 52[2mms[22m[39m
@nzila/union-eyes:test:  [32mΓ£ô[39m [30m[46m union-eyes [49m[39m lib/services/rewards/__tests__/award-service.test.ts [2m([22m[2m14 tests[22m[2m)[22m[32m 26[2mms[22m[39m
@nzila/union-eyes:test:  [32mΓ£ô[39m [30m[46m union-eyes [49m[39m lib/observability/__tests__/metrics.test.ts [2m([22m[2m26 tests[22m[2m)[22m[32m 37[2mms[22m[39m
@nzila/union-eyes:test:  [32mΓ£ô[39m [30m[46m union-eyes [49m[39m lib/services/messaging/__tests__/sms-service.test.ts [2m([22m[2m26 tests[22m[2m)[22m[32m 51[2mms[22m[39m
@nzila/union-eyes:test:  [32mΓ£ô[39m [30m[46m union-eyes [49m[39m lib/ml/__tests__/predictive-analytics.test.ts [2m([22m[2m42 tests[22m[2m)[22m[32m 38[2mms[22m[39m
@nzila/union-eyes:test:  [32mΓ£ô[39m [30m[46m union-eyes [49m[39m lib/__tests__/workflow-automation-engine.test.ts [2m([22m[2m22 tests[22m[2m)[22m[32m 35[2mms[22m[39m
@nzila/union-eyes:test:  [32mΓ£ô[39m [30m[46m union-eyes [49m[39m lib/observability/__tests__/distributed-tracing.test.ts [2m([22m[2m27 tests[22m[2m)[22m[32m 51[2mms[22m[39m
@nzila/union-eyes:test:  [32mΓ£ô[39m [30m[46m union-eyes [49m[39m lib/__tests__/audit-trail-service.test.ts [2m([22m[2m22 tests[22m[2m)[22m[32m 166[2mms[22m[39m
@nzila/union-eyes:test:  [32mΓ£ô[39m [30m[46m union-eyes [49m[39m lib/services/__tests__/strike-fund-tax-service.test.ts [2m([22m[2m16 tests[22m[2m)[22m[32m 79[2mms[22m[39m
@nzila/union-eyes:test:  [32mΓ£ô[39m [30m[46m union-eyes [49m[39m lib/services/__tests__/entitlements.test.ts [2m([22m[2m13 tests[22m[2m)[22m[32m 39[2mms[22m[39m
@nzila/union-eyes:test:  [32mΓ£ô[39m [30m[46m union-eyes [49m[39m lib/__tests__/autopay-utils.test.ts [2m([22m[2m21 tests[22m[2m)[22m[32m 42[2mms[22m[39m
@nzila/union-eyes:test:  [32mΓ£ô[39m [30m[46m union-eyes [49m[39m lib/ai/__tests__/resilience.test.ts [2m([22m[2m19 tests[22m[2m)[22m[32m 32[2mms[22m[39m
@nzila/union-eyes:test:  [32mΓ£ô[39m [30m[46m union-eyes [49m[39m lib/__tests__/excel-generator.test.ts [2m([22m[2m33 tests[22m[2m)[22m[32m 39[2mms[22m[39m
@nzila/union-eyes:test:  [32mΓ£ô[39m [30m[46m union-eyes [49m[39m lib/services/__tests__/board-packet-generator.test.ts [2m([22m[2m8 tests[22m[2m)[22m[32m 28[2mms[22m[39m
@nzila/union-eyes:test:  [32mΓ£ô[39m [30m[46m union-eyes [49m[39m lib/services/__tests__/dispatch-engine.test.ts [2m([22m[2m22 tests[22m[2m)[22m[32m 32[2mms[22m[39m
@nzila/union-eyes:test:  [32mΓ£ô[39m [30m[46m union-eyes [49m[39m lib/services/__tests__/lro-metrics.test.ts [2m([22m[2m35 tests[22m[2m)[22m[32m 32[2mms[22m[39m
@nzila/union-eyes:test:  [32mΓ£ô[39m [30m[46m union-eyes [49m[39m lib/services/rewards/__tests__/export-service.test.ts [2m([22m[2m32 tests[22m[2m)[22m[32m 34[2mms[22m[39m
@nzila/union-eyes:test:  [32mΓ£ô[39m [30m[46m union-eyes [49m[39m lib/services/__tests__/calendar-service.test.ts [2m([22m[2m26 tests[22m[2m)[22m[32m 29[2mms[22m[39m
@nzila/union-eyes:test:  [32mΓ£ô[39m [30m[46m union-eyes [49m[39m lib/services/__tests__/case-timeline-service.test.ts [2m([22m[2m20 tests[22m[2m)[22m[32m 32[2mms[22m[39m
@nzila/union-eyes:test:  [32mΓ£ô[39m [30m[46m union-eyes [49m[39m lib/__tests__/feature-flags.test.ts [2m([22m[2m28 tests[22m[2m)[22m[32m 36[2mms[22m[39m
@nzila/union-eyes:test:  [32mΓ£ô[39m [30m[46m union-eyes [49m[39m lib/services/rewards/__tests__/redemption-service.test.ts [2m([22m[2m25 tests[22m[2m)[22m[32m 32[2mms[22m[39m
@nzila/union-eyes:test:  [32mΓ£ô[39m [30m[46m union-eyes [49m[39m lib/services/__tests__/steward-assignment.test.ts [2m([22m[2m7 tests[22m[2m)[22m[32m 58[2mms[22m[39m
@nzila/union-eyes:test:  [32mΓ£ô[39m [30m[46m union-eyes [49m[39m lib/middleware/__tests__/auth-middleware.test.ts [2m([22m[2m19 tests[22m[2m)[22m[32m 31[2mms[22m[39m
@nzila/union-eyes:test:  [32mΓ£ô[39m [30m[46m union-eyes [49m[39m lib/ai/__tests__/data-ingestion.test.ts [2m([22m[2m25 tests[22m[2m)[22m[32m 27[2mms[22m[39m
@nzila/union-eyes:test:  [32mΓ£ô[39m [30m[46m union-eyes [49m[39m lib/db/__tests__/with-rls-context.test.ts [2m([22m[2m23 tests[22m[2m)[22m[32m 28[2mms[22m[39m
@nzila/union-eyes:test:  [32mΓ£ô[39m [30m[46m union-eyes [49m[39m lib/services/messaging/__tests__/email-service.test.ts [2m([22m[2m17 tests[22m[2m)[22m[32m 32[2mms[22m[39m
@nzila/union-eyes:test:  [32mΓ£ô[39m [30m[46m union-eyes [49m[39m lib/marketing/__tests__/organizer-impact.test.ts [2m([22m[2m43 tests[22m[2m)[22m[32m 32[2mms[22m[39m
@nzila/union-eyes:test:  [32mΓ£ô[39m [30m[46m union-eyes [49m[39m lib/services/__tests__/claim-workflow-fsm.test.ts [2m([22m[2m36 tests[22m[2m)[22m[32m 27[2mms[22m[39m
@nzila/union-eyes:test:  [32mΓ£ô[39m [30m[46m union-eyes [49m[39m lib/ai/__tests__/insights-generator.test.ts [2m([22m[2m6 tests[22m[2m)[22m[32m 65[2mms[22m[39m
@nzila/union-eyes:test:  [32mΓ£ô[39m [30m[46m union-eyes [49m[39m lib/chaos-engineering/__tests__/chaos-monkey.test.ts [2m([22m[2m25 tests[22m[2m)[22m[32m 27[2mms[22m[39m
@nzila/union-eyes:test:  [32mΓ£ô[39m [30m[46m union-eyes [49m[39m lib/ai/__tests__/chatbot-service.test.ts [2m([22m[2m17 tests[22m[2m)[22m[32m 31[2mms[22m[39m
@nzila/union-eyes:test:  [32mΓ£ô[39m [30m[46m union-eyes [49m[39m lib/mobile/__tests__/deep-linker.test.ts [2m([22m[2m33 tests[22m[2m)[22m[32m 30[2mms[22m[39m
@nzila/union-eyes:test:  [32mΓ£ô[39m [30m[46m union-eyes [49m[39m lib/__tests__/organization-middleware.test.ts [2m([22m[2m10 tests[22m[2m)[22m[32m 28[2mms[22m[39m
@nzila/union-eyes:test:  [32mΓ£ô[39m [30m[46m union-eyes [49m[39m lib/services/external-data/__tests__/clc-partnership-service.test.ts [2m([22m[2m9 tests[22m[2m)[22m[32m 27[2mms[22m[39m
@nzila/union-eyes:test:  [32mΓ£ô[39m [30m[46m union-eyes [49m[39m lib/services/messaging/__tests__/campaign-service.test.ts [2m([22m[2m16 tests[22m[2m)[22m[32m 31[2mms[22m[39m
@nzila/union-eyes:test:  [32mΓ£ô[39m [30m[46m union-eyes [49m[39m lib/__tests__/claim-workflow-fsm.test.ts [2m([22m[2m41 tests[22m[2m)[22m[32m 28[2mms[22m[39m
@nzila/union-eyes:test:  [32mΓ£ô[39m [30m[46m union-eyes [49m[39m lib/__tests__/job-queue.test.ts [2m([22m[2m12 tests[22m[2m)[22m[32m 25[2mms[22m[39m
@nzila/union-eyes:test:  [32mΓ£ô[39m [30m[46m union-eyes [49m[39m lib/ml/__tests__/predictive-scoring.test.ts [2m([22m[2m41 tests[22m[2m)[22m[32m 26[2mms[22m[39m
@nzila/union-eyes:test:  [32mΓ£ô[39m [30m[46m union-eyes [49m[39m lib/services/rewards/__tests__/template-service.test.ts [2m([22m[2m43 tests[22m[2m)[22m[32m 35[2mms[22m[39m
@nzila/union-eyes:test:  [32mΓ£ô[39m [30m[46m union-eyes [49m[39m lib/__tests__/action-dtos.test.ts [2m([22m[2m26 tests[22m[2m)[22m[32m 31[2mms[22m[39m
@nzila/union-eyes:test:  [32mΓ£ô[39m [30m[46m union-eyes [49m[39m lib/services/__tests__/defensibility-pack.test.ts [2m([22m[2m14 tests[22m[2m)[22m[32m 27[2mms[22m[39m
@nzila/union-eyes:test:  [32mΓ£ô[39m [30m[46m union-eyes [49m[39m lib/ai/__tests__/entity-extraction.test.ts [2m([22m[2m14 tests[22m[2m)[22m[32m 37[2mms[22m[39m
@nzila/union-eyes:test:  [32mΓ£ô[39m [30m[46m union-eyes [49m[39m lib/services/rewards/__tests__/email-service.test.ts [2m([22m[2m20 tests[22m[2m)[22m[32m 28[2mms[22m[39m
@nzila/union-eyes:test:  [32mΓ£ô[39m [30m[46m union-eyes [49m[39m lib/services/rewards/__tests__/wallet-service.test.ts [2m([22m[2m13 tests[22m[2m)[22m[32m 30[2mms[22m[39m
@nzila/union-eyes:test:  [32mΓ£ô[39m [30m[46m union-eyes [49m[39m lib/services/ai/__tests__/embedding-cache.test.ts [2m([22m[2m11 tests[22m[2m)[22m[32m 27[2mms[22m[39m
@nzila/union-eyes:test:  [32mΓ£ô[39m [30m[46m union-eyes [49m[39m lib/ai/__tests__/learning.test.ts [2m([22m[2m33 tests[22m[2m)[22m[32m 27[2mms[22m[39m
@nzila/union-eyes:test:  [32mΓ£ô[39m [30m[46m union-eyes [49m[39m lib/chaos-engineering/__tests__/experiments.test.ts [2m([22m[2m12 tests[22m[2m)[22m[32m 25[2mms[22m[39m
@nzila/union-eyes:test:  [32mΓ£ô[39m [30m[46m union-eyes [49m[39m lib/__tests__/api-guards.test.ts [2m([22m[2m6 tests[22m[2m)[22m[32m 25[2mms[22m[39m
@nzila/union-eyes:test:  [32mΓ£ô[39m [30m[46m union-eyes [49m[39m lib/__tests__/safe-sql-identifiers.test.ts [2m([22m[2m33 tests[22m[2m)[22m[32m 25[2mms[22m[39m
@nzila/union-eyes:test:  [32mΓ£ô[39m [30m[46m union-eyes [49m[39m lib/services/__tests__/geofence-privacy-service.test.ts [2m([22m[2m24 tests[22m[2m)[22m[32m 26[2mms[22m[39m
@nzila/union-eyes:test:  [32mΓ£ô[39m [30m[46m union-eyes [49m[39m lib/ai/services/__tests__/rate-limiter.test.ts [2m([22m[2m3 tests[22m[2m)[22m[32m 27[2mms[22m[39m
@nzila/union-eyes:test:  [32mΓ£ô[39m [30m[46m union-eyes [49m[39m lib/__tests__/ai-feature-guard.test.ts [2m([22m[2m10 tests[22m[2m)[22m[32m 25[2mms[22m[39m
@nzila/union-eyes:test:  [32mΓ£ô[39m [30m[46m union-eyes [49m[39m lib/services/__tests__/payment-service.test.ts [2m([22m[2m9 tests[22m[2m)[22m[32m 25[2mms[22m[39m
@nzila/union-eyes:test:  [32mΓ£ô[39m [30m[46m union-eyes [49m[39m lib/services/__tests__/vote-crypto-service.test.ts [2m([22m[2m17 tests[22m[2m)[22m[32m 23[2mms[22m[39m
@nzila/union-eyes:test:  [32mΓ£ô[39m [30m[46m union-eyes [49m[39m lib/services/external-data/__tests__/wage-enrichment-service.test.ts [2m([22m[2m11 tests[22m[2m)[22m[32m 32[2mms[22m[39m
@nzila/union-eyes:test:  [32mΓ£ô[39m [30m[46m union-eyes [49m[39m lib/pilot/__tests__/health-scoring.test.ts [2m([22m[2m32 tests[22m[2m)[22m[32m 22[2mms[22m[39m
@nzila/union-eyes:test:  [32mΓ£ô[39m [30m[46m union-eyes [49m[39m lib/services/rewards/__tests__/budget-service.test.ts [2m([22m[2m28 tests[22m[2m)[22m[32m 29[2mms[22m[39m
@nzila/union-eyes:test:  [32mΓ£ô[39m [30m[46m union-eyes [49m[39m lib/pilot/__tests__/readiness-assessment.test.ts [2m([22m[2m23 tests[22m[2m)[22m[32m 24[2mms[22m[39m
@nzila/union-eyes:test:  [32mΓ£ô[39m [30m[46m union-eyes [49m[39m lib/__tests__/cape-pilot-polish.test.ts [2m([22m[2m25 tests[22m[2m)[22m[32m 23[2mms[22m[39m
@nzila/union-eyes:test:  [32mΓ£ô[39m [30m[46m union-eyes [49m[39m lib/__tests__/csv-export.test.ts [2m([22m[2m25 tests[22m[2m)[22m[32m 22[2mms[22m[39m
@nzila/union-eyes:test:  [32mΓ£ô[39m [30m[46m union-eyes [49m[39m lib/ai/__tests__/selective-context.test.ts [2m([22m[2m25 tests[22m[2m)[22m[32m 22[2mms[22m[39m
@nzila/union-eyes:test:  [32mΓ£ô[39m [30m[46m union-eyes [49m[39m lib/services/__tests__/pci-compliance-service.test.ts [2m([22m[2m10 tests[22m[2m)[22m[32m 24[2mms[22m[39m
@nzila/union-eyes:test:  [32mΓ£ô[39m [30m[46m union-eyes [49m[39m lib/auth/__tests__/rbac-server.test.ts [2m([22m[2m12 tests[22m[2m)[22m[32m 23[2mms[22m[39m
@nzila/union-eyes:test:  [32mΓ£ô[39m [30m[46m union-eyes [49m[39m lib/services/rewards/__tests__/automation-service.test.ts [2m([22m[2m14 tests[22m[2m)[22m[32m 24[2mms[22m[39m
@nzila/union-eyes:test:  [32mΓ£ô[39m [30m[46m union-eyes [49m[39m lib/services/__tests__/spatial-query-service.test.ts [2m([22m[2m4 tests[22m[2m)[22m[32m 46[2mms[22m[39m
@nzila/union-eyes:test:  [32mΓ£ô[39m [30m[46m union-eyes [49m[39m lib/services/external-data/__tests__/lrb-unified-service.test.ts [2m([22m[2m11 tests[22m[2m)[22m[32m 22[2mms[22m[39m
@nzila/union-eyes:test:  [32mΓ£ô[39m [30m[46m union-eyes [49m[39m lib/geo/__tests__/ip-geolocation.test.ts [2m([22m[2m21 tests[22m[2m)[22m[32m 22[2mms[22m[39m
@nzila/union-eyes:test:  [32mΓ£ô[39m [30m[46m union-eyes [49m[39m lib/services/ai/__tests__/vector-search-service.test.ts [2m([22m[2m13 tests[22m[2m)[22m[32m 28[2mms[22m[39m
@nzila/union-eyes:test:  [32mΓ£ô[39m [30m[46m union-eyes [49m[39m lib/social-media/__tests__/social-media-clients.test.ts [2m([22m[2m13 tests[22m[2m)[22m[32m 23[2mms[22m[39m
@nzila/union-eyes:test:  [32mΓ£ô[39m [30m[46m union-eyes [49m[39m lib/ai/__tests__/embeddings-service.test.ts [2m([22m[2m10 tests[22m[2m)[22m[32m 23[2mms[22m[39m
@nzila/union-eyes:test:  [32mΓ£ô[39m [30m[46m union-eyes [49m[39m lib/services/rewards/__tests__/shopify-service.test.ts [2m([22m[2m9 tests[22m[2m)[22m[32m 23[2mms[22m[39m
@nzila/union-eyes:test:  [32mΓ£ô[39m [30m[46m union-eyes [49m[39m lib/observability/__tests__/telemetry.test.ts [2m([22m[2m11 tests[22m[2m)[22m[32m 27[2mms[22m[39m
@nzila/union-eyes:test:  [32mΓ£ô[39m [30m[46m union-eyes [49m[39m lib/services/__tests__/clause-intelligence.test.ts [2m([22m[2m10 tests[22m[2m)[22m[32m 24[2mms[22m[39m
@nzila/union-eyes:test:  [32mΓ£ô[39m [30m[46m union-eyes [49m[39m lib/services/rewards/__tests__/program-service.test.ts [2m([22m[2m13 tests[22m[2m)[22m[32m 23[2mms[22m[39m
@nzila/union-eyes:test:  [32mΓ£ô[39m [30m[46m union-eyes [49m[39m lib/services/__tests__/signature-providers.test.ts [2m([22m[2m11 tests[22m[2m)[22m[32m 22[2mms[22m[39m
@nzila/union-eyes:test:  [32mΓ£ô[39m [30m[46m union-eyes [49m[39m lib/__tests__/csrf-protection.test.ts [2m([22m[2m9 tests[22m[2m)[22m[32m 19[2mms[22m[39m
@nzila/union-eyes:test:  [32mΓ£ô[39m [30m[46m union-eyes [49m[39m lib/ai/services/__tests__/cost-tracking-wrapper.test.ts [2m([22m[2m3 tests[22m[2m)[22m[32m 24[2mms[22m[39m
@nzila/union-eyes:test:  [32mΓ£ô[39m [30m[46m union-eyes [49m[39m lib/__tests__/recurring-events-service.test.ts [2m([22m[2m16 tests[22m[2m)[22m[32m 20[2mms[22m[39m
@nzila/union-eyes:test:  [32mΓ£ô[39m [30m[46m union-eyes [49m[39m lib/ai/__tests__/experiments.test.ts [2m([22m[2m13 tests[22m[2m)[22m[32m 21[2mms[22m[39m
@nzila/union-eyes:test:  [32mΓ£ô[39m [30m[46m union-eyes [49m[39m lib/ai/__tests__/performance-monitor.test.ts [2m([22m[2m13 tests[22m[2m)[22m[32m 20[2mms[22m[39m
@nzila/union-eyes:test:  [32mΓ£ô[39m [30m[46m union-eyes [49m[39m lib/__tests__/cape-demo-data.test.ts [2m([22m[2m14 tests[22m[2m)[22m[32m 20[2mms[22m[39m
@nzila/union-eyes:test:  [32mΓ£ô[39m [30m[46m union-eyes [49m[39m lib/__tests__/dashboard-metrics.test.ts [2m([22m[2m14 tests[22m[2m)[22m[32m 21[2mms[22m[39m
@nzila/union-eyes:test:  [32mΓ£ô[39m [30m[46m union-eyes [49m[39m lib/__tests__/org-scope-middleware.test.ts [2m([22m[2m4 tests[22m[2m)[22m[32m 21[2mms[22m[39m
@nzila/union-eyes:test:  [32mΓ£ô[39m [30m[46m union-eyes [49m[39m lib/__tests__/executive-insights.test.ts [2m([22m[2m9 tests[22m[2m)[22m[32m 17[2mms[22m[39m
@nzila/ue-assistant:test: cache hit, replaying logs bb9d106d17f29f8b
@nzila/union-eyes:test:  [32mΓ£ô[39m [30m[46m union-eyes [49m[39m lib/__tests__/cape-audit-events.test.ts [2m([22m[2m8 tests[22m[2m)[22m[32m 16[2mms[22m[39m
@nzila/union-eyes:test:  [32mΓ£ô[39m [30m[46m union-eyes [49m[39m lib/__tests__/employer-risk.test.ts [2m([22m[2m12 tests[22m[2m)[22m[32m 18[2mms[22m[39m
@nzila/union-eyes:test:  [32mΓ£ô[39m [30m[46m union-eyes [49m[39m lib/auth/__tests__/hierarchy-access-control.test.ts [2m([22m[2m13 tests[22m[2m)[22m[32m 19[2mms[22m[39m
@nzila/union-eyes:test:  [32mΓ£ô[39m [30m[46m union-eyes [49m[39m lib/services/__tests__/provincial-privacy-service.test.ts [2m([22m[2m14 tests[22m[2m)[22m[32m 19[2mms[22m[39m
@nzila/union-eyes:test:  [32mΓ£ô[39m [30m[46m union-eyes [49m[39m lib/services/ai/__tests__/precedent-matching-service.test.ts [2m([22m[2m6 tests[22m[2m)[22m[32m 19[2mms[22m[39m
@nzila/union-eyes:test:  [32mΓ£ô[39m [30m[46m union-eyes [49m[39m lib/monitoring/__tests__/status-page.test.ts [2m([22m[2m13 tests[22m[2m)[22m[32m 34[2mms[22m[39m
@nzila/union-eyes:test:  [32mΓ£ô[39m [30m[46m union-eyes [49m[39m lib/__tests__/config.test.ts [2m([22m[2m22 tests[22m[2m)[22m[32m 19[2mms[22m[39m
@nzila/union-eyes:test:  [32mΓ£ô[39m [30m[46m union-eyes [49m[39m lib/gdpr/__tests__/consent-purposes.test.ts [2m([22m[2m12 tests[22m[2m)[22m[32m 17[2mms[22m[39m
@nzila/union-eyes:test:  [32mΓ£ô[39m [30m[46m union-eyes [49m[39m lib/__tests__/member-data-utils.test.ts [2m([22m[2m13 tests[22m[2m)[22m[32m 18[2mms[22m[39m
@nzila/union-eyes:test:  [32mΓ£ô[39m [30m[46m union-eyes [49m[39m lib/__tests__/audited-case-mutations.test.ts [2m([22m[2m4 tests[22m[2m)[22m[32m 17[2mms[22m[39m
@nzila/union-eyes:test:  [32mΓ£ô[39m [30m[46m union-eyes [49m[39m lib/__tests__/analytics-middleware.test.ts [2m([22m[2m6 tests[22m[2m)[22m[32m 21[2mms[22m[39m
@nzila/union-eyes:test:  [32mΓ£ô[39m [30m[46m union-eyes [49m[39m lib/services/rewards/__tests__/notification-service.test.ts [2m([22m[2m11 tests[22m[2m)[22m[33m 3126[2mms[22m[39m
@nzila/platform-compliance-snapshots:test: cache hit, replaying logs a460d961362f0e47
@nzila/union-eyes:test:        [33m[2mΓ£ô[22m[39m returns empty array when no expiring credits [33m 3109[2mms[22m[39m
@nzila/union-eyes:test:  [32mΓ£ô[39m [30m[46m union-eyes [49m[39m app/api/claims/__tests__/claims-post.test.ts [2m([22m[2m7 tests[22m[2m)[22m[33m 892[2mms[22m[39m
@nzila/union-eyes:test:      [33m[2mΓ£ô[22m[39m converts incidentDate string to Date before insert [33m 879[2mms[22m[39m
@nzila/union-eyes:test:  [32mΓ£ô[39m [30m[46m union-eyes [49m[39m lib/services/__tests__/case-workflow-fsm.test.ts [2m([22m[2m17 tests[22m[2m)[22m[32m 18[2mms[22m[39m
@nzila/union-eyes:test:  [32mΓ£ô[39m [30m[46m union-eyes [49m[39m lib/__tests__/grievance-lifecycle.test.ts [2m([22m[2m24 tests[22m[2m)[22m[32m 21[2mms[22m[39m
@nzila/union-eyes:test:  [32mΓ£ô[39m [30m[46m union-eyes [49m[39m lib/services/__tests__/email-templates.test.ts [2m([22m[2m7 tests[22m[2m)[22m[32m 20[2mms[22m[39m
@nzila/union-eyes:test:  [32mΓ£ô[39m [30m[46m union-eyes [49m[39m lib/services/__tests__/feature-flags.test.ts [2m([22m[2m43 tests[22m[2m)[22m[32m 42[2mms[22m[39m
@nzila/union-eyes:test: [90mstdout[2m | lib/__tests__/cba-intelligence-bilingual.test.ts
@nzila/union-eyes:test: [22m[39m[dotenv@17.3.1] injecting env (27) from .env.local -- tip: ≡ƒöÉ prevent committing .env to code: https://dotenvx.com/precommit
@nzila/union-eyes:test: 
@nzila/union-eyes:test: [90mstdout[2m | lib/__tests__/billing-cycle-service.test.ts
@nzila/union-eyes:test: [22m[39m[dotenv@17.3.1] injecting env (27) from .env.local -- tip: ΓÜÖ∩╕Å  suppress all logs with { quiet: true }
@nzila/union-eyes:test: 
@nzila/union-eyes:test: [90mstdout[2m | lib/api/__tests__/with-api.test.ts
@nzila/union-eyes:test: [22m[39m[dotenv@17.3.1] injecting env (27) from .env.local -- tip: ΓÜÖ∩╕Å  enable debug logging with { debug: true }
@nzila/union-eyes:test: 
@nzila/union-eyes:test:  [32mΓ£ô[39m [30m[46m union-eyes [49m[39m lib/__tests__/cba-intelligence-bilingual.test.ts [2m([22m[2m16 tests[22m[2m)[22m[32m 204[2mms[22m[39m
@nzila/union-eyes:test:  [32mΓ£ô[39m [30m[46m union-eyes [49m[39m lib/ai/__tests__/role-templates.test.ts [2m([22m[2m15 tests[22m[2m)[22m[32m 21[2mms[22m[39m
@nzila/union-eyes:test:  [32mΓ£ô[39m [30m[46m union-eyes [49m[39m lib/__tests__/dapl-platform-economics.test.ts [2m([22m[2m36 tests[22m[2m)[22m[32m 27[2mms[22m[39m
@nzila/union-eyes:test:  [32mΓ£ô[39m [30m[46m union-eyes [49m[39m lib/__tests__/blob-manager.test.ts [2m([22m[2m16 tests[22m[2m)[22m[32m 15[2mms[22m[39m
@nzila/union-eyes:test:  [32mΓ£ô[39m [30m[46m union-eyes [49m[39m lib/__tests__/analytics-cache.test.ts [2m([22m[2m7 tests[22m[2m)[22m[32m 17[2mms[22m[39m
@nzila/union-eyes:test: [90mstderr[2m | lib/ai/__tests__/token-cost-calculator.test.ts
@nzila/union-eyes:test: [22m[39m
@nzila/union-eyes:test: ΓòÉΓòÉΓòÉΓòÉΓòÉΓòÉΓòÉΓòÉΓòÉΓòÉΓòÉΓòÉΓòÉΓòÉΓòÉΓòÉΓòÉΓòÉΓòÉΓòÉΓòÉΓòÉΓòÉΓòÉΓòÉΓòÉΓòÉΓòÉΓòÉΓòÉΓòÉΓòÉΓòÉΓòÉΓòÉΓòÉΓòÉΓòÉΓòÉΓòÉΓòÉΓòÉΓòÉΓòÉΓòÉΓòÉΓòÉΓòÉΓòÉΓòÉΓòÉΓòÉΓòÉΓòÉΓòÉΓòÉΓòÉΓòÉΓòÉΓòÉΓòÉΓòÉΓòÉΓòÉΓòÉΓòÉΓòÉΓòÉΓòÉΓòÉΓòÉΓòÉ
@nzila/union-eyes:test: NZILA OS ΓÇö BOOT ASSERTION FAILURES
@nzila/union-eyes:test: ΓòÉΓòÉΓòÉΓòÉΓòÉΓòÉΓòÉΓòÉΓòÉΓòÉΓòÉΓòÉΓòÉΓòÉΓòÉΓòÉΓòÉΓòÉΓòÉΓòÉΓòÉΓòÉΓòÉΓòÉΓòÉΓòÉΓòÉΓòÉΓòÉΓòÉΓòÉΓòÉΓòÉΓòÉΓòÉΓòÉΓòÉΓòÉΓòÉΓòÉΓòÉΓòÉΓòÉΓòÉΓòÉΓòÉΓòÉΓòÉΓòÉΓòÉΓòÉΓòÉΓòÉΓòÉΓòÉΓòÉΓòÉΓòÉΓòÉΓòÉΓòÉΓòÉΓòÉΓòÉΓòÉΓòÉΓòÉΓòÉΓòÉΓòÉΓòÉΓòÉ
@nzila/union-eyes:test: 
@nzila/union-eyes:test:   Γ£ù BOOT ASSERTION FAILED: DATABASE_URL is not set. The API cannot function without a database connection.
@nzila/union-eyes:test: 
@nzila/union-eyes:test: ΓòÉΓòÉΓòÉΓòÉΓòÉΓòÉΓòÉΓòÉΓòÉΓòÉΓòÉΓòÉΓòÉΓòÉΓòÉΓòÉΓòÉΓòÉΓòÉΓòÉΓòÉΓòÉΓòÉΓòÉΓòÉΓòÉΓòÉΓòÉΓòÉΓòÉΓòÉΓòÉΓòÉΓòÉΓòÉΓòÉΓòÉΓòÉΓòÉΓòÉΓòÉΓòÉΓòÉΓòÉΓòÉΓòÉΓòÉΓòÉΓòÉΓòÉΓòÉΓòÉΓòÉΓòÉΓòÉΓòÉΓòÉΓòÉΓòÉΓòÉΓòÉΓòÉΓòÉΓòÉΓòÉΓòÉΓòÉΓòÉΓòÉΓòÉΓòÉΓòÉ
@nzila/union-eyes:test: The API will not serve traffic until all assertions pass.
@nzila/union-eyes:test: ΓòÉΓòÉΓòÉΓòÉΓòÉΓòÉΓòÉΓòÉΓòÉΓòÉΓòÉΓòÉΓòÉΓòÉΓòÉΓòÉΓòÉΓòÉΓòÉΓòÉΓòÉΓòÉΓòÉΓòÉΓòÉΓòÉΓòÉΓòÉΓòÉΓòÉΓòÉΓòÉΓòÉΓòÉΓòÉΓòÉΓòÉΓòÉΓòÉΓòÉΓòÉΓòÉΓòÉΓòÉΓòÉΓòÉΓòÉΓòÉΓòÉΓòÉΓòÉΓòÉΓòÉΓòÉΓòÉΓòÉΓòÉΓòÉΓòÉΓòÉΓòÉΓòÉΓòÉΓòÉΓòÉΓòÉΓòÉΓòÉΓòÉΓòÉΓòÉΓòÉ
@nzila/union-eyes:test: 
@nzila/union-eyes:test: 
@nzila/union-eyes:test:  [32mΓ£ô[39m [30m[46m union-eyes [49m[39m lib/utils/__tests__/member-data-utils.test.ts [2m([22m[2m14 tests[22m[2m)[22m[32m 18[2mms[22m[39m
@nzila/union-eyes:test:  [32mΓ£ô[39m [30m[46m union-eyes [49m[39m lib/services/ai/__tests__/clause-extraction-service.test.ts [2m([22m[2m8 tests[22m[2m)[22m[32m 24[2mms[22m[39m
@nzila/union-eyes:test:  [32mΓ£ô[39m [30m[46m union-eyes [49m[39m lib/__tests__/db-adapter.test.ts [2m([22m[2m14 tests[22m[2m)[22m[32m 15[2mms[22m[39m
@nzila/union-eyes:test: {"level":"warn","message":"[token-cost-calculator] No pricing data for model: nonexistent-model. Returning 0 cost.","timestamp":"2026-04-01T21:06:03.770Z"}
@nzila/union-eyes:test: {"level":"warn","message":"[token-cost-calculator] No pricing data for model: unknown-model. Returning 0 cost.","timestamp":"2026-04-01T21:06:04.353Z"}
@nzila/union-eyes:test:  [32mΓ£ô[39m [30m[46m union-eyes [49m[39m lib/services/__tests__/lro-signals.test.ts [2m([22m[2m9 tests[22m[2m)[22m[33m 860[2mms[22m[39m
@nzila/union-eyes:test:        [33m[2mΓ£ô[22m[39m returns sla_breached signal when acknowledgment SLA breached [33m 843[2mms[22m[39m
@nzila/union-eyes:test:  [32mΓ£ô[39m [30m[46m union-eyes [49m[39m lib/__tests__/analytics-aggregation.test.ts [2m([22m[2m3 tests[22m[2m)[22m[33m 1245[2mms[22m[39m
@nzila/union-eyes:test:      [33m[2mΓ£ô[22m[39m computeDailyAggregation returns aggregation data [33m 1238[2mms[22m[39m
@nzila/union-eyes:test: {"level":"warn","message":"[token-cost-calculator] No pricing data for model: unknown. Returning 0 cost.","timestamp":"2026-04-01T21:06:04.360Z"}
@nzila/union-eyes:test: {"level":"warn","message":"[token-cost-calculator] No pricing data for model: unknown. Returning 0 cost.","timestamp":"2026-04-01T21:06:04.360Z"}
@nzila/union-eyes:test:  [32mΓ£ô[39m [30m[46m union-eyes [49m[39m lib/__tests__/analytics-performance.test.ts [2m([22m[2m5 tests[22m[2m)[22m[33m 1005[2mms[22m[39m
@nzila/union-eyes:test:      [33m[2mΓ£ô[22m[39m recordQuery executes pipeline [33m 995[2mms[22m[39m
@nzila/union-eyes:test:  [32mΓ£ô[39m [30m[46m union-eyes [49m[39m lib/jobs/__tests__/failed-payment-retry.test.ts [2m([22m[2m5 tests[22m[2m)[22m[33m 1243[2mms[22m[39m
@nzila/union-eyes:test:        [33m[2mΓ£ô[22m[39m marks transactions with 4+ failures for admin [33m 1227[2mms[22m[39m
@nzila/union-eyes:test:  [32mΓ£ô[39m [30m[46m union-eyes [49m[39m lib/__tests__/pilot-admin.test.ts [2m([22m[2m13 tests[22m[2m)[22m[32m 39[2mms[22m[39m
@nzila/union-eyes:test:  [32mΓ£ô[39m [30m[46m union-eyes [49m[39m lib/ai/__tests__/token-cost-calculator.test.ts [2m([22m[2m27 tests[22m[2m)[22m[33m 600[2mms[22m[39m
@nzila/union-eyes:test:        [33m[2mΓ£ô[22m[39m returns 0 for unknown model [33m 577[2mms[22m[39m
@nzila/union-eyes:test:  [32mΓ£ô[39m [30m[46m union-eyes [49m[39m lib/services/__tests__/t106-compliance-service.test.ts [2m([22m[2m4 tests[22m[2m)[22m[33m 1154[2mms[22m[39m
@nzila/union-eyes:test:      [33m[2mΓ£ô[22m[39m generateT106Report returns report structure in CAD [33m 1139[2mms[22m[39m
@nzila/union-eyes:test:  [32mΓ£ô[39m [30m[46m union-eyes [49m[39m lib/ai/__tests__/steward-copilot.test.ts [2m([22m[2m4 tests[22m[2m)[22m[33m 1099[2mms[22m[39m
@nzila/union-eyes:test:      [33m[2mΓ£ô[22m[39m returns an AI envelope with copilot result [33m 1086[2mms[22m[39m
@nzila/union-eyes:test:  [32mΓ£ô[39m [30m[46m union-eyes [49m[39m lib/ai/__tests__/grievance-triage.test.ts [2m([22m[2m3 tests[22m[2m)[22m[33m 1038[2mms[22m[39m
@nzila/union-eyes:test:      [33m[2mΓ£ô[22m[39m returns an AI envelope with triage result [33m 1027[2mms[22m[39m
@nzila/union-eyes:test:  [32mΓ£ô[39m [30m[46m union-eyes [49m[39m lib/ai/__tests__/clause-reasoning.test.ts [2m([22m[2m3 tests[22m[2m)[22m[33m 653[2mms[22m[39m
@nzila/union-eyes:test:      [33m[2mΓ£ô[22m[39m returns an AI envelope with clause suggestions [33m 640[2mms[22m[39m
@nzila/union-eyes:test:  [32mΓ£ô[39m [30m[46m union-eyes [49m[39m lib/ai/__tests__/employer-risk.test.ts [2m([22m[2m7 tests[22m[2m)[22m[33m 1108[2mms[22m[39m
@nzila/union-eyes:test:      [33m[2mΓ£ô[22m[39m returns an AI envelope with risk result [33m 1083[2mms[22m[39m
@nzila/union-eyes:test:  [32mΓ£ô[39m [30m[46m union-eyes [49m[39m lib/services/__tests__/sla-calculator.test.ts [2m([22m[2m10 tests[22m[2m)[22m[33m 637[2mms[22m[39m
@nzila/union-eyes:test:        [33m[2mΓ£ô[22m[39m returns within_sla when acknowledged within deadline [33m 610[2mms[22m[39m
@nzila/union-eyes:test:  [32mΓ£ô[39m [30m[46m union-eyes [49m[39m lib/__tests__/billing-cycle-service.test.ts [2m([22m[2m29 tests[22m[2m)[22m[33m 690[2mms[22m[39m
@nzila/union-eyes:test:        [33m[2mΓ£ô[22m[39m returns first and last day of the month [33m 650[2mms[22m[39m
@nzila/union-eyes:test:  [32mΓ£ô[39m [30m[46m union-eyes [49m[39m lib/__tests__/rewards-stats-utils.test.ts [2m([22m[2m13 tests[22m[2m)[22m[32m 20[2mms[22m[39m
@nzila/union-eyes:test:  [32mΓ£ô[39m [30m[46m union-eyes [49m[39m lib/auth/__tests__/permissions.test.ts [2m([22m[2m12 tests[22m[2m)[22m[32m 15[2mms[22m[39m
@nzila/union-eyes:test:  [32mΓ£ô[39m [30m[46m union-eyes [49m[39m lib/notification-templates/__tests__/dues-notifications.test.ts [2m([22m[2m61 tests[22m[2m)[22m[32m 29[2mms[22m[39m
@nzila/union-eyes:test:  [32mΓ£ô[39m [30m[46m union-eyes [49m[39m lib/__tests__/sanitize.test.ts [2m([22m[2m13 tests[22m[2m)[22m[32m 22[2mms[22m[39m
@nzila/union-eyes:test:  [32mΓ£ô[39m [30m[46m union-eyes [49m[39m lib/services/__tests__/multi-currency-gl-helper.test.ts [2m([22m[2m5 tests[22m[2m)[22m[32m 19[2mms[22m[39m
@nzila/union-eyes:test:  [32mΓ£ô[39m [30m[46m union-eyes [49m[39m lib/__tests__/decimal-safe.test.ts [2m([22m[2m17 tests[22m[2m)[22m[32m 16[2mms[22m[39m
@nzila/union-eyes:test:  [32mΓ£ô[39m [30m[46m union-eyes [49m[39m lib/services/__tests__/claims-service.test.ts [2m([22m[2m6 tests[22m[2m)[22m[32m 14[2mms[22m[39m
@nzila/union-eyes:test:  [32mΓ£ô[39m [30m[46m union-eyes [49m[39m lib/services/__tests__/precedent-document-service.test.ts [2m([22m[2m4 tests[22m[2m)[22m[32m 13[2mms[22m[39m
@nzila/union-eyes:test:  [32mΓ£ô[39m [30m[46m union-eyes [49m[39m lib/ai/__tests__/ai-feature-guard.test.ts [2m([22m[2m6 tests[22m[2m)[22m[32m 14[2mms[22m[39m
@nzila/union-eyes:test:  [32mΓ£ô[39m [30m[46m union-eyes [49m[39m lib/__tests__/workbench-utils.test.ts [2m([22m[2m14 tests[22m[2m)[22m[32m 14[2mms[22m[39m
@nzila/union-eyes:test:  [32mΓ£ô[39m [30m[46m union-eyes [49m[39m lib/graphql/__tests__/schema.test.ts [2m([22m[2m34 tests[22m[2m)[22m[32m 17[2mms[22m[39m
@nzila/union-eyes:test:  [32mΓ£ô[39m [30m[46m union-eyes [49m[39m lib/__tests__/entitlement-sat-validator.test.ts [2m([22m[2m10 tests[22m[2m)[22m[32m 15[2mms[22m[39m
@nzila/union-eyes:test:  [32mΓ£ô[39m [30m[46m union-eyes [49m[39m lib/__tests__/clause-intelligence.test.ts [2m([22m[2m7 tests[22m[2m)[22m[32m 14[2mms[22m[39m
@nzila/union-eyes:test:  [32mΓ£ô[39m [30m[46m union-eyes [49m[39m lib/__tests__/seed-cape-acep.test.ts [2m([22m[2m6 tests[22m[2m)[22m[32m 13[2mms[22m[39m
@nzila/union-eyes:test:  [32mΓ£ô[39m [30m[46m union-eyes [49m[39m lib/__tests__/steward-copilot.test.ts [2m([22m[2m8 tests[22m[2m)[22m[32m 17[2mms[22m[39m
@nzila/union-eyes:test:  [32mΓ£ô[39m [30m[46m union-eyes [49m[39m lib/__tests__/public-routes.test.ts [2m([22m[2m16 tests[22m[2m)[22m[32m 13[2mms[22m[39m
@nzila/union-eyes:test:  [32mΓ£ô[39m [30m[46m union-eyes [49m[39m lib/__tests__/engagement-scoring.test.ts [2m([22m[2m4 tests[22m[2m)[22m[32m 16[2mms[22m[39m
@nzila/union-eyes:test:  [32mΓ£ô[39m [30m[46m union-eyes [49m[39m lib/__tests__/user-uuid-helpers.test.ts [2m([22m[2m3 tests[22m[2m)[22m[32m 13[2mms[22m[39m
@nzila/union-eyes:test:  [32mΓ£ô[39m [30m[46m union-eyes [49m[39m lib/services/__tests__/ip-geolocation-service.test.ts [2m([22m[2m8 tests[22m[2m)[22m[32m 15[2mms[22m[39m
@nzila/union-eyes:test:  [32mΓ£ô[39m [30m[46m union-eyes [49m[39m lib/__tests__/grievance-triage.test.ts [2m([22m[2m6 tests[22m[2m)[22m[32m 13[2mms[22m[39m
@nzila/union-eyes:test:  [32mΓ£ô[39m [30m[46m union-eyes [49m[39m lib/__tests__/schema-error.test.ts [2m([22m[2m7 tests[22m[2m)[22m[32m 15[2mms[22m[39m
@nzila/union-eyes:test:  [32mΓ£ô[39m [30m[46m union-eyes [49m[39m lib/__tests__/case-fsm-enforcement.test.ts [2m([22m[2m9 tests[22m[2m)[22m[32m 15[2mms[22m[39m
@nzila/union-eyes:test:  [32mΓ£ô[39m [30m[46m union-eyes [49m[39m lib/__tests__/jurisdiction-helpers.test.ts [2m([22m[2m7 tests[22m[2m)[22m[32m 13[2mms[22m[39m
@nzila/union-eyes:test:  [32mΓ£ô[39m [30m[46m union-eyes [49m[39m lib/ai/__tests__/pipeline.test.ts [2m([22m[2m6 tests[22m[2m)[22m[32m 14[2mms[22m[39m
@nzila/union-eyes:test:  [32mΓ£ô[39m [30m[46m union-eyes [49m[39m lib/__tests__/jurisdiction-helpers-client.test.ts [2m([22m[2m15 tests[22m[2m)[22m[32m 13[2mms[22m[39m
@nzila/union-eyes:test:  [32mΓ£ô[39m [30m[46m union-eyes [49m[39m lib/services/__tests__/transfer-pricing-service.test.ts [2m([22m[2m4 tests[22m[2m)[22m[32m 13[2mms[22m[39m
@nzila/union-eyes:test:  [32mΓ£ô[39m [30m[46m union-eyes [49m[39m lib/monitoring/__tests__/status-utils.test.ts [2m([22m[2m16 tests[22m[2m)[22m[32m 12[2mms[22m[39m
@nzila/union-eyes:test:  [32mΓ£ô[39m [30m[46m union-eyes [49m[39m lib/auth/__tests__/types.test.ts [2m([22m[2m8 tests[22m[2m)[22m[32m 13[2mms[22m[39m
@nzila/union-eyes:test:  [32mΓ£ô[39m [30m[46m union-eyes [49m[39m lib/services/__tests__/billing-cycle-service.test.ts [2m([22m[2m4 tests[22m[2m)[22m[32m 11[2mms[22m[39m
@nzila/union-eyes:test:  [32mΓ£ô[39m [30m[46m union-eyes [49m[39m lib/__tests__/settlement-recommendation-engine.test.ts [2m([22m[2m4 tests[22m[2m)[22m[32m 15[2mms[22m[39m
@nzila/union-eyes:test:  [32mΓ£ô[39m [30m[46m union-eyes [49m[39m lib/__tests__/clause-reasoning.test.ts [2m([22m[2m5 tests[22m[2m)[22m[32m 12[2mms[22m[39m
@nzila/union-eyes:test:  [32mΓ£ô[39m [30m[46m union-eyes [49m[39m lib/__tests__/api-server.test.ts [2m([22m[2m5 tests[22m[2m)[22m[32m 12[2mms[22m[39m
@nzila/union-eyes:test:  [32mΓ£ô[39m [30m[46m union-eyes [49m[39m lib/__tests__/action-enforcer.test.ts [2m([22m[2m12 tests[22m[2m)[22m[32m 14[2mms[22m[39m
@nzila/union-eyes:test:  [32mΓ£ô[39m [30m[46m union-eyes [49m[39m lib/__tests__/evidence-export.test.ts [2m([22m[2m8 tests[22m[2m)[22m[32m 16[2mms[22m[39m
@nzila/union-eyes:test:  [32mΓ£ô[39m [30m[46m union-eyes [49m[39m lib/services/__tests__/payroll-integration-service.test.ts [2m([22m[2m4 tests[22m[2m)[22m[32m 13[2mms[22m[39m
@nzila/union-eyes:test:  [32mΓ£ô[39m [30m[46m union-eyes [49m[39m lib/__tests__/error-codes.test.ts [2m([22m[2m9 tests[22m[2m)[22m[32m 15[2mms[22m[39m
@nzila/union-eyes:test:  [32mΓ£ô[39m [30m[46m union-eyes [49m[39m lib/__tests__/evidence.test.ts [2m([22m[2m4 tests[22m[2m)[22m[32m 15[2mms[22m[39m
@nzila/union-eyes:test:  [32mΓ£ô[39m [30m[46m union-eyes [49m[39m lib/__tests__/setup-checklist.test.ts [2m([22m[2m8 tests[22m[2m)[22m[32m 12[2mms[22m[39m
@nzila/union-eyes:test:  [32mΓ£ô[39m [30m[46m union-eyes [49m[39m lib/ai/__tests__/ai-client.test.ts [2m([22m[2m10 tests[22m[2m)[22m[32m 10[2mms[22m[39m
@nzila/union-eyes:test:  [32mΓ£ô[39m [30m[46m union-eyes [49m[39m lib/__tests__/cba-intelligence-adapter-registry.test.ts [2m([22m[2m3 tests[22m[2m)[22m[32m 10[2mms[22m[39m
@nzila/union-eyes:test:  [32mΓ£ô[39m [30m[46m union-eyes [49m[39m lib/api/__tests__/with-api.test.ts [2m([22m[2m17 tests[22m[2m)[22m[32m 92[2mms[22m[39m
@nzila/union-eyes:test:  [32mΓ£ô[39m [30m[46m union-eyes [49m[39m lib/__tests__/dispatch-engine.test.ts [2m([22m[2m6 tests[22m[2m)[22m[32m 10[2mms[22m[39m
@nzila/union-eyes:test:  [32mΓ£ô[39m [30m[46m union-eyes [49m[39m lib/__tests__/api.test.ts [2m([22m[2m6 tests[22m[2m)[22m[32m 14[2mms[22m[39m
@nzila/union-eyes:test:  [32mΓ£ô[39m [30m[46m union-eyes [49m[39m lib/__tests__/client-logger.test.ts [2m([22m[2m2 tests[22m[2m)[22m[32m 13[2mms[22m[39m
@nzila/union-eyes:test: [90mstdout[2m | lib/__tests__/cba-intelligence-freshness.test.ts
@nzila/union-eyes:test: [22m[39m[dotenv@17.3.1] injecting env (27) from .env.local -- tip: ΓÜí∩╕Å secrets for agents: https://dotenvx.com/as2
@nzila/union-eyes:test: 
@nzila/union-eyes:test:  [32mΓ£ô[39m [30m[46m union-eyes [49m[39m lib/__tests__/cba-intelligence-freshness.test.ts [2m([22m[2m11 tests[22m[2m)[22m[32m 11[2mms[22m[39m
@nzila/union-eyes:test:  [32mΓ£ô[39m [30m[46m union-eyes [49m[39m lib/ai/__tests__/executive-insights.test.ts [2m([22m[2m2 tests[22m[2m)[22m[32m 18[2mms[22m[39m
@nzila/union-eyes:test: 
@nzila/union-eyes:test: [2m Test Files [22m [1m[32m287 passed[39m[22m[90m (287)[39m
@nzila/union-eyes:test: [2m      Tests [22m [1m[32m5664 passed[39m[22m[90m (5664)[39m
@nzila/union-eyes:test: [2m   Start at [22m 17:05:28
@nzila/union-eyes:test: [2m   Duration [22m 41.96s[2m (transform 168.42s, setup 0ms, import 256.66s, tests 84.59s, environment 32.30s)[22m
@nzila/union-eyes:test: 
@nzila/canadian-vocabulary:test: 
@nzila/canadian-vocabulary:test: > @nzila/canadian-vocabulary@1.0.0 test C:\APPS\nzila-automation\packages\canadian-vocabulary
@nzila/canadian-vocabulary:test: > vitest
@nzila/canadian-vocabulary:test: 
@nzila/platform-policy-engine:test: 
@nzila/platform-policy-engine:test: > @nzila/platform-policy-engine@0.1.0 test C:\APPS\nzila-automation\packages\platform-policy-engine
@nzila/platform-policy-engine:test: > vitest run
@nzila/platform-policy-engine:test: 
@nzila/platform-policy-engine:test: 
@nzila/platform-policy-engine:test: [1m[46m RUN [49m[22m [36mv4.1.2 [39m[90mC:/APPS/nzila-automation/packages/platform-policy-engine[39m
@nzila/platform-policy-engine:test: 
@nzila/platform-policy-engine:test: {"level":"info","message":"[policy-evaluator] Policy evaluated","timestamp":"2026-04-01T20:08:08.082Z","evaluationId":"1ab9ee5a-84c4-454a-a207-9b9416ef4202","policyId":"test-policy","overallResult":"pass","decisionCount":0,"durationMs":0.8054999999999382}
@nzila/platform-policy-engine:test: {"level":"info","message":"[policy-evaluator] Policy evaluated","timestamp":"2026-04-01T20:08:08.088Z","evaluationId":"83492343-9274-45ec-b279-cebf488c7a29","policyId":"test-policy","overallResult":"fail","decisionCount":1,"durationMs":0.15470000000004802}
@nzila/platform-policy-engine:test: {"level":"info","message":"[policy-evaluator] Policy evaluated","timestamp":"2026-04-01T20:08:08.089Z","evaluationId":"2f06f0fe-d639-469f-900b-2af33eda6137","policyId":"test-policy","overallResult":"require_approval","decisionCount":1,"durationMs":0.09120000000007167}
@nzila/platform-policy-engine:test: {"level":"info","message":"[policy-evaluator] Policy evaluated","timestamp":"2026-04-01T20:08:08.091Z","evaluationId":"0a67812a-7f1b-45e9-9806-266cd9e8b618","policyId":"test-policy","overallResult":"fail","decisionCount":1,"durationMs":0.049600000000054933}
@nzila/platform-policy-engine:test: {"level":"info","message":"[policy-evaluator] Policy evaluated","timestamp":"2026-04-01T20:08:08.091Z","evaluationId":"838aca76-795c-4755-859d-fbb0834cc84f","policyId":"policy-2","overallResult":"fail","decisionCount":1,"durationMs":0.03519999999980428}
@nzila/platform-policy-engine:test: {"level":"info","message":"[policy-evaluator] Policy evaluated","timestamp":"2026-04-01T20:08:08.092Z","evaluationId":"86ec731c-81d9-4339-a84d-85f00273c839","policyId":"test-policy","overallResult":"fail","decisionCount":1,"durationMs":0.05830000000014479}
@nzila/platform-policy-engine:test: {"level":"info","message":"[policy-evaluator] Policy evaluated","timestamp":"2026-04-01T20:08:08.093Z","evaluationId":"2c6adb6f-cdbf-496c-8f44-d10bfddd53c8","policyId":"test-policy","overallResult":"require_approval","decisionCount":1,"durationMs":0.056100000000014916}
@nzila/platform-policy-engine:test:  [32mΓ£ô[39m [30m[43m platform-policy-engine [49m[39m src/__tests__/evaluator.test.ts [2m([22m[2m7 tests[22m[2m)[22m[32m 18[2mms[22m[39m
@nzila/platform-policy-engine:test: 
@nzila/platform-policy-engine:test: [2m Test Files [22m [1m[32m1 passed[39m[22m[90m (1)[39m
@nzila/platform-policy-engine:test: [2m      Tests [22m [1m[32m7 passed[39m[22m[90m (7)[39m
@nzila/platform-policy-engine:test: [2m   Start at [22m 16:08:05
@nzila/platform-policy-engine:test: [2m   Duration [22m 2.88s[2m (transform 334ms, setup 0ms, import 393ms, tests 18ms, environment 0ms)[22m
@nzila/platform-policy-engine:test: 
@nzila/platform-intelligence:test: 
@nzila/platform-intelligence:test: > @nzila/platform-intelligence@0.1.0 test C:\APPS\nzila-automation\packages\platform-intelligence
@nzila/platform-intelligence:test: > vitest run
@nzila/platform-intelligence:test: 
@nzila/platform-intelligence:test: 
@nzila/platform-intelligence:test: [1m[46m RUN [49m[22m [36mv4.1.2 [39m[90mC:/APPS/nzila-automation/packages/platform-intelligence[39m
@nzila/platform-intelligence:test: 
@nzila/platform-intelligence:test:  [32mΓ£ô[39m [30m[45m platform-intelligence [49m[39m src/intelligence.test.ts [2m([22m[2m10 tests[22m[2m)[22m[32m 20[2mms[22m[39m
@nzila/platform-intelligence:test: 
@nzila/platform-intelligence:test: [2m Test Files [22m [1m[32m1 passed[39m[22m[90m (1)[39m
@nzila/platform-intelligence:test: [2m      Tests [22m [1m[32m10 passed[39m[22m[90m (10)[39m
@nzila/platform-intelligence:test: [2m   Start at [22m 16:08:05
@nzila/platform-intelligence:test: [2m   Duration [22m 2.58s[2m (transform 150ms, setup 0ms, import 197ms, tests 20ms, environment 0ms)[22m
@nzila/platform-intelligence:test: 
@nzila/ue-assistant:test: 
@nzila/ue-assistant:test: > @nzila/ue-assistant@0.1.0 test C:\APPS\nzila-automation\packages\ue-assistant
@nzila/ue-assistant:test: > vitest run
@nzila/ue-assistant:test: 
@nzila/ue-assistant:test: 
@nzila/ue-assistant:test: [1m[46m RUN [49m[22m [36mv4.1.2 [39m[90mC:/APPS/nzila-automation/packages/ue-assistant[39m
@nzila/ue-assistant:test: 
@nzila/ue-assistant:test:  [32mΓ£ô[39m [30m[45m ue-assistant [49m[39m src/ue-assistant.test.ts [2m([22m[2m117 tests[22m[2m)[22m[32m 119[2mms[22m[39m
@nzila/ue-assistant:test: 
@nzila/ue-assistant:test: [2m Test Files [22m [1m[32m1 passed[39m[22m[90m (1)[39m
@nzila/ue-assistant:test: [2m      Tests [22m [1m[32m117 passed[39m[22m[90m (117)[39m
@nzila/ue-assistant:test: [2m   Start at [22m 16:08:08
@nzila/platform-compliance-snapshots:test: 
@nzila/platform-compliance-snapshots:test: > @nzila/platform-compliance-snapshots@0.1.0 test C:\APPS\nzila-automation\packages\platform-compliance-snapshots
@nzila/ue-assistant:test: [2m   Duration [22m 4.24s[2m (transform 2.55s, setup 0ms, import 2.67s, tests 119ms, environment 0ms)[22m
@nzila/ue-assistant:test: 
@nzila/platform-compliance-snapshots:test: > vitest run
@nzila/platform-compliance-snapshots:test: 
@nzila/platform-compliance-snapshots:test: 
@nzila/platform-compliance-snapshots:test: [1m[46m RUN [49m[22m [36mv4.1.2 [39m[90mC:/APPS/nzila-automation/packages/platform-compliance-snapshots[39m
@nzila/platform-compliance-snapshots:test: 
@nzila/platform-compliance-snapshots:test: {"level":"info","message":"[compliance-collector] Compliance snapshot collected","timestamp":"2026-04-01T20:08:05.059Z","orgId":"00000000-0000-0000-0000-000000000001","snapshotId":"12cc9ab7-f3ca-408b-befc-5ea6276fc59a","version":1,"totalControls":2,"complianceScore":50}
@nzila/platform-compliance-snapshots:test: {"level":"info","message":"[compliance-chain] Snapshot appended to chain","timestamp":"2026-04-01T20:08:05.062Z","orgId":"00000000-0000-0000-0000-000000000001","snapshotId":"snap-1","version":1,"chainLength":1}
@nzila/platform-compliance-snapshots:test: {"level":"info","message":"[compliance-collector] Compliance snapshot collected","timestamp":"2026-04-01T20:08:05.065Z","orgId":"00000000-0000-0000-0000-000000000001","snapshotId":"c0c9f893-c8be-4d19-bc39-d82e2fa24f74","version":1,"totalControls":2,"complianceScore":50}
@nzila/platform-compliance-snapshots:test: {"level":"info","message":"[compliance-collector] Compliance snapshot collected","timestamp":"2026-04-01T20:08:05.066Z","orgId":"00000000-0000-0000-0000-000000000001","snapshotId":"a90b5c45-1b5e-4169-b447-8adb0ae5737c","version":1,"totalControls":1,"complianceScore":100}
@nzila/platform-compliance-snapshots:test: {"level":"info","message":"[compliance-chain] Snapshot appended to chain","timestamp":"2026-04-01T20:08:05.066Z","orgId":"00000000-0000-0000-0000-000000000001","snapshotId":"snap-1","version":1,"chainLength":1}
@nzila/platform-compliance-snapshots:test: {"level":"info","message":"[compliance-chain] Snapshot appended to chain","timestamp":"2026-04-01T20:08:05.066Z","orgId":"00000000-0000-0000-0000-000000000001","snapshotId":"snap-2","version":2,"chainLength":2}
@nzila/platform-compliance-snapshots:test: {"level":"info","message":"[compliance-chain] Snapshot appended to chain","timestamp":"2026-04-01T20:08:05.068Z","orgId":"00000000-0000-0000-0000-000000000001","snapshotId":"snap-1","version":1,"chainLength":1}
@nzila/platform-compliance-snapshots:test: {"level":"info","message":"[compliance-chain] Snapshot appended to chain","timestamp":"2026-04-01T20:08:05.068Z","orgId":"00000000-0000-0000-0000-000000000001","snapshotId":"c0c9f893-c8be-4d19-bc39-d82e2fa24f74","version":1,"chainLength":1}
@nzila/platform-compliance-snapshots:test: {"level":"info","message":"[compliance-generator] Compliance snapshot generated and chained","timestamp":"2026-04-01T20:08:05.068Z","orgId":"00000000-0000-0000-0000-000000000001","snapshotId":"c0c9f893-c8be-4d19-bc39-d82e2fa24f74","version":1,"complianceScore":50}
@nzila/platform-compliance-snapshots:test: {"level":"info","message":"[compliance-chain] Snapshot appended to chain","timestamp":"2026-04-01T20:08:05.068Z","orgId":"00000000-0000-0000-0000-000000000001","snapshotId":"snap-2","version":2,"chainLength":2}
@nzila/platform-compliance-snapshots:test: {"level":"info","message":"[compliance-chain] Snapshot appended to chain","timestamp":"2026-04-01T20:08:05.069Z","orgId":"00000000-0000-0000-0000-000000000001","snapshotId":"snap-3","version":3,"chainLength":3}
@nzila/platform-compliance-snapshots:test: {"level":"info","message":"[compliance-chain] Snapshot appended to chain","timestamp":"2026-04-01T20:08:05.069Z","orgId":"00000000-0000-0000-0000-000000000001","snapshotId":"snap-4","version":4,"chainLength":4}
@nzila/platform-compliance-snapshots:test: {"level":"info","message":"[compliance-chain] Snapshot appended to chain","timestamp":"2026-04-01T20:08:05.069Z","orgId":"00000000-0000-0000-0000-000000000001","snapshotId":"snap-5","version":5,"chainLength":5}
@nzila/platform-compliance-snapshots:test: {"level":"info","message":"[compliance-chain] Snapshot appended to chain","timestamp":"2026-04-01T20:08:05.071Z","orgId":"00000000-0000-0000-0000-000000000001","snapshotId":"snap-1","version":1,"chainLength":1}
@nzila/platform-compliance-snapshots:test: {"level":"info","message":"[compliance-chain] Snapshot appended to chain","timestamp":"2026-04-01T20:08:05.071Z","orgId":"00000000-0000-0000-0000-000000000001","snapshotId":"snap-2","version":2,"chainLength":2}
@nzila/platform-compliance-snapshots:test: {"level":"info","message":"[compliance-chain] Snapshot appended to chain","timestamp":"2026-04-01T20:08:05.071Z","orgId":"00000000-0000-0000-0000-000000000001","snapshotId":"snap-3","version":3,"chainLength":3}
@nzila/platform-compliance-snapshots:test: {"level":"info","message":"[compliance-chain] Chain verification completed","timestamp":"2026-04-01T20:08:05.072Z","orgId":"00000000-0000-0000-0000-000000000001","valid":true,"totalEntries":3,"brokenAt":null}
@nzila/platform-compliance-snapshots:test:  [32mΓ£ô[39m src/__tests__/collector.test.ts [2m([22m[2m6 tests[22m[2m)[22m[32m 24[2mms[22m[39m
@nzila/platform-compliance-snapshots:test: {"level":"info","message":"[compliance-collector] Compliance snapshot collected","timestamp":"2026-04-01T20:08:05.073Z","orgId":"00000000-0000-0000-0000-000000000001","snapshotId":"142e9d08-2f84-4168-b49d-68741063ad54","version":1,"totalControls":2,"complianceScore":50}
@nzila/platform-compliance-snapshots:test: {"level":"info","message":"[compliance-chain] Snapshot appended to chain","timestamp":"2026-04-01T20:08:05.073Z","orgId":"00000000-0000-0000-0000-000000000001","snapshotId":"142e9d08-2f84-4168-b49d-68741063ad54","version":1,"chainLength":1}
@nzila/platform-compliance-snapshots:test: {"level":"info","message":"[compliance-generator] Compliance snapshot generated and chained","timestamp":"2026-04-01T20:08:05.073Z","orgId":"00000000-0000-0000-0000-000000000001","snapshotId":"142e9d08-2f84-4168-b49d-68741063ad54","version":1,"complianceScore":50}
@nzila/platform-compliance-snapshots:test: {"level":"info","message":"[compliance-collector] Compliance snapshot collected","timestamp":"2026-04-01T20:08:05.073Z","orgId":"00000000-0000-0000-0000-000000000001","snapshotId":"43f34578-bdb7-4c5e-95a9-647d52733983","version":2,"totalControls":2,"complianceScore":50}
@nzila/platform-compliance-snapshots:test: {"level":"info","message":"[compliance-chain] Snapshot appended to chain","timestamp":"2026-04-01T20:08:05.074Z","orgId":"00000000-0000-0000-0000-000000000001","snapshotId":"43f34578-bdb7-4c5e-95a9-647d52733983","version":2,"chainLength":2}
@nzila/platform-compliance-snapshots:test: {"level":"info","message":"[compliance-generator] Compliance snapshot generated and chained","timestamp":"2026-04-01T20:08:05.074Z","orgId":"00000000-0000-0000-0000-000000000001","snapshotId":"43f34578-bdb7-4c5e-95a9-647d52733983","version":2,"complianceScore":50}
@nzila/platform-compliance-snapshots:test: {"level":"info","message":"[compliance-collector] Compliance snapshot collected","timestamp":"2026-04-01T20:08:05.075Z","orgId":"00000000-0000-0000-0000-000000000001","snapshotId":"3e2c0dd8-8a85-483c-988c-681853a3969a","version":1,"totalControls":2,"complianceScore":50}
@nzila/platform-compliance-snapshots:test: {"level":"info","message":"[compliance-chain] Snapshot appended to chain","timestamp":"2026-04-01T20:08:05.075Z","orgId":"00000000-0000-0000-0000-000000000001","snapshotId":"3e2c0dd8-8a85-483c-988c-681853a3969a","version":1,"chainLength":1}
@nzila/platform-compliance-snapshots:test: {"level":"info","message":"[compliance-generator] Compliance snapshot generated and chained","timestamp":"2026-04-01T20:08:05.075Z","orgId":"00000000-0000-0000-0000-000000000001","snapshotId":"3e2c0dd8-8a85-483c-988c-681853a3969a","version":1,"complianceScore":50}
@nzila/platform-compliance-snapshots:test: {"level":"info","message":"[compliance-collector] Compliance snapshot collected","timestamp":"2026-04-01T20:08:05.075Z","orgId":"00000000-0000-0000-0000-000000000001","snapshotId":"22bc2dba-e38c-40cd-b359-74b7bb7ae7a1","version":2,"totalControls":2,"complianceScore":50}
@nzila/platform-compliance-snapshots:test: {"level":"info","message":"[compliance-chain] Snapshot appended to chain","timestamp":"2026-04-01T20:08:05.076Z","orgId":"00000000-0000-0000-0000-000000000001","snapshotId":"22bc2dba-e38c-40cd-b359-74b7bb7ae7a1","version":2,"chainLength":2}
@nzila/platform-compliance-snapshots:test: {"level":"info","message":"[compliance-chain] Snapshot appended to chain","timestamp":"2026-04-01T20:08:05.073Z","orgId":"00000000-0000-0000-0000-000000000001","snapshotId":"snap-1","version":1,"chainLength":1}
@nzila/platform-compliance-snapshots:test: {"level":"info","message":"[compliance-chain] Snapshot appended to chain","timestamp":"2026-04-01T20:08:05.073Z","orgId":"00000000-0000-0000-0000-000000000001","snapshotId":"snap-2","version":2,"chainLength":2}
@nzila/platform-compliance-snapshots:test: {"level":"info","message":"[compliance-chain] Snapshot appended to chain","timestamp":"2026-04-01T20:08:05.073Z","orgId":"00000000-0000-0000-0000-000000000001","snapshotId":"snap-3","version":3,"chainLength":3}
@nzila/platform-compliance-snapshots:test: {"level":"info","message":"[compliance-chain] Chain verification completed","timestamp":"2026-04-01T20:08:05.073Z","orgId":"00000000-0000-0000-0000-000000000001","valid":false,"totalEntries":3,"brokenAt":2}
@nzila/platform-compliance-snapshots:test: {"level":"info","message":"[compliance-chain] Snapshot appended to chain","timestamp":"2026-04-01T20:08:05.075Z","orgId":"00000000-0000-0000-0000-000000000001","snapshotId":"snap-1","version":1,"chainLength":1}
@nzila/platform-compliance-snapshots:test: {"level":"info","message":"[compliance-chain] Snapshot appended to chain","timestamp":"2026-04-01T20:08:05.075Z","orgId":"00000000-0000-0000-0000-000000000001","snapshotId":"snap-2","version":2,"chainLength":2}
@nzila/platform-compliance-snapshots:test: {"level":"info","message":"[compliance-generator] Compliance snapshot generated and chained","timestamp":"2026-04-01T20:08:05.076Z","orgId":"00000000-0000-0000-0000-000000000001","snapshotId":"22bc2dba-e38c-40cd-b359-74b7bb7ae7a1","version":2,"complianceScore":50}
@nzila/platform-compliance-snapshots:test: {"level":"info","message":"[compliance-collector] Compliance snapshot collected","timestamp":"2026-04-01T20:08:05.076Z","orgId":"00000000-0000-0000-0000-000000000001","snapshotId":"d3991fa5-11ca-48d7-a5ad-d008281f63a0","version":3,"totalControls":2,"complianceScore":50}
@nzila/platform-compliance-snapshots:test: {"level":"info","message":"[compliance-chain] Snapshot appended to chain","timestamp":"2026-04-01T20:08:05.076Z","orgId":"00000000-0000-0000-0000-000000000001","snapshotId":"d3991fa5-11ca-48d7-a5ad-d008281f63a0","version":3,"chainLength":3}
@nzila/platform-compliance-snapshots:test: {"level":"info","message":"[compliance-generator] Compliance snapshot generated and chained","timestamp":"2026-04-01T20:08:05.076Z","orgId":"00000000-0000-0000-0000-000000000001","snapshotId":"d3991fa5-11ca-48d7-a5ad-d008281f63a0","version":3,"complianceScore":50}
@nzila/platform-compliance-snapshots:test: {"level":"info","message":"[compliance-collector] Compliance snapshot collected","timestamp":"2026-04-01T20:08:05.077Z","orgId":"00000000-0000-0000-0000-000000000001","snapshotId":"e4de3520-cbe8-4e37-9753-05afb3ee1072","version":1,"totalControls":2,"complianceScore":50}
@nzila/platform-compliance-snapshots:test: {"level":"info","message":"[compliance-chain] Snapshot appended to chain","timestamp":"2026-04-01T20:08:05.077Z","orgId":"00000000-0000-0000-0000-000000000001","snapshotId":"e4de3520-cbe8-4e37-9753-05afb3ee1072","version":1,"chainLength":1}
@nzila/platform-compliance-snapshots:test: {"level":"info","message":"[compliance-generator] Compliance snapshot generated and chained","timestamp":"2026-04-01T20:08:05.077Z","orgId":"00000000-0000-0000-0000-000000000001","snapshotId":"e4de3520-cbe8-4e37-9753-05afb3ee1072","version":1,"complianceScore":50}
@nzila/platform-compliance-snapshots:test:  [32mΓ£ô[39m src/__tests__/chain.test.ts [2m([22m[2m10 tests[22m[2m)[22m[32m 29[2mms[22m[39m
@nzila/platform-compliance-snapshots:test: {"level":"info","message":"[compliance-collector] Compliance snapshot collected","timestamp":"2026-04-01T20:08:05.079Z","orgId":"00000000-0000-0000-0000-000000000001","snapshotId":"510ff91a-95db-4338-bde5-07246a6021be","version":1,"totalControls":2,"complianceScore":50}
@nzila/platform-compliance-snapshots:test: {"level":"info","message":"[compliance-chain] Snapshot appended to chain","timestamp":"2026-04-01T20:08:05.079Z","orgId":"00000000-0000-0000-0000-000000000001","snapshotId":"510ff91a-95db-4338-bde5-07246a6021be","version":1,"chainLength":1}
@nzila/platform-compliance-snapshots:test: {"level":"info","message":"[compliance-generator] Compliance snapshot generated and chained","timestamp":"2026-04-01T20:08:05.079Z","orgId":"00000000-0000-0000-0000-000000000001","snapshotId":"510ff91a-95db-4338-bde5-07246a6021be","version":1,"complianceScore":50}
@nzila/platform-compliance-snapshots:test: {"level":"info","message":"[compliance-collector] Compliance snapshot collected","timestamp":"2026-04-01T20:08:05.079Z","orgId":"00000000-0000-0000-0000-000000000001","snapshotId":"d1d08f9b-8367-444b-bfa1-13dff9ae1134","version":2,"totalControls":2,"complianceScore":50}
@nzila/platform-compliance-snapshots:test: {"level":"info","message":"[compliance-chain] Snapshot appended to chain","timestamp":"2026-04-01T20:08:05.079Z","orgId":"00000000-0000-0000-0000-000000000001","snapshotId":"d1d08f9b-8367-444b-bfa1-13dff9ae1134","version":2,"chainLength":2}
@nzila/platform-compliance-snapshots:test: {"level":"info","message":"[compliance-generator] Compliance snapshot generated and chained","timestamp":"2026-04-01T20:08:05.079Z","orgId":"00000000-0000-0000-0000-000000000001","snapshotId":"d1d08f9b-8367-444b-bfa1-13dff9ae1134","version":2,"complianceScore":50}
@nzila/platform-compliance-snapshots:test: {"level":"info","message":"[compliance-chain] Snapshot appended to chain","timestamp":"2026-04-01T20:08:05.080Z","orgId":"00000000-0000-0000-0000-000000000001","snapshotId":"snap-1","version":1,"chainLength":1}
@nzila/platform-compliance-snapshots:test: {"level":"info","message":"[compliance-verifier] Snapshot verification completed","timestamp":"2026-04-01T20:08:05.081Z","snapshotId":"snap-1","valid":true,"hashMatch":true}
@nzila/platform-compliance-snapshots:test: {"level":"info","message":"[compliance-collector] Compliance snapshot collected","timestamp":"2026-04-01T20:08:05.082Z","orgId":"00000000-0000-0000-0000-000000000001","snapshotId":"3c443330-c36e-44a5-8040-8377a1030f2a","version":1,"totalControls":2,"complianceScore":50}
@nzila/platform-compliance-snapshots:test: {"level":"info","message":"[compliance-chain] Snapshot appended to chain","timestamp":"2026-04-01T20:08:05.082Z","orgId":"00000000-0000-0000-0000-000000000001","snapshotId":"3c443330-c36e-44a5-8040-8377a1030f2a","version":1,"chainLength":1}
@nzila/platform-compliance-snapshots:test: {"level":"info","message":"[compliance-generator] Compliance snapshot generated and chained","timestamp":"2026-04-01T20:08:05.082Z","orgId":"00000000-0000-0000-0000-000000000001","snapshotId":"3c443330-c36e-44a5-8040-8377a1030f2a","version":1,"complianceScore":50}
@nzila/platform-compliance-snapshots:test: {"level":"info","message":"[compliance-chain] Snapshot appended to chain","timestamp":"2026-04-01T20:08:05.086Z","orgId":"00000000-0000-0000-0000-000000000001","snapshotId":"snap-1","version":1,"chainLength":1}
@nzila/platform-compliance-snapshots:test: {"level":"info","message":"[compliance-verifier] Snapshot verification completed","timestamp":"2026-04-01T20:08:05.087Z","snapshotId":"snap-1","valid":false,"hashMatch":false}
@nzila/platform-compliance-snapshots:test:  [32mΓ£ô[39m src/__tests__/generator.test.ts [2m([22m[2m6 tests[22m[2m)[22m[32m 32[2mms[22m[39m
@nzila/platform-compliance-snapshots:test: {"level":"info","message":"[compliance-chain] Snapshot appended to chain","timestamp":"2026-04-01T20:08:05.089Z","orgId":"00000000-0000-0000-0000-000000000001","snapshotId":"snap-1","version":1,"chainLength":1}
@nzila/platform-compliance-snapshots:test: {"level":"info","message":"[compliance-chain] Snapshot appended to chain","timestamp":"2026-04-01T20:08:05.089Z","orgId":"00000000-0000-0000-0000-000000000001","snapshotId":"snap-2","version":2,"chainLength":2}
@nzila/platform-compliance-snapshots:test: {"level":"info","message":"[compliance-chain] Snapshot appended to chain","timestamp":"2026-04-01T20:08:05.089Z","orgId":"00000000-0000-0000-0000-000000000001","snapshotId":"snap-3","version":3,"chainLength":3}
@nzila/platform-compliance-snapshots:test: {"level":"info","message":"[compliance-verifier] Chain verification completed","timestamp":"2026-04-01T20:08:05.090Z","orgId":"00000000-0000-0000-0000-000000000001","valid":true,"totalEntries":3,"verifiedEntries":3,"brokenAt":null}
@nzila/platform-compliance-snapshots:test: {"level":"info","message":"[compliance-chain] Snapshot appended to chain","timestamp":"2026-04-01T20:08:05.092Z","orgId":"00000000-0000-0000-0000-000000000001","snapshotId":"snap-1","version":1,"chainLength":1}
@nzila/platform-compliance-snapshots:test: {"level":"info","message":"[compliance-chain] Snapshot appended to chain","timestamp":"2026-04-01T20:08:05.092Z","orgId":"00000000-0000-0000-0000-000000000001","snapshotId":"snap-2","version":2,"chainLength":2}
@nzila/platform-compliance-snapshots:test: {"level":"info","message":"[compliance-chain] Snapshot appended to chain","timestamp":"2026-04-01T20:08:05.092Z","orgId":"00000000-0000-0000-0000-000000000001","snapshotId":"snap-3","version":3,"chainLength":3}
@nzila/platform-compliance-snapshots:test: {"level":"info","message":"[compliance-verifier] Chain verification completed","timestamp":"2026-04-01T20:08:05.093Z","orgId":"00000000-0000-0000-0000-000000000001","valid":false,"totalEntries":3,"verifiedEntries":2,"brokenAt":2}
@nzila/platform-compliance-snapshots:test: {"level":"info","message":"[compliance-chain] Snapshot appended to chain","timestamp":"2026-04-01T20:08:05.094Z","orgId":"00000000-0000-0000-0000-000000000001","snapshotId":"snap-1","version":1,"chainLength":1}
@nzila/platform-compliance-snapshots:test: {"level":"info","message":"[compliance-verifier] Chain verification completed","timestamp":"2026-04-01T20:08:05.094Z","orgId":"00000000-0000-0000-0000-000000000001","valid":false,"totalEntries":1,"verifiedEntries":1,"brokenAt":null}
@nzila/platform-compliance-snapshots:test:  [32mΓ£ô[39m src/__tests__/verifier.test.ts [2m([22m[2m7 tests[22m[2m)[22m[32m 25[2mms[22m[39m
@nzila/platform-compliance-snapshots:test: 
@nzila/platform-compliance-snapshots:test: [2m Test Files [22m [1m[32m4 passed[39m[22m[90m (4)[39m
@nzila/platform-compliance-snapshots:test: [2m      Tests [22m [1m[32m29 passed[39m[22m[90m (29)[39m
@nzila/platform-compliance-snapshots:test: [2m   Start at [22m 16:08:03
@nzila/platform-compliance-snapshots:test: [2m   Duration [22m 1.47s[2m (transform 1.84s, setup 0ms, import 2.24s, tests 110ms, environment 1ms)[22m
@nzila/platform-compliance-snapshots:test: 
@nzila/nacp-exams:test: cache hit, replaying logs db04e4ede1ff1032
@nzila/platform-evidence-pack:test: cache hit, replaying logs 6ec393057b82b174
@nzila/zonga:test: cache hit, replaying logs e6b5e9be83341dc5
@nzila/commerce-integration-tests:test: cache hit, replaying logs 13c3cb88a80148d2
@nzila/platform-integrations-control-plane:test: cache hit, replaying logs e4a5196bc529ffc7
@nzila/nacp-exams:test: 
@nzila/nacp-exams:test: > @nzila/nacp-exams@0.1.0 test C:\APPS\nzila-automation\apps\nacp-exams
@nzila/nacp-exams:test: > vitest run
@nzila/nacp-exams:test: 
@nzila/nacp-exams:test: 
@nzila/nacp-exams:test: [1m[46m RUN [49m[22m [36mv4.1.2 [39m[90mC:/APPS/nzila-automation/apps/nacp-exams[39m
@nzila/nacp-exams:test: 
@nzila/nacp-exams:test:  [32mΓ£ô[39m [30m[42m nacp-exams [49m[39m lib/__tests__/platform.test.ts [2m([22m[2m6 tests[22m[2m)[22m[32m 17[2mms[22m[39m
@nzila/nacp-exams:test: 
@nzila/nacp-exams:test: [2m Test Files [22m [1m[32m1 passed[39m[22m[90m (1)[39m
@nzila/nacp-exams:test: [2m      Tests [22m [1m[32m6 passed[39m[22m[90m (6)[39m
@nzila/nacp-exams:test: [2m   Start at [22m 17:05:26
@nzila/nacp-exams:test: [2m   Duration [22m 760ms[2m (transform 90ms, setup 0ms, import 121ms, tests 17ms, environment 16ms)[22m
@nzila/nacp-exams:test: 
@nzila/platform-evidence-pack:test: 
@nzila/platform-evidence-pack:test: > @nzila/platform-evidence-pack@0.1.0 test C:\APPS\nzila-automation\packages\platform-evidence-pack
@nzila/platform-evidence-pack:test: > vitest run
@nzila/platform-evidence-pack:test: 
@nzila/platform-evidence-pack:test: 
@nzila/platform-evidence-pack:test: [1m[46m RUN [49m[22m [36mv4.1.2 [39m[90mC:/APPS/nzila-automation/packages/platform-evidence-pack[39m
@nzila/platform-evidence-pack:test: 
@nzila/platform-evidence-pack:test: {"level":"info","message":"[evidence-retention] Evidence pack deleted by retention policy","timestamp":"2026-04-01T20:08:08.177Z","packId":"OLD-PACK","retentionClass":"standard"}
@nzila/platform-evidence-pack:test:  [32mΓ£ô[39m src/__tests__/retention.test.ts [2m([22m[2m7 tests[22m[2m)[22m[32m 15[2mms[22m[39m
@nzila/platform-evidence-pack:test: {"level":"info","message":"[evidence-orchestrator] Evidence pack created","timestamp":"2026-04-01T20:08:08.233Z","orgId":"185b535b-3e30-4bae-bdfd-32c3d90a4456","packId":"IR-2026-INC-E1-3ffa76cc","artifactCount":1}
@nzila/platform-evidence-pack:test: {"level":"info","message":"[evidence-orchestrator] Evidence pack created","timestamp":"2026-04-01T20:08:08.233Z","orgId":"717dd3e9-4837-4edd-9868-9089c605b692","packId":"IR-2026-INC-V1-2444ba4d","artifactCount":2}
@nzila/platform-evidence-pack:test: {"level":"info","message":"[evidence-orchestrator] Evidence pack sealed","timestamp":"2026-04-01T20:08:08.234Z","packId":"IR-2026-INC-E1-3ffa76cc","digest":"b2b601cdf9a507b9b2f2279dc623878ee660ae58c53535d4546cfe022d17a48b","merkleRoot":"739c83c03d63251f5b05a984deb2f6c912484cb1daa071850f2f9ef6343a9d2a","artifactCount":1}
@nzila/platform-evidence-pack:test: {"level":"info","message":"[evidence-exporter] Exporting evidence pack","timestamp":"2026-04-01T20:08:08.235Z","packId":"IR-2026-INC-E1-3ffa76cc","format":"json","artifactCount":1}
@nzila/platform-evidence-pack:test: {"level":"info","message":"[evidence-orchestrator] Evidence pack sealed","timestamp":"2026-04-01T20:08:08.235Z","packId":"IR-2026-INC-V1-2444ba4d","digest":"6aecf694e6ec57b4a9c5424b84ed7aea7d5d0504e07bf8fb1cbb9b295c881c13","merkleRoot":"c8e5874107410c098596cdc7eec53856ce58b558b213b82e639d78ee19524c7a","artifactCount":2}
@nzila/platform-evidence-pack:test: {"level":"info","message":"[evidence-orchestrator] Evidence pack created","timestamp":"2026-04-01T20:08:08.235Z","orgId":"ca1dd812-dee4-4380-95eb-51f51ee286ba","packId":"IR-2026-INC-001-d373725b","artifactCount":2}
@nzila/platform-evidence-pack:test: {"level":"info","message":"[evidence-verifier] Evidence pack verification complete","timestamp":"2026-04-01T20:08:08.236Z","packId":"IR-2026-INC-V1-2444ba4d","valid":true,"digestMatch":true,"merkleMatch":true,"artifactsVerified":2,"artifactsFailed":0}
@nzila/platform-evidence-pack:test: {"level":"info","message":"[evidence-orchestrator] Evidence pack created","timestamp":"2026-04-01T20:08:08.240Z","orgId":"66332010-e7ac-4d42-98e5-ed1886e7d23a","packId":"IR-2026-INC-Z1-72983b5c","artifactCount":1}
@nzila/platform-evidence-pack:test: {"level":"info","message":"[evidence-orchestrator] Evidence pack sealed","timestamp":"2026-04-01T20:08:08.241Z","packId":"IR-2026-INC-Z1-72983b5c","digest":"d7718180261186ddcb3363ab360a6dfd71cdd2f7ba72363a83e7b1b8e6cc4130","merkleRoot":"360426fc3ce53b2f508fadf50c86e00c46c3373d513715b2e41aa79cdfa2ba5b","artifactCount":1}
@nzila/platform-evidence-pack:test: {"level":"info","message":"[evidence-orchestrator] Evidence pack created","timestamp":"2026-04-01T20:08:08.240Z","orgId":"90c36d4e-7111-42d4-8d2c-5e35d95d3e67","packId":"IR-2026-INC-T1-80419dd6","artifactCount":1}
@nzila/platform-evidence-pack:test: {"level":"info","message":"[evidence-orchestrator] Evidence pack sealed","timestamp":"2026-04-01T20:08:08.241Z","packId":"IR-2026-INC-T1-80419dd6","digest":"39f6612d4a1ede66d22ed0cbb172e8301ccaa6b2d0715486082a13e14932fa13","merkleRoot":"5ce9b2d43b48bd5dee28ee7cd05544fd19de387c0394967417487b93b2f3907f","artifactCount":1}
@nzila/platform-evidence-pack:test: {"level":"info","message":"[evidence-exporter] Exporting evidence pack","timestamp":"2026-04-01T20:08:08.241Z","packId":"IR-2026-INC-Z1-72983b5c","format":"zip","artifactCount":1}
@nzila/platform-evidence-pack:test: {"level":"info","message":"[evidence-verifier] Evidence pack verification complete","timestamp":"2026-04-01T20:08:08.241Z","packId":"IR-2026-INC-T1-80419dd6","valid":false,"digestMatch":true,"merkleMatch":true,"artifactsVerified":1,"artifactsFailed":1}
@nzila/platform-evidence-pack:test: {"level":"info","message":"[evidence-orchestrator] Evidence pack created","timestamp":"2026-04-01T20:08:08.241Z","orgId":"ca1dd812-dee4-4380-95eb-51f51ee286ba","packId":"CUSTOM-PACK-001","artifactCount":1}
@nzila/platform-evidence-pack:test: {"level":"info","message":"[evidence-orchestrator] Evidence pack created","timestamp":"2026-04-01T20:08:08.242Z","orgId":"ca1dd812-dee4-4380-95eb-51f51ee286ba","packId":"IR-2026-INC-003-b828e128","artifactCount":2}
@nzila/platform-evidence-pack:test: {"level":"info","message":"[evidence-orchestrator] Evidence pack created","timestamp":"2026-04-01T20:08:08.243Z","orgId":"2307e1dc-bb02-4035-9319-ce585e66261d","packId":"IR-2026-INC-U1-c8c5e294","artifactCount":1}
@nzila/platform-evidence-pack:test: {"level":"info","message":"[evidence-orchestrator] Evidence pack sealed","timestamp":"2026-04-01T20:08:08.243Z","packId":"IR-2026-INC-003-b828e128","digest":"8a9290fa2cb108387bee9b514f5f626c8fe8673ac814071e199c8b7cb5c37f1e","merkleRoot":"9849a81d2976ebe0072a6a61db14f70b65f18d336d6b3804b8f013e32dbf006e","artifactCount":2}
@nzila/platform-evidence-pack:test: {"level":"info","message":"[evidence-orchestrator] Evidence pack created","timestamp":"2026-04-01T20:08:08.245Z","orgId":"0e3c3e90-a2dd-4395-beda-eac2686c4e95","packId":"IR-2026-M1-7b45157a","artifactCount":1}
@nzila/platform-evidence-pack:test: {"level":"info","message":"[evidence-orchestrator] Evidence pack sealed","timestamp":"2026-04-01T20:08:08.246Z","packId":"IR-2026-M1-7b45157a","digest":"0b905d794096f35fc9632e9bd38ebcc654b33a1b30d1cb10adacb12dd6784397","merkleRoot":"e5765d1189270e738083ed9f4ecc5e05d879f8911de74d44b125f96ce55d9fa6","artifactCount":1}
@nzila/platform-evidence-pack:test: {"level":"info","message":"[evidence-verifier] Evidence pack verification complete","timestamp":"2026-04-01T20:08:08.246Z","packId":"IR-2026-M1-7b45157a","valid":false,"digestMatch":true,"merkleMatch":true,"artifactsVerified":1,"artifactsFailed":1}
@nzila/platform-evidence-pack:test:  [32mΓ£ô[39m src/__tests__/exporter.test.ts [2m([22m[2m3 tests[22m[2m)[22m[32m 27[2mms[22m[39m
@nzila/platform-evidence-pack:test:  [32mΓ£ô[39m src/__tests__/verifier.test.ts [2m([22m[2m4 tests[22m[2m)[22m[32m 26[2mms[22m[39m
@nzila/platform-evidence-pack:test: {"level":"info","message":"[evidence-orchestrator] Evidence pack created","timestamp":"2026-04-01T20:08:08.249Z","orgId":"ca1dd812-dee4-4380-95eb-51f51ee286ba","packId":"AC-2026-AC-001-d6532315","artifactCount":1}
@nzila/platform-evidence-pack:test: {"level":"info","message":"[evidence-orchestrator] Evidence pack sealed","timestamp":"2026-04-01T20:08:08.249Z","packId":"AC-2026-AC-001-d6532315","digest":"c1cb9026a48903c44aae1d82ff3a7dfad67f4f475e3f4decd3ab7f29c508e7cc","merkleRoot":"02e92b54f8de2e9491ae4998af208cb37e78461b7d3e0303318fef6184f6caf6","artifactCount":1}
@nzila/platform-evidence-pack:test: {"level":"info","message":"[evidence-orchestrator] Evidence pack created","timestamp":"2026-04-01T20:08:08.251Z","orgId":"ca1dd812-dee4-4380-95eb-51f51ee286ba","packId":"IR-2026-INC-A-8c7d185f","artifactCount":1}
@nzila/platform-evidence-pack:test: {"level":"info","message":"[evidence-orchestrator] Evidence pack created","timestamp":"2026-04-01T20:08:08.251Z","orgId":"680da2f5-4d38-4cad-8ef4-e022133cb5d2","packId":"IR-2026-INC-B-b606fa2f","artifactCount":1}
@nzila/platform-evidence-pack:test: {"level":"info","message":"[evidence-orchestrator] Evidence pack created","timestamp":"2026-04-01T20:08:08.253Z","orgId":"ca1dd812-dee4-4380-95eb-51f51ee286ba","packId":"CM-2026-CHG-003-04b96eb9","artifactCount":1}
@nzila/platform-evidence-pack:test:  [32mΓ£ô[39m src/__tests__/orchestrator.test.ts [2m([22m[2m8 tests[22m[2m)[22m[32m 33[2mms[22m[39m
@nzila/platform-evidence-pack:test: 
@nzila/platform-evidence-pack:test: [2m Test Files [22m [1m[32m4 passed[39m[22m[90m (4)[39m
@nzila/platform-evidence-pack:test: [2m      Tests [22m [1m[32m22 passed[39m[22m[90m (22)[39m
@nzila/platform-evidence-pack:test: [2m   Start at [22m 16:08:05
@nzila/platform-evidence-pack:test: [2m   Duration [22m 2.80s[2m (transform 1.04s, setup 0ms, import 1.44s, tests 102ms, environment 1ms)[22m
@nzila/platform-evidence-pack:test: 
@nzila/agrimo:test: cache hit, replaying logs 6c70ed9d909050df
@nzila/zonga:test: 
@nzila/zonga:test: > @nzila/zonga@0.0.1 test C:\APPS\nzila-automation\apps\zonga
@nzila/zonga:test: > vitest run
@nzila/zonga:test: 
@nzila/zonga:test: 
@nzila/zonga:test: [1m[46m RUN [49m[22m [36mv4.1.2 [39m[90mC:/APPS/nzila-automation/apps/zonga[39m
@nzila/zonga:test: 
@nzila/zonga:test:  [32mΓ£ô[39m [30m[46m zonga [49m[39m lib/__tests__/action-hardening.test.ts [2m([22m[2m13 tests[22m[2m)[22m[32m 38[2mms[22m[39m
@nzila/zonga:test:  [32mΓ£ô[39m [30m[46m zonga [49m[39m lib/__tests__/offline.test.ts [2m([22m[2m24 tests[22m[2m)[22m[32m 41[2mms[22m[39m
@nzila/zonga:test:  [32mΓ£ô[39m [30m[46m zonga [49m[39m tests/architecture-purity.test.ts [2m([22m[2m12 tests[22m[2m)[22m[32m 39[2mms[22m[39m
@nzila/zonga:test:  [32mΓ£ô[39m [30m[46m zonga [49m[39m lib/__tests__/governance.test.ts [2m([22m[2m29 tests[22m[2m)[22m[32m 21[2mms[22m[39m
@nzila/zonga:test:  [32mΓ£ô[39m [30m[46m zonga [49m[39m lib/__tests__/commerce.test.ts [2m([22m[2m8 tests[22m[2m)[22m[32m 20[2mms[22m[39m
@nzila/zonga:test:  [32mΓ£ô[39m [30m[46m zonga [49m[39m lib/__tests__/command-bus-hardening.test.ts [2m([22m[2m7 tests[22m[2m)[22m[32m 13[2mms[22m[39m
@nzila/zonga:test:  [32mΓ£ô[39m [30m[46m zonga [49m[39m lib/__tests__/subscription-api.test.ts [2m([22m[2m12 tests[22m[2m)[22m[33m 324[2mms[22m[39m
@nzila/zonga:test:  [32mΓ£ô[39m [30m[46m zonga [49m[39m lib/__tests__/plans.test.ts [2m([22m[2m28 tests[22m[2m)[22m[32m 15[2mms[22m[39m
@nzila/zonga:test: {"level":"error","message":"[zonga] R1 VIOLATION: Splits do not sum to 100%","timestamp":"2026-04-01T21:05:29.263Z","total":80,"splitCount":2}
@nzila/zonga:test: {"level":"warn","message":"[zonga] G1 VIOLATION: Admin action missing sufficient reason","timestamp":"2026-04-01T21:05:29.264Z","reasonLength":5,"minLength":10}
@nzila/zonga:test: {"level":"error","message":"[zonga] T1 VIOLATION: Event oversold","timestamp":"2026-04-01T21:05:29.264Z","ticketsSold":101,"capacity":100}
@nzila/zonga:test: {"level":"warn","message":"[zonga] G1 VIOLATION: Admin action missing sufficient reason","timestamp":"2026-04-01T21:05:29.266Z","reasonLength":0,"minLength":10}
@nzila/zonga:test: {"level":"warn","message":"[zonga] R2 BLOCK: Payout blocked due to active dispute","timestamp":"2026-04-01T21:05:29.266Z","releaseId":"rel-1"}
@nzila/zonga:test: {"level":"error","message":"[zonga] E1 VIOLATION: Revenue recorded without ledger backing","timestamp":"2026-04-01T21:05:29.266Z"}
@nzila/zonga:test: {"level":"warn","message":"[zonga] G1 VIOLATION: Admin action missing sufficient reason","timestamp":"2026-04-01T21:05:29.267Z","reasonLength":2,"minLength":5}
@nzila/zonga:test: {"level":"error","message":"[zonga] R3 VIOLATION: Split has empty creatorId","timestamp":"2026-04-01T21:05:29.267Z","creatorName":"B"}
@nzila/zonga:test: {"level":"error","message":"[zonga] R4 VIOLATION: Dispute resolved but payouts not unfrozen","timestamp":"2026-04-01T21:05:29.268Z"}
@nzila/zonga:test: {"level":"warn","message":"[zonga] G2 VIOLATION: Actor lacks required role","timestamp":"2026-04-01T21:05:29.268Z","actorRole":"viewer","requiredRoles":["admin","operator"]}
@nzila/zonga:test: {"level":"error","message":"[zonga] E2 VIOLATION: Payout exceeds available balance","timestamp":"2026-04-01T21:05:29.269Z","payoutAmount":600,"availableBalance":500}
@nzila/zonga:test: {"level":"warn","message":"[zonga] R5 WARNING: Sync license for asset without established rights","timestamp":"2026-04-01T21:05:29.269Z","assetId":"asset-1"}
@nzila/zonga:test: {"level":"warn","message":"[zonga] G3 VIOLATION: Rate limit exceeded","timestamp":"2026-04-01T21:05:29.270Z","currentCount":10,"maxAllowed":10,"window":"1 hour"}
@nzila/zonga:test: {"level":"warn","message":"[zonga] G3 VIOLATION: Rate limit exceeded","timestamp":"2026-04-01T21:05:29.270Z","currentCount":15,"maxAllowed":10,"window":"1 hour"}
@nzila/zonga:test: {"level":"error","message":"[zonga] E3 VIOLATION: Ledger imbalanced","timestamp":"2026-04-01T21:05:29.271Z","totalDebits":1000,"totalCredits":1001,"discrepancy":1}
@nzila/zonga:test:  [32mΓ£ô[39m [30m[46m zonga [49m[39m lib/__tests__/rights-guards.test.ts [2m([22m[2m12 tests[22m[2m)[22m[32m 13[2mms[22m[39m
@nzila/zonga:test: {"level":"error","message":"[zonga] G4 VIOLATION: Mutation without audit entry","timestamp":"2026-04-01T21:05:29.272Z","entityType":"payout","resourceId":"p-1"}
@nzila/zonga:test: {"level":"warn","message":"[zonga] G5 VIOLATION: Operation blocked in environment","timestamp":"2026-04-01T21:05:29.273Z","operation":"seed_data","environment":"production"}
@nzila/zonga:test: {"level":"warn","message":"[zonga] G5 VIOLATION: Operation blocked in environment","timestamp":"2026-04-01T21:05:29.273Z","operation":"op","environment":"staging"}
@nzila/zonga:test: {"level":"error","message":"[zonga] E4 VIOLATION: Negative payout attempted","timestamp":"2026-04-01T21:05:29.273Z","amount":-50}
@nzila/zonga:test: {"level":"warn","message":"[zonga] E5 WARNING: Transaction has no reversal path","timestamp":"2026-04-01T21:05:29.274Z","transactionId":"tx-1"}
@nzila/zonga:test: {"level":"warn","message":"[zonga] E6 WARNING: Settlement batch not fully reconciled","timestamp":"2026-04-01T21:05:29.275Z","totalInstructions":10,"reconciledCount":7}
@nzila/zonga:test: {"level":"info","message":"[zonga] S1 GATE: Listener feature blocked ΓÇö premium required","timestamp":"2026-04-01T21:05:29.273Z","plan":"free","feature":"offline_downloads"}
@nzila/zonga:test:  [32mΓ£ô[39m [30m[46m zonga [49m[39m lib/__tests__/governance-guards.test.ts [2m([22m[2m14 tests[22m[2m)[22m[32m 17[2mms[22m[39m
@nzila/zonga:test: {"level":"info","message":"[zonga] S1 GATE: Listener feature blocked ΓÇö premium required","timestamp":"2026-04-01T21:05:29.276Z","plan":"free","feature":"ad_free"}
@nzila/zonga:test: {"level":"info","message":"[zonga] S1 GATE: Listener feature blocked ΓÇö premium required","timestamp":"2026-04-01T21:05:29.276Z","plan":"free","feature":"offline_downloads"}
@nzila/zonga:test: {"level":"info","message":"[zonga] S1 GATE: Listener feature blocked ΓÇö premium required","timestamp":"2026-04-01T21:05:29.276Z","plan":"free","feature":"hifi_audio"}
@nzila/zonga:test: {"level":"info","message":"[zonga] S1 GATE: Listener feature blocked ΓÇö premium required","timestamp":"2026-04-01T21:05:29.276Z","plan":"free","feature":"exclusive_releases"}
@nzila/zonga:test: {"level":"info","message":"[zonga] S1 GATE: Listener feature blocked ΓÇö premium required","timestamp":"2026-04-01T21:05:29.276Z","plan":"free","feature":"enhanced_playlists"}
@nzila/zonga:test:  [32mΓ£ô[39m [30m[46m zonga [49m[39m lib/__tests__/ticketing-guards.test.ts [2m([22m[2m20 tests[22m[2m)[22m[32m 17[2mms[22m[39m
@nzila/zonga:test: {"level":"error","message":"[zonga] E1 VIOLATION: Revenue recorded without ledger backing","timestamp":"2026-04-01T21:05:29.277Z"}
@nzila/zonga:test: {"level":"error","message":"[zonga] E2 VIOLATION: Payout exceeds available balance","timestamp":"2026-04-01T21:05:29.277Z","payoutAmount":600,"availableBalance":500}
@nzila/zonga:test: {"level":"error","message":"[zonga] E4 VIOLATION: Negative payout attempted","timestamp":"2026-04-01T21:05:29.277Z","amount":-10}
@nzila/zonga:test: {"level":"info","message":"[zonga] S2 GATE: Creator feature blocked","timestamp":"2026-04-01T21:05:29.279Z","plan":"starter","feature":"roster_management"}
@nzila/zonga:test: {"level":"info","message":"[zonga] S2 GATE: Creator feature blocked","timestamp":"2026-04-01T21:05:29.279Z","plan":"starter","feature":"roster_management"}
@nzila/zonga:test: {"level":"info","message":"[zonga] S2 GATE: Creator feature blocked","timestamp":"2026-04-01T21:05:29.279Z","plan":"starter","feature":"automated_royalty_splits"}
@nzila/zonga:test: {"level":"info","message":"[zonga] S2 GATE: Creator feature blocked","timestamp":"2026-04-01T21:05:29.280Z","plan":"starter","feature":"advanced_analytics"}
@nzila/zonga:test: {"level":"info","message":"[zonga] S2 GATE: Creator feature blocked","timestamp":"2026-04-01T21:05:29.280Z","plan":"starter","feature":"priority_review"}
@nzila/zonga:test: {"level":"info","message":"[zonga] S2 GATE: Creator feature blocked","timestamp":"2026-04-01T21:05:29.280Z","plan":"starter","feature":"bulk_upload"}
@nzila/zonga:test: {"level":"info","message":"[zonga] S2 GATE: Creator feature blocked","timestamp":"2026-04-01T21:05:29.280Z","plan":"starter","feature":"dedicated_manager"}
@nzila/zonga:test: {"level":"info","message":"[zonga] S2 GATE: Creator feature blocked","timestamp":"2026-04-01T21:05:29.280Z","plan":"starter","feature":"compliance_exports"}
@nzila/zonga:test: {"level":"info","message":"[zonga] S3 GATE: Enterprise feature blocked","timestamp":"2026-04-01T21:05:29.282Z","plan":"business","feature":"white_label"}
@nzila/zonga:test: {"level":"info","message":"[zonga] S3 GATE: Enterprise feature blocked","timestamp":"2026-04-01T21:05:29.283Z","plan":"starter","feature":"white_label"}
@nzila/zonga:test:  [32mΓ£ô[39m [30m[46m zonga [49m[39m lib/__tests__/economic-guards.test.ts [2m([22m[2m18 tests[22m[2m)[22m[32m 19[2mms[22m[39m
@nzila/zonga:test: {"level":"info","message":"[zonga] S3 GATE: Enterprise feature blocked","timestamp":"2026-04-01T21:05:29.283Z","plan":"business","feature":"white_label"}
@nzila/zonga:test: {"level":"info","message":"[zonga] S3 GATE: Enterprise feature blocked","timestamp":"2026-04-01T21:05:29.283Z","plan":"starter","feature":"white_label"}
@nzila/zonga:test: {"level":"info","message":"[zonga] S3 GATE: Enterprise feature blocked","timestamp":"2026-04-01T21:05:29.283Z","plan":"business","feature":"sla_guarantees"}
@nzila/zonga:test: {"level":"info","message":"[zonga] S3 GATE: Enterprise feature blocked","timestamp":"2026-04-01T21:05:29.283Z","plan":"starter","feature":"sla_guarantees"}
@nzila/zonga:test: {"level":"info","message":"[zonga] S3 GATE: Enterprise feature blocked","timestamp":"2026-04-01T21:05:29.284Z","plan":"business","feature":"on_premise"}
@nzila/zonga:test: {"level":"info","message":"[zonga] S3 GATE: Enterprise feature blocked","timestamp":"2026-04-01T21:05:29.284Z","plan":"starter","feature":"on_premise"}
@nzila/zonga:test: {"level":"info","message":"[zonga] S3 GATE: Enterprise feature blocked","timestamp":"2026-04-01T21:05:29.284Z","plan":"business","feature":"custom_payment_rails"}
@nzila/zonga:test: {"level":"info","message":"[zonga] S3 GATE: Enterprise feature blocked","timestamp":"2026-04-01T21:05:29.284Z","plan":"starter","feature":"custom_payment_rails"}
@nzila/zonga:test: {"level":"info","message":"[zonga] S4 GATE: Download blocked ΓÇö premium required","timestamp":"2026-04-01T21:05:29.285Z","plan":"free"}
@nzila/zonga:test: {"level":"warn","message":"[zonga] S6 GATE: Subscription not active","timestamp":"2026-04-01T21:05:29.287Z","subscriptionStatus":"past_due"}
@nzila/zonga:test: {"level":"warn","message":"[zonga] S6 GATE: Subscription not active","timestamp":"2026-04-01T21:05:29.288Z","subscriptionStatus":"canceled"}
@nzila/zonga:test: {"level":"warn","message":"[zonga] S6 GATE: Subscription not active","timestamp":"2026-04-01T21:05:29.288Z","subscriptionStatus":"incomplete"}
@nzila/zonga:test:  [32mΓ£ô[39m [30m[46m zonga [49m[39m lib/__tests__/subscription-guards.test.ts [2m([22m[2m44 tests[22m[2m)[22m[32m 27[2mms[22m[39m
@nzila/zonga:test:  [32mΓ£ô[39m [30m[46m zonga [49m[39m lib/__tests__/workflows.test.ts [2m([22m[2m27 tests[22m[2m)[22m[32m 22[2mms[22m[39m
@nzila/zonga:test:  [32mΓ£ô[39m [30m[46m zonga [49m[39m lib/__tests__/workflow-invariants.test.ts [2m([22m[2m153 tests[22m[2m)[22m[32m 75[2mms[22m[39m
@nzila/zonga:test:  [32mΓ£ô[39m [30m[46m zonga [49m[39m lib/__tests__/webhook-handler.test.ts [2m([22m[2m12 tests[22m[2m)[22m[33m 1121[2mms[22m[39m
@nzila/zonga:test:        [33m[2mΓ£ô[22m[39m rejects requests without stripe-signature header [33m 1078[2mms[22m[39m
@nzila/zonga:test: 
@nzila/zonga:test: [2m Test Files [22m [1m[32m16 passed[39m[22m[90m (16)[39m
@nzila/zonga:test: [2m      Tests [22m [1m[32m433 passed[39m[22m[90m (433)[39m
@nzila/zonga:test: [2m   Start at [22m 17:05:27
@nzila/zonga:test: [2m   Duration [22m 2.19s[2m (transform 6.93s, setup 0ms, import 7.79s, tests 1.82s, environment 4ms)[22m
@nzila/zonga:test: 
@nzila/platform-admin:test: cache hit, replaying logs 4402969e38728145
@nzila/commerce-integration-tests:test: 
@nzila/commerce-integration-tests:test: > @nzila/commerce-integration-tests@0.0.0 test C:\APPS\nzila-automation\packages\commerce-integration-tests
@nzila/commerce-integration-tests:test: > vitest run
@nzila/commerce-integration-tests:test: 
@nzila/commerce-integration-tests:test: 
@nzila/commerce-integration-tests:test: [1m[46m RUN [49m[22m [36mv4.1.2 [39m[90mC:/APPS/nzila-automation/packages/commerce-integration-tests[39m
@nzila/commerce-integration-tests:test: 
@nzila/commerce-integration-tests:test:  [32mΓ£ô[39m [30m[46m commerce-integration-tests [49m[39m src/lifecycle.test.ts [2m([22m[2m59 tests[22m[2m)[22m[32m 50[2mms[22m[39m
@nzila/commerce-integration-tests:test: 
@nzila/commerce-integration-tests:test: [2m Test Files [22m [1m[32m1 passed[39m[22m[90m (1)[39m
@nzila/commerce-integration-tests:test: [2m      Tests [22m [1m[32m59 passed[39m[22m[90m (59)[39m
@nzila/commerce-integration-tests:test: [2m   Start at [22m 17:05:27
@nzila/commerce-integration-tests:test: [2m   Duration [22m 2.30s[2m (transform 1.23s, setup 0ms, import 1.33s, tests 50ms, environment 2ms)[22m
@nzila/commerce-integration-tests:test: 
@nzila/abr:test: cache hit, replaying logs 03e1a7dc56c9bb00
@nzila/platform-integrations-control-plane:test: 
@nzila/platform-integrations-control-plane:test: > @nzila/platform-integrations-control-plane@0.1.0 test C:\APPS\nzila-automation\packages\platform-integrations-control-plane
@nzila/platform-integrations-control-plane:test: > vitest run
@nzila/platform-integrations-control-plane:test: 
@nzila/platform-integrations-control-plane:test: 
@nzila/platform-integrations-control-plane:test: [1m[46m RUN [49m[22m [36mv4.1.2 [39m[90mC:/APPS/nzila-automation/packages/platform-integrations-control-plane[39m
@nzila/platform-integrations-control-plane:test: 
@nzila/platform-integrations-control-plane:test: {"level":"info","message":"[integrations-rate-limiter] Rate limit configured","timestamp":"2026-04-01T20:08:13.927Z","orgId":"org-1","provider":"slack","maxPerMin":10,"maxPerHr":100}
@nzila/platform-integrations-control-plane:test: {"level":"info","message":"[integrations-rate-limiter] Rate limit configured","timestamp":"2026-04-01T20:08:13.928Z","orgId":"org-1","provider":"slack","maxPerMin":3,"maxPerHr":100}
@nzila/platform-integrations-control-plane:test: {"level":"info","message":"[integrations-webhook-verify] Webhook signature verified","timestamp":"2026-04-01T20:08:13.928Z","provider":"test"}
@nzila/platform-integrations-control-plane:test: {"level":"warn","message":"[integrations-rate-limiter] Rate limit throttled","timestamp":"2026-04-01T20:08:13.928Z","orgId":"org-1","provider":"slack","minuteCount":3,"hourCount":3,"maxPerMin":3,"maxPerHr":100}
@nzila/platform-integrations-control-plane:test: {"level":"info","message":"[integrations-rate-limiter] Rate limit configured","timestamp":"2026-04-01T20:08:13.929Z","orgId":"org-1","provider":"slack","maxPerMin":2,"maxPerHr":100}
@nzila/platform-integrations-control-plane:test: {"level":"warn","message":"[integrations-rate-limiter] Rate limit throttled","timestamp":"2026-04-01T20:08:13.929Z","orgId":"org-1","provider":"slack","minuteCount":2,"hourCount":2,"maxPerMin":2,"maxPerHr":100}
@nzila/platform-integrations-control-plane:test: {"level":"info","message":"[integrations-rate-limiter] Rate limit configured","timestamp":"2026-04-01T20:08:13.929Z","orgId":"org-2","provider":"slack","maxPerMin":2,"maxPerHr":100}
@nzila/platform-integrations-control-plane:test: {"level":"warn","message":"[integrations-webhook-verify] Webhook signature verification failed","timestamp":"2026-04-01T20:08:13.933Z","provider":"test"}
@nzila/platform-integrations-control-plane:test: {"level":"error","message":"[integrations-control-plane-registry] Failed to get provider health","timestamp":"2026-04-01T20:08:13.933Z","orgId":"org-123","provider":"slack","error":"connection failed"}
@nzila/platform-integrations-control-plane:test: {"level":"warn","message":"[integrations-webhook-verify] Webhook signature verification failed","timestamp":"2026-04-01T20:08:13.934Z","provider":"test"}
@nzila/trade:test: cache hit, replaying logs 54e7328628e9e6c5
@nzila/platform-integrations-control-plane:test: {"level":"error","message":"[integrations-control-plane-registry] Failed to get provider health","timestamp":"2026-04-01T20:08:13.934Z","orgId":"org-123","provider":"stripe","error":"connection failed"}
@nzila/platform-integrations-control-plane:test: {"level":"error","message":"[integrations-control-plane-registry] Failed to get provider health","timestamp":"2026-04-01T20:08:13.935Z","orgId":"org-123","provider":"hubspot","error":"connection failed"}
@nzila/platform-integrations-control-plane:test: {"level":"warn","message":"[integrations-dlq] DLQ replay failed","timestamp":"2026-04-01T20:08:13.935Z","entryId":"dd7f010d-3f95-4708-9cfa-0a00ad860b1f","error":"Provider down"}
@nzila/platform-integrations-control-plane:test: {"level":"info","message":"[integrations-rate-limiter] Rate limit configured","timestamp":"2026-04-01T20:08:13.930Z","orgId":"org-1","provider":"slack","maxPerMin":10,"maxPerHr":100}
@nzila/platform-integrations-control-plane:test: {"level":"warn","message":"[integrations-webhook-verify] Webhook timestamp too old","timestamp":"2026-04-01T20:08:13.934Z","provider":"test","ageSeconds":600,"maxAgeSeconds":300}
@nzila/platform-integrations-control-plane:test: {"level":"info","message":"[integrations-webhook-verify] Webhook signature verified","timestamp":"2026-04-01T20:08:13.931Z","provider":"github"}
@nzila/platform-integrations-control-plane:test: {"level":"error","message":"[integrations-dlq] Failed to purge DLQ entry","timestamp":"2026-04-01T20:08:13.937Z","entryId":"03101dcc-8ca0-4548-b5cb-3dcf6624f515","error":"DB error"}
@nzila/platform-integrations-control-plane:test: {"level":"info","message":"[integrations-rate-limiter] Rate limit configured","timestamp":"2026-04-01T20:08:13.931Z","orgId":"org-1","provider":"slack","maxPerMin":2,"maxPerHr":100}
@nzila/platform-integrations-control-plane:test: {"level":"info","message":"[integrations-dlq] DLQ entry replayed successfully","timestamp":"2026-04-01T20:08:13.932Z","orgId":"org-123","entryId":"998f257f-b52c-435c-bffc-b62b06819094","provider":"slack"}
@nzila/platform-integrations-control-plane:test: {"level":"info","message":"[integrations-webhook-verify] Webhook signature verified","timestamp":"2026-04-01T20:08:13.932Z","provider":"slack"}
@nzila/platform-integrations-control-plane:test: {"level":"info","message":"[integrations-rate-limiter] Rate limit configured","timestamp":"2026-04-01T20:08:13.932Z","orgId":"org-1","provider":"slack","maxPerMin":1,"maxPerHr":100}
@nzila/platform-integrations-control-plane:test: {"level":"info","message":"[integrations-dlq] DLQ purge completed","timestamp":"2026-04-01T20:08:13.936Z","orgId":"org-123","purged":2,"total":2}
@nzila/platform-integrations-control-plane:test: {"level":"info","message":"[integrations-webhook-verify] Webhook signature verified","timestamp":"2026-04-01T20:08:13.935Z","provider":"test"}
@nzila/platform-integrations-control-plane:test: {"level":"info","message":"[integrations-webhook-verify] Webhook signature verified","timestamp":"2026-04-01T20:08:13.936Z","provider":"test"}
@nzila/platform-integrations-control-plane:test: {"level":"info","message":"[integrations-dlq] DLQ purge completed","timestamp":"2026-04-01T20:08:13.937Z","orgId":"org-123","purged":0,"total":1}
@nzila/platform-integrations-control-plane:test:  [32mΓ£ô[39m src/__tests__/rate-limiter.test.ts [2m([22m[2m7 tests[22m[2m)[22m[32m 14[2mms[22m[39m
@nzila/platform-integrations-control-plane:test:  [32mΓ£ô[39m src/__tests__/registry.test.ts [2m([22m[2m7 tests[22m[2m)[22m[32m 17[2mms[22m[39m
@nzila/platform-integrations-control-plane:test:  [32mΓ£ô[39m src/__tests__/dlq.test.ts [2m([22m[2m7 tests[22m[2m)[22m[32m 19[2mms[22m[39m
@nzila/platform-integrations-control-plane:test:  [32mΓ£ô[39m src/__tests__/webhook-verify.test.ts [2m([22m[2m9 tests[22m[2m)[22m[32m 18[2mms[22m[39m
@nzila/platform-integrations-control-plane:test: 
@nzila/platform-integrations-control-plane:test: [2m Test Files [22m [1m[32m4 passed[39m[22m[90m (4)[39m
@nzila/platform-integrations-control-plane:test: [2m      Tests [22m [1m[32m30 passed[39m[22m[90m (30)[39m
@nzila/platform-integrations-control-plane:test: [2m   Start at [22m 16:08:12
@nzila/platform-integrations-control-plane:test: [2m   Duration [22m 1.33s[2m (transform 1.28s, setup 0ms, import 1.57s, tests 68ms, environment 1ms)[22m
@nzila/platform-integrations-control-plane:test: 
@nzila/agrimo:test: 
@nzila/agrimo:test: > @nzila/agrimo@0.1.0 test C:\APPS\nzila-automation\apps\agrimo
@nzila/agrimo:test: > vitest run
@nzila/agrimo:test: 
@nzila/agrimo:test: 
@nzila/agrimo:test: [1m[46m RUN [49m[22m [36mv4.1.2 [39m[90mC:/APPS/nzila-automation/apps/agrimo[39m
@nzila/agrimo:test: 
@nzila/agrimo:test:  [32mΓ£ô[39m [30m[42m agrimo [49m[39m lib/__tests__/smoke.test.ts [2m([22m[2m5 tests[22m[2m)[22m[32m 13[2mms[22m[39m
@nzila/agrimo:test:  [32mΓ£ô[39m [30m[42m agrimo [49m[39m lib/__tests__/evidence-packs.test.ts [2m([22m[2m13 tests[22m[2m)[22m[32m 33[2mms[22m[39m
@nzila/agrimo:test: 
@nzila/agrimo:test: [2m Test Files [22m [1m[32m2 passed[39m[22m[90m (2)[39m
@nzila/agrimo:test: [2m      Tests [22m [1m[32m18 passed[39m[22m[90m (18)[39m
@nzila/agrimo:test: [2m   Start at [22m 17:05:27
@nzila/agrimo:test: [2m   Duration [22m 1.67s[2m (transform 351ms, setup 0ms, import 444ms, tests 47ms, environment 1ms)[22m
@nzila/agrimo:test: 
@nzila/platform-admin:test: 
@nzila/platform-admin:test: > @nzila/platform-admin@0.1.0 test C:\APPS\nzila-automation\apps\platform-admin
@nzila/platform-admin:test: > vitest run
@nzila/platform-admin:test: 
@nzila/platform-admin:test: 
@nzila/platform-admin:test: [1m[46m RUN [49m[22m [36mv4.1.2 [39m[90mC:/APPS/nzila-automation/apps/platform-admin[39m
@nzila/platform-admin:test: 
@nzila/platform-admin:test:  [32mΓ£ô[39m [30m[42m platform-admin [49m[39m lib/__tests__/smoke.test.ts [2m([22m[2m4 tests[22m[2m)[22m[32m 12[2mms[22m[39m
@nzila/platform-admin:test: 
@nzila/platform-admin:test: [2m Test Files [22m [1m[32m1 passed[39m[22m[90m (1)[39m
@nzila/platform-admin:test: [2m      Tests [22m [1m[32m4 passed[39m[22m[90m (4)[39m
@nzila/platform-admin:test: [2m   Start at [22m 17:05:27
@nzila/platform-admin:test: [2m   Duration [22m 868ms[2m (transform 113ms, setup 0ms, import 143ms, tests 12ms, environment 0ms)[22m
@nzila/platform-admin:test: 
@nzila/trade:test: 
@nzila/trade:test: > @nzila/trade@0.1.0 test C:\APPS\nzila-automation\apps\trade
@nzila/trade:test: > vitest run
@nzila/trade:test: 
@nzila/trade:test: 
@nzila/trade:test: [1m[46m RUN [49m[22m [36mv4.1.2 [39m[90mC:/APPS/nzila-automation/apps/trade[39m
@nzila/trade:test: 
@nzila/trade:test:  [32mΓ£ô[39m [30m[42m trade [49m[39m lib/__tests__/smoke.test.ts [2m([22m[2m4 tests[22m[2m)[22m[32m 12[2mms[22m[39m
@nzila/trade:test:  [32mΓ£ô[39m [30m[42m trade [49m[39m lib/__tests__/evidence-packs.test.ts [2m([22m[2m14 tests[22m[2m)[22m[32m 41[2mms[22m[39m
@nzila/trade:test: 
@nzila/trade:test: [2m Test Files [22m [1m[32m2 passed[39m[22m[90m (2)[39m
@nzila/trade:test: [2m      Tests [22m [1m[32m18 passed[39m[22m[90m (18)[39m
@nzila/trade:test: [2m   Start at [22m 17:05:26
@nzila/trade:test: [2m   Duration [22m 1.69s[2m (transform 1.10s, setup 0ms, import 1.19s, tests 52ms, environment 0ms)[22m
@nzila/trade:test: 
@nzila/abr:test: 
@nzila/abr:test: > @nzila/abr@0.1.0 test C:\APPS\nzila-automation\apps\abr
@nzila/abr:test: > vitest run
@nzila/abr:test: 
@nzila/abr:test: 
@nzila/abr:test: [1m[46m RUN [49m[22m [36mv4.1.2 [39m[90mC:/APPS/nzila-automation/apps/abr[39m
@nzila/abr:test: 
@nzila/abr:test:  [32mΓ£ô[39m [30m[43m abr [49m[39m lib/__tests__/smoke.test.ts [2m([22m[2m6 tests[22m[2m)[22m[32m 16[2mms[22m[39m
@nzila/abr:test: 
@nzila/abr:test: [2m Test Files [22m [1m[32m1 passed[39m[22m[90m (1)[39m
@nzila/abr:test: [2m      Tests [22m [1m[32m6 passed[39m[22m[90m (6)[39m
@nzila/abr:test: [2m   Start at [22m 17:05:28
@nzila/abr:test: [2m   Duration [22m 1.21s[2m (transform 113ms, setup 0ms, import 141ms, tests 16ms, environment 0ms)[22m
@nzila/abr:test: 
@nzila/ai-core:test: cache hit, replaying logs 2c855d82b7002b86
@nzila/platform-governance:test: cache hit, replaying logs 17c2196a0e7da350
@nzila/partners:test: cache hit, replaying logs c74c4e440e3c3afb
@nzila/web:test: cache hit, replaying logs e46c561a1ea461df
@nzila/platform-commerce-org:test: cache hit, replaying logs f858d6231c6beedf
@nzila/ai-core:test: 
@nzila/ai-core:test: > @nzila/ai-core@0.1.0 test C:\APPS\nzila-automation\packages\ai-core
@nzila/ai-core:test: > vitest run
@nzila/ai-core:test: 
@nzila/ai-core:test: 
@nzila/ai-core:test: [1m[46m RUN [49m[22m [36mv4.1.2 [39m[90mC:/APPS/nzila-automation/packages/ai-core[39m
@nzila/ai-core:test: 
@nzila/ai-core:test:  [32mΓ£ô[39m [30m[46m ai-core [49m[39m src/schemas.test.ts [2m([22m[2m16 tests[22m[2m)[22m[32m 25[2mms[22m[39m
@nzila/ai-core:test:  [32mΓ£ô[39m [30m[46m ai-core [49m[39m src/actions/attestation.test.ts [2m([22m[2m9 tests[22m[2m)[22m[33m 1433[2mms[22m[39m
@nzila/ai-core:test:      [33m[2mΓ£ô[22m[39m produces attestation with version 1.0 [33m 1419[2mms[22m[39m
@nzila/ai-core:test: 
@nzila/ai-core:test: [2m Test Files [22m [1m[32m2 passed[39m[22m[90m (2)[39m
@nzila/ai-core:test: [2m      Tests [22m [1m[32m25 passed[39m[22m[90m (25)[39m
@nzila/ai-core:test: [2m   Start at [22m 17:05:32
@nzila/ai-core:test: [2m   Duration [22m 5.33s[2m (transform 600ms, setup 0ms, import 787ms, tests 1.46s, environment 1ms)[22m
@nzila/ai-core:test: 
@nzila/partners:test: 
@nzila/partners:test: > @nzila/partners@0.1.0 test C:\APPS\nzila-automation\apps\partners
@nzila/platform-governance:test: 
@nzila/platform-governance:test: > @nzila/platform-governance@0.1.0 test C:\APPS\nzila-automation\packages\platform-governance
@nzila/platform-governance:test: > vitest run
@nzila/partners:test: > vitest run
@nzila/partners:test: 
@nzila/partners:test: 
@nzila/platform-governance:test: 
@nzila/platform-governance:test: 
@nzila/partners:test: [1m[46m RUN [49m[22m [36mv4.1.2 [39m[90mC:/APPS/nzila-automation/apps/partners[39m
@nzila/partners:test: 
@nzila/platform-governance:test: [1m[46m RUN [49m[22m [36mv4.1.2 [39m[90mC:/APPS/nzila-automation/packages/platform-governance[39m
@nzila/platform-governance:test: 
@nzila/partners:test:  [32mΓ£ô[39m [30m[45m partners [49m[39m tests/contract-storage.test.ts [2m([22m[2m5 tests[22m[2m)[22m[32m 16[2mms[22m[39m
@nzila/partners:test:  [32mΓ£ô[39m [30m[45m partners [49m[39m tests/partner-onboarding.test.ts [2m([22m[2m5 tests[22m[2m)[22m[32m 23[2mms[22m[39m
@nzila/partners:test:  [32mΓ£ô[39m [30m[45m partners [49m[39m tests/partner-revenue.test.ts [2m([22m[2m6 tests[22m[2m)[22m[32m 10[2mms[22m[39m
@nzila/platform-governance:test:  [32mΓ£ô[39m [30m[46m platform-governance [49m[39m src/auditTimeline.test.ts [2m([22m[2m6 tests[22m[2m)[22m[32m 18[2mms[22m[39m
@nzila/platform-governance:test:  [32mΓ£ô[39m [30m[46m platform-governance [49m[39m src/governanceStatus.test.ts [2m([22m[2m7 tests[22m[2m)[22m[32m 15[2mms[22m[39m
@nzila/platform-governance:test: 
@nzila/partners:test:  [32mΓ£ô[39m [30m[45m partners [49m[39m lib/__tests__/smoke.test.ts [2m([22m[2m5 tests[22m[2m)[22m[32m 14[2mms[22m[39m
@nzila/partners:test: 
@nzila/partners:test: [2m Test Files [22m [1m[32m4 passed[39m[22m[90m (4)[39m
@nzila/partners:test: [2m      Tests [22m [1m[32m21 passed[39m[22m[90m (21)[39m
@nzila/platform-governance:test: [2m Test Files [22m [1m[32m2 passed[39m[22m[90m (2)[39m
@nzila/platform-governance:test: [2m      Tests [22m [1m[32m13 passed[39m[22m[90m (13)[39m
@nzila/partners:test: [2m   Start at [22m 17:05:34
@nzila/partners:test: [2m   Duration [22m 4.75s[2m (transform 254ms, setup 0ms, import 388ms, tests 63ms, environment 1ms)[22m
@nzila/platform-governance:test: [2m   Start at [22m 16:08:19
@nzila/platform-governance:test: [2m   Duration [22m 2.28s[2m (transform 237ms, setup 0ms, import 370ms, tests 33ms, environment 0ms)[22m
@nzila/platform-governance:test: 
@nzila/partners:test: 
@nzila/cfo:test: cache hit, replaying logs 83b3c1e20ad7309a
@nzila/web:test: 
@nzila/web:test: > @nzila/web@0.1.0 test C:\APPS\nzila-automation\apps\web
@nzila/web:test: > vitest run
@nzila/web:test: 
@nzila/web:test: 
@nzila/web:test: [1m[46m RUN [49m[22m [36mv4.1.2 [39m[90mC:/APPS/nzila-automation/apps/web[39m
@nzila/web:test: 
@nzila/web:test:  [32mΓ£ô[39m [30m[46m web [49m[39m tests/lead-capture-validation.test.ts [2m([22m[2m7 tests[22m[2m)[22m[32m 67[2mms[22m[39m
@nzila/web:test:  [32mΓ£ô[39m [30m[46m web [49m[39m tests/content-publishing.test.ts [2m([22m[2m6 tests[22m[2m)[22m[32m 12[2mms[22m[39m
@nzila/web:test:  [32mΓ£ô[39m [30m[46m web [49m[39m lib/docs.test.ts [2m([22m[2m9 tests[22m[2m)[22m[33m 804[2mms[22m[39m
@nzila/web:test:      [33m[2mΓ£ô[22m[39m returns metadata for all markdown files [33m 560[2mms[22m[39m
@nzila/web:test: 
@nzila/web:test: [2m Test Files [22m [1m[32m3 passed[39m[22m[90m (3)[39m
@nzila/web:test: [2m      Tests [22m [1m[32m22 passed[39m[22m[90m (22)[39m
@nzila/web:test: [2m   Start at [22m 17:05:33
@nzila/web:test: [2m   Duration [22m 4.58s[2m (transform 306ms, setup 0ms, import 2.70s, tests 883ms, environment 1ms)[22m
@nzila/web:test: 
@nzila/platform-ai-governance:test: cache hit, replaying logs 7dd57905d1ca16f1
@nzila/platform-ai-query:test: cache hit, replaying logs 6055f20b14c2c360
@nzila/platform-anomaly-engine:test: cache hit, replaying logs 595019014e4b7268
@nzila/platform-commerce-org:test: 
@nzila/platform-commerce-org:test: > @nzila/platform-commerce-org@0.1.0 test C:\APPS\nzila-automation\packages\platform-commerce-org
@nzila/platform-commerce-org:test: > vitest run
@nzila/platform-commerce-org:test: 
@nzila/platform-commerce-org:test: 
@nzila/platform-commerce-org:test: [1m[46m RUN [49m[22m [36mv4.1.2 [39m[90mC:/APPS/nzila-automation/packages/platform-commerce-org[39m
@nzila/platform-commerce-org:test: 
@nzila/platform-commerce-org:test:  [32mΓ£ô[39m src/__tests__/org-commerce.test.ts [2m([22m[2m69 tests[22m[2m)[22m[32m 86[2mms[22m[39m
@nzila/platform-commerce-org:test: 
@nzila/platform-commerce-org:test: [2m Test Files [22m [1m[32m1 passed[39m[22m[90m (1)[39m
@nzila/platform-commerce-org:test: [2m      Tests [22m [1m[32m69 passed[39m[22m[90m (69)[39m
@nzila/platform-commerce-org:test: [2m   Start at [22m 17:05:38
@nzila/platform-commerce-org:test: [2m   Duration [22m 3.43s[2m (transform 920ms, setup 0ms, import 1.02s, tests 86ms, environment 0ms)[22m
@nzila/platform-commerce-org:test: 
@nzila/cfo:test: 
@nzila/cfo:test: > @nzila/cfo@0.1.0 test C:\APPS\nzila-automation\apps\cfo
@nzila/cfo:test: > vitest run
@nzila/cfo:test: 
@nzila/cfo:test: 
@nzila/cfo:test: [1m[46m RUN [49m[22m [36mv4.1.2 [39m[90mC:/APPS/nzila-automation/apps/cfo[39m
@nzila/cfo:test: 
@nzila/cfo:test:  [32mΓ£ô[39m [30m[45m cfo [49m[39m tests/architecture-purity.test.ts [2m([22m[2m19 tests[22m[2m)[22m[32m 33[2mms[22m[39m
@nzila/cfo:test:  [32mΓ£ô[39m [30m[45m cfo [49m[39m tests/public-api.test.ts [2m([22m[2m21 tests[22m[2m)[22m[32m 54[2mms[22m[39m
@nzila/cfo:test:  [32mΓ£ô[39m [30m[45m cfo [49m[39m tests/cca-schedule.test.ts [2m([22m[2m16 tests[22m[2m)[22m[32m 17[2mms[22m[39m
@nzila/cfo:test:  [32mΓ£ô[39m [30m[45m cfo [49m[39m tests/workflow-automation.test.ts [2m([22m[2m26 tests[22m[2m)[22m[32m 23[2mms[22m[39m
@nzila/cfo:test:  [32mΓ£ô[39m [30m[45m cfo [49m[39m tests/validation-gates.test.ts [2m([22m[2m15 tests[22m[2m)[22m[32m 24[2mms[22m[39m
@nzila/cfo:test:  [32mΓ£ô[39m [30m[45m cfo [49m[39m tests/chart-of-accounts.test.ts [2m([22m[2m12 tests[22m[2m)[22m[32m 23[2mms[22m[39m
@nzila/cfo:test:  [32mΓ£ô[39m [30m[45m cfo [49m[39m tests/api-guards.test.ts [2m([22m[2m11 tests[22m[2m)[22m[32m 28[2mms[22m[39m
@nzila/cfo:test:  [32mΓ£ô[39m [30m[45m cfo [49m[39m tests/domain-schemas.test.ts [2m([22m[2m49 tests[22m[2m)[22m[32m 34[2mms[22m[39m
@nzila/cfo:test:  [32mΓ£ô[39m [30m[45m cfo [49m[39m tests/time-billing.test.ts [2m([22m[2m12 tests[22m[2m)[22m[33m 952[2mms[22m[39m
@nzila/cfo:test:      [33m[2mΓ£ô[22m[39m should generate invoice from approved entries [33m 931[2mms[22m[39m
@nzila/cfo:test:  [32mΓ£ô[39m [30m[45m cfo [49m[39m tests/financial-proof.test.ts [2m([22m[2m15 tests[22m[2m)[22m[33m 1157[2mms[22m[39m
@nzila/cfo:test:        [33m[2mΓ£ô[22m[39m returns a valid proof with hash and timestamp [33m 1131[2mms[22m[39m
@nzila/cfo:test:  [32mΓ£ô[39m [30m[45m cfo [49m[39m tests/advisory-automation.test.ts [2m([22m[2m26 tests[22m[2m)[22m[32m 34[2mms[22m[39m
@nzila/cfo:test:  [32mΓ£ô[39m [30m[45m cfo [49m[39m tests/workflow-templates.test.ts [2m([22m[2m37 tests[22m[2m)[22m[33m 832[2mms[22m[39m
@nzila/cfo:test:      [33m[2mΓ£ô[22m[39m reports all on-track for a fresh instance [33m 790[2mms[22m[39m
@nzila/cfo:test:  [32mΓ£ô[39m [30m[45m cfo [49m[39m tests/platform-adapters.test.ts [2m([22m[2m23 tests[22m[2m)[22m[32m 36[2mms[22m[39m
@nzila/cfo:test: {"level":"info","message":"[cfo] IRS filing package assembled","timestamp":"2026-04-01T21:05:38.675Z","formType":"1120","taxYear":2024,"valid":true,"errors":0,"warnings":0}
@nzila/cfo:test:  [32mΓ£ô[39m [30m[45m cfo [49m[39m tests/expense-management.test.ts [2m([22m[2m28 tests[22m[2m)[22m[32m 23[2mms[22m[39m
@nzila/cfo:test:  [32mΓ£ô[39m [30m[45m cfo [49m[39m tests/irs-filing.test.ts [2m([22m[2m18 tests[22m[2m)[22m[32m 23[2mms[22m[39m
@nzila/cfo:test:  [32mΓ£ô[39m [30m[45m cfo [49m[39m tests/document-intelligence.test.ts [2m([22m[2m38 tests[22m[2m)[22m[32m 29[2mms[22m[39m
@nzila/cfo:test:  [32mΓ£ô[39m [30m[45m cfo [49m[39m tests/payroll-engine.test.ts [2m([22m[2m13 tests[22m[2m)[22m[32m 20[2mms[22m[39m
@nzila/cfo:test:  [32mΓ£ô[39m [30m[45m cfo [49m[39m tests/t2-efile.test.ts [2m([22m[2m38 tests[22m[2m)[22m[32m 47[2mms[22m[39m
@nzila/cfo:test:  [32mΓ£ô[39m [30m[45m cfo [49m[39m lib/__tests__/rbac.test.ts [2m([22m[2m84 tests[22m[2m)[22m[32m 66[2mms[22m[39m
@nzila/cfo:test:  [32mΓ£ô[39m [30m[45m cfo [49m[39m tests/payroll-expense.test.ts [2m([22m[2m13 tests[22m[2m)[22m[32m 17[2mms[22m[39m
@nzila/cfo:test:  [32mΓ£ô[39m [30m[45m cfo [49m[39m tests/t2-schedules.test.ts [2m([22m[2m13 tests[22m[2m)[22m[32m 15[2mms[22m[39m
@nzila/cfo:test:  [32mΓ£ô[39m [30m[45m cfo [49m[39m tests/bi-connector.test.ts [2m([22m[2m5 tests[22m[2m)[22m[32m 22[2mms[22m[39m
@nzila/cfo:test:  [32mΓ£ô[39m [30m[45m cfo [49m[39m tests/export-services.test.ts [2m([22m[2m5 tests[22m[2m)[22m[32m 11[2mms[22m[39m
@nzila/cfo:test:  [32mΓ£ô[39m [30m[45m cfo [49m[39m tests/insight-engine.test.ts [2m([22m[2m12 tests[22m[2m)[22m[32m 15[2mms[22m[39m
@nzila/cfo:test:  [32mΓ£ô[39m [30m[45m cfo [49m[39m tests/financial-report.test.ts [2m([22m[2m5 tests[22m[2m)[22m[32m 11[2mms[22m[39m
@nzila/cfo:test:  [32mΓ£ô[39m [30m[45m cfo [49m[39m lib/__tests__/smoke.test.ts [2m([22m[2m6 tests[22m[2m)[22m[32m 15[2mms[22m[39m
@nzila/cfo:test:  [32mΓ£ô[39m [30m[45m cfo [49m[39m tests/budget-calculations.test.ts [2m([22m[2m6 tests[22m[2m)[22m[32m 10[2mms[22m[39m
@nzila/cfo:test:  [32mΓ£ô[39m [30m[45m cfo [49m[39m tests/forecasting.test.ts [2m([22m[2m11 tests[22m[2m)[22m[32m 19[2mms[22m[39m
@nzila/cfo:test:  [32mΓ£ô[39m [30m[45m cfo [49m[39m tests/financial-engine.test.ts [2m([22m[2m21 tests[22m[2m)[22m[32m 20[2mms[22m[39m
@nzila/cfo:test: {"level":"info","message":"[policy-evaluator] Policy evaluated","timestamp":"2026-04-01T21:05:41.495Z","evaluationId":"e29898d1-b2ff-44f3-ab40-568e3baa9ee3","policyId":"cfo-financial-export","overallResult":"pass","decisionCount":1,"durationMs":0.8905999999999494}
@nzila/platform-ai-query:test: 
@nzila/platform-ai-query:test: > @nzila/platform-ai-query@0.1.0 test C:\APPS\nzila-automation\packages\platform-ai-query
@nzila/platform-ai-query:test: > vitest run
@nzila/platform-ai-query:test: 
@nzila/platform-ai-query:test: 
@nzila/cfo:test: {"level":"info","message":"[policy-evaluator] Policy evaluated","timestamp":"2026-04-01T21:05:41.499Z","evaluationId":"a0355f9e-778f-4187-8b8b-68acd9a178d2","policyId":"cfo-financial-export","overallResult":"pass","decisionCount":1,"durationMs":0.050200000000131695}
@nzila/platform-ai-query:test: [1m[46m RUN [49m[22m [36mv4.1.2 [39m[90mC:/APPS/nzila-automation/packages/platform-ai-query[39m
@nzila/platform-ai-query:test: 
@nzila/cfo:test: {"level":"info","message":"[policy-evaluator] Policy evaluated","timestamp":"2026-04-01T21:05:41.502Z","evaluationId":"651f42a0-3886-4f0e-91b8-8679c0a7919d","policyId":"cfo-financial-export","overallResult":"pass","decisionCount":1,"durationMs":0.04800000000000182}
@nzila/cfo:test:  [32mΓ£ô[39m [30m[45m cfo [49m[39m tests/policy-enforcement.test.ts [2m([22m[2m8 tests[22m[2m)[22m[32m 15[2mms[22m[39m
@nzila/platform-ai-query:test:  [32mΓ£ô[39m [30m[45m platform-ai-query [49m[39m src/ai-query.test.ts [2m([22m[2m17 tests[22m[2m)[22m[32m 21[2mms[22m[39m
@nzila/platform-ai-query:test: 
@nzila/platform-ai-query:test: [2m Test Files [22m [1m[32m1 passed[39m[22m[90m (1)[39m
@nzila/platform-ai-query:test: [2m      Tests [22m [1m[32m17 passed[39m[22m[90m (17)[39m
@nzila/cfo:test: 
@nzila/cfo:test: [2m Test Files [22m [1m[32m30 passed[39m[22m[90m (30)[39m
@nzila/platform-ai-query:test: [2m   Start at [22m 16:08:20
@nzila/platform-ai-query:test: [2m   Duration [22m 2.57s[2m (transform 142ms, setup 0ms, import 188ms, tests 21ms, environment 0ms)[22m
@nzila/cfo:test: [2m      Tests [22m [1m[32m606 passed[39m[22m[90m (606)[39m
@nzila/cfo:test: [2m   Start at [22m 17:05:32
@nzila/platform-ai-query:test: 
@nzila/cfo:test: [2m   Duration [22m 8.57s[2m (transform 35.06s, setup 0ms, import 39.75s, tests 3.63s, environment 8ms)[22m
@nzila/cfo:test: 
@nzila/platform-ai-governance:test: 
@nzila/platform-ai-governance:test: > @nzila/platform-ai-governance@0.1.0 test C:\APPS\nzila-automation\packages\platform-ai-governance
@nzila/platform-ai-governance:test: > vitest run
@nzila/platform-ai-governance:test: 
@nzila/platform-ai-governance:test: 
@nzila/platform-ai-governance:test: [1m[46m RUN [49m[22m [36mv4.1.2 [39m[90mC:/APPS/nzila-automation/packages/platform-ai-governance[39m
@nzila/platform-ai-governance:test: 
@nzila/platform-ai-governance:test:  [32mΓ£ô[39m [30m[43m platform-ai-governance [49m[39m src/ai-governance.test.ts [2m([22m[2m12 tests[22m[2m)[22m[32m 20[2mms[22m[39m
@nzila/platform-ai-governance:test: 
@nzila/platform-ai-governance:test: [2m Test Files [22m [1m[32m1 passed[39m[22m[90m (1)[39m
@nzila/platform-ai-governance:test: [2m      Tests [22m [1m[32m12 passed[39m[22m[90m (12)[39m
@nzila/platform-ai-governance:test: [2m   Start at [22m 16:08:18
@nzila/platform-ai-governance:test: [2m   Duration [22m 1.17s[2m (transform 392ms, setup 0ms, import 440ms, tests 20ms, environment 0ms)[22m
@nzila/platform-ai-governance:test: 
@nzila/platform-anomaly-engine:test: 
@nzila/platform-anomaly-engine:test: > @nzila/platform-anomaly-engine@0.1.0 test C:\APPS\nzila-automation\packages\platform-anomaly-engine
@nzila/platform-anomaly-engine:test: > vitest run
@nzila/platform-anomaly-engine:test: 
@nzila/platform-anomaly-engine:test: 
@nzila/platform-anomaly-engine:test: [1m[46m RUN [49m[22m [36mv4.1.2 [39m[90mC:/APPS/nzila-automation/packages/platform-anomaly-engine[39m
@nzila/platform-anomaly-engine:test: 
@nzila/platform-anomaly-engine:test:  [32mΓ£ô[39m [30m[45m platform-anomaly-engine [49m[39m src/anomaly-engine.test.ts [2m([22m[2m11 tests[22m[2m)[22m[32m 17[2mms[22m[39m
@nzila/platform-anomaly-engine:test: 
@nzila/platform-anomaly-engine:test: [2m Test Files [22m [1m[32m1 passed[39m[22m[90m (1)[39m
@nzila/platform-anomaly-engine:test: [2m      Tests [22m [1m[32m11 passed[39m[22m[90m (11)[39m
@nzila/platform-anomaly-engine:test: [2m   Start at [22m 16:08:19
@nzila/platform-anomaly-engine:test: [2m   Duration [22m 2.18s[2m (transform 148ms, setup 0ms, import 192ms, tests 17ms, environment 0ms)[22m
@nzila/platform-anomaly-engine:test: 
@nzila/platform-change-management:test: cache hit, replaying logs bf42abddfcd70944
@nzila/platform-procurement-proof:test: cache hit, replaying logs 0db30693d0a8dee0
@nzila/platform-agent-workflows:test: cache hit, replaying logs e13b3fbc46ac2adc
@nzila/flow:test: cache hit, replaying logs 76702783cad2680c
@nzila/console:test: cache hit, replaying logs 124c68656e2ace6d
@nzila/platform-procurement-proof:test: 
@nzila/platform-procurement-proof:test: > @nzila/platform-procurement-proof@0.1.0 test C:\APPS\nzila-automation\packages\platform-procurement-proof
@nzila/platform-procurement-proof:test: > vitest run
@nzila/platform-change-management:test: 
@nzila/platform-change-management:test: > @nzila/platform-change-management@0.1.0 test C:\APPS\nzila-automation\packages\platform-change-management
@nzila/platform-agent-workflows:test: 
@nzila/platform-agent-workflows:test: > @nzila/platform-agent-workflows@0.1.0 test C:\APPS\nzila-automation\packages\platform-agent-workflows
@nzila/platform-procurement-proof:test: 
@nzila/platform-procurement-proof:test: 
@nzila/platform-change-management:test: > vitest run
@nzila/platform-change-management:test: 
@nzila/platform-change-management:test: 
@nzila/platform-agent-workflows:test: > vitest run
@nzila/platform-agent-workflows:test: 
@nzila/platform-agent-workflows:test: 
@nzila/platform-agent-workflows:test: [1m[46m RUN [49m[22m [36mv4.1.2 [39m[90mC:/APPS/nzila-automation/packages/platform-agent-workflows[39m
@nzila/platform-agent-workflows:test: 
@nzila/platform-procurement-proof:test: [1m[46m RUN [49m[22m [36mv4.1.2 [39m[90mC:/APPS/nzila-automation/packages/platform-procurement-proof[39m
@nzila/platform-procurement-proof:test: 
@nzila/platform-change-management:test: [1m[46m RUN [49m[22m [36mv4.1.2 [39m[90mC:/APPS/nzila-automation/packages/platform-change-management[39m
@nzila/platform-change-management:test: 
@nzila/platform-agent-workflows:test:  [32mΓ£ô[39m [30m[43m platform-agent-workflows [49m[39m src/agent-workflows.test.ts [2m([22m[2m9 tests[22m[2m)[22m[32m 19[2mms[22m[39m
@nzila/platform-agent-workflows:test: 
@nzila/platform-procurement-proof:test: {"level":"info","message":"[procurement-proof-collector] Collecting procurement proof pack","timestamp":"2026-04-01T20:08:28.704Z","orgId":"org-1","packId":"37b6d16b-0303-48db-8046-c7117541d033"}
@nzila/platform-procurement-proof:test: {"level":"info","message":"[procurement-proof-collector] Procurement pack collected","timestamp":"2026-04-01T20:08:28.707Z","orgId":"org-1","packId":"37b6d16b-0303-48db-8046-c7117541d033","artifactCount":11}
@nzila/platform-procurement-proof:test: {"level":"info","message":"[procurement-proof-collector] Collecting procurement proof pack","timestamp":"2026-04-01T20:08:28.710Z","orgId":"org-1","packId":"b24d758b-dad9-404c-b53d-6095341048d8"}
@nzila/platform-change-management:test: [90mstderr[2m | src/change-management.test.ts[2m > [22m[2mfile storage[2m > [22m[2mhandles malformed JSON gracefully
@nzila/platform-change-management:test: [22m[39m[change-management] Failed to load change record BAD-0001: SyntaxError: Expected property name or '}' in JSON at position 2 (line 1 column 3)
@nzila/platform-change-management:test:     at JSON.parse (<anonymous>)
@nzila/platform-procurement-proof:test: {"level":"info","message":"[procurement-proof-collector] Procurement pack collected","timestamp":"2026-04-01T20:08:28.710Z","orgId":"org-1","packId":"b24d758b-dad9-404c-b53d-6095341048d8","artifactCount":11}
@nzila/platform-procurement-proof:test: {"level":"info","message":"[procurement-proof-zip-exporter] Building signed zip procurement pack","timestamp":"2026-04-01T20:08:28.710Z","packId":"test-pack-001","signedBy":"test-user"}
@nzila/platform-agent-workflows:test: [2m Test Files [22m [1m[32m1 passed[39m[22m[90m (1)[39m
@nzila/platform-agent-workflows:test: [2m      Tests [22m [1m[32m9 passed[39m[22m[90m (9)[39m
@nzila/platform-change-management:test:     at loadChangeRecord (C:/APPS/nzila-automation/packages/platform-change-management/src/service.ts:66:22)
@nzila/platform-change-management:test:     at C:/APPS/nzila-automation/packages/platform-change-management/src/change-management.test.ts:349:20
@nzila/platform-procurement-proof:test: {"level":"info","message":"[procurement-proof-collector] Collecting procurement proof pack","timestamp":"2026-04-01T20:08:28.713Z","orgId":"org-1","packId":"9d3c872d-ff73-4aca-9004-1f51f65189a1"}
@nzila/platform-procurement-proof:test: {"level":"info","message":"[procurement-proof-collector] Procurement pack collected","timestamp":"2026-04-01T20:08:28.713Z","orgId":"org-1","packId":"9d3c872d-ff73-4aca-9004-1f51f65189a1","artifactCount":11}
@nzila/platform-procurement-proof:test: {"level":"info","message":"[procurement-proof-collector] Procurement pack signed","timestamp":"2026-04-01T20:08:28.714Z","packId":"9d3c872d-ff73-4aca-9004-1f51f65189a1","algorithm":"hmac-sha256"}
@nzila/platform-procurement-proof:test: {"level":"info","message":"[procurement-proof-collector] Collecting procurement proof pack","timestamp":"2026-04-01T20:08:28.715Z","orgId":"org-1","packId":"03a4622d-21eb-46e9-9b9d-41ab633f3651"}
@nzila/platform-agent-workflows:test: [2m   Start at [22m 16:08:27
@nzila/platform-agent-workflows:test: [2m   Duration [22m 1.23s[2m (transform 259ms, setup 0ms, import 339ms, tests 19ms, environment 0ms)[22m
@nzila/platform-change-management:test:     at file:///C:/APPS/nzila-automation/node_modules/[4m@vitest/runner[24m/dist/chunk-artifact.js:302:11
@nzila/platform-change-management:test:     at file:///C:/APPS/nzila-automation/node_modules/[4m@vitest/runner[24m/dist/chunk-artifact.js:1893:26
@nzila/platform-change-management:test:     at file:///C:/APPS/nzila-automation/node_modules/[4m@vitest/runner[24m/dist/chunk-artifact.js:2316:20
@nzila/platform-change-management:test:     at new Promise (<anonymous>)
@nzila/platform-change-management:test:     at runWithCancel (file:///C:/APPS/nzila-automation/node_modules/[4m@vitest/runner[24m/dist/chunk-artifact.js:2313:10)
@nzila/platform-change-management:test:     at file:///C:/APPS/nzila-automation/node_modules/[4m@vitest/runner[24m/dist/chunk-artifact.js:2295:20
@nzila/platform-agent-workflows:test: 
@nzila/platform-procurement-proof:test: {"level":"info","message":"[procurement-proof-collector] Procurement pack collected","timestamp":"2026-04-01T20:08:28.715Z","orgId":"org-1","packId":"03a4622d-21eb-46e9-9b9d-41ab633f3651","artifactCount":11}
@nzila/platform-procurement-proof:test: {"level":"info","message":"[procurement-proof-collector] Procurement pack signed","timestamp":"2026-04-01T20:08:28.715Z","packId":"03a4622d-21eb-46e9-9b9d-41ab633f3651","algorithm":"hmac-sha256"}
@nzila/platform-procurement-proof:test: {"level":"info","message":"[procurement-proof-exporter] Exporting procurement pack as JSON","timestamp":"2026-04-01T20:08:28.715Z","packId":"03a4622d-21eb-46e9-9b9d-41ab633f3651"}
@nzila/platform-change-management:test:     at new Promise (<anonymous>)
@nzila/platform-change-management:test: 
@nzila/platform-change-management:test:  [32mΓ£ô[39m [30m[45m platform-change-management [49m[39m src/change-management.test.ts [2m([22m[2m42 tests[22m[2m)[22m[32m 268[2mms[22m[39m
@nzila/platform-procurement-proof:test: {"level":"info","message":"[procurement-proof-collector] Collecting procurement proof pack","timestamp":"2026-04-01T20:08:28.716Z","orgId":"org-1","packId":"9c9c1935-30a9-4041-a67c-0eeb4594af4a"}
@nzila/platform-procurement-proof:test: {"level":"info","message":"[procurement-proof-collector] Procurement pack collected","timestamp":"2026-04-01T20:08:28.717Z","orgId":"org-1","packId":"9c9c1935-30a9-4041-a67c-0eeb4594af4a","artifactCount":11}
@nzila/platform-procurement-proof:test: {"level":"info","message":"[procurement-proof-exporter] Exporting procurement pack as bundle","timestamp":"2026-04-01T20:08:28.717Z","packId":"9c9c1935-30a9-4041-a67c-0eeb4594af4a"}
@nzila/platform-procurement-proof:test:  [32mΓ£ô[39m [30m[42m platform-procurement-proof [49m[39m src/__tests__/collector.test.ts [2m([22m[2m5 tests[22m[2m)[22m[32m 20[2mms[22m[39m
@nzila/platform-change-management:test: 
@nzila/platform-change-management:test: [2m Test Files [22m [1m[32m1 passed[39m[22m[90m (1)[39m
@nzila/platform-change-management:test: [2m      Tests [22m [1m[32m42 passed[39m[22m[90m (42)[39m
@nzila/platform-procurement-proof:test: {"level":"info","message":"[procurement-proof-zip-exporter] Signed zip procurement pack built","timestamp":"2026-04-01T20:08:28.765Z","packId":"test-pack-001","fileCount":9,"zipSizeBytes":4357,"keyId":"b31e380353714df7"}
@nzila/platform-procurement-proof:test: {"level":"info","message":"[procurement-proof-zip-exporter] Building signed zip procurement pack","timestamp":"2026-04-01T20:08:28.768Z","packId":"test-pack-001","signedBy":"test-user"}
@nzila/platform-procurement-proof:test: {"level":"info","message":"[procurement-proof-zip-exporter] Signed zip procurement pack built","timestamp":"2026-04-01T20:08:28.774Z","packId":"test-pack-001","fileCount":9,"zipSizeBytes":4357,"keyId":"b31e380353714df7"}
@nzila/platform-change-management:test: [2m   Start at [22m 16:08:27
@nzila/platform-change-management:test: [2m   Duration [22m 1.44s[2m (transform 394ms, setup 0ms, import 558ms, tests 268ms, environment 0ms)[22m
@nzila/platform-change-management:test: 
@nzila/platform-procurement-proof:test: {"level":"info","message":"[procurement-proof-zip-exporter] Building signed zip procurement pack","timestamp":"2026-04-01T20:08:28.776Z","packId":"test-pack-001","signedBy":"test-user"}
@nzila/platform-procurement-proof:test: {"level":"info","message":"[procurement-proof-zip-exporter] Signed zip procurement pack built","timestamp":"2026-04-01T20:08:28.781Z","packId":"test-pack-001","fileCount":9,"zipSizeBytes":4357,"keyId":"b31e380353714df7"}
@nzila/platform-procurement-proof:test: {"level":"info","message":"[procurement-proof-zip-exporter] Building signed zip procurement pack","timestamp":"2026-04-01T20:08:28.791Z","packId":"test-pack-001","signedBy":"test-user"}
@nzila/platform-procurement-proof:test: {"level":"info","message":"[procurement-proof-zip-exporter] Signed zip procurement pack built","timestamp":"2026-04-01T20:08:28.797Z","packId":"test-pack-001","fileCount":9,"zipSizeBytes":4357,"keyId":"b31e380353714df7"}
@nzila/platform-procurement-proof:test: {"level":"info","message":"[procurement-proof-zip-exporter] Building signed zip procurement pack","timestamp":"2026-04-01T20:08:28.799Z","packId":"test-pack-001","signedBy":"test-user"}
@nzila/platform-procurement-proof:test: {"level":"info","message":"[procurement-proof-zip-exporter] Signed zip procurement pack built","timestamp":"2026-04-01T20:08:28.805Z","packId":"test-pack-001","fileCount":9,"zipSizeBytes":4357,"keyId":"b31e380353714df7"}
@nzila/platform-procurement-proof:test: {"level":"info","message":"[procurement-proof-zip-exporter] Building signed zip procurement pack","timestamp":"2026-04-01T20:08:28.808Z","packId":"test-pack-001","signedBy":"test-user"}
@nzila/platform-procurement-proof:test: {"level":"info","message":"[procurement-proof-zip-exporter] Signed zip procurement pack built","timestamp":"2026-04-01T20:08:28.814Z","packId":"test-pack-001","fileCount":9,"zipSizeBytes":4357,"keyId":"b31e380353714df7"}
@nzila/platform-procurement-proof:test: {"level":"info","message":"[procurement-proof-zip-exporter] Building signed zip procurement pack","timestamp":"2026-04-01T20:08:28.816Z","packId":"test-pack-001","signedBy":"test-user"}
@nzila/platform-procurement-proof:test: {"level":"info","message":"[procurement-proof-zip-exporter] Signed zip procurement pack built","timestamp":"2026-04-01T20:08:28.821Z","packId":"test-pack-001","fileCount":9,"zipSizeBytes":4357,"keyId":"b31e380353714df7"}
@nzila/platform-procurement-proof:test: {"level":"info","message":"[procurement-proof-zip-exporter] Building signed zip procurement pack","timestamp":"2026-04-01T20:08:28.824Z","packId":"test-pack-001","signedBy":"test-user"}
@nzila/platform-procurement-proof:test: {"level":"info","message":"[procurement-proof-zip-exporter] Signed zip procurement pack built","timestamp":"2026-04-01T20:08:28.829Z","packId":"test-pack-001","fileCount":9,"zipSizeBytes":4357,"keyId":"b31e380353714df7"}
@nzila/platform-procurement-proof:test: {"level":"info","message":"[procurement-proof-zip-exporter] Building signed zip procurement pack","timestamp":"2026-04-01T20:08:28.830Z","packId":"test-pack-001","signedBy":"test-user"}
@nzila/platform-procurement-proof:test: {"level":"info","message":"[procurement-proof-zip-exporter] Signed zip procurement pack built","timestamp":"2026-04-01T20:08:28.842Z","packId":"test-pack-001","fileCount":9,"zipSizeBytes":4357,"keyId":"b31e380353714df7"}
@nzila/platform-procurement-proof:test: {"level":"info","message":"[procurement-proof-zip-exporter] Building signed zip procurement pack","timestamp":"2026-04-01T20:08:28.844Z","packId":"test-pack-001","signedBy":"test-user"}
@nzila/platform-procurement-proof:test: {"level":"info","message":"[procurement-proof-zip-exporter] Signed zip procurement pack built","timestamp":"2026-04-01T20:08:28.848Z","packId":"test-pack-001","fileCount":9,"zipSizeBytes":4357,"keyId":"b31e380353714df7"}
@nzila/platform-procurement-proof:test:  [32mΓ£ô[39m [30m[42m platform-procurement-proof [49m[39m src/__tests__/zip-exporter.test.ts [2m([22m[2m11 tests[22m[2m)[22m[32m 147[2mms[22m[39m
@nzila/platform-procurement-proof:test: {"level":"info","message":"[collector:dependency-posture] No dependency scan artifacts found","timestamp":"2026-04-01T20:08:29.001Z","orgId":"org-1","baseDir":"C:\\APPS\\nzila-automation\\packages\\platform-procurement-proof"}
@nzila/platform-procurement-proof:test: {"level":"info","message":"[collector:evidence-pack-latest] No evidence packs found for org","timestamp":"2026-04-01T20:08:29.007Z","orgId":"org-1"}
@nzila/platform-procurement-proof:test: {"level":"info","message":"[collector:compliance-snapshots] No compliance snapshots found for org","timestamp":"2026-04-01T20:08:29.007Z","orgId":"org-1"}
@nzila/platform-procurement-proof:test: {"level":"info","message":"[collector:observability-summary] Observability summary collected","timestamp":"2026-04-01T20:08:29.012Z","orgId":"org-1","healthStatus":"healthy","errorCount24h":"not_available","p95LatencyMs":"not_available"}
@nzila/platform-procurement-proof:test:  [32mΓ£ô[39m [30m[42m platform-procurement-proof [49m[39m src/__tests__/real-ports.test.ts [2m([22m[2m7 tests[22m[2m)[22m[32m 29[2mms[22m[39m
@nzila/platform-procurement-proof:test: 
@nzila/platform-procurement-proof:test: [2m Test Files [22m [1m[32m3 passed[39m[22m[90m (3)[39m
@nzila/platform-procurement-proof:test: [2m      Tests [22m [1m[32m23 passed[39m[22m[90m (23)[39m
@nzila/platform-procurement-proof:test: [2m   Start at [22m 16:08:27
@nzila/platform-procurement-proof:test: [2m   Duration [22m 1.44s[2m (transform 1.06s, setup 0ms, import 1.36s, tests 196ms, environment 1ms)[22m
@nzila/platform-procurement-proof:test: 
@nzila/flow:test: 
@nzila/flow:test: > @nzila/flow@1.0.0 test C:\APPS\nzila-automation\apps\flow
@nzila/flow:test: > vitest run
@nzila/flow:test: 
@nzila/flow:test: 
@nzila/flow:test: [1m[46m RUN [49m[22m [36mv4.1.2 [39m[90mC:/APPS/nzila-automation/apps/flow[39m
@nzila/flow:test: 
@nzila/flow:test:  [32mΓ£ô[39m [30m[42m Flow-app [49m[39m tests/export-service.test.ts [2m([22m[2m4 tests[22m[2m)[22m[32m 15[2mms[22m[39m
@nzila/flow:test:  [32mΓ£ô[39m [30m[42m Flow-app [49m[39m tests/payment-gating-integration.test.ts [2m([22m[2m18 tests[22m[2m)[22m[32m 20[2mms[22m[39m
@nzila/flow:test:  [32mΓ£ô[39m [30m[42m Flow-app [49m[39m tests/order-lifecycle-integration.test.ts [2m([22m[2m22 tests[22m[2m)[22m[32m 20[2mms[22m[39m
@nzila/flow:test:  [32mΓ£ô[39m [30m[42m Flow-app [49m[39m lib/__tests__/smoke.test.ts [2m([22m[2m5 tests[22m[2m)[22m[32m 17[2mms[22m[39m
@nzila/flow:test:  [32mΓ£ô[39m [30m[42m Flow-app [49m[39m tests/shopify-contract.test.ts [2m([22m[2m14 tests[22m[2m)[22m[32m 37[2mms[22m[39m
@nzila/flow:test:  [32mΓ£ô[39m [30m[42m Flow-app [49m[39m tests/architecture-purity.test.ts [2m([22m[2m9 tests[22m[2m)[22m[32m 42[2mms[22m[39m
@nzila/flow:test:  [32mΓ£ô[39m [30m[42m Flow-app [49m[39m tests/quote-validation.test.ts [2m([22m[2m6 tests[22m[2m)[22m[32m 14[2mms[22m[39m
@nzila/flow:test:  [32mΓ£ô[39m [30m[42m Flow-app [49m[39m tests/zoho-contract.test.ts [2m([22m[2m13 tests[22m[2m)[22m[32m 42[2mms[22m[39m
@nzila/flow:test:  [32mΓ£ô[39m [30m[42m Flow-app [49m[39m tests/price-calculation.test.ts [2m([22m[2m8 tests[22m[2m)[22m[32m 11[2mms[22m[39m
@nzila/flow:test:  [32mΓ£ô[39m [30m[42m Flow-app [49m[39m tests/quote-generation.test.ts [2m([22m[2m4 tests[22m[2m)[22m[32m 11[2mms[22m[39m
@nzila/flow:test: {"level":"info","message":"[flow] Order transition executed","timestamp":"2026-04-01T21:05:42.524Z","from":"CREATED","to":"CONFIRMED","label":"Confirm order"}
@nzila/flow:test: {"level":"info","message":"[flow] Order transition executed","timestamp":"2026-04-01T21:05:42.527Z","from":"CREATED","to":"CANCELLED","label":"Cancel order"}
@nzila/flow:test: {"level":"info","message":"[flow] Order transition executed","timestamp":"2026-04-01T21:05:42.527Z","from":"CONFIRMED","to":"DEPOSIT_REQUIRED","label":"Deposit required"}
@nzila/flow:test: {"level":"info","message":"[flow] Order transition executed","timestamp":"2026-04-01T21:05:42.528Z","from":"CONFIRMED","to":"PAYMENT_COMPLETE","label":"Full payment (no deposit)"}
@nzila/flow:test: {"level":"info","message":"[flow] Order transition executed","timestamp":"2026-04-01T21:05:42.528Z","from":"CONFIRMED","to":"CANCELLED","label":"Cancel order"}
@nzila/flow:test: {"level":"info","message":"[flow] Order transition executed","timestamp":"2026-04-01T21:05:42.528Z","from":"DEPOSIT_REQUIRED","to":"PAYMENT_PARTIAL","label":"Deposit received"}
@nzila/flow:test: {"level":"info","message":"[flow] Order transition executed","timestamp":"2026-04-01T21:05:42.528Z","from":"DEPOSIT_REQUIRED","to":"CANCELLED","label":"Cancel order"}
@nzila/flow:test: {"level":"info","message":"[flow] Order transition executed","timestamp":"2026-04-01T21:05:42.529Z","from":"PAYMENT_PARTIAL","to":"PAYMENT_COMPLETE","label":"Full payment received"}
@nzila/flow:test: {"level":"info","message":"[flow] Order transition executed","timestamp":"2026-04-01T21:05:42.529Z","from":"PAYMENT_COMPLETE","to":"READY_FOR_PROCUREMENT","label":"Ready for procurement"}
@nzila/flow:test: {"level":"info","message":"[flow] Order transition executed","timestamp":"2026-04-01T21:05:42.529Z","from":"READY_FOR_PROCUREMENT","to":"IN_PRODUCTION","label":"Production started"}
@nzila/flow:test: {"level":"info","message":"[flow] Order transition executed","timestamp":"2026-04-01T21:05:42.529Z","from":"IN_PRODUCTION","to":"READY_TO_SHIP","label":"Ready to ship"}
@nzila/flow:test: {"level":"info","message":"[flow] Order transition executed","timestamp":"2026-04-01T21:05:42.530Z","from":"READY_TO_SHIP","to":"SHIPPED","label":"Order shipped"}
@nzila/flow:test: {"level":"info","message":"[flow] Order transition executed","timestamp":"2026-04-01T21:05:42.530Z","from":"SHIPPED","to":"DELIVERED","label":"Order delivered"}
@nzila/flow:test: {"level":"info","message":"[flow] Order transition executed","timestamp":"2026-04-01T21:05:42.530Z","from":"DELIVERED","to":"CLOSED","label":"Close order"}
@nzila/flow:test: {"level":"warn","message":"[flow] Invalid order transition attempted","timestamp":"2026-04-01T21:05:42.532Z","from":"CREATED","to":"DEPOSIT_REQUIRED"}
@nzila/flow:test: {"level":"warn","message":"[flow] Invalid order transition attempted","timestamp":"2026-04-01T21:05:42.533Z","from":"CREATED","to":"PAYMENT_PARTIAL"}
@nzila/flow:test: {"level":"warn","message":"[flow] Invalid order transition attempted","timestamp":"2026-04-01T21:05:42.533Z","from":"CREATED","to":"PAYMENT_COMPLETE"}
@nzila/flow:test: {"level":"warn","message":"[flow] Invalid order transition attempted","timestamp":"2026-04-01T21:05:42.533Z","from":"CREATED","to":"READY_FOR_PROCUREMENT"}
@nzila/flow:test: {"level":"warn","message":"[flow] Invalid order transition attempted","timestamp":"2026-04-01T21:05:42.533Z","from":"CREATED","to":"IN_PRODUCTION"}
@nzila/flow:test: {"level":"warn","message":"[flow] Invalid order transition attempted","timestamp":"2026-04-01T21:05:42.533Z","from":"CREATED","to":"READY_TO_SHIP"}
@nzila/flow:test: {"level":"warn","message":"[flow] Invalid order transition attempted","timestamp":"2026-04-01T21:05:42.534Z","from":"CREATED","to":"SHIPPED"}
@nzila/flow:test: {"level":"warn","message":"[flow] Invalid order transition attempted","timestamp":"2026-04-01T21:05:42.534Z","from":"CREATED","to":"DELIVERED"}
@nzila/flow:test: {"level":"warn","message":"[flow] Invalid order transition attempted","timestamp":"2026-04-01T21:05:42.534Z","from":"CREATED","to":"CLOSED"}
@nzila/flow:test: {"level":"warn","message":"[flow] Invalid order transition attempted","timestamp":"2026-04-01T21:05:42.534Z","from":"CONFIRMED","to":"CREATED"}
@nzila/flow:test: {"level":"warn","message":"[flow] Invalid order transition attempted","timestamp":"2026-04-01T21:05:42.534Z","from":"CONFIRMED","to":"PAYMENT_PARTIAL"}
@nzila/flow:test: {"level":"warn","message":"[flow] Invalid order transition attempted","timestamp":"2026-04-01T21:05:42.534Z","from":"CONFIRMED","to":"READY_FOR_PROCUREMENT"}
@nzila/flow:test: {"level":"warn","message":"[flow] Invalid order transition attempted","timestamp":"2026-04-01T21:05:42.535Z","from":"CONFIRMED","to":"IN_PRODUCTION"}
@nzila/flow:test: {"level":"warn","message":"[flow] Invalid order transition attempted","timestamp":"2026-04-01T21:05:42.535Z","from":"CONFIRMED","to":"READY_TO_SHIP"}
@nzila/flow:test: {"level":"warn","message":"[flow] Invalid order transition attempted","timestamp":"2026-04-01T21:05:42.535Z","from":"CONFIRMED","to":"SHIPPED"}
@nzila/flow:test: {"level":"warn","message":"[flow] Invalid order transition attempted","timestamp":"2026-04-01T21:05:42.535Z","from":"CONFIRMED","to":"DELIVERED"}
@nzila/flow:test: {"level":"warn","message":"[flow] Invalid order transition attempted","timestamp":"2026-04-01T21:05:42.535Z","from":"CONFIRMED","to":"CLOSED"}
@nzila/flow:test: {"level":"warn","message":"[flow] Invalid order transition attempted","timestamp":"2026-04-01T21:05:42.535Z","from":"DEPOSIT_REQUIRED","to":"CREATED"}
@nzila/flow:test: {"level":"warn","message":"[flow] Invalid order transition attempted","timestamp":"2026-04-01T21:05:42.536Z","from":"DEPOSIT_REQUIRED","to":"CONFIRMED"}
@nzila/flow:test: {"level":"warn","message":"[flow] Invalid order transition attempted","timestamp":"2026-04-01T21:05:42.536Z","from":"DEPOSIT_REQUIRED","to":"PAYMENT_COMPLETE"}
@nzila/flow:test: {"level":"warn","message":"[flow] Invalid order transition attempted","timestamp":"2026-04-01T21:05:42.536Z","from":"DEPOSIT_REQUIRED","to":"READY_FOR_PROCUREMENT"}
@nzila/flow:test: {"level":"warn","message":"[flow] Invalid order transition attempted","timestamp":"2026-04-01T21:05:42.536Z","from":"DEPOSIT_REQUIRED","to":"IN_PRODUCTION"}
@nzila/flow:test: {"level":"warn","message":"[flow] Invalid order transition attempted","timestamp":"2026-04-01T21:05:42.536Z","from":"DEPOSIT_REQUIRED","to":"READY_TO_SHIP"}
@nzila/flow:test: {"level":"warn","message":"[flow] Invalid order transition attempted","timestamp":"2026-04-01T21:05:42.536Z","from":"DEPOSIT_REQUIRED","to":"SHIPPED"}
@nzila/flow:test: {"level":"warn","message":"[flow] Invalid order transition attempted","timestamp":"2026-04-01T21:05:42.536Z","from":"DEPOSIT_REQUIRED","to":"DELIVERED"}
@nzila/flow:test: {"level":"warn","message":"[flow] Invalid order transition attempted","timestamp":"2026-04-01T21:05:42.537Z","from":"DEPOSIT_REQUIRED","to":"CLOSED"}
@nzila/flow:test: {"level":"warn","message":"[flow] Invalid order transition attempted","timestamp":"2026-04-01T21:05:42.537Z","from":"PAYMENT_PARTIAL","to":"CREATED"}
@nzila/flow:test: {"level":"warn","message":"[flow] Invalid order transition attempted","timestamp":"2026-04-01T21:05:42.537Z","from":"PAYMENT_PARTIAL","to":"CONFIRMED"}
@nzila/flow:test: {"level":"warn","message":"[flow] Invalid order transition attempted","timestamp":"2026-04-01T21:05:42.537Z","from":"PAYMENT_PARTIAL","to":"DEPOSIT_REQUIRED"}
@nzila/flow:test: {"level":"warn","message":"[flow] Invalid order transition attempted","timestamp":"2026-04-01T21:05:42.537Z","from":"PAYMENT_PARTIAL","to":"READY_FOR_PROCUREMENT"}
@nzila/flow:test: {"level":"warn","message":"[flow] Invalid order transition attempted","timestamp":"2026-04-01T21:05:42.537Z","from":"PAYMENT_PARTIAL","to":"IN_PRODUCTION"}
@nzila/flow:test: {"level":"warn","message":"[flow] Invalid order transition attempted","timestamp":"2026-04-01T21:05:42.537Z","from":"PAYMENT_PARTIAL","to":"READY_TO_SHIP"}
@nzila/flow:test: {"level":"warn","message":"[flow] Invalid order transition attempted","timestamp":"2026-04-01T21:05:42.538Z","from":"PAYMENT_PARTIAL","to":"SHIPPED"}
@nzila/flow:test: {"level":"warn","message":"[flow] Invalid order transition attempted","timestamp":"2026-04-01T21:05:42.538Z","from":"PAYMENT_PARTIAL","to":"DELIVERED"}
@nzila/flow:test: {"level":"warn","message":"[flow] Invalid order transition attempted","timestamp":"2026-04-01T21:05:42.538Z","from":"PAYMENT_PARTIAL","to":"CLOSED"}
@nzila/flow:test: {"level":"warn","message":"[flow] Invalid order transition attempted","timestamp":"2026-04-01T21:05:42.538Z","from":"PAYMENT_PARTIAL","to":"CANCELLED"}
@nzila/flow:test: {"level":"warn","message":"[flow] Invalid order transition attempted","timestamp":"2026-04-01T21:05:42.538Z","from":"PAYMENT_COMPLETE","to":"CREATED"}
@nzila/flow:test: {"level":"warn","message":"[flow] Invalid order transition attempted","timestamp":"2026-04-01T21:05:42.538Z","from":"PAYMENT_COMPLETE","to":"CONFIRMED"}
@nzila/flow:test: {"level":"warn","message":"[flow] Invalid order transition attempted","timestamp":"2026-04-01T21:05:42.539Z","from":"PAYMENT_COMPLETE","to":"DEPOSIT_REQUIRED"}
@nzila/flow:test: {"level":"warn","message":"[flow] Invalid order transition attempted","timestamp":"2026-04-01T21:05:42.539Z","from":"PAYMENT_COMPLETE","to":"PAYMENT_PARTIAL"}
@nzila/flow:test: {"level":"warn","message":"[flow] Invalid order transition attempted","timestamp":"2026-04-01T21:05:42.539Z","from":"PAYMENT_COMPLETE","to":"IN_PRODUCTION"}
@nzila/flow:test: {"level":"warn","message":"[flow] Invalid order transition attempted","timestamp":"2026-04-01T21:05:42.539Z","from":"PAYMENT_COMPLETE","to":"READY_TO_SHIP"}
@nzila/flow:test: {"level":"warn","message":"[flow] Invalid order transition attempted","timestamp":"2026-04-01T21:05:42.539Z","from":"PAYMENT_COMPLETE","to":"SHIPPED"}
@nzila/flow:test: {"level":"warn","message":"[flow] Invalid order transition attempted","timestamp":"2026-04-01T21:05:42.539Z","from":"PAYMENT_COMPLETE","to":"DELIVERED"}
@nzila/flow:test: {"level":"warn","message":"[flow] Invalid order transition attempted","timestamp":"2026-04-01T21:05:42.540Z","from":"PAYMENT_COMPLETE","to":"CLOSED"}
@nzila/flow:test: {"level":"warn","message":"[flow] Invalid order transition attempted","timestamp":"2026-04-01T21:05:42.540Z","from":"PAYMENT_COMPLETE","to":"CANCELLED"}
@nzila/flow:test: {"level":"warn","message":"[flow] Invalid order transition attempted","timestamp":"2026-04-01T21:05:42.540Z","from":"READY_FOR_PROCUREMENT","to":"CREATED"}
@nzila/flow:test: {"level":"warn","message":"[flow] Invalid order transition attempted","timestamp":"2026-04-01T21:05:42.540Z","from":"READY_FOR_PROCUREMENT","to":"CONFIRMED"}
@nzila/flow:test: {"level":"warn","message":"[flow] Invalid order transition attempted","timestamp":"2026-04-01T21:05:42.540Z","from":"READY_FOR_PROCUREMENT","to":"DEPOSIT_REQUIRED"}
@nzila/flow:test: {"level":"warn","message":"[flow] Invalid order transition attempted","timestamp":"2026-04-01T21:05:42.540Z","from":"READY_FOR_PROCUREMENT","to":"PAYMENT_PARTIAL"}
@nzila/flow:test: {"level":"warn","message":"[flow] Invalid order transition attempted","timestamp":"2026-04-01T21:05:42.541Z","from":"READY_FOR_PROCUREMENT","to":"PAYMENT_COMPLETE"}
@nzila/flow:test: {"level":"warn","message":"[flow] Invalid order transition attempted","timestamp":"2026-04-01T21:05:42.541Z","from":"READY_FOR_PROCUREMENT","to":"READY_TO_SHIP"}
@nzila/flow:test: {"level":"warn","message":"[flow] Invalid order transition attempted","timestamp":"2026-04-01T21:05:42.541Z","from":"READY_FOR_PROCUREMENT","to":"SHIPPED"}
@nzila/flow:test: {"level":"warn","message":"[flow] Invalid order transition attempted","timestamp":"2026-04-01T21:05:42.541Z","from":"READY_FOR_PROCUREMENT","to":"DELIVERED"}
@nzila/flow:test: {"level":"warn","message":"[flow] Invalid order transition attempted","timestamp":"2026-04-01T21:05:42.541Z","from":"READY_FOR_PROCUREMENT","to":"CLOSED"}
@nzila/flow:test: {"level":"warn","message":"[flow] Invalid order transition attempted","timestamp":"2026-04-01T21:05:42.541Z","from":"READY_FOR_PROCUREMENT","to":"CANCELLED"}
@nzila/flow:test: {"level":"warn","message":"[flow] Invalid order transition attempted","timestamp":"2026-04-01T21:05:42.541Z","from":"IN_PRODUCTION","to":"CREATED"}
@nzila/flow:test: {"level":"warn","message":"[flow] Invalid order transition attempted","timestamp":"2026-04-01T21:05:42.542Z","from":"IN_PRODUCTION","to":"CONFIRMED"}
@nzila/flow:test: {"level":"warn","message":"[flow] Invalid order transition attempted","timestamp":"2026-04-01T21:05:42.542Z","from":"IN_PRODUCTION","to":"DEPOSIT_REQUIRED"}
@nzila/flow:test: {"level":"warn","message":"[flow] Invalid order transition attempted","timestamp":"2026-04-01T21:05:42.542Z","from":"IN_PRODUCTION","to":"PAYMENT_PARTIAL"}
@nzila/flow:test: {"level":"warn","message":"[flow] Invalid order transition attempted","timestamp":"2026-04-01T21:05:42.542Z","from":"IN_PRODUCTION","to":"PAYMENT_COMPLETE"}
@nzila/flow:test: {"level":"warn","message":"[flow] Invalid order transition attempted","timestamp":"2026-04-01T21:05:42.542Z","from":"IN_PRODUCTION","to":"READY_FOR_PROCUREMENT"}
@nzila/flow:test: {"level":"warn","message":"[flow] Invalid order transition attempted","timestamp":"2026-04-01T21:05:42.542Z","from":"IN_PRODUCTION","to":"SHIPPED"}
@nzila/flow:test: {"level":"warn","message":"[flow] Invalid order transition attempted","timestamp":"2026-04-01T21:05:42.542Z","from":"IN_PRODUCTION","to":"DELIVERED"}
@nzila/flow:test: {"level":"warn","message":"[flow] Invalid order transition attempted","timestamp":"2026-04-01T21:05:42.543Z","from":"IN_PRODUCTION","to":"CLOSED"}
@nzila/flow:test: {"level":"warn","message":"[flow] Invalid order transition attempted","timestamp":"2026-04-01T21:05:42.543Z","from":"IN_PRODUCTION","to":"CANCELLED"}
@nzila/flow:test: {"level":"warn","message":"[flow] Invalid order transition attempted","timestamp":"2026-04-01T21:05:42.543Z","from":"READY_TO_SHIP","to":"CREATED"}
@nzila/flow:test: {"level":"warn","message":"[flow] Invalid order transition attempted","timestamp":"2026-04-01T21:05:42.543Z","from":"READY_TO_SHIP","to":"CONFIRMED"}
@nzila/flow:test: {"level":"warn","message":"[flow] Invalid order transition attempted","timestamp":"2026-04-01T21:05:42.543Z","from":"READY_TO_SHIP","to":"DEPOSIT_REQUIRED"}
@nzila/flow:test: {"level":"warn","message":"[flow] Invalid order transition attempted","timestamp":"2026-04-01T21:05:42.543Z","from":"READY_TO_SHIP","to":"PAYMENT_PARTIAL"}
@nzila/flow:test: {"level":"warn","message":"[flow] Invalid order transition attempted","timestamp":"2026-04-01T21:05:42.543Z","from":"READY_TO_SHIP","to":"PAYMENT_COMPLETE"}
@nzila/flow:test: {"level":"warn","message":"[flow] Invalid order transition attempted","timestamp":"2026-04-01T21:05:42.544Z","from":"READY_TO_SHIP","to":"READY_FOR_PROCUREMENT"}
@nzila/flow:test: {"level":"warn","message":"[flow] Invalid order transition attempted","timestamp":"2026-04-01T21:05:42.544Z","from":"READY_TO_SHIP","to":"IN_PRODUCTION"}
@nzila/flow:test: {"level":"warn","message":"[flow] Invalid order transition attempted","timestamp":"2026-04-01T21:05:42.544Z","from":"READY_TO_SHIP","to":"DELIVERED"}
@nzila/flow:test: {"level":"warn","message":"[flow] Invalid order transition attempted","timestamp":"2026-04-01T21:05:42.544Z","from":"READY_TO_SHIP","to":"CLOSED"}
@nzila/flow:test: {"level":"warn","message":"[flow] Invalid order transition attempted","timestamp":"2026-04-01T21:05:42.544Z","from":"READY_TO_SHIP","to":"CANCELLED"}
@nzila/flow:test: {"level":"warn","message":"[flow] Invalid order transition attempted","timestamp":"2026-04-01T21:05:42.544Z","from":"SHIPPED","to":"CREATED"}
@nzila/flow:test: {"level":"warn","message":"[flow] Invalid order transition attempted","timestamp":"2026-04-01T21:05:42.544Z","from":"SHIPPED","to":"CONFIRMED"}
@nzila/flow:test: {"level":"warn","message":"[flow] Invalid order transition attempted","timestamp":"2026-04-01T21:05:42.544Z","from":"SHIPPED","to":"DEPOSIT_REQUIRED"}
@nzila/flow:test: {"level":"warn","message":"[flow] Invalid order transition attempted","timestamp":"2026-04-01T21:05:42.545Z","from":"SHIPPED","to":"PAYMENT_PARTIAL"}
@nzila/flow:test: {"level":"warn","message":"[flow] Invalid order transition attempted","timestamp":"2026-04-01T21:05:42.545Z","from":"SHIPPED","to":"PAYMENT_COMPLETE"}
@nzila/flow:test: {"level":"warn","message":"[flow] Invalid order transition attempted","timestamp":"2026-04-01T21:05:42.545Z","from":"SHIPPED","to":"READY_FOR_PROCUREMENT"}
@nzila/flow:test: {"level":"warn","message":"[flow] Invalid order transition attempted","timestamp":"2026-04-01T21:05:42.545Z","from":"SHIPPED","to":"IN_PRODUCTION"}
@nzila/flow:test: {"level":"warn","message":"[flow] Invalid order transition attempted","timestamp":"2026-04-01T21:05:42.545Z","from":"SHIPPED","to":"READY_TO_SHIP"}
@nzila/flow:test: {"level":"warn","message":"[flow] Invalid order transition attempted","timestamp":"2026-04-01T21:05:42.545Z","from":"SHIPPED","to":"CLOSED"}
@nzila/flow:test: {"level":"warn","message":"[flow] Invalid order transition attempted","timestamp":"2026-04-01T21:05:42.546Z","from":"SHIPPED","to":"CANCELLED"}
@nzila/flow:test: {"level":"warn","message":"[flow] Invalid order transition attempted","timestamp":"2026-04-01T21:05:42.546Z","from":"DELIVERED","to":"CREATED"}
@nzila/flow:test: {"level":"warn","message":"[flow] Invalid order transition attempted","timestamp":"2026-04-01T21:05:42.546Z","from":"DELIVERED","to":"CONFIRMED"}
@nzila/flow:test: {"level":"warn","message":"[flow] Invalid order transition attempted","timestamp":"2026-04-01T21:05:42.546Z","from":"DELIVERED","to":"DEPOSIT_REQUIRED"}
@nzila/flow:test: {"level":"warn","message":"[flow] Invalid order transition attempted","timestamp":"2026-04-01T21:05:42.546Z","from":"DELIVERED","to":"PAYMENT_PARTIAL"}
@nzila/flow:test: {"level":"warn","message":"[flow] Invalid order transition attempted","timestamp":"2026-04-01T21:05:42.546Z","from":"DELIVERED","to":"PAYMENT_COMPLETE"}
@nzila/flow:test: {"level":"warn","message":"[flow] Invalid order transition attempted","timestamp":"2026-04-01T21:05:42.546Z","from":"DELIVERED","to":"READY_FOR_PROCUREMENT"}
@nzila/flow:test: {"level":"warn","message":"[flow] Invalid order transition attempted","timestamp":"2026-04-01T21:05:42.546Z","from":"DELIVERED","to":"IN_PRODUCTION"}
@nzila/flow:test: {"level":"warn","message":"[flow] Invalid order transition attempted","timestamp":"2026-04-01T21:05:42.547Z","from":"DELIVERED","to":"READY_TO_SHIP"}
@nzila/flow:test: {"level":"warn","message":"[flow] Invalid order transition attempted","timestamp":"2026-04-01T21:05:42.547Z","from":"DELIVERED","to":"SHIPPED"}
@nzila/flow:test: {"level":"warn","message":"[flow] Invalid order transition attempted","timestamp":"2026-04-01T21:05:42.547Z","from":"DELIVERED","to":"CANCELLED"}
@nzila/flow:test: {"level":"warn","message":"[flow] Invalid order transition attempted","timestamp":"2026-04-01T21:05:42.547Z","from":"CLOSED","to":"CREATED"}
@nzila/flow:test: {"level":"warn","message":"[flow] Invalid order transition attempted","timestamp":"2026-04-01T21:05:42.547Z","from":"CLOSED","to":"CONFIRMED"}
@nzila/flow:test: {"level":"warn","message":"[flow] Invalid order transition attempted","timestamp":"2026-04-01T21:05:42.547Z","from":"CLOSED","to":"DEPOSIT_REQUIRED"}
@nzila/flow:test: {"level":"warn","message":"[flow] Invalid order transition attempted","timestamp":"2026-04-01T21:05:42.547Z","from":"CLOSED","to":"PAYMENT_PARTIAL"}
@nzila/flow:test: {"level":"warn","message":"[flow] Invalid order transition attempted","timestamp":"2026-04-01T21:05:42.547Z","from":"CLOSED","to":"PAYMENT_COMPLETE"}
@nzila/flow:test: {"level":"warn","message":"[flow] Invalid order transition attempted","timestamp":"2026-04-01T21:05:42.548Z","from":"CLOSED","to":"READY_FOR_PROCUREMENT"}
@nzila/flow:test: {"level":"warn","message":"[flow] Invalid order transition attempted","timestamp":"2026-04-01T21:05:42.548Z","from":"CLOSED","to":"IN_PRODUCTION"}
@nzila/flow:test: {"level":"warn","message":"[flow] Invalid order transition attempted","timestamp":"2026-04-01T21:05:42.548Z","from":"CLOSED","to":"READY_TO_SHIP"}
@nzila/flow:test: {"level":"warn","message":"[flow] Invalid order transition attempted","timestamp":"2026-04-01T21:05:42.548Z","from":"CLOSED","to":"SHIPPED"}
@nzila/flow:test: {"level":"warn","message":"[flow] Invalid order transition attempted","timestamp":"2026-04-01T21:05:42.548Z","from":"CLOSED","to":"DELIVERED"}
@nzila/flow:test: {"level":"warn","message":"[flow] Invalid order transition attempted","timestamp":"2026-04-01T21:05:42.548Z","from":"CLOSED","to":"CANCELLED"}
@nzila/flow:test: {"level":"warn","message":"[flow] Invalid order transition attempted","timestamp":"2026-04-01T21:05:42.548Z","from":"CANCELLED","to":"CREATED"}
@nzila/flow:test: {"level":"warn","message":"[flow] Invalid order transition attempted","timestamp":"2026-04-01T21:05:42.549Z","from":"CANCELLED","to":"CONFIRMED"}
@nzila/flow:test: {"level":"warn","message":"[flow] Invalid order transition attempted","timestamp":"2026-04-01T21:05:42.549Z","from":"CANCELLED","to":"DEPOSIT_REQUIRED"}
@nzila/flow:test: {"level":"warn","message":"[flow] Invalid order transition attempted","timestamp":"2026-04-01T21:05:42.549Z","from":"CANCELLED","to":"PAYMENT_PARTIAL"}
@nzila/flow:test: {"level":"warn","message":"[flow] Invalid order transition attempted","timestamp":"2026-04-01T21:05:42.549Z","from":"CANCELLED","to":"PAYMENT_COMPLETE"}
@nzila/flow:test: {"level":"warn","message":"[flow] Invalid order transition attempted","timestamp":"2026-04-01T21:05:42.549Z","from":"CANCELLED","to":"READY_FOR_PROCUREMENT"}
@nzila/flow:test: {"level":"warn","message":"[flow] Invalid order transition attempted","timestamp":"2026-04-01T21:05:42.549Z","from":"CANCELLED","to":"IN_PRODUCTION"}
@nzila/flow:test: {"level":"warn","message":"[flow] Invalid order transition attempted","timestamp":"2026-04-01T21:05:42.549Z","from":"CANCELLED","to":"READY_TO_SHIP"}
@nzila/flow:test: {"level":"warn","message":"[flow] Invalid order transition attempted","timestamp":"2026-04-01T21:05:42.549Z","from":"CANCELLED","to":"SHIPPED"}
@nzila/flow:test: {"level":"warn","message":"[flow] Invalid order transition attempted","timestamp":"2026-04-01T21:05:42.550Z","from":"CANCELLED","to":"DELIVERED"}
@nzila/flow:test: {"level":"warn","message":"[flow] Invalid order transition attempted","timestamp":"2026-04-01T21:05:42.550Z","from":"CANCELLED","to":"CLOSED"}
@nzila/flow:test: {"level":"info","message":"[flow] PO transition executed","timestamp":"2026-04-01T21:05:42.557Z","from":"DRAFT","to":"SENT","label":"Send to vendor"}
@nzila/orchestrator-api:test: cache hit, replaying logs 3fab4d21b3ba7af8
@nzila/flow:test: {"level":"info","message":"[flow] PO transition executed","timestamp":"2026-04-01T21:05:42.558Z","from":"DRAFT","to":"CANCELLED","label":"Cancel PO"}
@nzila/flow:test: {"level":"info","message":"[flow] PO transition executed","timestamp":"2026-04-01T21:05:42.558Z","from":"SENT","to":"CONFIRMED","label":"Vendor confirmed"}
@nzila/flow:test: {"level":"info","message":"[flow] PO transition executed","timestamp":"2026-04-01T21:05:42.559Z","from":"SENT","to":"DRAFT","label":"Return to draft"}
@nzila/flow:test: {"level":"info","message":"[flow] PO transition executed","timestamp":"2026-04-01T21:05:42.559Z","from":"SENT","to":"CANCELLED","label":"Cancel PO"}
@nzila/flow:test: {"level":"info","message":"[flow] PO transition executed","timestamp":"2026-04-01T21:05:42.560Z","from":"CONFIRMED","to":"IN_PRODUCTION","label":"Production started"}
@nzila/flow:test: {"level":"info","message":"[flow] PO transition executed","timestamp":"2026-04-01T21:05:42.560Z","from":"CONFIRMED","to":"CANCELLED","label":"Cancel PO"}
@nzila/flow:test: {"level":"info","message":"[flow] PO transition executed","timestamp":"2026-04-01T21:05:42.561Z","from":"IN_PRODUCTION","to":"SHIPPED","label":"Vendor shipped"}
@nzila/flow:test: {"level":"info","message":"[flow] PO transition executed","timestamp":"2026-04-01T21:05:42.561Z","from":"IN_PRODUCTION","to":"CANCELLED","label":"Cancel PO"}
@nzila/flow:test: {"level":"info","message":"[flow] PO transition executed","timestamp":"2026-04-01T21:05:42.561Z","from":"SHIPPED","to":"RECEIVED","label":"Goods received"}
@nzila/flow:test: {"level":"warn","message":"[flow] Invalid PO transition attempted","timestamp":"2026-04-01T21:05:42.563Z","from":"DRAFT","to":"CONFIRMED"}
@nzila/flow:test: {"level":"warn","message":"[flow] Invalid PO transition attempted","timestamp":"2026-04-01T21:05:42.564Z","from":"DRAFT","to":"IN_PRODUCTION"}
@nzila/flow:test: {"level":"warn","message":"[flow] Invalid PO transition attempted","timestamp":"2026-04-01T21:05:42.564Z","from":"DRAFT","to":"SHIPPED"}
@nzila/flow:test: {"level":"warn","message":"[flow] Invalid PO transition attempted","timestamp":"2026-04-01T21:05:42.564Z","from":"DRAFT","to":"RECEIVED"}
@nzila/flow:test: {"level":"warn","message":"[flow] Invalid PO transition attempted","timestamp":"2026-04-01T21:05:42.564Z","from":"SENT","to":"IN_PRODUCTION"}
@nzila/flow:test: {"level":"warn","message":"[flow] Invalid PO transition attempted","timestamp":"2026-04-01T21:05:42.568Z","from":"SENT","to":"SHIPPED"}
@nzila/flow:test: {"level":"warn","message":"[flow] Invalid PO transition attempted","timestamp":"2026-04-01T21:05:42.568Z","from":"SENT","to":"RECEIVED"}
@nzila/flow:test: {"level":"warn","message":"[flow] Invalid PO transition attempted","timestamp":"2026-04-01T21:05:42.568Z","from":"CONFIRMED","to":"DRAFT"}
@nzila/flow:test: {"level":"warn","message":"[flow] Invalid PO transition attempted","timestamp":"2026-04-01T21:05:42.568Z","from":"CONFIRMED","to":"SENT"}
@nzila/flow:test: {"level":"warn","message":"[flow] Invalid PO transition attempted","timestamp":"2026-04-01T21:05:42.568Z","from":"CONFIRMED","to":"SHIPPED"}
@nzila/flow:test: {"level":"warn","message":"[flow] Invalid PO transition attempted","timestamp":"2026-04-01T21:05:42.569Z","from":"CONFIRMED","to":"RECEIVED"}
@nzila/flow:test: {"level":"warn","message":"[flow] Invalid PO transition attempted","timestamp":"2026-04-01T21:05:42.569Z","from":"IN_PRODUCTION","to":"DRAFT"}
@nzila/flow:test: {"level":"warn","message":"[flow] Invalid PO transition attempted","timestamp":"2026-04-01T21:05:42.569Z","from":"IN_PRODUCTION","to":"SENT"}
@nzila/flow:test: {"level":"warn","message":"[flow] Invalid PO transition attempted","timestamp":"2026-04-01T21:05:42.569Z","from":"IN_PRODUCTION","to":"CONFIRMED"}
@nzila/flow:test: {"level":"warn","message":"[flow] Invalid PO transition attempted","timestamp":"2026-04-01T21:05:42.569Z","from":"IN_PRODUCTION","to":"RECEIVED"}
@nzila/platform-rfp-generator:test: cache hit, replaying logs 4d41e4f5d1fd78e3
@nzila/flow:test: {"level":"warn","message":"[flow] Invalid PO transition attempted","timestamp":"2026-04-01T21:05:42.569Z","from":"SHIPPED","to":"DRAFT"}
@nzila/flow:test: {"level":"warn","message":"[flow] Invalid PO transition attempted","timestamp":"2026-04-01T21:05:42.569Z","from":"SHIPPED","to":"SENT"}
@nzila/flow:test: {"level":"warn","message":"[flow] Invalid PO transition attempted","timestamp":"2026-04-01T21:05:42.570Z","from":"SHIPPED","to":"CONFIRMED"}
@nzila/flow:test: {"level":"warn","message":"[flow] Invalid PO transition attempted","timestamp":"2026-04-01T21:05:42.570Z","from":"SHIPPED","to":"IN_PRODUCTION"}
@nzila/flow:test: {"level":"warn","message":"[flow] Invalid PO transition attempted","timestamp":"2026-04-01T21:05:42.570Z","from":"SHIPPED","to":"CANCELLED"}
@nzila/flow:test: {"level":"warn","message":"[flow] Invalid PO transition attempted","timestamp":"2026-04-01T21:05:42.570Z","from":"RECEIVED","to":"DRAFT"}
@nzila/flow:test: {"level":"warn","message":"[flow] Invalid PO transition attempted","timestamp":"2026-04-01T21:05:42.570Z","from":"RECEIVED","to":"SENT"}
@nzila/flow:test: {"level":"warn","message":"[flow] Invalid PO transition attempted","timestamp":"2026-04-01T21:05:42.570Z","from":"RECEIVED","to":"CONFIRMED"}
@nzila/flow:test: {"level":"warn","message":"[flow] Invalid PO transition attempted","timestamp":"2026-04-01T21:05:42.570Z","from":"RECEIVED","to":"IN_PRODUCTION"}
@nzila/flow:test: {"level":"warn","message":"[flow] Invalid PO transition attempted","timestamp":"2026-04-01T21:05:42.570Z","from":"RECEIVED","to":"SHIPPED"}
@nzila/flow:test: {"level":"warn","message":"[flow] Invalid PO transition attempted","timestamp":"2026-04-01T21:05:42.570Z","from":"RECEIVED","to":"CANCELLED"}
@nzila/flow:test: {"level":"warn","message":"[flow] Invalid PO transition attempted","timestamp":"2026-04-01T21:05:42.570Z","from":"CANCELLED","to":"DRAFT"}
@nzila/flow:test: {"level":"warn","message":"[flow] Invalid PO transition attempted","timestamp":"2026-04-01T21:05:42.570Z","from":"CANCELLED","to":"SENT"}
@nzila/flow:test: {"level":"warn","message":"[flow] Invalid PO transition attempted","timestamp":"2026-04-01T21:05:42.571Z","from":"CANCELLED","to":"CONFIRMED"}
@nzila/flow:test: {"level":"warn","message":"[flow] Invalid PO transition attempted","timestamp":"2026-04-01T21:05:42.571Z","from":"CANCELLED","to":"IN_PRODUCTION"}
@nzila/flow:test: {"level":"warn","message":"[flow] Invalid PO transition attempted","timestamp":"2026-04-01T21:05:42.571Z","from":"CANCELLED","to":"SHIPPED"}
@nzila/flow:test: {"level":"warn","message":"[flow] Invalid PO transition attempted","timestamp":"2026-04-01T21:05:42.571Z","from":"CANCELLED","to":"RECEIVED"}
@nzila/flow:test: {"level":"info","message":"[flow] Shipment transition executed","timestamp":"2026-04-01T21:05:42.573Z","from":"PENDING","to":"PACKED","label":"Order packed"}
@nzila/flow:test: {"level":"info","message":"[flow] Shipment transition executed","timestamp":"2026-04-01T21:05:42.573Z","from":"PENDING","to":"SHIPPED","label":"Ship directly"}
@nzila/flow:test: {"level":"info","message":"[flow] Shipment transition executed","timestamp":"2026-04-01T21:05:42.573Z","from":"PACKED","to":"SHIPPED","label":"Shipped out"}
@nzila/flow:test: {"level":"info","message":"[flow] Shipment transition executed","timestamp":"2026-04-01T21:05:42.573Z","from":"SHIPPED","to":"IN_TRANSIT","label":"In transit"}
@nzila/flow:test: {"level":"info","message":"[flow] Shipment transition executed","timestamp":"2026-04-01T21:05:42.573Z","from":"IN_TRANSIT","to":"DELIVERED","label":"Delivered"}
@nzila/flow:test: {"level":"info","message":"[flow] Shipment transition executed","timestamp":"2026-04-01T21:05:42.574Z","from":"IN_TRANSIT","to":"FAILED","label":"Delivery failed"}
@nzila/flow:test: {"level":"info","message":"[flow] Shipment transition executed","timestamp":"2026-04-01T21:05:42.574Z","from":"FAILED","to":"PENDING","label":"Retry shipment"}
@nzila/flow:test: {"level":"info","message":"[flow] Shipment transition executed","timestamp":"2026-04-01T21:05:42.574Z","from":"FAILED","to":"RETURNED","label":"Return to sender"}
@nzila/flow:test: {"level":"warn","message":"[flow] Invalid shipment transition attempted","timestamp":"2026-04-01T21:05:42.596Z","from":"PENDING","to":"IN_TRANSIT"}
@nzila/flow:test: {"level":"warn","message":"[flow] Invalid shipment transition attempted","timestamp":"2026-04-01T21:05:42.604Z","from":"PENDING","to":"DELIVERED"}
@nzila/flow:test: {"level":"warn","message":"[flow] Invalid shipment transition attempted","timestamp":"2026-04-01T21:05:42.604Z","from":"PENDING","to":"FAILED"}
@nzila/flow:test: {"level":"warn","message":"[flow] Invalid shipment transition attempted","timestamp":"2026-04-01T21:05:42.604Z","from":"PENDING","to":"RETURNED"}
@nzila/flow:test: {"level":"warn","message":"[flow] Invalid shipment transition attempted","timestamp":"2026-04-01T21:05:42.604Z","from":"PACKED","to":"PENDING"}
@nzila/flow:test: {"level":"warn","message":"[flow] Invalid shipment transition attempted","timestamp":"2026-04-01T21:05:42.604Z","from":"PACKED","to":"IN_TRANSIT"}
@nzila/flow:test: {"level":"warn","message":"[flow] Invalid shipment transition attempted","timestamp":"2026-04-01T21:05:42.604Z","from":"PACKED","to":"DELIVERED"}
@nzila/flow:test: {"level":"warn","message":"[flow] Invalid shipment transition attempted","timestamp":"2026-04-01T21:05:42.605Z","from":"PACKED","to":"FAILED"}
@nzila/flow:test: {"level":"warn","message":"[flow] Invalid shipment transition attempted","timestamp":"2026-04-01T21:05:42.605Z","from":"PACKED","to":"RETURNED"}
@nzila/flow:test: {"level":"warn","message":"[flow] Invalid shipment transition attempted","timestamp":"2026-04-01T21:05:42.605Z","from":"SHIPPED","to":"PENDING"}
@nzila/flow:test: {"level":"warn","message":"[flow] Invalid shipment transition attempted","timestamp":"2026-04-01T21:05:42.605Z","from":"SHIPPED","to":"PACKED"}
@nzila/flow:test: {"level":"warn","message":"[flow] Invalid shipment transition attempted","timestamp":"2026-04-01T21:05:42.605Z","from":"SHIPPED","to":"DELIVERED"}
@nzila/flow:test: {"level":"warn","message":"[flow] Invalid shipment transition attempted","timestamp":"2026-04-01T21:05:42.605Z","from":"SHIPPED","to":"FAILED"}
@nzila/flow:test: {"level":"warn","message":"[flow] Invalid shipment transition attempted","timestamp":"2026-04-01T21:05:42.605Z","from":"SHIPPED","to":"RETURNED"}
@nzila/flow:test: {"level":"warn","message":"[flow] Invalid shipment transition attempted","timestamp":"2026-04-01T21:05:42.605Z","from":"IN_TRANSIT","to":"PENDING"}
@nzila/flow:test: {"level":"warn","message":"[flow] Invalid shipment transition attempted","timestamp":"2026-04-01T21:05:42.605Z","from":"IN_TRANSIT","to":"PACKED"}
@nzila/flow:test: {"level":"warn","message":"[flow] Invalid shipment transition attempted","timestamp":"2026-04-01T21:05:42.605Z","from":"IN_TRANSIT","to":"SHIPPED"}
@nzila/flow:test: {"level":"warn","message":"[flow] Invalid shipment transition attempted","timestamp":"2026-04-01T21:05:42.606Z","from":"IN_TRANSIT","to":"RETURNED"}
@nzila/flow:test: {"level":"warn","message":"[flow] Invalid shipment transition attempted","timestamp":"2026-04-01T21:05:42.606Z","from":"DELIVERED","to":"PENDING"}
@nzila/flow:test: {"level":"warn","message":"[flow] Invalid shipment transition attempted","timestamp":"2026-04-01T21:05:42.606Z","from":"DELIVERED","to":"PACKED"}
@nzila/flow:test: {"level":"warn","message":"[flow] Invalid shipment transition attempted","timestamp":"2026-04-01T21:05:42.606Z","from":"DELIVERED","to":"SHIPPED"}
@nzila/flow:test: {"level":"warn","message":"[flow] Invalid shipment transition attempted","timestamp":"2026-04-01T21:05:42.606Z","from":"DELIVERED","to":"IN_TRANSIT"}
@nzila/flow:test: {"level":"warn","message":"[flow] Invalid shipment transition attempted","timestamp":"2026-04-01T21:05:42.606Z","from":"DELIVERED","to":"FAILED"}
@nzila/flow:test: {"level":"warn","message":"[flow] Invalid shipment transition attempted","timestamp":"2026-04-01T21:05:42.607Z","from":"DELIVERED","to":"RETURNED"}
@nzila/flow:test: {"level":"warn","message":"[flow] Invalid shipment transition attempted","timestamp":"2026-04-01T21:05:42.608Z","from":"FAILED","to":"PACKED"}
@nzila/flow:test: {"level":"warn","message":"[flow] Invalid shipment transition attempted","timestamp":"2026-04-01T21:05:42.608Z","from":"FAILED","to":"SHIPPED"}
@nzila/flow:test: {"level":"warn","message":"[flow] Invalid shipment transition attempted","timestamp":"2026-04-01T21:05:42.608Z","from":"FAILED","to":"IN_TRANSIT"}
@nzila/flow:test: {"level":"warn","message":"[flow] Invalid shipment transition attempted","timestamp":"2026-04-01T21:05:42.609Z","from":"FAILED","to":"DELIVERED"}
@nzila/flow:test: {"level":"warn","message":"[flow] Invalid shipment transition attempted","timestamp":"2026-04-01T21:05:42.609Z","from":"RETURNED","to":"PENDING"}
@nzila/flow:test: {"level":"warn","message":"[flow] Invalid shipment transition attempted","timestamp":"2026-04-01T21:05:42.609Z","from":"RETURNED","to":"PACKED"}
@nzila/flow:test: {"level":"warn","message":"[flow] Invalid shipment transition attempted","timestamp":"2026-04-01T21:05:42.610Z","from":"RETURNED","to":"SHIPPED"}
@nzila/flow:test: {"level":"warn","message":"[flow] Invalid shipment transition attempted","timestamp":"2026-04-01T21:05:42.610Z","from":"RETURNED","to":"IN_TRANSIT"}
@nzila/flow:test: {"level":"warn","message":"[flow] Invalid shipment transition attempted","timestamp":"2026-04-01T21:05:42.610Z","from":"RETURNED","to":"DELIVERED"}
@nzila/flow:test: {"level":"warn","message":"[flow] Invalid shipment transition attempted","timestamp":"2026-04-01T21:05:42.611Z","from":"RETURNED","to":"FAILED"}
@nzila/flow:test: {"level":"info","message":"[flow] Production transition executed","timestamp":"2026-04-01T21:05:42.615Z","from":"PENDING_PROOF","to":"PROOF_SENT","label":"Proof sent to client"}
@nzila/flow:test: {"level":"info","message":"[flow] Production transition executed","timestamp":"2026-04-01T21:05:42.616Z","from":"PROOF_SENT","to":"PROOF_APPROVED","label":"Proof approved"}
@nzila/flow:test: {"level":"info","message":"[flow] Production transition executed","timestamp":"2026-04-01T21:05:42.616Z","from":"PROOF_APPROVED","to":"IN_PRODUCTION","label":"Production started"}
@nzila/flow:test: {"level":"info","message":"[flow] Production transition executed","timestamp":"2026-04-01T21:05:42.616Z","from":"IN_PRODUCTION","to":"QUALITY_CHECK","label":"Quality check"}
@nzila/flow:test: {"level":"info","message":"[flow] Production transition executed","timestamp":"2026-04-01T21:05:42.617Z","from":"QUALITY_CHECK","to":"READY_TO_SHIP","label":"Passed QC ΓÇö ready to ship"}
@nzila/flow:test: {"level":"info","message":"[flow] Production transition executed","timestamp":"2026-04-01T21:05:42.617Z","from":"QUALITY_CHECK","to":"IN_PRODUCTION","label":"QC failed ΓÇö redo"}
@nzila/flow:test: {"level":"warn","message":"[flow] Invalid production transition attempted","timestamp":"2026-04-01T21:05:42.618Z","from":"PENDING_PROOF","to":"PROOF_APPROVED"}
@nzila/flow:test: {"level":"warn","message":"[flow] Invalid production transition attempted","timestamp":"2026-04-01T21:05:42.618Z","from":"PENDING_PROOF","to":"IN_PRODUCTION"}
@nzila/flow:test: {"level":"warn","message":"[flow] Invalid production transition attempted","timestamp":"2026-04-01T21:05:42.618Z","from":"PENDING_PROOF","to":"QUALITY_CHECK"}
@nzila/flow:test: {"level":"warn","message":"[flow] Invalid production transition attempted","timestamp":"2026-04-01T21:05:42.618Z","from":"PENDING_PROOF","to":"READY_TO_SHIP"}
@nzila/flow:test: {"level":"warn","message":"[flow] Invalid production transition attempted","timestamp":"2026-04-01T21:05:42.618Z","from":"PROOF_SENT","to":"IN_PRODUCTION"}
@nzila/flow:test: {"level":"warn","message":"[flow] Invalid production transition attempted","timestamp":"2026-04-01T21:05:42.618Z","from":"PROOF_SENT","to":"QUALITY_CHECK"}
@nzila/flow:test: {"level":"warn","message":"[flow] Invalid production transition attempted","timestamp":"2026-04-01T21:05:42.618Z","from":"PROOF_SENT","to":"READY_TO_SHIP"}
@nzila/flow:test: {"level":"warn","message":"[flow] Invalid production transition attempted","timestamp":"2026-04-01T21:05:42.618Z","from":"PROOF_APPROVED","to":"PENDING_PROOF"}
@nzila/flow:test: {"level":"warn","message":"[flow] Invalid production transition attempted","timestamp":"2026-04-01T21:05:42.618Z","from":"PROOF_APPROVED","to":"PROOF_SENT"}
@nzila/flow:test: {"level":"warn","message":"[flow] Invalid production transition attempted","timestamp":"2026-04-01T21:05:42.618Z","from":"PROOF_APPROVED","to":"QUALITY_CHECK"}
@nzila/flow:test: {"level":"warn","message":"[flow] Invalid production transition attempted","timestamp":"2026-04-01T21:05:42.618Z","from":"PROOF_APPROVED","to":"READY_TO_SHIP"}
@nzila/flow:test: {"level":"warn","message":"[flow] Invalid production transition attempted","timestamp":"2026-04-01T21:05:42.619Z","from":"IN_PRODUCTION","to":"PENDING_PROOF"}
@nzila/flow:test: {"level":"warn","message":"[flow] Invalid production transition attempted","timestamp":"2026-04-01T21:05:42.619Z","from":"IN_PRODUCTION","to":"PROOF_SENT"}
@nzila/flow:test: {"level":"warn","message":"[flow] Invalid production transition attempted","timestamp":"2026-04-01T21:05:42.619Z","from":"IN_PRODUCTION","to":"PROOF_APPROVED"}
@nzila/flow:test: {"level":"warn","message":"[flow] Invalid production transition attempted","timestamp":"2026-04-01T21:05:42.619Z","from":"IN_PRODUCTION","to":"READY_TO_SHIP"}
@nzila/flow:test: {"level":"warn","message":"[flow] Invalid production transition attempted","timestamp":"2026-04-01T21:05:42.619Z","from":"QUALITY_CHECK","to":"PENDING_PROOF"}
@nzila/flow:test: {"level":"warn","message":"[flow] Invalid production transition attempted","timestamp":"2026-04-01T21:05:42.619Z","from":"QUALITY_CHECK","to":"PROOF_SENT"}
@nzila/flow:test: {"level":"warn","message":"[flow] Invalid production transition attempted","timestamp":"2026-04-01T21:05:42.619Z","from":"QUALITY_CHECK","to":"PROOF_APPROVED"}
@nzila/flow:test: {"level":"warn","message":"[flow] Invalid production transition attempted","timestamp":"2026-04-01T21:05:42.619Z","from":"READY_TO_SHIP","to":"PENDING_PROOF"}
@nzila/flow:test: {"level":"warn","message":"[flow] Invalid production transition attempted","timestamp":"2026-04-01T21:05:42.619Z","from":"READY_TO_SHIP","to":"PROOF_SENT"}
@nzila/flow:test: {"level":"warn","message":"[flow] Invalid production transition attempted","timestamp":"2026-04-01T21:05:42.619Z","from":"READY_TO_SHIP","to":"PROOF_APPROVED"}
@nzila/flow:test: {"level":"warn","message":"[flow] Invalid production transition attempted","timestamp":"2026-04-01T21:05:42.619Z","from":"READY_TO_SHIP","to":"IN_PRODUCTION"}
@nzila/flow:test: {"level":"warn","message":"[flow] Invalid production transition attempted","timestamp":"2026-04-01T21:05:42.619Z","from":"READY_TO_SHIP","to":"QUALITY_CHECK"}
@nzila/flow:test: {"level":"info","message":"[flow] Quote transition executed","timestamp":"2026-04-01T21:05:42.643Z","from":"DRAFT","to":"INTERNAL_REVIEW","label":"Submit for review"}
@nzila/flow:test: {"level":"info","message":"[flow] Quote transition executed","timestamp":"2026-04-01T21:05:42.644Z","from":"INTERNAL_REVIEW","to":"SENT_TO_CLIENT","label":"Send to client"}
@nzila/flow:test: {"level":"info","message":"[flow] Quote transition executed","timestamp":"2026-04-01T21:05:42.644Z","from":"SENT_TO_CLIENT","to":"ACCEPTED","label":"Client accepted"}
@nzila/flow:test: {"level":"info","message":"[flow] Quote transition executed","timestamp":"2026-04-01T21:05:42.644Z","from":"ACCEPTED","to":"DEPOSIT_REQUIRED","label":"Deposit required"}
@nzila/flow:test: {"level":"info","message":"[flow] Quote transition executed","timestamp":"2026-04-01T21:05:42.644Z","from":"ACCEPTED","to":"READY_FOR_PO","label":"Ready for PO (no deposit)"}
@nzila/flow:test: {"level":"info","message":"[flow] Quote transition executed","timestamp":"2026-04-01T21:05:42.645Z","from":"DEPOSIT_REQUIRED","to":"READY_FOR_PO","label":"Deposit received"}
@nzila/flow:test: {"level":"info","message":"[flow] Quote transition executed","timestamp":"2026-04-01T21:05:42.645Z","from":"READY_FOR_PO","to":"IN_PRODUCTION","label":"Production started"}
@nzila/flow:test: {"level":"info","message":"[flow] Quote transition executed","timestamp":"2026-04-01T21:05:42.645Z","from":"IN_PRODUCTION","to":"SHIPPED","label":"Order shipped"}
@nzila/flow:test: {"level":"info","message":"[flow] Quote transition executed","timestamp":"2026-04-01T21:05:42.646Z","from":"SHIPPED","to":"DELIVERED","label":"Order delivered"}
@nzila/flow:test: {"level":"info","message":"[flow] Quote transition executed","timestamp":"2026-04-01T21:05:42.646Z","from":"DELIVERED","to":"CLOSED","label":"Close out"}
@nzila/flow:test:  [32mΓ£ô[39m [30m[42m Flow-app [49m[39m tests/workflow-invariants.test.ts [2m([22m[2m17 tests[22m[2m)[22m[32m 134[2mms[22m[39m
@nzila/flow:test: {"level":"info","message":"[flow] Quote transition executed","timestamp":"2026-04-01T21:05:42.843Z","from":"DRAFT","to":"INTERNAL_REVIEW","label":"Submit for review"}
@nzila/flow:test: {"level":"info","message":"[flow] Quote transition executed","timestamp":"2026-04-01T21:05:42.845Z","from":"INTERNAL_REVIEW","to":"SENT_TO_CLIENT","label":"Send to client"}
@nzila/flow:test: {"level":"info","message":"[flow] Quote transition executed","timestamp":"2026-04-01T21:05:42.845Z","from":"SENT_TO_CLIENT","to":"ACCEPTED","label":"Client accepted"}
@nzila/flow:test: {"level":"info","message":"[flow] Quote transition executed","timestamp":"2026-04-01T21:05:42.846Z","from":"SENT_TO_CLIENT","to":"REVISION_REQUESTED","label":"Revision requested"}
@nzila/flow:test: {"level":"warn","message":"[flow] Invalid quote transition attempted","timestamp":"2026-04-01T21:05:42.846Z","from":"DRAFT","to":"ACCEPTED"}
@nzila/flow:test: {"level":"warn","message":"[flow] Invalid quote transition attempted","timestamp":"2026-04-01T21:05:42.847Z","from":"ACCEPTED","to":"DRAFT"}
@nzila/flow:test: {"level":"info","message":"[flow] Order transition executed","timestamp":"2026-04-01T21:05:42.848Z","from":"CREATED","to":"CONFIRMED","label":"Confirm order"}
@nzila/flow:test: {"level":"info","message":"[flow] Order transition executed","timestamp":"2026-04-01T21:05:42.849Z","from":"CONFIRMED","to":"DEPOSIT_REQUIRED","label":"Deposit required"}
@nzila/flow:test: {"level":"warn","message":"[flow] Invalid order transition attempted","timestamp":"2026-04-01T21:05:42.849Z","from":"CREATED","to":"IN_PRODUCTION"}
@nzila/flow:test: {"level":"warn","message":"[flow] Invalid order transition attempted","timestamp":"2026-04-01T21:05:42.850Z","from":"DELIVERED","to":"CREATED"}
@nzila/flow:test: {"level":"info","message":"[flow] Order transition executed","timestamp":"2026-04-01T21:05:42.850Z","from":"CREATED","to":"CONFIRMED","label":"Confirm order"}
@nzila/flow:test: {"level":"info","message":"[flow] Order transition executed","timestamp":"2026-04-01T21:05:42.850Z","from":"CONFIRMED","to":"PAYMENT_COMPLETE","label":"Full payment (no deposit)"}
@nzila/flow:test: {"level":"info","message":"[flow] Order transition executed","timestamp":"2026-04-01T21:05:42.851Z","from":"PAYMENT_COMPLETE","to":"READY_FOR_PROCUREMENT","label":"Ready for procurement"}
@nzila/flow:test: {"level":"info","message":"[flow] Order transition executed","timestamp":"2026-04-01T21:05:42.851Z","from":"READY_FOR_PROCUREMENT","to":"IN_PRODUCTION","label":"Production started"}
@nzila/flow:test: {"level":"info","message":"[flow] Order transition executed","timestamp":"2026-04-01T21:05:42.851Z","from":"IN_PRODUCTION","to":"READY_TO_SHIP","label":"Ready to ship"}
@nzila/flow:test: {"level":"info","message":"[flow] Order transition executed","timestamp":"2026-04-01T21:05:42.851Z","from":"READY_TO_SHIP","to":"SHIPPED","label":"Order shipped"}
@nzila/flow:test: {"level":"info","message":"[flow] Order transition executed","timestamp":"2026-04-01T21:05:42.851Z","from":"SHIPPED","to":"DELIVERED","label":"Order delivered"}
@nzila/flow:test: {"level":"info","message":"[flow] Order transition executed","timestamp":"2026-04-01T21:05:42.851Z","from":"DELIVERED","to":"CLOSED","label":"Close order"}
@nzila/flow:test: {"level":"info","message":"[flow] PO transition executed","timestamp":"2026-04-01T21:05:42.852Z","from":"DRAFT","to":"SENT","label":"Send to vendor"}
@nzila/flow:test: {"level":"info","message":"[flow] PO transition executed","timestamp":"2026-04-01T21:05:42.852Z","from":"SENT","to":"CONFIRMED","label":"Vendor confirmed"}
@nzila/flow:test: {"level":"warn","message":"[flow] Invalid PO transition attempted","timestamp":"2026-04-01T21:05:42.853Z","from":"DRAFT","to":"CONFIRMED"}
@nzila/flow:test: {"level":"info","message":"[flow] Production transition executed","timestamp":"2026-04-01T21:05:42.853Z","from":"PENDING_PROOF","to":"PROOF_SENT","label":"Proof sent to client"}
@nzila/flow:test: {"level":"info","message":"[flow] Production transition executed","timestamp":"2026-04-01T21:05:42.854Z","from":"PROOF_APPROVED","to":"IN_PRODUCTION","label":"Production started"}
@nzila/flow:test: {"level":"info","message":"[flow] Production transition executed","timestamp":"2026-04-01T21:05:42.854Z","from":"IN_PRODUCTION","to":"QUALITY_CHECK","label":"Quality check"}
@nzila/flow:test: {"level":"info","message":"[flow] Production transition executed","timestamp":"2026-04-01T21:05:42.854Z","from":"QUALITY_CHECK","to":"READY_TO_SHIP","label":"Passed QC ΓÇö ready to ship"}
@nzila/flow:test: {"level":"warn","message":"[flow] Invalid production transition attempted","timestamp":"2026-04-01T21:05:42.855Z","from":"READY_TO_SHIP","to":"IN_PRODUCTION"}
@nzila/flow:test: {"level":"info","message":"[flow] Shipment transition executed","timestamp":"2026-04-01T21:05:42.855Z","from":"PENDING","to":"SHIPPED","label":"Ship directly"}
@nzila/flow:test: {"level":"info","message":"[flow] Shipment transition executed","timestamp":"2026-04-01T21:05:42.856Z","from":"SHIPPED","to":"IN_TRANSIT","label":"In transit"}
@nzila/flow:test: {"level":"warn","message":"[flow] Invalid shipment transition attempted","timestamp":"2026-04-01T21:05:42.856Z","from":"DELIVERED","to":"PENDING"}
@nzila/flow:test: {"level":"info","message":"[flow] Shipment transition executed","timestamp":"2026-04-01T21:05:42.856Z","from":"IN_TRANSIT","to":"DELIVERED","label":"Delivered"}
@nzila/flow:test: {"level":"error","message":"[flow] No handler for command type","timestamp":"2026-04-01T21:05:42.880Z","commandType":"nonexistent_command"}
@nzila/flow:test:  [32mΓ£ô[39m [30m[42m Flow-app [49m[39m tests/control-layer.test.ts [2m([22m[2m67 tests[22m[2m)[22m[32m 74[2mms[22m[39m
@nzila/flow:test: 
@nzila/flow:test: [2m Test Files [22m [1m[32m12 passed[39m[22m[90m (12)[39m
@nzila/flow:test: [2m      Tests [22m [1m[32m187 passed[39m[22m[90m (187)[39m
@nzila/flow:test: [2m   Start at [22m 17:05:39
@nzila/flow:test: [2m   Duration [22m 3.89s[2m (transform 5.05s, setup 0ms, import 5.74s, tests 436ms, environment 4ms)[22m
@nzila/flow:test: 
@nzila/platform-decision-engine:test: cache hit, replaying logs c8a3eb86a39cdb52
@nzila/control-plane:test: cache hit, replaying logs 3c36facaabf8c684
@nzila/console:test: 
@nzila/console:test: > @nzila/console@0.1.0 test C:\APPS\nzila-automation\apps\console
@nzila/console:test: > vitest run
@nzila/console:test: 
@nzila/console:test: 
@nzila/console:test: [1m[46m RUN [49m[22m [36mv4.1.2 [39m[90mC:/APPS/nzila-automation/apps/console[39m
@nzila/console:test: 
@nzila/console:test:  [32mΓ£ô[39m [30m[43m console [49m[39m lib/audit.test.ts [2m([22m[2m5 tests[22m[2m)[22m[32m 13[2mms[22m[39m
@nzila/console:test:  [32mΓ£ô[39m [30m[43m console [49m[39m lib/__tests__/audit.test.ts [2m([22m[2m6 tests[22m[2m)[22m[32m 17[2mms[22m[39m
@nzila/console:test: [90mstderr[2m | lib/qbo-token-crypto.test.ts
@nzila/console:test: [22m[39m
@nzila/console:test: ΓòÉΓòÉΓòÉΓòÉΓòÉΓòÉΓòÉΓòÉΓòÉΓòÉΓòÉΓòÉΓòÉΓòÉΓòÉΓòÉΓòÉΓòÉΓòÉΓòÉΓòÉΓòÉΓòÉΓòÉΓòÉΓòÉΓòÉΓòÉΓòÉΓòÉΓòÉΓòÉΓòÉΓòÉΓòÉΓòÉΓòÉΓòÉΓòÉΓòÉΓòÉΓòÉΓòÉΓòÉΓòÉΓòÉΓòÉΓòÉΓòÉΓòÉΓòÉΓòÉΓòÉΓòÉΓòÉΓòÉΓòÉΓòÉΓòÉΓòÉΓòÉΓòÉΓòÉΓòÉΓòÉΓòÉΓòÉΓòÉΓòÉΓòÉΓòÉΓòÉ
@nzila/console:test: NZILA OS ΓÇö BOOT ASSERTION FAILURES
@nzila/console:test: ΓòÉΓòÉΓòÉΓòÉΓòÉΓòÉΓòÉΓòÉΓòÉΓòÉΓòÉΓòÉΓòÉΓòÉΓòÉΓòÉΓòÉΓòÉΓòÉΓòÉΓòÉΓòÉΓòÉΓòÉΓòÉΓòÉΓòÉΓòÉΓòÉΓòÉΓòÉΓòÉΓòÉΓòÉΓòÉΓòÉΓòÉΓòÉΓòÉΓòÉΓòÉΓòÉΓòÉΓòÉΓòÉΓòÉΓòÉΓòÉΓòÉΓòÉΓòÉΓòÉΓòÉΓòÉΓòÉΓòÉΓòÉΓòÉΓòÉΓòÉΓòÉΓòÉΓòÉΓòÉΓòÉΓòÉΓòÉΓòÉΓòÉΓòÉΓòÉΓòÉ
@nzila/console:test: 
@nzila/console:test:   Γ£ù BOOT ASSERTION FAILED: DATABASE_URL is not set. The API cannot function without a database connection.
@nzila/console:test: 
@nzila/console:test: ΓòÉΓòÉΓòÉΓòÉΓòÉΓòÉΓòÉΓòÉΓòÉΓòÉΓòÉΓòÉΓòÉΓòÉΓòÉΓòÉΓòÉΓòÉΓòÉΓòÉΓòÉΓòÉΓòÉΓòÉΓòÉΓòÉΓòÉΓòÉΓòÉΓòÉΓòÉΓòÉΓòÉΓòÉΓòÉΓòÉΓòÉΓòÉΓòÉΓòÉΓòÉΓòÉΓòÉΓòÉΓòÉΓòÉΓòÉΓòÉΓòÉΓòÉΓòÉΓòÉΓòÉΓòÉΓòÉΓòÉΓòÉΓòÉΓòÉΓòÉΓòÉΓòÉΓòÉΓòÉΓòÉΓòÉΓòÉΓòÉΓòÉΓòÉΓòÉΓòÉ
@nzila/console:test: The API will not serve traffic until all assertions pass.
@nzila/console:test: ΓòÉΓòÉΓòÉΓòÉΓòÉΓòÉΓòÉΓòÉΓòÉΓòÉΓòÉΓòÉΓòÉΓòÉΓòÉΓòÉΓòÉΓòÉΓòÉΓòÉΓòÉΓòÉΓòÉΓòÉΓòÉΓòÉΓòÉΓòÉΓòÉΓòÉΓòÉΓòÉΓòÉΓòÉΓòÉΓòÉΓòÉΓòÉΓòÉΓòÉΓòÉΓòÉΓòÉΓòÉΓòÉΓòÉΓòÉΓòÉΓòÉΓòÉΓòÉΓòÉΓòÉΓòÉΓòÉΓòÉΓòÉΓòÉΓòÉΓòÉΓòÉΓòÉΓòÉΓòÉΓòÉΓòÉΓòÉΓòÉΓòÉΓòÉΓòÉΓòÉ
@nzila/console:test: 
@nzila/console:test: 
@nzila/console:test:  [32mΓ£ô[39m [30m[43m console [49m[39m lib/qbo-token-crypto.test.ts [2m([22m[2m6 tests[22m[2m)[22m[32m 18[2mms[22m[39m
@nzila/console:test: 
@nzila/console:test: [2m Test Files [22m [1m[32m3 passed[39m[22m[90m (3)[39m
@nzila/console:test: [2m      Tests [22m [1m[32m17 passed[39m[22m[90m (17)[39m
@nzila/console:test: [2m   Start at [22m 17:05:39
@nzila/console:test: [2m   Duration [22m 10.21s[2m (transform 5.23s, setup 0ms, import 10.85s, tests 48ms, environment 1ms)[22m
@nzila/console:test: 
@nzila/platform-rfp-generator:test: 
@nzila/platform-rfp-generator:test: > @nzila/platform-rfp-generator@0.1.0 test C:\APPS\nzila-automation\packages\platform-rfp-generator
@nzila/platform-rfp-generator:test: > vitest run
@nzila/platform-rfp-generator:test: 
@nzila/platform-rfp-generator:test: 
@nzila/platform-rfp-generator:test: [1m[46m RUN [49m[22m [36mv4.1.2 [39m[90mC:/APPS/nzila-automation/packages/platform-rfp-generator[39m
@nzila/platform-rfp-generator:test: 
@nzila/platform-rfp-generator:test: {"level":"info","message":"[rfp-generator] Generating RFP response","timestamp":"2026-04-01T20:08:31.947Z","orgId":"org-1"}
@nzila/platform-rfp-generator:test: {"level":"info","message":"[rfp-generator] Generating RFP response","timestamp":"2026-04-01T20:08:31.948Z","orgId":"org-ca"}
@nzila/platform-rfp-generator:test: {"level":"info","message":"[rfp-generator] RFP response generated","timestamp":"2026-04-01T20:08:31.950Z","orgId":"org-1","totalQuestions":19}
@nzila/platform-rfp-generator:test: {"level":"info","message":"[rfp-generator] RFP response generated","timestamp":"2026-04-01T20:08:31.950Z","orgId":"org-ca","totalQuestions":19}
@nzila/platform-rfp-generator:test: {"level":"info","message":"[rfp-generator] Generating RFP response","timestamp":"2026-04-01T20:08:31.953Z","orgId":"org-ca"}
@nzila/platform-rfp-generator:test: {"level":"info","message":"[rfp-generator] RFP response generated","timestamp":"2026-04-01T20:08:31.953Z","orgId":"org-ca","totalQuestions":19}
@nzila/platform-rfp-generator:test: {"level":"info","message":"[rfp-generator] Generating RFP response","timestamp":"2026-04-01T20:08:31.954Z","orgId":"org-ca"}
@nzila/platform-rfp-generator:test: {"level":"info","message":"[rfp-generator] RFP response generated","timestamp":"2026-04-01T20:08:31.954Z","orgId":"org-ca","totalQuestions":19}
@nzila/platform-rfp-generator:test: {"level":"info","message":"[rfp-generator] Generating RFP response","timestamp":"2026-04-01T20:08:31.955Z","orgId":"org-ca"}
@nzila/platform-rfp-generator:test: {"level":"info","message":"[rfp-generator] RFP response generated","timestamp":"2026-04-01T20:08:31.955Z","orgId":"org-ca","totalQuestions":19}
@nzila/platform-rfp-generator:test: {"level":"info","message":"[rfp-generator] Generating RFP response","timestamp":"2026-04-01T20:08:31.956Z","orgId":"org-ca"}
@nzila/platform-rfp-generator:test: {"level":"info","message":"[rfp-generator] Generating RFP response","timestamp":"2026-04-01T20:08:31.956Z","orgId":"org-1"}
@nzila/platform-rfp-generator:test: {"level":"info","message":"[rfp-generator] RFP response generated","timestamp":"2026-04-01T20:08:31.956Z","orgId":"org-ca","totalQuestions":19}
@nzila/platform-rfp-generator:test: {"level":"info","message":"[rfp-generator] RFP response generated","timestamp":"2026-04-01T20:08:31.956Z","orgId":"org-1","totalQuestions":19}
@nzila/platform-rfp-generator:test: {"level":"info","message":"[rfp-generator] Generating RFP response","timestamp":"2026-04-01T20:08:31.957Z","orgId":"org-ca"}
@nzila/platform-rfp-generator:test: {"level":"info","message":"[rfp-generator] RFP response generated","timestamp":"2026-04-01T20:08:31.957Z","orgId":"org-ca","totalQuestions":19}
@nzila/platform-rfp-generator:test: {"level":"info","message":"[rfp-generator] Generating RFP response","timestamp":"2026-04-01T20:08:31.958Z","orgId":"org-ca"}
@nzila/platform-rfp-generator:test: {"level":"info","message":"[rfp-generator] Generating RFP response","timestamp":"2026-04-01T20:08:31.958Z","orgId":"org-1"}
@nzila/platform-rfp-generator:test: {"level":"info","message":"[rfp-generator] RFP response generated","timestamp":"2026-04-01T20:08:31.959Z","orgId":"org-ca","totalQuestions":19}
@nzila/platform-rfp-generator:test: {"level":"info","message":"[rfp-generator] RFP response generated","timestamp":"2026-04-01T20:08:31.959Z","orgId":"org-1","totalQuestions":19}
@nzila/platform-rfp-generator:test: {"level":"info","message":"[rfp-generator] Generating RFP response","timestamp":"2026-04-01T20:08:31.961Z","orgId":"org-ca"}
@nzila/platform-rfp-generator:test: {"level":"info","message":"[rfp-generator] RFP response generated","timestamp":"2026-04-01T20:08:31.961Z","orgId":"org-ca","totalQuestions":19}
@nzila/platform-rfp-generator:test: {"level":"info","message":"[rfp-generator] Generating RFP response","timestamp":"2026-04-01T20:08:31.962Z","orgId":"org-ca"}
@nzila/platform-rfp-generator:test: {"level":"info","message":"[rfp-generator] RFP response generated","timestamp":"2026-04-01T20:08:31.962Z","orgId":"org-ca","totalQuestions":19}
@nzila/platform-rfp-generator:test:  [32mΓ£ô[39m [30m[46m platform-rfp-generator [49m[39m src/__tests__/generator.test.ts [2m([22m[2m3 tests[22m[2m)[22m[32m 18[2mms[22m[39m
@nzila/platform-rfp-generator:test: {"level":"info","message":"[rfp-generator] Generating RFP response","timestamp":"2026-04-01T20:08:31.964Z","orgId":"org-ca"}
@nzila/platform-rfp-generator:test: {"level":"info","message":"[rfp-generator] RFP response generated","timestamp":"2026-04-01T20:08:31.964Z","orgId":"org-ca","totalQuestions":19}
@nzila/platform-rfp-generator:test:  [32mΓ£ô[39m [30m[46m platform-rfp-generator [49m[39m src/__tests__/jurisdiction.test.ts [2m([22m[2m10 tests[22m[2m)[22m[32m 22[2mms[22m[39m
@nzila/platform-rfp-generator:test: 
@nzila/platform-rfp-generator:test: [2m Test Files [22m [1m[32m2 passed[39m[22m[90m (2)[39m
@nzila/platform-rfp-generator:test: [2m      Tests [22m [1m[32m13 passed[39m[22m[90m (13)[39m
@nzila/platform-rfp-generator:test: [2m   Start at [22m 16:08:30
@nzila/platform-rfp-generator:test: [2m   Duration [22m 1.94s[2m (transform 751ms, setup 0ms, import 876ms, tests 40ms, environment 0ms)[22m
@nzila/orchestrator-api:test: 
@nzila/platform-rfp-generator:test: 
@nzila/orchestrator-api:test: > @nzila/orchestrator-api@0.1.0 test C:\APPS\nzila-automation\apps\orchestrator-api
@nzila/orchestrator-api:test: > vitest run
@nzila/orchestrator-api:test: 
@nzila/orchestrator-api:test: 
@nzila/orchestrator-api:test: [1m[46m RUN [49m[22m [36mv4.1.2 [39m[90mC:/APPS/nzila-automation/apps/orchestrator-api[39m
@nzila/orchestrator-api:test: 
@nzila/orchestrator-api:test:  [32mΓ£ô[39m [30m[45m orchestrator-api [49m[39m src/__tests__/workflows.test.ts [2m([22m[2m2 tests[22m[2m)[22m[32m 10[2mms[22m[39m
@nzila/orchestrator-api:test:  [32mΓ£ô[39m [30m[45m orchestrator-api [49m[39m src/__tests__/contract.test.ts [2m([22m[2m8 tests[22m[2m)[22m[32m 22[2mms[22m[39m
@nzila/orchestrator-api:test: {"event":"request_received","severity":"info","request_id":"req-123","correlation_id":"corr-456","org_id":"platform","timestamp":"2026-04-01T20:08:33Z","metadata":{"method":"GET","path":"/health","service":"orchestrator-api"}}
@nzila/orchestrator-api:test: {"event":"request_received","severity":"info","request_id":"bcdc96a6-1c9c-40d2-bbdc-af14218aa8ef","correlation_id":"1949b24e-c2ca-4648-9076-5d065f5c4db6","org_id":"platform","timestamp":"2026-04-01T20:08:33Z","metadata":{"method":"POST","path":"/commands","service":"orchestrator-api"}}
@nzila/orchestrator-api:test: {"event":"request_received","severity":"info","request_id":"9254d766-07fd-46b3-8680-093763293f97","correlation_id":"8272c6fa-c0ba-4553-9fa0-3de4f49f237e","org_id":"platform","timestamp":"2026-04-01T20:08:33Z","metadata":{"method":"GET","path":"/health","service":"orchestrator-api"}}
@nzila/orchestrator-api:test: {"event":"handler_completed","severity":"info","request_id":"9254d766-07fd-46b3-8680-093763293f97","correlation_id":"8272c6fa-c0ba-4553-9fa0-3de4f49f237e","org_id":"platform","timestamp":"2026-04-01T20:08:33Z","metadata":{"method":"GET","path":"/health","statusCode":200,"durationMs":0}}
@nzila/orchestrator-api:test: {"event":"response_sent","severity":"info","request_id":"9254d766-07fd-46b3-8680-093763293f97","correlation_id":"8272c6fa-c0ba-4553-9fa0-3de4f49f237e","org_id":"platform","timestamp":"2026-04-01T20:08:33Z","metadata":{"method":"GET","path":"/health","statusCode":200,"durationMs":1,"service":"orchestrator-api"}}
@nzila/orchestrator-api:test:  [32mΓ£ô[39m [30m[45m orchestrator-api [49m[39m src/telemetry-hooks.test.ts [2m([22m[2m5 tests[22m[2m)[22m[32m 21[2mms[22m[39m
@nzila/orchestrator-api:test:  [32mΓ£ô[39m [30m[45m orchestrator-api [49m[39m src/__tests__/store.test.ts [2m([22m[2m5 tests[22m[2m)[22m[32m 36[2mms[22m[39m
@nzila/orchestrator-api:test: 
@nzila/orchestrator-api:test: [2m Test Files [22m [1m[32m4 passed[39m[22m[90m (4)[39m
@nzila/orchestrator-api:test: [2m      Tests [22m [1m[32m20 passed[39m[22m[90m (20)[39m
@nzila/orchestrator-api:test: [2m   Start at [22m 16:08:30
@nzila/orchestrator-api:test: [2m   Duration [22m 5.18s[2m (transform 3.04s, setup 0ms, import 4.70s, tests 88ms, environment 1ms)[22m
@nzila/orchestrator-api:test: 
@nzila/platform-decision-engine:test: 
@nzila/platform-decision-engine:test: > @nzila/platform-decision-engine@0.1.0 test C:\APPS\nzila-automation\packages\platform-decision-engine
@nzila/platform-decision-engine:test: > vitest run
@nzila/platform-decision-engine:test: 
@nzila/platform-decision-engine:test: 
@nzila/platform-decision-engine:test: [1m[46m RUN [49m[22m [36mv4.1.2 [39m[90mC:/APPS/nzila-automation/packages/platform-decision-engine[39m
@nzila/platform-decision-engine:test: 
@nzila/platform-decision-engine:test:  [32mΓ£ô[39m [30m[45m platform-decision-engine [49m[39m src/__tests__/decision-engine.test.ts [2m([22m[2m58 tests[22m[2m)[22m[33m 333[2mms[22m[39m
@nzila/platform-decision-engine:test: 
@nzila/platform-decision-engine:test: [2m Test Files [22m [1m[32m1 passed[39m[22m[90m (1)[39m
@nzila/platform-decision-engine:test: [2m      Tests [22m [1m[32m58 passed[39m[22m[90m (58)[39m
@nzila/platform-decision-engine:test: [2m   Start at [22m 16:08:32
@nzila/platform-decision-engine:test: [2m   Duration [22m 2.37s[2m (transform 638ms, setup 0ms, import 745ms, tests 333ms, environment 0ms)[22m
@nzila/platform-decision-engine:test: 
@nzila/control-plane:test: 
@nzila/control-plane:test: > @nzila/control-plane@1.0.0 test C:\APPS\nzila-automation\apps\control-plane
@nzila/control-plane:test: > vitest run
@nzila/control-plane:test: 
@nzila/control-plane:test: 
@nzila/control-plane:test: [1m[46m RUN [49m[22m [36mv4.1.2 [39m[90mC:/APPS/nzila-automation/apps/control-plane[39m
@nzila/control-plane:test: 
@nzila/control-plane:test:  [32mΓ£ô[39m lib/utils.test.ts [2m([22m[2m6 tests[22m[2m)[22m[32m 30[2mms[22m[39m
@nzila/control-plane:test: 
@nzila/control-plane:test: [2m Test Files [22m [1m[32m1 passed[39m[22m[90m (1)[39m
@nzila/control-plane:test: [2m      Tests [22m [1m[32m6 passed[39m[22m[90m (6)[39m
@nzila/control-plane:test: [2m   Start at [22m 17:05:44
@nzila/control-plane:test: [2m   Duration [22m 3.64s[2m (transform 208ms, setup 0ms, import 250ms, tests 30ms, environment 2.84s)[22m
@nzila/control-plane:test: 
@nzila/canadian-vocabulary:test: 
@nzila/canadian-vocabulary:test: [1m[7m[34m DEV [39m[27m[22m [34mv2.1.9 [39m[90mC:/APPS/nzila-automation/packages/canadian-vocabulary[39m
@nzila/canadian-vocabulary:test: 
@nzila/canadian-vocabulary:test:  [32mΓ£ô[39m src/vocabulary.test.ts [2m([22m[2m10 tests[22m[2m)[22m[90m 8[2mms[22m[39m
@nzila/canadian-vocabulary:test: 
@nzila/canadian-vocabulary:test: [2m Test Files [22m [1m[32m1 passed[39m[22m[90m (1)[39m
@nzila/canadian-vocabulary:test: [2m      Tests [22m [1m[32m10 passed[39m[22m[90m (10)[39m
@nzila/canadian-vocabulary:test: [2m   Start at [22m 17:34:08
@nzila/canadian-vocabulary:test: [2m   Duration [22m 621ms[2m (transform 89ms, setup 0ms, collect 108ms, tests 8ms, environment 0ms, prepare 180ms)[22m
@nzila/canadian-vocabulary:test: 
@nzila/canadian-vocabulary:test: [1m[7m[32m PASS [39m[27m[22m [32mWaiting for file changes...[39m
@nzila/canadian-vocabulary:test:        [2mpress [22m[1mh[22m[2m to show help[22m[2m, [22m[2mpress [22m[1mq[22m[2m to quit[22m
