ab_test_assignments
ab_test_events
ab_test_variants
ab_tests
accessibility_audits
accessibility_issues
accessibility_test_suites
accessibility_user_testing
address_change_history
address_validation_cache
ai_budgets
ai_rate_limits
ai_safety_filters
ai_usage_metrics
analytics_metrics
analytics_scheduled_reports
arbitration_decisions
arbitration_precedents
arbitrator_profiles
auth_group
auth_group_permissions
auth_permission
auth_user
auth_user_groups
auth_user_user_permissions
bargaining_notes
bargaining_proposals
bargaining_team_members
benchmark_categories
benchmark_data
benefit_comparisons
cba_clauses
cba_contacts
cba_footnotes
cba_version_history
chat_messages
chat_sessions
chatbot_analytics
chatbot_suggestions
clause_comparisons
clause_comparisons_history
clause_library_tags
collective_agreements
commerce_customers
commerce_orders
commerce_products
commerce_purchase_orders
commerce_suppliers
communication_analytics
comparative_analyses
contribution_rates
cost_of_living_data
country_address_formats
cross_org_access_log
django_admin_log
django_content_type
django_migrations
documents
evidence_packs
external_data_sync_log
feature_flags
insight_recommendations
international_addresses
knowledge_base
kpi_configurations
member_consents
member_contact_preferences
member_employment_details
member_history_events
mfa_configurations
ml_predictions
model_metadata
negotiation_sessions
negotiations
oauth_providers
organization_benchmark_snapshots
organization_members
organization_relationships
organization_sharing_grants
organization_sharing_settings
organization_users
organizations
orgs
page_analytics
pending_profiles
precedent_citations
precedent_tags
profiles
report_delivery_history
report_executions
report_shares
report_templates
reports
scheduled_reports
scim_configurations
scim_events_log
shared_clause_library
sso_providers
sso_sessions
stripe_webhook_events
tentative_agreements
trend_analyses
union_density
user_engagement_scores
user_sessions
user_uuid_mapping
users
votes
wage_benchmarks
wage_progressions
wcag_success_criteria
