access_justification_requests
accessibility_audits
accessibility_issues
accessibility_test_suites
accessibility_user_testing
account_balance_reconciliation
address_change_history
address_validation_cache
ai_budgets
ai_rate_limits
ai_safety_filters
ai_usage_metrics
alert_actions
alert_conditions
alert_escalations
alert_executions
alert_recipients
alert_rules
analytics_metrics
analytics_scheduled_reports
arbitration_decisions
arbitration_precedents
arbitrations
arbitrator_profiles
arms_length_verification
automation_execution_log
automation_rules
automation_schedules
autopay_settings
award_history
award_templates
band_council_consent
band_councils
bank_accounts
bank_of_canada_rates
bank_reconciliation
bank_reconciliations
bank_transactions
bargaining_notes
bargaining_proposals
bargaining_team_members
bargaining_units
benchmark_categories
benchmark_data
benefit_comparisons
blind_trust_registry
break_glass_activations
break_glass_system
budget_pool
budget_reservations
calendar_events
calendar_sharing
calendars
campaigns
card_signing_events
cba_clauses
cba_contacts
cba_footnotes
cba_version_history
certification_alerts
certification_audit_log
certification_compliance_reports
certification_types
chart_of_accounts
chat_messages
chat_sessions
chatbot_analytics
chatbot_suggestions
claim_deadlines
claim_precedent_analysis
claim_updates
claims
clause_comparisons
clause_comparisons_history
clause_library_tags
clc_api_config
clc_bargaining_trends
clc_chart_of_accounts
clc_oauth_tokens
clc_organization_sync_log
clc_per_capita_benchmarks
clc_remittance_mapping
clc_sync_log
clc_union_density
clc_webhook_log
cms_blocks
cms_media_library
cms_navigation_menus
cms_pages
cms_templates
collective_agreements
commerce_customers
commerce_orders
commerce_products
commerce_purchase_orders
commerce_suppliers
committee_memberships
committees
communication_channels
communication_preferences
comparative_analyses
conflict_audit_log
conflict_disclosures
conflict_of_interest_policy
conflict_review_committee
conflict_training
congress_memberships
consent_records
continuing_education
contribution_rates
cookie_consents
corrective_actions
cost_centers
cost_of_living_data
council_elections
country_address_formats
course_registrations
course_sessions
cpi_adjusted_pricing
cpi_data
cross_border_transactions
cross_org_access_log
currency_enforcement_audit
currency_enforcement_policy
currency_enforcement_violations
currency_exchange_rates
data_anonymization_log
data_classification_policy
data_classification_registry
data_processing_records
data_retention_policies
data_subject_access_requests
deadline_alerts
deadline_extensions
deadline_rules
defensibility_packs
disaster_recovery_drills
django_migrations
document_folders
document_signers
documents
donation_campaigns
donation_receipts
donations
dues_rates
dues_transactions
emergency_declarations
employer_access_attempts
employer_remittances
employer_responses
employers
employment_history
erp_connectors
erp_invoices
event_attendees
event_check_ins
event_registrations
event_reminders
evidence_packs
exchange_rates
exit_interview_documents
exit_interview_events
exit_interview_sessions
exit_interviews
external_accounts
external_benefit_coverage
external_benefit_dependents
external_benefit_enrollments
external_benefit_plans
external_benefit_utilization
external_calendar_connections
external_communication_channels
external_communication_files
external_communication_messages
external_communication_users
external_customers
external_data_sync_log
external_departments
external_document_files
external_document_libraries
external_document_permissions
external_document_sites
external_employees
external_insurance_beneficiaries
external_insurance_claims
external_insurance_policies
external_invoices
external_lms_completions
external_lms_courses
external_lms_enrollments
external_lms_learners
external_lms_progress
external_payments
external_positions
feature_flags
federation_campaigns
federation_communications
federation_executives
federation_meetings
federation_memberships
federation_remittances
federation_resources
federations
field_notes
field_organizer_activities
financial_audit_log
financial_periods
firewall_access_rules
firewall_compliance_audit
firewall_violations
fmv_audit_log
fmv_benchmarks
fmv_policy
fmv_violations
foreign_workers
fx_rate_audit_log
gdpr_data_requests
geofence_events
geofences
gl_account_mappings
gl_transaction_log
gl_trial_balance
golden_shares
governance_events
grievance_approvals
grievance_assignments
grievance_communications
grievance_deadlines
grievance_documents
grievance_responses
grievance_settlements
grievance_stages
grievance_timeline
grievance_transitions
grievance_workflows
grievances
gss_applications
hazard_reports
holidays
in_app_notifications
independent_appraisals
indigenous_data_access_log
indigenous_data_sharing_agreements
indigenous_member_data
injury_logs
insight_recommendations
integration_api_keys
integration_configs
integration_sync_log
integration_sync_schedules
integration_webhooks
international_addresses
job_applications
job_classifications
job_postings
job_saved
journal_entries
journal_entry_lines
key_holder_registry
knowledge_base
knowledge_base_articles
kpi_configurations
license_renewals
lmbp_compliance_alerts
lmbp_compliance_reports
lmbp_letters
location_deletion_log
location_tracking
location_tracking_audit
location_tracking_config
lrb_agreements
lrb_employers
lrb_sync_log
lrb_unions
meeting_rooms
member_addresses
member_arrears
member_certifications
member_documents
member_dues_ledger
member_employment
member_leaves
member_location_consent
member_relationship_scores
member_segments
mentorships
message_log
message_notifications
message_participants
message_read_receipts
message_templates
message_threads
messages
mission_audits
ml_predictions
model_metadata
negotiation_sessions
negotiations
newsletter_campaigns
newsletter_distribution_lists
newsletter_engagement
newsletter_list_subscribers
newsletter_recipients
newsletter_templates
nlrb_clrb_filings
notification_bounces
notification_delivery_log
notification_history
notification_log
notification_queue
notification_templates
notification_tracking
notifications
organization_benchmark_snapshots
organization_billing_config
organization_contacts
organization_members
organization_relationships
organization_sharing_grants
organization_sharing_settings
organizations
organizer_tasks
organizing_campaign_milestones
organizing_campaigns
organizing_contacts
orgs
outreach_enrollments
outreach_sequences
outreach_steps_log
pack_download_log
pack_verification_log
page_analytics
payment_classification_policy
payment_cycles
payment_disputes
payment_methods
payment_plans
payment_routing_rules
payments
pci_dss_cardholder_data_flow
pci_dss_encryption_keys
pci_dss_quarterly_scans
pci_dss_requirements
pci_dss_saq_assessments
pending_profiles
per_capita_remittances
poll_votes
polls
ppe_equipment
precedent_citations
precedent_tags
privacy_breaches
procurement_bids
procurement_requests
profiles
program_enrollments
provincial_consent
provincial_data_handling
provincial_privacy_config
public_content
public_events
push_deliveries
push_devices
push_notification_templates
push_notifications
recognition_award_types
recognition_awards
recognition_programs
recovery_time_objectives
recusal_tracking
remittance_approvals
remittance_exceptions
remittance_line_items
report_delivery_history
report_executions
report_shares
report_templates
reports
reserved_matter_votes
reward_budget_envelopes
reward_redemptions
reward_wallet_ledger
rl1_tax_slips
role_tenure_history
room_bookings
safety_certifications
safety_committee_meetings
safety_inspections
safety_policies
safety_training_records
scheduled_reports
security_events
segment_executions
segment_exports
separated_payment_transactions
settlements
shared_clause_library
shopify_config
signature_audit_log
signature_audit_trail
signature_documents
signature_templates
signature_verification
signature_webhooks_log
signature_workflows
signers
sla_policies
sms_campaign_recipients
sms_campaigns
sms_conversations
sms_messages
sms_opt_outs
sms_rate_limits
sms_templates
social_accounts
social_analytics
social_engagement
social_feeds
social_posts
staff_certifications
steward_assignments
strike_fund_disbursements
strike_fund_payment_audit
stripe_connect_accounts
stripe_webhook_events
support_tickets
survey_answers
survey_questions
survey_responses
surveys
swiss_cold_storage
sync_jobs
t106_filing_tracking
t4a_tax_slips
task_comments
tax_year_end_processing
tentative_agreements
ticket_comments
ticket_history
traditional_knowledge_registry
training_courses
training_programs
transaction_currency_conversions
transfer_pricing_documentation
trend_analyses
union_density
union_only_data_tags
union_representation_votes
user_consents
user_notification_preferences
user_uuid_mapping
voter_eligibility
votes
voting_audit_log
voting_notifications
voting_options
voting_sessions
wage_benchmarks
wage_progressions
wcag_success_criteria
webhook_deliveries
webhook_events
webhook_receipts
website_settings
weekly_threshold_tracking
whiplash_prevention_audit
whiplash_violations
workflow_definitions
workflow_executions
workplace_incidents
worksites
