
> @nzila/union-eyes@1.0.0 e2e:governed C:\APPS\nzila-automation-phase0c\apps\union-eyes
> tsx scripts/lifecycle/run.ts

[e2e:governed] env loaded (adminUrl=postgresql://<user>:<pw>@localhost:5433/postgres)
[e2e:governed] Γû╢ step 1: preflight
[e2e:governed] Γ£ö step 1: preflight (10 ms) ΓÇö node=v24.13.1, port=3002 free
[e2e:governed] Γû╢ step 2: allocate-db
[ue:e2e:allocate-db] Creating disposable DB 'ue_e2e_20260724063108_97d868' via postgresql://<user>:<pw>@localhost:5433/postgres (owner=nzila)
[e2e:governed] Γ£ö step 2: allocate-db (2527 ms) ΓÇö db=ue_e2e_20260724063108_97d868 runId=20260724063108_97d868
[e2e:governed] Γû╢ step 3: allocate-port
[e2e:governed] Γ£ö step 3: allocate-port (2 ms) ΓÇö port=3002 (preferred=3002)
[e2e:governed] Γû╢ step 4: migrations.platform
[e2e:governed] Γ£ö step 4: migrations.platform (0 ms) ΓÇö applied during allocate-db (drizzle bootstrap)
[e2e:governed] Γû╢ step 5: migrations.django
[e2e:governed] Γ£ö step 5: migrations.django (0 ms) ΓÇö Django not required for Phase 0C.1 baseline; see readiness ┬º6 #6
[e2e:governed] Γû╢ step 6: verify-phase0b-contract
[e2e:governed] Γ£ö step 6: verify-phase0b-contract (104 ms) ΓÇö organization_members present
[e2e:governed] Γû╢ step 7: seed
[ue:seed:test-env] Seed complete
{
  "testOrgs": 4,
  "testUsers": 10,
  "testCases": 3,
  "externalTesterOrg": "33333333-3333-4333-8333-333333333333",
  "externalTesterUser": "ue-qa-ux-tester-001",
  "suspendedUser": "ue-qa-member-suspended",
  "productionLikeOrgGuardrail": "44444444-4444-4444-8444-444444444444",
  "qaPassword": "NzilaQa!2026"
}
[e2e:governed] Γ£ö step 7: seed (10107 ms) ΓÇö seed-test-env applied to disposable DB
[e2e:governed] Γû╢ step 8: boot-server
(node:41244) [DEP0190] DeprecationWarning: Passing args to a child process with shell option true can lead to security vulnerabilities, as the arguments are not escaped, only concatenated.
(Use `node --trace-deprecation ...` to show where the warning was created)
[e2e:governed] Γ£ö step 8: boot-server (26502 ms) ΓÇö pid=47816 port=3002 readyAfter=25385ms handshakeRunId=20260724063108_97d868
[e2e:governed] Γû╢ step 9: generate-auth-states
{
  "baseUrl": "http://localhost:3002",
  "outputDir": "C:\\APPS\\nzila-automation-phase0c\\apps\\union-eyes\\playwright\\.auth",
  "results": [
    {
      "role": "member",
      "email": "ue.qa.member.primary@nzila.test",
      "ok": true,
      "loginStatus": 200,
      "meStatus": 200,
      "cookieName": "nzila_session",
      "cookieValueSample": "Z3Ld3b2uΓÇª",
      "cookieExpires": 1784961110,
      "meEmail": "ue.qa.member.primary@nzila.test",
      "storageStatePath": "C:\\APPS\\nzila-automation-phase0c\\apps\\union-eyes\\playwright\\.auth\\member.json"
    },
    {
      "role": "steward",
      "email": "ue.qa.steward.primary@nzila.test",
      "ok": true,
      "loginStatus": 200,
      "meStatus": 200,
      "cookieName": "nzila_session",
      "cookieValueSample": "ahChK7SaΓÇª",
      "cookieExpires": 1784961111,
      "meEmail": "ue.qa.steward.primary@nzila.test",
      "storageStatePath": "C:\\APPS\\nzila-automation-phase0c\\apps\\union-eyes\\playwright\\.auth\\steward.json"
    },
    {
      "role": "staff",
      "email": "ue.qa.staff.primary@nzila.test",
      "ok": true,
      "loginStatus": 200,
      "meStatus": 200,
      "cookieName": "nzila_session",
      "cookieValueSample": "niliRzGcΓÇª",
      "cookieExpires": 1784961112,
      "meEmail": "ue.qa.staff.primary@nzila.test",
      "storageStatePath": "C:\\APPS\\nzila-automation-phase0c\\apps\\union-eyes\\playwright\\.auth\\staff.json"
    },
    {
      "role": "executive",
      "email": "ue.qa.executive.primary@nzila.test",
      "ok": true,
      "loginStatus": 200,
      "meStatus": 200,
      "cookieName": "nzila_session",
      "cookieValueSample": "bE79dmqOΓÇª",
      "cookieExpires": 1784961112,
      "meEmail": "ue.qa.executive.primary@nzila.test",
      "storageStatePath": "C:\\APPS\\nzila-automation-phase0c\\apps\\union-eyes\\playwright\\.auth\\executive.json"
    },
    {
      "role": "admin",
      "email": "ue.qa.admin.primary@nzila.test",
      "ok": true,
      "loginStatus": 200,
      "meStatus": 200,
      "cookieName": "nzila_session",
      "cookieValueSample": "PtbA9w2hΓÇª",
      "cookieExpires": 1784961112,
      "meEmail": "ue.qa.admin.primary@nzila.test",
      "storageStatePath": "C:\\APPS\\nzila-automation-phase0c\\apps\\union-eyes\\playwright\\.auth\\admin.json"
    }
  ],
  "allOk": true
}
[e2e:governed] Γ£ö step 9: generate-auth-states (5142 ms) ΓÇö roles=5 allOk=true dir=playwright\.auth
[e2e:governed] Γû╢ step 10: playwright
[e2e:governed]   playwright project filter: setup, member, steward, staff, executive

Running 41 tests using 1 worker

[1A[2K[1/41] [setup] ΓÇ║ playwright\setup\auth-state.setup.ts:34:6 ΓÇ║ phase-0c2-s8 auth-state summary is present, complete, and consistent
[1A[2K[2/41] [member] ΓÇ║ e2e\member-journey.spec.ts:33:7 ΓÇ║ Member journey ΓÇ║ member lands at member portal after login
[1A[2K  1) [member] ΓÇ║ e2e\member-journey.spec.ts:33:7 ΓÇ║ Member journey ΓÇ║ member lands at member portal after login 

    Error: [2mexpect([22m[31mpage[39m[2m).[22mtoHaveURL[2m([22m[32mexpected[39m[2m)[22m failed

    Expected pattern: [32m/\/en-CA\/dashboard\/inbox(?:$|[/?#])/[39m
    Received string:  [31m"http://localhost:3002/en-CA/dashboard"[39m
    Timeout: 5000ms

    Call log:
    [2m  - Expect "toHaveURL" with timeout 5000ms[22m
    [2m    5 ├ù unexpected value "http://localhost:3002/en-CA/dashboard"[22m


       at e2e\helpers\auth.ts:99

       97 |   await page.goto(toLocalizedPath('/dashboard', fixture.locale), { waitUntil: 'domcontentloaded' });
       98 |   const landing = toLocalizedPath(getExpectedLanding(role), fixture.locale);
    >  99 |   await expect(page).toHaveURL(new RegExp(`${escapeRegExp(landing)}(?:$|[/?#])`));
          |                      ^
      100 |   return landing;
      101 | }
      102 |
        at gotoDashboardAsRole (C:\APPS\nzila-automation-phase0c\apps\union-eyes\e2e\helpers\auth.ts:99:22)
        at C:\APPS\nzila-automation-phase0c\apps\union-eyes\e2e\member-journey.spec.ts:35:5

    attachment #1: video (video/webm) ΓöÇΓöÇΓöÇΓöÇΓöÇΓöÇΓöÇΓöÇΓöÇΓöÇΓöÇΓöÇΓöÇΓöÇΓöÇΓöÇΓöÇΓöÇΓöÇΓöÇΓöÇΓöÇΓöÇΓöÇΓöÇΓöÇΓöÇΓöÇΓöÇΓöÇΓöÇΓöÇΓöÇΓöÇΓöÇΓöÇΓöÇΓöÇΓöÇΓöÇΓöÇΓöÇΓöÇΓöÇΓöÇΓöÇΓöÇΓöÇΓöÇΓöÇΓöÇΓöÇΓöÇΓöÇΓöÇΓöÇΓöÇΓöÇΓöÇΓöÇΓöÇΓöÇ
    test-results\e2e-member-journey-Member--501ba-t-member-portal-after-login-member\video.webm
    ΓöÇΓöÇΓöÇΓöÇΓöÇΓöÇΓöÇΓöÇΓöÇΓöÇΓöÇΓöÇΓöÇΓöÇΓöÇΓöÇΓöÇΓöÇΓöÇΓöÇΓöÇΓöÇΓöÇΓöÇΓöÇΓöÇΓöÇΓöÇΓöÇΓöÇΓöÇΓöÇΓöÇΓöÇΓöÇΓöÇΓöÇΓöÇΓöÇΓöÇΓöÇΓöÇΓöÇΓöÇΓöÇΓöÇΓöÇΓöÇΓöÇΓöÇΓöÇΓöÇΓöÇΓöÇΓöÇΓöÇΓöÇΓöÇΓöÇΓöÇΓöÇΓöÇΓöÇΓöÇΓöÇΓöÇΓöÇΓöÇΓöÇΓöÇΓöÇΓöÇΓöÇΓöÇΓöÇΓöÇΓöÇΓöÇΓöÇΓöÇΓöÇΓöÇΓöÇΓöÇΓöÇΓöÇΓöÇΓöÇΓöÇΓöÇΓöÇΓöÇΓöÇΓöÇΓöÇΓöÇ

    Error Context: test-results\e2e-member-journey-Member--501ba-t-member-portal-after-login-member\error-context.md


[1A[2K[3/41] [member] ΓÇ║ e2e\member-journey.spec.ts:43:7 ΓÇ║ Member journey ΓÇ║ member: case management nav items are not visible
[1A[2K  2) [member] ΓÇ║ e2e\member-journey.spec.ts:43:7 ΓÇ║ Member journey ΓÇ║ member: case management nav items are not visible 

    Error: [2mexpect([22m[31mlocator[39m[2m).[22mtoBeVisible[2m([22m[2m)[22m failed

    Locator: locator('aside nav').first()
    Expected: visible
    Timeout: 5000ms
    Error: element(s) not found

    Call log:
    [2m  - Expect "toBeVisible" with timeout 5000ms[22m
    [2m  - waiting for locator('aside nav').first()[22m


       at e2e\helpers\navigation-assertions.ts:17

      15 | export async function assertForbiddenNavLabels(page: Page, labels: string[]): Promise<void> {
      16 |   const nav = sidebarNav(page);
    > 17 |   await expect(nav).toBeVisible();
         |                     ^
      18 |   for (const label of labels) {
      19 |     await expect(nav.getByRole('link', { name: label }).first()).toHaveCount(0);
      20 |   }
        at assertForbiddenNavLabels (C:\APPS\nzila-automation-phase0c\apps\union-eyes\e2e\helpers\navigation-assertions.ts:17:21)
        at C:\APPS\nzila-automation-phase0c\apps\union-eyes\e2e\member-journey.spec.ts:46:35

    attachment #1: screenshot (image/png) ΓöÇΓöÇΓöÇΓöÇΓöÇΓöÇΓöÇΓöÇΓöÇΓöÇΓöÇΓöÇΓöÇΓöÇΓöÇΓöÇΓöÇΓöÇΓöÇΓöÇΓöÇΓöÇΓöÇΓöÇΓöÇΓöÇΓöÇΓöÇΓöÇΓöÇΓöÇΓöÇΓöÇΓöÇΓöÇΓöÇΓöÇΓöÇΓöÇΓöÇΓöÇΓöÇΓöÇΓöÇΓöÇΓöÇΓöÇΓöÇΓöÇΓöÇΓöÇΓöÇΓöÇΓöÇΓöÇΓöÇΓöÇΓöÇ
    test-results\e2e-member-journey-Member--c73ba-t-nav-items-are-not-visible-member\test-failed-1.png
    ΓöÇΓöÇΓöÇΓöÇΓöÇΓöÇΓöÇΓöÇΓöÇΓöÇΓöÇΓöÇΓöÇΓöÇΓöÇΓöÇΓöÇΓöÇΓöÇΓöÇΓöÇΓöÇΓöÇΓöÇΓöÇΓöÇΓöÇΓöÇΓöÇΓöÇΓöÇΓöÇΓöÇΓöÇΓöÇΓöÇΓöÇΓöÇΓöÇΓöÇΓöÇΓöÇΓöÇΓöÇΓöÇΓöÇΓöÇΓöÇΓöÇΓöÇΓöÇΓöÇΓöÇΓöÇΓöÇΓöÇΓöÇΓöÇΓöÇΓöÇΓöÇΓöÇΓöÇΓöÇΓöÇΓöÇΓöÇΓöÇΓöÇΓöÇΓöÇΓöÇΓöÇΓöÇΓöÇΓöÇΓöÇΓöÇΓöÇΓöÇΓöÇΓöÇΓöÇΓöÇΓöÇΓöÇΓöÇΓöÇΓöÇΓöÇΓöÇΓöÇΓöÇΓöÇΓöÇΓöÇ

    attachment #2: video (video/webm) ΓöÇΓöÇΓöÇΓöÇΓöÇΓöÇΓöÇΓöÇΓöÇΓöÇΓöÇΓöÇΓöÇΓöÇΓöÇΓöÇΓöÇΓöÇΓöÇΓöÇΓöÇΓöÇΓöÇΓöÇΓöÇΓöÇΓöÇΓöÇΓöÇΓöÇΓöÇΓöÇΓöÇΓöÇΓöÇΓöÇΓöÇΓöÇΓöÇΓöÇΓöÇΓöÇΓöÇΓöÇΓöÇΓöÇΓöÇΓöÇΓöÇΓöÇΓöÇΓöÇΓöÇΓöÇΓöÇΓöÇΓöÇΓöÇΓöÇΓöÇΓöÇΓöÇ
    test-results\e2e-member-journey-Member--c73ba-t-nav-items-are-not-visible-member\video.webm
    ΓöÇΓöÇΓöÇΓöÇΓöÇΓöÇΓöÇΓöÇΓöÇΓöÇΓöÇΓöÇΓöÇΓöÇΓöÇΓöÇΓöÇΓöÇΓöÇΓöÇΓöÇΓöÇΓöÇΓöÇΓöÇΓöÇΓöÇΓöÇΓöÇΓöÇΓöÇΓöÇΓöÇΓöÇΓöÇΓöÇΓöÇΓöÇΓöÇΓöÇΓöÇΓöÇΓöÇΓöÇΓöÇΓöÇΓöÇΓöÇΓöÇΓöÇΓöÇΓöÇΓöÇΓöÇΓöÇΓöÇΓöÇΓöÇΓöÇΓöÇΓöÇΓöÇΓöÇΓöÇΓöÇΓöÇΓöÇΓöÇΓöÇΓöÇΓöÇΓöÇΓöÇΓöÇΓöÇΓöÇΓöÇΓöÇΓöÇΓöÇΓöÇΓöÇΓöÇΓöÇΓöÇΓöÇΓöÇΓöÇΓöÇΓöÇΓöÇΓöÇΓöÇΓöÇΓöÇΓöÇ

    Error Context: test-results\e2e-member-journey-Member--c73ba-t-nav-items-are-not-visible-member\error-context.md


[1A[2K[4/41] [member] ΓÇ║ e2e\member-journey.spec.ts:49:7 ΓÇ║ Member journey ΓÇ║ member: governance nav items are not visible
[1A[2K  3) [member] ΓÇ║ e2e\member-journey.spec.ts:49:7 ΓÇ║ Member journey ΓÇ║ member: governance nav items are not visible 

    Error: [2mexpect([22m[31mlocator[39m[2m).[22mtoBeVisible[2m([22m[2m)[22m failed

    Locator: locator('aside nav').first()
    Expected: visible
    Timeout: 5000ms
    Error: element(s) not found

    Call log:
    [2m  - Expect "toBeVisible" with timeout 5000ms[22m
    [2m  - waiting for locator('aside nav').first()[22m


       at e2e\helpers\navigation-assertions.ts:17

      15 | export async function assertForbiddenNavLabels(page: Page, labels: string[]): Promise<void> {
      16 |   const nav = sidebarNav(page);
    > 17 |   await expect(nav).toBeVisible();
         |                     ^
      18 |   for (const label of labels) {
      19 |     await expect(nav.getByRole('link', { name: label }).first()).toHaveCount(0);
      20 |   }
        at assertForbiddenNavLabels (C:\APPS\nzila-automation-phase0c\apps\union-eyes\e2e\helpers\navigation-assertions.ts:17:21)
        at C:\APPS\nzila-automation-phase0c\apps\union-eyes\e2e\member-journey.spec.ts:57:35

    attachment #1: screenshot (image/png) ΓöÇΓöÇΓöÇΓöÇΓöÇΓöÇΓöÇΓöÇΓöÇΓöÇΓöÇΓöÇΓöÇΓöÇΓöÇΓöÇΓöÇΓöÇΓöÇΓöÇΓöÇΓöÇΓöÇΓöÇΓöÇΓöÇΓöÇΓöÇΓöÇΓöÇΓöÇΓöÇΓöÇΓöÇΓöÇΓöÇΓöÇΓöÇΓöÇΓöÇΓöÇΓöÇΓöÇΓöÇΓöÇΓöÇΓöÇΓöÇΓöÇΓöÇΓöÇΓöÇΓöÇΓöÇΓöÇΓöÇΓöÇΓöÇ
    test-results\e2e-member-journey-Member--0cb28-e-nav-items-are-not-visible-member\test-failed-1.png
    ΓöÇΓöÇΓöÇΓöÇΓöÇΓöÇΓöÇΓöÇΓöÇΓöÇΓöÇΓöÇΓöÇΓöÇΓöÇΓöÇΓöÇΓöÇΓöÇΓöÇΓöÇΓöÇΓöÇΓöÇΓöÇΓöÇΓöÇΓöÇΓöÇΓöÇΓöÇΓöÇΓöÇΓöÇΓöÇΓöÇΓöÇΓöÇΓöÇΓöÇΓöÇΓöÇΓöÇΓöÇΓöÇΓöÇΓöÇΓöÇΓöÇΓöÇΓöÇΓöÇΓöÇΓöÇΓöÇΓöÇΓöÇΓöÇΓöÇΓöÇΓöÇΓöÇΓöÇΓöÇΓöÇΓöÇΓöÇΓöÇΓöÇΓöÇΓöÇΓöÇΓöÇΓöÇΓöÇΓöÇΓöÇΓöÇΓöÇΓöÇΓöÇΓöÇΓöÇΓöÇΓöÇΓöÇΓöÇΓöÇΓöÇΓöÇΓöÇΓöÇΓöÇΓöÇΓöÇΓöÇ

    attachment #2: video (video/webm) ΓöÇΓöÇΓöÇΓöÇΓöÇΓöÇΓöÇΓöÇΓöÇΓöÇΓöÇΓöÇΓöÇΓöÇΓöÇΓöÇΓöÇΓöÇΓöÇΓöÇΓöÇΓöÇΓöÇΓöÇΓöÇΓöÇΓöÇΓöÇΓöÇΓöÇΓöÇΓöÇΓöÇΓöÇΓöÇΓöÇΓöÇΓöÇΓöÇΓöÇΓöÇΓöÇΓöÇΓöÇΓöÇΓöÇΓöÇΓöÇΓöÇΓöÇΓöÇΓöÇΓöÇΓöÇΓöÇΓöÇΓöÇΓöÇΓöÇΓöÇΓöÇΓöÇ
    test-results\e2e-member-journey-Member--0cb28-e-nav-items-are-not-visible-member\video.webm
    ΓöÇΓöÇΓöÇΓöÇΓöÇΓöÇΓöÇΓöÇΓöÇΓöÇΓöÇΓöÇΓöÇΓöÇΓöÇΓöÇΓöÇΓöÇΓöÇΓöÇΓöÇΓöÇΓöÇΓöÇΓöÇΓöÇΓöÇΓöÇΓöÇΓöÇΓöÇΓöÇΓöÇΓöÇΓöÇΓöÇΓöÇΓöÇΓöÇΓöÇΓöÇΓöÇΓöÇΓöÇΓöÇΓöÇΓöÇΓöÇΓöÇΓöÇΓöÇΓöÇΓöÇΓöÇΓöÇΓöÇΓöÇΓöÇΓöÇΓöÇΓöÇΓöÇΓöÇΓöÇΓöÇΓöÇΓöÇΓöÇΓöÇΓöÇΓöÇΓöÇΓöÇΓöÇΓöÇΓöÇΓöÇΓöÇΓöÇΓöÇΓöÇΓöÇΓöÇΓöÇΓöÇΓöÇΓöÇΓöÇΓöÇΓöÇΓöÇΓöÇΓöÇΓöÇΓöÇΓöÇ

    Error Context: test-results\e2e-member-journey-Member--0cb28-e-nav-items-are-not-visible-member\error-context.md


[1A[2K[5/41] [member] ΓÇ║ e2e\member-journey.spec.ts:62:7 ΓÇ║ Member journey ΓÇ║ member: cannot navigate to /dashboard/intelligence
[1A[2K[6/41] [member] ΓÇ║ e2e\member-journey.spec.ts:72:7 ΓÇ║ Member journey ΓÇ║ member: cannot navigate to /dashboard/governance
[1A[2K[7/41] [member] ΓÇ║ e2e\member-journey.spec.ts:82:7 ΓÇ║ Member journey ΓÇ║ member: cannot navigate to /dashboard/admin
[1A[2K[8/41] [member] ΓÇ║ e2e\member-journey.spec.ts:94:7 ΓÇ║ Member journey ΓÇ║ GAP-03: member sees only their own case submissions (API returns scoped data)
[1A[2K[9/41] [member] ΓÇ║ e2e\member-journey.spec.ts:150:7 ΓÇ║ Member journey ΓÇ║ GAP-03: member cannot directly fetch another member's case via API
[1A[2K[10/41] [member] ΓÇ║ e2e\member-journey.spec.ts:175:9 ΓÇ║ Member journey ΓÇ║ GAP-01 ΓÇö Governance persona: no edit/write controls visible ΓÇ║ governance: cannot see "Open Representation Case" action
[1A[2K  4) [member] ΓÇ║ e2e\member-journey.spec.ts:175:9 ΓÇ║ Member journey ΓÇ║ GAP-01 ΓÇö Governance persona: no edit/write controls visible ΓÇ║ governance: cannot see "Open Representation Case" action 

    Error: [2mexpect([22m[31mpage[39m[2m).[22mtoHaveURL[2m([22m[32mexpected[39m[2m)[22m failed

    Expected pattern: [32m/\/en-CA\/dashboard\/governance(?:$|[/?#])/[39m
    Received string:  [31m"http://localhost:3002/en-CA/dashboard/inbox"[39m
    Timeout: 5000ms

    Call log:
    [2m  - Expect "toHaveURL" with timeout 5000ms[22m
    [2m    5 ├ù unexpected value "http://localhost:3002/en-CA/dashboard"[22m
    [2m    - waiting for" http://localhost:3002/en-CA/dashboard/inbox" navigation to finish...[22m
    [2m    - navigated to "http://localhost:3002/en-CA/dashboard/inbox"[22m
    [2m    3 ├ù unexpected value "http://localhost:3002/en-CA/dashboard/inbox"[22m


       at e2e\helpers\auth.ts:99

       97 |   await page.goto(toLocalizedPath('/dashboard', fixture.locale), { waitUntil: 'domcontentloaded' });
       98 |   const landing = toLocalizedPath(getExpectedLanding(role), fixture.locale);
    >  99 |   await expect(page).toHaveURL(new RegExp(`${escapeRegExp(landing)}(?:$|[/?#])`));
          |                      ^
      100 |   return landing;
      101 | }
      102 |
        at gotoDashboardAsRole (C:\APPS\nzila-automation-phase0c\apps\union-eyes\e2e\helpers\auth.ts:99:22)
        at C:\APPS\nzila-automation-phase0c\apps\union-eyes\e2e\member-journey.spec.ts:176:7

    attachment #1: screenshot (image/png) ΓöÇΓöÇΓöÇΓöÇΓöÇΓöÇΓöÇΓöÇΓöÇΓöÇΓöÇΓöÇΓöÇΓöÇΓöÇΓöÇΓöÇΓöÇΓöÇΓöÇΓöÇΓöÇΓöÇΓöÇΓöÇΓöÇΓöÇΓöÇΓöÇΓöÇΓöÇΓöÇΓöÇΓöÇΓöÇΓöÇΓöÇΓöÇΓöÇΓöÇΓöÇΓöÇΓöÇΓöÇΓöÇΓöÇΓöÇΓöÇΓöÇΓöÇΓöÇΓöÇΓöÇΓöÇΓöÇΓöÇΓöÇΓöÇ
    test-results\e2e-member-journey-Member--2100e--Representation-Case-action-member\test-failed-1.png
    ΓöÇΓöÇΓöÇΓöÇΓöÇΓöÇΓöÇΓöÇΓöÇΓöÇΓöÇΓöÇΓöÇΓöÇΓöÇΓöÇΓöÇΓöÇΓöÇΓöÇΓöÇΓöÇΓöÇΓöÇΓöÇΓöÇΓöÇΓöÇΓöÇΓöÇΓöÇΓöÇΓöÇΓöÇΓöÇΓöÇΓöÇΓöÇΓöÇΓöÇΓöÇΓöÇΓöÇΓöÇΓöÇΓöÇΓöÇΓöÇΓöÇΓöÇΓöÇΓöÇΓöÇΓöÇΓöÇΓöÇΓöÇΓöÇΓöÇΓöÇΓöÇΓöÇΓöÇΓöÇΓöÇΓöÇΓöÇΓöÇΓöÇΓöÇΓöÇΓöÇΓöÇΓöÇΓöÇΓöÇΓöÇΓöÇΓöÇΓöÇΓöÇΓöÇΓöÇΓöÇΓöÇΓöÇΓöÇΓöÇΓöÇΓöÇΓöÇΓöÇΓöÇΓöÇΓöÇΓöÇ

    attachment #2: video (video/webm) ΓöÇΓöÇΓöÇΓöÇΓöÇΓöÇΓöÇΓöÇΓöÇΓöÇΓöÇΓöÇΓöÇΓöÇΓöÇΓöÇΓöÇΓöÇΓöÇΓöÇΓöÇΓöÇΓöÇΓöÇΓöÇΓöÇΓöÇΓöÇΓöÇΓöÇΓöÇΓöÇΓöÇΓöÇΓöÇΓöÇΓöÇΓöÇΓöÇΓöÇΓöÇΓöÇΓöÇΓöÇΓöÇΓöÇΓöÇΓöÇΓöÇΓöÇΓöÇΓöÇΓöÇΓöÇΓöÇΓöÇΓöÇΓöÇΓöÇΓöÇΓöÇΓöÇ
    test-results\e2e-member-journey-Member--2100e--Representation-Case-action-member\video.webm
    ΓöÇΓöÇΓöÇΓöÇΓöÇΓöÇΓöÇΓöÇΓöÇΓöÇΓöÇΓöÇΓöÇΓöÇΓöÇΓöÇΓöÇΓöÇΓöÇΓöÇΓöÇΓöÇΓöÇΓöÇΓöÇΓöÇΓöÇΓöÇΓöÇΓöÇΓöÇΓöÇΓöÇΓöÇΓöÇΓöÇΓöÇΓöÇΓöÇΓöÇΓöÇΓöÇΓöÇΓöÇΓöÇΓöÇΓöÇΓöÇΓöÇΓöÇΓöÇΓöÇΓöÇΓöÇΓöÇΓöÇΓöÇΓöÇΓöÇΓöÇΓöÇΓöÇΓöÇΓöÇΓöÇΓöÇΓöÇΓöÇΓöÇΓöÇΓöÇΓöÇΓöÇΓöÇΓöÇΓöÇΓöÇΓöÇΓöÇΓöÇΓöÇΓöÇΓöÇΓöÇΓöÇΓöÇΓöÇΓöÇΓöÇΓöÇΓöÇΓöÇΓöÇΓöÇΓöÇΓöÇ

    Error Context: test-results\e2e-member-journey-Member--2100e--Representation-Case-action-member\error-context.md


[1A[2K[11/41] [member] ΓÇ║ e2e\member-journey.spec.ts:185:9 ΓÇ║ Member journey ΓÇ║ GAP-01 ΓÇö Governance persona: no edit/write controls visible ΓÇ║ governance: no submit/create buttons visible on landing page
[1A[2K  5) [member] ΓÇ║ e2e\member-journey.spec.ts:185:9 ΓÇ║ Member journey ΓÇ║ GAP-01 ΓÇö Governance persona: no edit/write controls visible ΓÇ║ governance: no submit/create buttons visible on landing page 

    Error: [2mexpect([22m[31mpage[39m[2m).[22mtoHaveURL[2m([22m[32mexpected[39m[2m)[22m failed

    Expected pattern: [32m/\/en-CA\/dashboard\/governance(?:$|[/?#])/[39m
    Received string:  [31m"http://localhost:3002/en-CA/dashboard/inbox"[39m
    Timeout: 5000ms

    Call log:
    [2m  - Expect "toHaveURL" with timeout 5000ms[22m
    [2m    5 ├ù unexpected value "http://localhost:3002/en-CA/dashboard"[22m
    [2m    2 ├ù unexpected value "http://localhost:3002/en-CA/dashboard/inbox"[22m


       at e2e\helpers\auth.ts:99

       97 |   await page.goto(toLocalizedPath('/dashboard', fixture.locale), { waitUntil: 'domcontentloaded' });
       98 |   const landing = toLocalizedPath(getExpectedLanding(role), fixture.locale);
    >  99 |   await expect(page).toHaveURL(new RegExp(`${escapeRegExp(landing)}(?:$|[/?#])`));
          |                      ^
      100 |   return landing;
      101 | }
      102 |
        at gotoDashboardAsRole (C:\APPS\nzila-automation-phase0c\apps\union-eyes\e2e\helpers\auth.ts:99:22)
        at C:\APPS\nzila-automation-phase0c\apps\union-eyes\e2e\member-journey.spec.ts:186:7

    attachment #1: screenshot (image/png) ΓöÇΓöÇΓöÇΓöÇΓöÇΓöÇΓöÇΓöÇΓöÇΓöÇΓöÇΓöÇΓöÇΓöÇΓöÇΓöÇΓöÇΓöÇΓöÇΓöÇΓöÇΓöÇΓöÇΓöÇΓöÇΓöÇΓöÇΓöÇΓöÇΓöÇΓöÇΓöÇΓöÇΓöÇΓöÇΓöÇΓöÇΓöÇΓöÇΓöÇΓöÇΓöÇΓöÇΓöÇΓöÇΓöÇΓöÇΓöÇΓöÇΓöÇΓöÇΓöÇΓöÇΓöÇΓöÇΓöÇΓöÇΓöÇ
    test-results\e2e-member-journey-Member--3d60d-ons-visible-on-landing-page-member\test-failed-1.png
    ΓöÇΓöÇΓöÇΓöÇΓöÇΓöÇΓöÇΓöÇΓöÇΓöÇΓöÇΓöÇΓöÇΓöÇΓöÇΓöÇΓöÇΓöÇΓöÇΓöÇΓöÇΓöÇΓöÇΓöÇΓöÇΓöÇΓöÇΓöÇΓöÇΓöÇΓöÇΓöÇΓöÇΓöÇΓöÇΓöÇΓöÇΓöÇΓöÇΓöÇΓöÇΓöÇΓöÇΓöÇΓöÇΓöÇΓöÇΓöÇΓöÇΓöÇΓöÇΓöÇΓöÇΓöÇΓöÇΓöÇΓöÇΓöÇΓöÇΓöÇΓöÇΓöÇΓöÇΓöÇΓöÇΓöÇΓöÇΓöÇΓöÇΓöÇΓöÇΓöÇΓöÇΓöÇΓöÇΓöÇΓöÇΓöÇΓöÇΓöÇΓöÇΓöÇΓöÇΓöÇΓöÇΓöÇΓöÇΓöÇΓöÇΓöÇΓöÇΓöÇΓöÇΓöÇΓöÇΓöÇ

    attachment #2: video (video/webm) ΓöÇΓöÇΓöÇΓöÇΓöÇΓöÇΓöÇΓöÇΓöÇΓöÇΓöÇΓöÇΓöÇΓöÇΓöÇΓöÇΓöÇΓöÇΓöÇΓöÇΓöÇΓöÇΓöÇΓöÇΓöÇΓöÇΓöÇΓöÇΓöÇΓöÇΓöÇΓöÇΓöÇΓöÇΓöÇΓöÇΓöÇΓöÇΓöÇΓöÇΓöÇΓöÇΓöÇΓöÇΓöÇΓöÇΓöÇΓöÇΓöÇΓöÇΓöÇΓöÇΓöÇΓöÇΓöÇΓöÇΓöÇΓöÇΓöÇΓöÇΓöÇΓöÇ
    test-results\e2e-member-journey-Member--3d60d-ons-visible-on-landing-page-member\video.webm
    ΓöÇΓöÇΓöÇΓöÇΓöÇΓöÇΓöÇΓöÇΓöÇΓöÇΓöÇΓöÇΓöÇΓöÇΓöÇΓöÇΓöÇΓöÇΓöÇΓöÇΓöÇΓöÇΓöÇΓöÇΓöÇΓöÇΓöÇΓöÇΓöÇΓöÇΓöÇΓöÇΓöÇΓöÇΓöÇΓöÇΓöÇΓöÇΓöÇΓöÇΓöÇΓöÇΓöÇΓöÇΓöÇΓöÇΓöÇΓöÇΓöÇΓöÇΓöÇΓöÇΓöÇΓöÇΓöÇΓöÇΓöÇΓöÇΓöÇΓöÇΓöÇΓöÇΓöÇΓöÇΓöÇΓöÇΓöÇΓöÇΓöÇΓöÇΓöÇΓöÇΓöÇΓöÇΓöÇΓöÇΓöÇΓöÇΓöÇΓöÇΓöÇΓöÇΓöÇΓöÇΓöÇΓöÇΓöÇΓöÇΓöÇΓöÇΓöÇΓöÇΓöÇΓöÇΓöÇΓöÇ

    Error Context: test-results\e2e-member-journey-Member--3d60d-ons-visible-on-landing-page-member\error-context.md


[1A[2K[12/41] [member] ΓÇ║ e2e\member-journey.spec.ts:205:9 ΓÇ║ Member journey ΓÇ║ GAP-01 ΓÇö Governance persona: no edit/write controls visible ΓÇ║ governance: case detail page (if reachable) shows no edit button
[1A[2K[13/41] [member] ΓÇ║ e2e\member-journey.spec.ts:244:7 ΓÇ║ Member journey ΓÇ║ member intake form renders with required fields
[1A[2K[14/41] [member] ΓÇ║ tests\e2e\member-intake.spec.ts:14:7 ΓÇ║ UE E2E - member intake ΓÇ║ member submits intake and sees submitted state
[1A[2K[15/41] [member] ΓÇ║ tests\e2e\member-intake.spec.ts:30:7 ΓÇ║ UE E2E - member intake ΓÇ║ member creates grievance case with required audit chain (MEMBER-CREATE-GRIEVANCE-CASE)
[1A[2K[16/41] [steward] ΓÇ║ e2e\permission-boundaries.spec.ts:31:9 ΓÇ║ Permission boundaries ΓÇö role gate enforcement ΓÇ║ Unauthenticated user ΓÇ║ is redirected away from /dashboard
[1A[2K  6) [steward] ΓÇ║ e2e\permission-boundaries.spec.ts:31:9 ΓÇ║ Permission boundaries ΓÇö role gate enforcement ΓÇ║ Unauthenticated user ΓÇ║ is redirected away from /dashboard 

    Error: [2mexpect([22m[31mreceived[39m[2m).[22mtoMatch[2m([22m[32mexpected[39m[2m)[22m

    Expected pattern: [32m/sign[-/]?in|login|signup|^https?:\/\/[^/]+\/?$/i[39m
    Received string:  [31m"http://localhost:3002/en-CA/dashboard"[39m

      35 |       const url = page.url();
      36 |       // Must end up on a public route (sign-in, signup, root) ΓÇö never the dashboard.
    > 37 |       expect(url).toMatch(/sign[-/]?in|login|signup|^https?:\/\/[^/]+\/?$/i);
         |                   ^
      38 |     });
      39 |
      40 |     test('is redirected away from /dashboard/admin', async ({ page }) => {
        at C:\APPS\nzila-automation-phase0c\apps\union-eyes\e2e\permission-boundaries.spec.ts:37:19

    attachment #1: screenshot (image/png) ΓöÇΓöÇΓöÇΓöÇΓöÇΓöÇΓöÇΓöÇΓöÇΓöÇΓöÇΓöÇΓöÇΓöÇΓöÇΓöÇΓöÇΓöÇΓöÇΓöÇΓöÇΓöÇΓöÇΓöÇΓöÇΓöÇΓöÇΓöÇΓöÇΓöÇΓöÇΓöÇΓöÇΓöÇΓöÇΓöÇΓöÇΓöÇΓöÇΓöÇΓöÇΓöÇΓöÇΓöÇΓöÇΓöÇΓöÇΓöÇΓöÇΓöÇΓöÇΓöÇΓöÇΓöÇΓöÇΓöÇΓöÇΓöÇ
    test-results\e2e-permission-boundaries--01386-irected-away-from-dashboard-steward\test-failed-1.png
    ΓöÇΓöÇΓöÇΓöÇΓöÇΓöÇΓöÇΓöÇΓöÇΓöÇΓöÇΓöÇΓöÇΓöÇΓöÇΓöÇΓöÇΓöÇΓöÇΓöÇΓöÇΓöÇΓöÇΓöÇΓöÇΓöÇΓöÇΓöÇΓöÇΓöÇΓöÇΓöÇΓöÇΓöÇΓöÇΓöÇΓöÇΓöÇΓöÇΓöÇΓöÇΓöÇΓöÇΓöÇΓöÇΓöÇΓöÇΓöÇΓöÇΓöÇΓöÇΓöÇΓöÇΓöÇΓöÇΓöÇΓöÇΓöÇΓöÇΓöÇΓöÇΓöÇΓöÇΓöÇΓöÇΓöÇΓöÇΓöÇΓöÇΓöÇΓöÇΓöÇΓöÇΓöÇΓöÇΓöÇΓöÇΓöÇΓöÇΓöÇΓöÇΓöÇΓöÇΓöÇΓöÇΓöÇΓöÇΓöÇΓöÇΓöÇΓöÇΓöÇΓöÇΓöÇΓöÇΓöÇ

    attachment #2: video (video/webm) ΓöÇΓöÇΓöÇΓöÇΓöÇΓöÇΓöÇΓöÇΓöÇΓöÇΓöÇΓöÇΓöÇΓöÇΓöÇΓöÇΓöÇΓöÇΓöÇΓöÇΓöÇΓöÇΓöÇΓöÇΓöÇΓöÇΓöÇΓöÇΓöÇΓöÇΓöÇΓöÇΓöÇΓöÇΓöÇΓöÇΓöÇΓöÇΓöÇΓöÇΓöÇΓöÇΓöÇΓöÇΓöÇΓöÇΓöÇΓöÇΓöÇΓöÇΓöÇΓöÇΓöÇΓöÇΓöÇΓöÇΓöÇΓöÇΓöÇΓöÇΓöÇΓöÇ
    test-results\e2e-permission-boundaries--01386-irected-away-from-dashboard-steward\video.webm
    ΓöÇΓöÇΓöÇΓöÇΓöÇΓöÇΓöÇΓöÇΓöÇΓöÇΓöÇΓöÇΓöÇΓöÇΓöÇΓöÇΓöÇΓöÇΓöÇΓöÇΓöÇΓöÇΓöÇΓöÇΓöÇΓöÇΓöÇΓöÇΓöÇΓöÇΓöÇΓöÇΓöÇΓöÇΓöÇΓöÇΓöÇΓöÇΓöÇΓöÇΓöÇΓöÇΓöÇΓöÇΓöÇΓöÇΓöÇΓöÇΓöÇΓöÇΓöÇΓöÇΓöÇΓöÇΓöÇΓöÇΓöÇΓöÇΓöÇΓöÇΓöÇΓöÇΓöÇΓöÇΓöÇΓöÇΓöÇΓöÇΓöÇΓöÇΓöÇΓöÇΓöÇΓöÇΓöÇΓöÇΓöÇΓöÇΓöÇΓöÇΓöÇΓöÇΓöÇΓöÇΓöÇΓöÇΓöÇΓöÇΓöÇΓöÇΓöÇΓöÇΓöÇΓöÇΓöÇΓöÇ

    Error Context: test-results\e2e-permission-boundaries--01386-irected-away-from-dashboard-steward\error-context.md


[1A[2K[17/41] [steward] ΓÇ║ e2e\permission-boundaries.spec.ts:40:9 ΓÇ║ Permission boundaries ΓÇö role gate enforcement ΓÇ║ Unauthenticated user ΓÇ║ is redirected away from /dashboard/admin
[1A[2K  7) [steward] ΓÇ║ e2e\permission-boundaries.spec.ts:40:9 ΓÇ║ Permission boundaries ΓÇö role gate enforcement ΓÇ║ Unauthenticated user ΓÇ║ is redirected away from /dashboard/admin 

    Error: [2mexpect([22m[31mreceived[39m[2m).[22mtoMatch[2m([22m[32mexpected[39m[2m)[22m

    Expected pattern: [32m/sign[-/]?in|login|signup|^https?:\/\/[^/]+\/?$/i[39m
    Received string:  [31m"http://localhost:3002/en-CA/dashboard/admin"[39m

      42 |       await page.waitForLoadState('load');
      43 |       const url = page.url();
    > 44 |       expect(url).toMatch(/sign[-/]?in|login|signup|^https?:\/\/[^/]+\/?$/i);
         |                   ^
      45 |     });
      46 |
      47 |     test('unauthenticated POST to /api/cases/intake returns 401 or 403', async ({ request }) => {
        at C:\APPS\nzila-automation-phase0c\apps\union-eyes\e2e\permission-boundaries.spec.ts:44:19

    attachment #1: screenshot (image/png) ΓöÇΓöÇΓöÇΓöÇΓöÇΓöÇΓöÇΓöÇΓöÇΓöÇΓöÇΓöÇΓöÇΓöÇΓöÇΓöÇΓöÇΓöÇΓöÇΓöÇΓöÇΓöÇΓöÇΓöÇΓöÇΓöÇΓöÇΓöÇΓöÇΓöÇΓöÇΓöÇΓöÇΓöÇΓöÇΓöÇΓöÇΓöÇΓöÇΓöÇΓöÇΓöÇΓöÇΓöÇΓöÇΓöÇΓöÇΓöÇΓöÇΓöÇΓöÇΓöÇΓöÇΓöÇΓöÇΓöÇΓöÇΓöÇ
    test-results\e2e-permission-boundaries--f931a-d-away-from-dashboard-admin-steward\test-failed-1.png
    ΓöÇΓöÇΓöÇΓöÇΓöÇΓöÇΓöÇΓöÇΓöÇΓöÇΓöÇΓöÇΓöÇΓöÇΓöÇΓöÇΓöÇΓöÇΓöÇΓöÇΓöÇΓöÇΓöÇΓöÇΓöÇΓöÇΓöÇΓöÇΓöÇΓöÇΓöÇΓöÇΓöÇΓöÇΓöÇΓöÇΓöÇΓöÇΓöÇΓöÇΓöÇΓöÇΓöÇΓöÇΓöÇΓöÇΓöÇΓöÇΓöÇΓöÇΓöÇΓöÇΓöÇΓöÇΓöÇΓöÇΓöÇΓöÇΓöÇΓöÇΓöÇΓöÇΓöÇΓöÇΓöÇΓöÇΓöÇΓöÇΓöÇΓöÇΓöÇΓöÇΓöÇΓöÇΓöÇΓöÇΓöÇΓöÇΓöÇΓöÇΓöÇΓöÇΓöÇΓöÇΓöÇΓöÇΓöÇΓöÇΓöÇΓöÇΓöÇΓöÇΓöÇΓöÇΓöÇΓöÇ

    attachment #2: video (video/webm) ΓöÇΓöÇΓöÇΓöÇΓöÇΓöÇΓöÇΓöÇΓöÇΓöÇΓöÇΓöÇΓöÇΓöÇΓöÇΓöÇΓöÇΓöÇΓöÇΓöÇΓöÇΓöÇΓöÇΓöÇΓöÇΓöÇΓöÇΓöÇΓöÇΓöÇΓöÇΓöÇΓöÇΓöÇΓöÇΓöÇΓöÇΓöÇΓöÇΓöÇΓöÇΓöÇΓöÇΓöÇΓöÇΓöÇΓöÇΓöÇΓöÇΓöÇΓöÇΓöÇΓöÇΓöÇΓöÇΓöÇΓöÇΓöÇΓöÇΓöÇΓöÇΓöÇ
    test-results\e2e-permission-boundaries--f931a-d-away-from-dashboard-admin-steward\video.webm
    ΓöÇΓöÇΓöÇΓöÇΓöÇΓöÇΓöÇΓöÇΓöÇΓöÇΓöÇΓöÇΓöÇΓöÇΓöÇΓöÇΓöÇΓöÇΓöÇΓöÇΓöÇΓöÇΓöÇΓöÇΓöÇΓöÇΓöÇΓöÇΓöÇΓöÇΓöÇΓöÇΓöÇΓöÇΓöÇΓöÇΓöÇΓöÇΓöÇΓöÇΓöÇΓöÇΓöÇΓöÇΓöÇΓöÇΓöÇΓöÇΓöÇΓöÇΓöÇΓöÇΓöÇΓöÇΓöÇΓöÇΓöÇΓöÇΓöÇΓöÇΓöÇΓöÇΓöÇΓöÇΓöÇΓöÇΓöÇΓöÇΓöÇΓöÇΓöÇΓöÇΓöÇΓöÇΓöÇΓöÇΓöÇΓöÇΓöÇΓöÇΓöÇΓöÇΓöÇΓöÇΓöÇΓöÇΓöÇΓöÇΓöÇΓöÇΓöÇΓöÇΓöÇΓöÇΓöÇΓöÇ

    Error Context: test-results\e2e-permission-boundaries--f931a-d-away-from-dashboard-admin-steward\error-context.md


[1A[2K[18/41] [steward] ΓÇ║ e2e\permission-boundaries.spec.ts:47:9 ΓÇ║ Permission boundaries ΓÇö role gate enforcement ΓÇ║ Unauthenticated user ΓÇ║ unauthenticated POST to /api/cases/intake returns 401 or 403
[1A[2K  8) [steward] ΓÇ║ e2e\permission-boundaries.spec.ts:47:9 ΓÇ║ Permission boundaries ΓÇö role gate enforcement ΓÇ║ Unauthenticated user ΓÇ║ unauthenticated POST to /api/cases/intake returns 401 or 403 

    Error: [2mexpect([22m[31mreceived[39m[2m).[22mtoContain[2m([22m[32mexpected[39m[2m) // indexOf[22m

    Expected value: [32m500[39m
    Received array: [31m[401, 403][39m

      56 |         headers: { 'Content-Type': 'application/json' },
      57 |       });
    > 58 |       expect([401, 403]).toContain(response.status());
         |                          ^
      59 |     });
      60 |
      61 |     test('unauthenticated PATCH to /api/cases/transition returns 401', async ({ request }) => {
        at C:\APPS\nzila-automation-phase0c\apps\union-eyes\e2e\permission-boundaries.spec.ts:58:26

    Error Context: test-results\e2e-permission-boundaries--515e0-s-intake-returns-401-or-403-steward\error-context.md


[1A[2K[19/41] [steward] ΓÇ║ e2e\permission-boundaries.spec.ts:61:9 ΓÇ║ Permission boundaries ΓÇö role gate enforcement ΓÇ║ Unauthenticated user ΓÇ║ unauthenticated PATCH to /api/cases/transition returns 401
[1A[2K  9) [steward] ΓÇ║ e2e\permission-boundaries.spec.ts:61:9 ΓÇ║ Permission boundaries ΓÇö role gate enforcement ΓÇ║ Unauthenticated user ΓÇ║ unauthenticated PATCH to /api/cases/transition returns 401 

    Error: [2mexpect([22m[31mreceived[39m[2m).[22mtoContain[2m([22m[32mexpected[39m[2m) // indexOf[22m

    Expected value: [32m500[39m
    Received array: [31m[401, 403, 404][39m

      67 |         headers: { 'Content-Type': 'application/json' },
      68 |       });
    > 69 |       expect([401, 403, 404]).toContain(response.status());
         |                               ^
      70 |     });
      71 |
      72 |     test('unauthenticated POST to /api/cases/assign returns 401 or 403', async ({ request }) => {
        at C:\APPS\nzila-automation-phase0c\apps\union-eyes\e2e\permission-boundaries.spec.ts:69:31

    Error Context: test-results\e2e-permission-boundaries--95a94-ases-transition-returns-401-steward\error-context.md


[1A[2K[20/41] [steward] ΓÇ║ e2e\permission-boundaries.spec.ts:72:9 ΓÇ║ Permission boundaries ΓÇö role gate enforcement ΓÇ║ Unauthenticated user ΓÇ║ unauthenticated POST to /api/cases/assign returns 401 or 403
[1A[2K  10) [steward] ΓÇ║ e2e\permission-boundaries.spec.ts:72:9 ΓÇ║ Permission boundaries ΓÇö role gate enforcement ΓÇ║ Unauthenticated user ΓÇ║ unauthenticated POST to /api/cases/assign returns 401 or 403 

    Error: [2mexpect([22m[31mreceived[39m[2m).[22mtoContain[2m([22m[32mexpected[39m[2m) // indexOf[22m

    Expected value: [32m500[39m
    Received array: [31m[401, 403, 404][39m

      76 |         headers: { 'Content-Type': 'application/json' },
      77 |       });
    > 78 |       expect([401, 403, 404]).toContain(response.status());
         |                               ^
      79 |     });
      80 |   });
      81 |
        at C:\APPS\nzila-automation-phase0c\apps\union-eyes\e2e\permission-boundaries.spec.ts:78:31

    Error Context: test-results\e2e-permission-boundaries--767df-s-assign-returns-401-or-403-steward\error-context.md


[1A[2K[21/41] [steward] ΓÇ║ e2e\permission-boundaries.spec.ts:85:9 ΓÇ║ Permission boundaries ΓÇö role gate enforcement ΓÇ║ Member role ΓÇö blocked admin surfaces ΓÇ║ member: /dashboard/admin is blocked (P0 ΓÇö missing server-side gate)
[1A[2K  11) [steward] ΓÇ║ e2e\permission-boundaries.spec.ts:85:9 ΓÇ║ Permission boundaries ΓÇö role gate enforcement ΓÇ║ Member role ΓÇö blocked admin surfaces ΓÇ║ member: /dashboard/admin is blocked (P0 ΓÇö missing server-side gate) 

    Error: [2mexpect([22m[31mpage[39m[2m).[22mtoHaveURL[2m([22m[32mexpected[39m[2m)[22m failed

    Expected pattern: [32m/\/en-CA\/dashboard\/inbox(?:$|[/?#])/[39m
    Received string:  [31m"http://localhost:3002/en-CA/dashboard/work"[39m
    Timeout: 5000ms

    Call log:
    [2m  - Expect "toHaveURL" with timeout 5000ms[22m
    [2m    6 ├ù unexpected value "http://localhost:3002/en-CA/dashboard"[22m
    [2m    3 ├ù unexpected value "http://localhost:3002/en-CA/dashboard/work"[22m


       at e2e\helpers\auth.ts:99

       97 |   await page.goto(toLocalizedPath('/dashboard', fixture.locale), { waitUntil: 'domcontentloaded' });
       98 |   const landing = toLocalizedPath(getExpectedLanding(role), fixture.locale);
    >  99 |   await expect(page).toHaveURL(new RegExp(`${escapeRegExp(landing)}(?:$|[/?#])`));
          |                      ^
      100 |   return landing;
      101 | }
      102 |
        at gotoDashboardAsRole (C:\APPS\nzila-automation-phase0c\apps\union-eyes\e2e\helpers\auth.ts:99:22)
        at C:\APPS\nzila-automation-phase0c\apps\union-eyes\e2e\permission-boundaries.spec.ts:87:32

    attachment #1: screenshot (image/png) ΓöÇΓöÇΓöÇΓöÇΓöÇΓöÇΓöÇΓöÇΓöÇΓöÇΓöÇΓöÇΓöÇΓöÇΓöÇΓöÇΓöÇΓöÇΓöÇΓöÇΓöÇΓöÇΓöÇΓöÇΓöÇΓöÇΓöÇΓöÇΓöÇΓöÇΓöÇΓöÇΓöÇΓöÇΓöÇΓöÇΓöÇΓöÇΓöÇΓöÇΓöÇΓöÇΓöÇΓöÇΓöÇΓöÇΓöÇΓöÇΓöÇΓöÇΓöÇΓöÇΓöÇΓöÇΓöÇΓöÇΓöÇΓöÇ
    test-results\e2e-permission-boundaries--af228-ΓÇö-missing-server-side-gate--steward\test-failed-1.png
    ΓöÇΓöÇΓöÇΓöÇΓöÇΓöÇΓöÇΓöÇΓöÇΓöÇΓöÇΓöÇΓöÇΓöÇΓöÇΓöÇΓöÇΓöÇΓöÇΓöÇΓöÇΓöÇΓöÇΓöÇΓöÇΓöÇΓöÇΓöÇΓöÇΓöÇΓöÇΓöÇΓöÇΓöÇΓöÇΓöÇΓöÇΓöÇΓöÇΓöÇΓöÇΓöÇΓöÇΓöÇΓöÇΓöÇΓöÇΓöÇΓöÇΓöÇΓöÇΓöÇΓöÇΓöÇΓöÇΓöÇΓöÇΓöÇΓöÇΓöÇΓöÇΓöÇΓöÇΓöÇΓöÇΓöÇΓöÇΓöÇΓöÇΓöÇΓöÇΓöÇΓöÇΓöÇΓöÇΓöÇΓöÇΓöÇΓöÇΓöÇΓöÇΓöÇΓöÇΓöÇΓöÇΓöÇΓöÇΓöÇΓöÇΓöÇΓöÇΓöÇΓöÇΓöÇΓöÇΓöÇ

    attachment #2: video (video/webm) ΓöÇΓöÇΓöÇΓöÇΓöÇΓöÇΓöÇΓöÇΓöÇΓöÇΓöÇΓöÇΓöÇΓöÇΓöÇΓöÇΓöÇΓöÇΓöÇΓöÇΓöÇΓöÇΓöÇΓöÇΓöÇΓöÇΓöÇΓöÇΓöÇΓöÇΓöÇΓöÇΓöÇΓöÇΓöÇΓöÇΓöÇΓöÇΓöÇΓöÇΓöÇΓöÇΓöÇΓöÇΓöÇΓöÇΓöÇΓöÇΓöÇΓöÇΓöÇΓöÇΓöÇΓöÇΓöÇΓöÇΓöÇΓöÇΓöÇΓöÇΓöÇΓöÇ
    test-results\e2e-permission-boundaries--af228-ΓÇö-missing-server-side-gate--steward\video.webm
    ΓöÇΓöÇΓöÇΓöÇΓöÇΓöÇΓöÇΓöÇΓöÇΓöÇΓöÇΓöÇΓöÇΓöÇΓöÇΓöÇΓöÇΓöÇΓöÇΓöÇΓöÇΓöÇΓöÇΓöÇΓöÇΓöÇΓöÇΓöÇΓöÇΓöÇΓöÇΓöÇΓöÇΓöÇΓöÇΓöÇΓöÇΓöÇΓöÇΓöÇΓöÇΓöÇΓöÇΓöÇΓöÇΓöÇΓöÇΓöÇΓöÇΓöÇΓöÇΓöÇΓöÇΓöÇΓöÇΓöÇΓöÇΓöÇΓöÇΓöÇΓöÇΓöÇΓöÇΓöÇΓöÇΓöÇΓöÇΓöÇΓöÇΓöÇΓöÇΓöÇΓöÇΓöÇΓöÇΓöÇΓöÇΓöÇΓöÇΓöÇΓöÇΓöÇΓöÇΓöÇΓöÇΓöÇΓöÇΓöÇΓöÇΓöÇΓöÇΓöÇΓöÇΓöÇΓöÇΓöÇ

    Error Context: test-results\e2e-permission-boundaries--af228-ΓÇö-missing-server-side-gate--steward\error-context.md


[1A[2K[22/41] [steward] ΓÇ║ e2e\permission-boundaries.spec.ts:97:9 ΓÇ║ Permission boundaries ΓÇö role gate enforcement ΓÇ║ Member role ΓÇö blocked admin surfaces ΓÇ║ member: /dashboard/documents is blocked (P1 ΓÇö missing server-side gate)
[1A[2K  12) [steward] ΓÇ║ e2e\permission-boundaries.spec.ts:97:9 ΓÇ║ Permission boundaries ΓÇö role gate enforcement ΓÇ║ Member role ΓÇö blocked admin surfaces ΓÇ║ member: /dashboard/documents is blocked (P1 ΓÇö missing server-side gate) 

    Error: [2mexpect([22m[31mpage[39m[2m).[22mtoHaveURL[2m([22m[32mexpected[39m[2m)[22m failed

    Expected pattern: [32m/\/en-CA\/dashboard\/inbox(?:$|[/?#])/[39m
    Received string:  [31m"http://localhost:3002/en-CA/dashboard/work"[39m
    Timeout: 5000ms

    Call log:
    [2m  - Expect "toHaveURL" with timeout 5000ms[22m
    [2m    5 ├ù unexpected value "http://localhost:3002/en-CA/dashboard"[22m
    [2m    - waiting for navigation to finish...[22m
    [2m    - navigated to "http://localhost:3002/en-CA/dashboard/work"[22m
    [2m    3 ├ù unexpected value "http://localhost:3002/en-CA/dashboard/work"[22m


       at e2e\helpers\auth.ts:99

       97 |   await page.goto(toLocalizedPath('/dashboard', fixture.locale), { waitUntil: 'domcontentloaded' });
       98 |   const landing = toLocalizedPath(getExpectedLanding(role), fixture.locale);
    >  99 |   await expect(page).toHaveURL(new RegExp(`${escapeRegExp(landing)}(?:$|[/?#])`));
          |                      ^
      100 |   return landing;
      101 | }
      102 |
        at gotoDashboardAsRole (C:\APPS\nzila-automation-phase0c\apps\union-eyes\e2e\helpers\auth.ts:99:22)
        at C:\APPS\nzila-automation-phase0c\apps\union-eyes\e2e\permission-boundaries.spec.ts:99:32

    attachment #1: screenshot (image/png) ΓöÇΓöÇΓöÇΓöÇΓöÇΓöÇΓöÇΓöÇΓöÇΓöÇΓöÇΓöÇΓöÇΓöÇΓöÇΓöÇΓöÇΓöÇΓöÇΓöÇΓöÇΓöÇΓöÇΓöÇΓöÇΓöÇΓöÇΓöÇΓöÇΓöÇΓöÇΓöÇΓöÇΓöÇΓöÇΓöÇΓöÇΓöÇΓöÇΓöÇΓöÇΓöÇΓöÇΓöÇΓöÇΓöÇΓöÇΓöÇΓöÇΓöÇΓöÇΓöÇΓöÇΓöÇΓöÇΓöÇΓöÇΓöÇ
    test-results\e2e-permission-boundaries--4b712-ΓÇö-missing-server-side-gate--steward\test-failed-1.png
    ΓöÇΓöÇΓöÇΓöÇΓöÇΓöÇΓöÇΓöÇΓöÇΓöÇΓöÇΓöÇΓöÇΓöÇΓöÇΓöÇΓöÇΓöÇΓöÇΓöÇΓöÇΓöÇΓöÇΓöÇΓöÇΓöÇΓöÇΓöÇΓöÇΓöÇΓöÇΓöÇΓöÇΓöÇΓöÇΓöÇΓöÇΓöÇΓöÇΓöÇΓöÇΓöÇΓöÇΓöÇΓöÇΓöÇΓöÇΓöÇΓöÇΓöÇΓöÇΓöÇΓöÇΓöÇΓöÇΓöÇΓöÇΓöÇΓöÇΓöÇΓöÇΓöÇΓöÇΓöÇΓöÇΓöÇΓöÇΓöÇΓöÇΓöÇΓöÇΓöÇΓöÇΓöÇΓöÇΓöÇΓöÇΓöÇΓöÇΓöÇΓöÇΓöÇΓöÇΓöÇΓöÇΓöÇΓöÇΓöÇΓöÇΓöÇΓöÇΓöÇΓöÇΓöÇΓöÇΓöÇ

    attachment #2: video (video/webm) ΓöÇΓöÇΓöÇΓöÇΓöÇΓöÇΓöÇΓöÇΓöÇΓöÇΓöÇΓöÇΓöÇΓöÇΓöÇΓöÇΓöÇΓöÇΓöÇΓöÇΓöÇΓöÇΓöÇΓöÇΓöÇΓöÇΓöÇΓöÇΓöÇΓöÇΓöÇΓöÇΓöÇΓöÇΓöÇΓöÇΓöÇΓöÇΓöÇΓöÇΓöÇΓöÇΓöÇΓöÇΓöÇΓöÇΓöÇΓöÇΓöÇΓöÇΓöÇΓöÇΓöÇΓöÇΓöÇΓöÇΓöÇΓöÇΓöÇΓöÇΓöÇΓöÇ
    test-results\e2e-permission-boundaries--4b712-ΓÇö-missing-server-side-gate--steward\video.webm
    ΓöÇΓöÇΓöÇΓöÇΓöÇΓöÇΓöÇΓöÇΓöÇΓöÇΓöÇΓöÇΓöÇΓöÇΓöÇΓöÇΓöÇΓöÇΓöÇΓöÇΓöÇΓöÇΓöÇΓöÇΓöÇΓöÇΓöÇΓöÇΓöÇΓöÇΓöÇΓöÇΓöÇΓöÇΓöÇΓöÇΓöÇΓöÇΓöÇΓöÇΓöÇΓöÇΓöÇΓöÇΓöÇΓöÇΓöÇΓöÇΓöÇΓöÇΓöÇΓöÇΓöÇΓöÇΓöÇΓöÇΓöÇΓöÇΓöÇΓöÇΓöÇΓöÇΓöÇΓöÇΓöÇΓöÇΓöÇΓöÇΓöÇΓöÇΓöÇΓöÇΓöÇΓöÇΓöÇΓöÇΓöÇΓöÇΓöÇΓöÇΓöÇΓöÇΓöÇΓöÇΓöÇΓöÇΓöÇΓöÇΓöÇΓöÇΓöÇΓöÇΓöÇΓöÇΓöÇΓöÇ

    Error Context: test-results\e2e-permission-boundaries--4b712-ΓÇö-missing-server-side-gate--steward\error-context.md


[1A[2K[23/41] [steward] ΓÇ║ e2e\permission-boundaries.spec.ts:107:9 ΓÇ║ Permission boundaries ΓÇö role gate enforcement ΓÇ║ Member role ΓÇö blocked admin surfaces ΓÇ║ member: /dashboard/billing-admin is blocked
[1A[2K  13) [steward] ΓÇ║ e2e\permission-boundaries.spec.ts:107:9 ΓÇ║ Permission boundaries ΓÇö role gate enforcement ΓÇ║ Member role ΓÇö blocked admin surfaces ΓÇ║ member: /dashboard/billing-admin is blocked 

    Error: [2mexpect([22m[31mpage[39m[2m).[22mtoHaveURL[2m([22m[32mexpected[39m[2m)[22m failed

    Expected pattern: [32m/\/en-CA\/dashboard\/inbox(?:$|[/?#])/[39m
    Received string:  [31m"http://localhost:3002/en-CA/dashboard/work"[39m
    Timeout: 5000ms

    Call log:
    [2m  - Expect "toHaveURL" with timeout 5000ms[22m
    [2m    5 ├ù unexpected value "http://localhost:3002/en-CA/dashboard"[22m
    [2m    - waiting for" http://localhost:3002/en-CA/dashboard/work" navigation to finish...[22m
    [2m    - navigated to "http://localhost:3002/en-CA/dashboard/work"[22m
    [2m    3 ├ù unexpected value "http://localhost:3002/en-CA/dashboard/work"[22m


       at e2e\helpers\auth.ts:99

       97 |   await page.goto(toLocalizedPath('/dashboard', fixture.locale), { waitUntil: 'domcontentloaded' });
       98 |   const landing = toLocalizedPath(getExpectedLanding(role), fixture.locale);
    >  99 |   await expect(page).toHaveURL(new RegExp(`${escapeRegExp(landing)}(?:$|[/?#])`));
          |                      ^
      100 |   return landing;
      101 | }
      102 |
        at gotoDashboardAsRole (C:\APPS\nzila-automation-phase0c\apps\union-eyes\e2e\helpers\auth.ts:99:22)
        at C:\APPS\nzila-automation-phase0c\apps\union-eyes\e2e\permission-boundaries.spec.ts:109:32

    attachment #1: screenshot (image/png) ΓöÇΓöÇΓöÇΓöÇΓöÇΓöÇΓöÇΓöÇΓöÇΓöÇΓöÇΓöÇΓöÇΓöÇΓöÇΓöÇΓöÇΓöÇΓöÇΓöÇΓöÇΓöÇΓöÇΓöÇΓöÇΓöÇΓöÇΓöÇΓöÇΓöÇΓöÇΓöÇΓöÇΓöÇΓöÇΓöÇΓöÇΓöÇΓöÇΓöÇΓöÇΓöÇΓöÇΓöÇΓöÇΓöÇΓöÇΓöÇΓöÇΓöÇΓöÇΓöÇΓöÇΓöÇΓöÇΓöÇΓöÇΓöÇ
    test-results\e2e-permission-boundaries--b99f2-rd-billing-admin-is-blocked-steward\test-failed-1.png
    ΓöÇΓöÇΓöÇΓöÇΓöÇΓöÇΓöÇΓöÇΓöÇΓöÇΓöÇΓöÇΓöÇΓöÇΓöÇΓöÇΓöÇΓöÇΓöÇΓöÇΓöÇΓöÇΓöÇΓöÇΓöÇΓöÇΓöÇΓöÇΓöÇΓöÇΓöÇΓöÇΓöÇΓöÇΓöÇΓöÇΓöÇΓöÇΓöÇΓöÇΓöÇΓöÇΓöÇΓöÇΓöÇΓöÇΓöÇΓöÇΓöÇΓöÇΓöÇΓöÇΓöÇΓöÇΓöÇΓöÇΓöÇΓöÇΓöÇΓöÇΓöÇΓöÇΓöÇΓöÇΓöÇΓöÇΓöÇΓöÇΓöÇΓöÇΓöÇΓöÇΓöÇΓöÇΓöÇΓöÇΓöÇΓöÇΓöÇΓöÇΓöÇΓöÇΓöÇΓöÇΓöÇΓöÇΓöÇΓöÇΓöÇΓöÇΓöÇΓöÇΓöÇΓöÇΓöÇΓöÇ

    attachment #2: video (video/webm) ΓöÇΓöÇΓöÇΓöÇΓöÇΓöÇΓöÇΓöÇΓöÇΓöÇΓöÇΓöÇΓöÇΓöÇΓöÇΓöÇΓöÇΓöÇΓöÇΓöÇΓöÇΓöÇΓöÇΓöÇΓöÇΓöÇΓöÇΓöÇΓöÇΓöÇΓöÇΓöÇΓöÇΓöÇΓöÇΓöÇΓöÇΓöÇΓöÇΓöÇΓöÇΓöÇΓöÇΓöÇΓöÇΓöÇΓöÇΓöÇΓöÇΓöÇΓöÇΓöÇΓöÇΓöÇΓöÇΓöÇΓöÇΓöÇΓöÇΓöÇΓöÇΓöÇ
    test-results\e2e-permission-boundaries--b99f2-rd-billing-admin-is-blocked-steward\video.webm
    ΓöÇΓöÇΓöÇΓöÇΓöÇΓöÇΓöÇΓöÇΓöÇΓöÇΓöÇΓöÇΓöÇΓöÇΓöÇΓöÇΓöÇΓöÇΓöÇΓöÇΓöÇΓöÇΓöÇΓöÇΓöÇΓöÇΓöÇΓöÇΓöÇΓöÇΓöÇΓöÇΓöÇΓöÇΓöÇΓöÇΓöÇΓöÇΓöÇΓöÇΓöÇΓöÇΓöÇΓöÇΓöÇΓöÇΓöÇΓöÇΓöÇΓöÇΓöÇΓöÇΓöÇΓöÇΓöÇΓöÇΓöÇΓöÇΓöÇΓöÇΓöÇΓöÇΓöÇΓöÇΓöÇΓöÇΓöÇΓöÇΓöÇΓöÇΓöÇΓöÇΓöÇΓöÇΓöÇΓöÇΓöÇΓöÇΓöÇΓöÇΓöÇΓöÇΓöÇΓöÇΓöÇΓöÇΓöÇΓöÇΓöÇΓöÇΓöÇΓöÇΓöÇΓöÇΓöÇΓöÇ

    Error Context: test-results\e2e-permission-boundaries--b99f2-rd-billing-admin-is-blocked-steward\error-context.md


[1A[2K[24/41] [steward] ΓÇ║ e2e\permission-boundaries.spec.ts:117:9 ΓÇ║ Permission boundaries ΓÇö role gate enforcement ΓÇ║ Member role ΓÇö blocked admin surfaces ΓÇ║ member: /dashboard/admin/organizations is blocked
[1A[2K  14) [steward] ΓÇ║ e2e\permission-boundaries.spec.ts:117:9 ΓÇ║ Permission boundaries ΓÇö role gate enforcement ΓÇ║ Member role ΓÇö blocked admin surfaces ΓÇ║ member: /dashboard/admin/organizations is blocked 

    Error: [2mexpect([22m[31mpage[39m[2m).[22mtoHaveURL[2m([22m[32mexpected[39m[2m)[22m failed

    Expected pattern: [32m/\/en-CA\/dashboard\/inbox(?:$|[/?#])/[39m
    Received string:  [31m"http://localhost:3002/en-CA/dashboard/work"[39m
    Timeout: 5000ms

    Call log:
    [2m  - Expect "toHaveURL" with timeout 5000ms[22m
    [2m    6 ├ù unexpected value "http://localhost:3002/en-CA/dashboard"[22m
    [2m    3 ├ù unexpected value "http://localhost:3002/en-CA/dashboard/work"[22m


       at e2e\helpers\auth.ts:99

       97 |   await page.goto(toLocalizedPath('/dashboard', fixture.locale), { waitUntil: 'domcontentloaded' });
       98 |   const landing = toLocalizedPath(getExpectedLanding(role), fixture.locale);
    >  99 |   await expect(page).toHaveURL(new RegExp(`${escapeRegExp(landing)}(?:$|[/?#])`));
          |                      ^
      100 |   return landing;
      101 | }
      102 |
        at gotoDashboardAsRole (C:\APPS\nzila-automation-phase0c\apps\union-eyes\e2e\helpers\auth.ts:99:22)
        at C:\APPS\nzila-automation-phase0c\apps\union-eyes\e2e\permission-boundaries.spec.ts:119:32

    attachment #1: screenshot (image/png) ΓöÇΓöÇΓöÇΓöÇΓöÇΓöÇΓöÇΓöÇΓöÇΓöÇΓöÇΓöÇΓöÇΓöÇΓöÇΓöÇΓöÇΓöÇΓöÇΓöÇΓöÇΓöÇΓöÇΓöÇΓöÇΓöÇΓöÇΓöÇΓöÇΓöÇΓöÇΓöÇΓöÇΓöÇΓöÇΓöÇΓöÇΓöÇΓöÇΓöÇΓöÇΓöÇΓöÇΓöÇΓöÇΓöÇΓöÇΓöÇΓöÇΓöÇΓöÇΓöÇΓöÇΓöÇΓöÇΓöÇΓöÇΓöÇ
    test-results\e2e-permission-boundaries--957d1-in-organizations-is-blocked-steward\test-failed-1.png
    ΓöÇΓöÇΓöÇΓöÇΓöÇΓöÇΓöÇΓöÇΓöÇΓöÇΓöÇΓöÇΓöÇΓöÇΓöÇΓöÇΓöÇΓöÇΓöÇΓöÇΓöÇΓöÇΓöÇΓöÇΓöÇΓöÇΓöÇΓöÇΓöÇΓöÇΓöÇΓöÇΓöÇΓöÇΓöÇΓöÇΓöÇΓöÇΓöÇΓöÇΓöÇΓöÇΓöÇΓöÇΓöÇΓöÇΓöÇΓöÇΓöÇΓöÇΓöÇΓöÇΓöÇΓöÇΓöÇΓöÇΓöÇΓöÇΓöÇΓöÇΓöÇΓöÇΓöÇΓöÇΓöÇΓöÇΓöÇΓöÇΓöÇΓöÇΓöÇΓöÇΓöÇΓöÇΓöÇΓöÇΓöÇΓöÇΓöÇΓöÇΓöÇΓöÇΓöÇΓöÇΓöÇΓöÇΓöÇΓöÇΓöÇΓöÇΓöÇΓöÇΓöÇΓöÇΓöÇΓöÇ

    attachment #2: video (video/webm) ΓöÇΓöÇΓöÇΓöÇΓöÇΓöÇΓöÇΓöÇΓöÇΓöÇΓöÇΓöÇΓöÇΓöÇΓöÇΓöÇΓöÇΓöÇΓöÇΓöÇΓöÇΓöÇΓöÇΓöÇΓöÇΓöÇΓöÇΓöÇΓöÇΓöÇΓöÇΓöÇΓöÇΓöÇΓöÇΓöÇΓöÇΓöÇΓöÇΓöÇΓöÇΓöÇΓöÇΓöÇΓöÇΓöÇΓöÇΓöÇΓöÇΓöÇΓöÇΓöÇΓöÇΓöÇΓöÇΓöÇΓöÇΓöÇΓöÇΓöÇΓöÇΓöÇ
    test-results\e2e-permission-boundaries--957d1-in-organizations-is-blocked-steward\video.webm
    ΓöÇΓöÇΓöÇΓöÇΓöÇΓöÇΓöÇΓöÇΓöÇΓöÇΓöÇΓöÇΓöÇΓöÇΓöÇΓöÇΓöÇΓöÇΓöÇΓöÇΓöÇΓöÇΓöÇΓöÇΓöÇΓöÇΓöÇΓöÇΓöÇΓöÇΓöÇΓöÇΓöÇΓöÇΓöÇΓöÇΓöÇΓöÇΓöÇΓöÇΓöÇΓöÇΓöÇΓöÇΓöÇΓöÇΓöÇΓöÇΓöÇΓöÇΓöÇΓöÇΓöÇΓöÇΓöÇΓöÇΓöÇΓöÇΓöÇΓöÇΓöÇΓöÇΓöÇΓöÇΓöÇΓöÇΓöÇΓöÇΓöÇΓöÇΓöÇΓöÇΓöÇΓöÇΓöÇΓöÇΓöÇΓöÇΓöÇΓöÇΓöÇΓöÇΓöÇΓöÇΓöÇΓöÇΓöÇΓöÇΓöÇΓöÇΓöÇΓöÇΓöÇΓöÇΓöÇΓöÇ

    Error Context: test-results\e2e-permission-boundaries--957d1-in-organizations-is-blocked-steward\error-context.md


[1A[2K[25/41] [steward] ΓÇ║ e2e\permission-boundaries.spec.ts:131:9 ΓÇ║ Permission boundaries ΓÇö role gate enforcement ΓÇ║ Steward role ΓÇö blocked admin surfaces ΓÇ║ steward: /dashboard/admin is blocked (P0 ΓÇö missing server-side gate)
[1A[2K[26/41] [steward] ΓÇ║ e2e\permission-boundaries.spec.ts:142:9 ΓÇ║ Permission boundaries ΓÇö role gate enforcement ΓÇ║ Steward role ΓÇö blocked admin surfaces ΓÇ║ steward: /dashboard/billing-admin is blocked
[1A[2K[27/41] [steward] ΓÇ║ e2e\permission-boundaries.spec.ts:152:9 ΓÇ║ Permission boundaries ΓÇö role gate enforcement ΓÇ║ Steward role ΓÇö blocked admin surfaces ΓÇ║ steward: /dashboard/documents is blocked (P1 ΓÇö missing server-side gate)
[1A[2K[28/41] [steward] ΓÇ║ e2e\permission-boundaries.spec.ts:166:9 ΓÇ║ Permission boundaries ΓÇö role gate enforcement ΓÇ║ Governance (auditor) role ΓÇö blocked admin surfaces ΓÇ║ governance: /dashboard/admin is blocked
[1A[2K  15) [steward] ΓÇ║ e2e\permission-boundaries.spec.ts:166:9 ΓÇ║ Permission boundaries ΓÇö role gate enforcement ΓÇ║ Governance (auditor) role ΓÇö blocked admin surfaces ΓÇ║ governance: /dashboard/admin is blocked 

    Error: [2mexpect([22m[31mpage[39m[2m).[22mtoHaveURL[2m([22m[32mexpected[39m[2m)[22m failed

    Expected pattern: [32m/\/en-CA\/dashboard\/governance(?:$|[/?#])/[39m
    Received string:  [31m"http://localhost:3002/en-CA/dashboard/work"[39m
    Timeout: 5000ms

    Call log:
    [2m  - Expect "toHaveURL" with timeout 5000ms[22m
    [2m    6 ├ù unexpected value "http://localhost:3002/en-CA/dashboard"[22m
    [2m    2 ├ù unexpected value "http://localhost:3002/en-CA/dashboard/work"[22m


       at e2e\helpers\auth.ts:99

       97 |   await page.goto(toLocalizedPath('/dashboard', fixture.locale), { waitUntil: 'domcontentloaded' });
       98 |   const landing = toLocalizedPath(getExpectedLanding(role), fixture.locale);
    >  99 |   await expect(page).toHaveURL(new RegExp(`${escapeRegExp(landing)}(?:$|[/?#])`));
          |                      ^
      100 |   return landing;
      101 | }
      102 |
        at gotoDashboardAsRole (C:\APPS\nzila-automation-phase0c\apps\union-eyes\e2e\helpers\auth.ts:99:22)
        at C:\APPS\nzila-automation-phase0c\apps\union-eyes\e2e\permission-boundaries.spec.ts:168:32

    attachment #1: screenshot (image/png) ΓöÇΓöÇΓöÇΓöÇΓöÇΓöÇΓöÇΓöÇΓöÇΓöÇΓöÇΓöÇΓöÇΓöÇΓöÇΓöÇΓöÇΓöÇΓöÇΓöÇΓöÇΓöÇΓöÇΓöÇΓöÇΓöÇΓöÇΓöÇΓöÇΓöÇΓöÇΓöÇΓöÇΓöÇΓöÇΓöÇΓöÇΓöÇΓöÇΓöÇΓöÇΓöÇΓöÇΓöÇΓöÇΓöÇΓöÇΓöÇΓöÇΓöÇΓöÇΓöÇΓöÇΓöÇΓöÇΓöÇΓöÇΓöÇ
    test-results\e2e-permission-boundaries--bc83e--dashboard-admin-is-blocked-steward\test-failed-1.png
    ΓöÇΓöÇΓöÇΓöÇΓöÇΓöÇΓöÇΓöÇΓöÇΓöÇΓöÇΓöÇΓöÇΓöÇΓöÇΓöÇΓöÇΓöÇΓöÇΓöÇΓöÇΓöÇΓöÇΓöÇΓöÇΓöÇΓöÇΓöÇΓöÇΓöÇΓöÇΓöÇΓöÇΓöÇΓöÇΓöÇΓöÇΓöÇΓöÇΓöÇΓöÇΓöÇΓöÇΓöÇΓöÇΓöÇΓöÇΓöÇΓöÇΓöÇΓöÇΓöÇΓöÇΓöÇΓöÇΓöÇΓöÇΓöÇΓöÇΓöÇΓöÇΓöÇΓöÇΓöÇΓöÇΓöÇΓöÇΓöÇΓöÇΓöÇΓöÇΓöÇΓöÇΓöÇΓöÇΓöÇΓöÇΓöÇΓöÇΓöÇΓöÇΓöÇΓöÇΓöÇΓöÇΓöÇΓöÇΓöÇΓöÇΓöÇΓöÇΓöÇΓöÇΓöÇΓöÇΓöÇ

    attachment #2: video (video/webm) ΓöÇΓöÇΓöÇΓöÇΓöÇΓöÇΓöÇΓöÇΓöÇΓöÇΓöÇΓöÇΓöÇΓöÇΓöÇΓöÇΓöÇΓöÇΓöÇΓöÇΓöÇΓöÇΓöÇΓöÇΓöÇΓöÇΓöÇΓöÇΓöÇΓöÇΓöÇΓöÇΓöÇΓöÇΓöÇΓöÇΓöÇΓöÇΓöÇΓöÇΓöÇΓöÇΓöÇΓöÇΓöÇΓöÇΓöÇΓöÇΓöÇΓöÇΓöÇΓöÇΓöÇΓöÇΓöÇΓöÇΓöÇΓöÇΓöÇΓöÇΓöÇΓöÇ
    test-results\e2e-permission-boundaries--bc83e--dashboard-admin-is-blocked-steward\video.webm
    ΓöÇΓöÇΓöÇΓöÇΓöÇΓöÇΓöÇΓöÇΓöÇΓöÇΓöÇΓöÇΓöÇΓöÇΓöÇΓöÇΓöÇΓöÇΓöÇΓöÇΓöÇΓöÇΓöÇΓöÇΓöÇΓöÇΓöÇΓöÇΓöÇΓöÇΓöÇΓöÇΓöÇΓöÇΓöÇΓöÇΓöÇΓöÇΓöÇΓöÇΓöÇΓöÇΓöÇΓöÇΓöÇΓöÇΓöÇΓöÇΓöÇΓöÇΓöÇΓöÇΓöÇΓöÇΓöÇΓöÇΓöÇΓöÇΓöÇΓöÇΓöÇΓöÇΓöÇΓöÇΓöÇΓöÇΓöÇΓöÇΓöÇΓöÇΓöÇΓöÇΓöÇΓöÇΓöÇΓöÇΓöÇΓöÇΓöÇΓöÇΓöÇΓöÇΓöÇΓöÇΓöÇΓöÇΓöÇΓöÇΓöÇΓöÇΓöÇΓöÇΓöÇΓöÇΓöÇΓöÇ

    Error Context: test-results\e2e-permission-boundaries--bc83e--dashboard-admin-is-blocked-steward\error-context.md


[1A[2K[29/41] [steward] ΓÇ║ e2e\permission-boundaries.spec.ts:176:9 ΓÇ║ Permission boundaries ΓÇö role gate enforcement ΓÇ║ Governance (auditor) role ΓÇö blocked admin surfaces ΓÇ║ governance: /dashboard/billing-admin is blocked
[1A[2K  16) [steward] ΓÇ║ e2e\permission-boundaries.spec.ts:176:9 ΓÇ║ Permission boundaries ΓÇö role gate enforcement ΓÇ║ Governance (auditor) role ΓÇö blocked admin surfaces ΓÇ║ governance: /dashboard/billing-admin is blocked 

    Error: [2mexpect([22m[31mpage[39m[2m).[22mtoHaveURL[2m([22m[32mexpected[39m[2m)[22m failed

    Expected pattern: [32m/\/en-CA\/dashboard\/governance(?:$|[/?#])/[39m
    Received string:  [31m"http://localhost:3002/en-CA/dashboard/work"[39m
    Timeout: 5000ms

    Call log:
    [2m  - Expect "toHaveURL" with timeout 5000ms[22m
    [2m    5 ├ù unexpected value "http://localhost:3002/en-CA/dashboard"[22m
    [2m    - waiting for" http://localhost:3002/en-CA/dashboard/work" navigation to finish...[22m
    [2m    - navigated to "http://localhost:3002/en-CA/dashboard/work"[22m
    [2m    3 ├ù unexpected value "http://localhost:3002/en-CA/dashboard/work"[22m


       at e2e\helpers\auth.ts:99

       97 |   await page.goto(toLocalizedPath('/dashboard', fixture.locale), { waitUntil: 'domcontentloaded' });
       98 |   const landing = toLocalizedPath(getExpectedLanding(role), fixture.locale);
    >  99 |   await expect(page).toHaveURL(new RegExp(`${escapeRegExp(landing)}(?:$|[/?#])`));
          |                      ^
      100 |   return landing;
      101 | }
      102 |
        at gotoDashboardAsRole (C:\APPS\nzila-automation-phase0c\apps\union-eyes\e2e\helpers\auth.ts:99:22)
        at C:\APPS\nzila-automation-phase0c\apps\union-eyes\e2e\permission-boundaries.spec.ts:178:32

    attachment #1: screenshot (image/png) ΓöÇΓöÇΓöÇΓöÇΓöÇΓöÇΓöÇΓöÇΓöÇΓöÇΓöÇΓöÇΓöÇΓöÇΓöÇΓöÇΓöÇΓöÇΓöÇΓöÇΓöÇΓöÇΓöÇΓöÇΓöÇΓöÇΓöÇΓöÇΓöÇΓöÇΓöÇΓöÇΓöÇΓöÇΓöÇΓöÇΓöÇΓöÇΓöÇΓöÇΓöÇΓöÇΓöÇΓöÇΓöÇΓöÇΓöÇΓöÇΓöÇΓöÇΓöÇΓöÇΓöÇΓöÇΓöÇΓöÇΓöÇΓöÇ
    test-results\e2e-permission-boundaries--97ae5-rd-billing-admin-is-blocked-steward\test-failed-1.png
    ΓöÇΓöÇΓöÇΓöÇΓöÇΓöÇΓöÇΓöÇΓöÇΓöÇΓöÇΓöÇΓöÇΓöÇΓöÇΓöÇΓöÇΓöÇΓöÇΓöÇΓöÇΓöÇΓöÇΓöÇΓöÇΓöÇΓöÇΓöÇΓöÇΓöÇΓöÇΓöÇΓöÇΓöÇΓöÇΓöÇΓöÇΓöÇΓöÇΓöÇΓöÇΓöÇΓöÇΓöÇΓöÇΓöÇΓöÇΓöÇΓöÇΓöÇΓöÇΓöÇΓöÇΓöÇΓöÇΓöÇΓöÇΓöÇΓöÇΓöÇΓöÇΓöÇΓöÇΓöÇΓöÇΓöÇΓöÇΓöÇΓöÇΓöÇΓöÇΓöÇΓöÇΓöÇΓöÇΓöÇΓöÇΓöÇΓöÇΓöÇΓöÇΓöÇΓöÇΓöÇΓöÇΓöÇΓöÇΓöÇΓöÇΓöÇΓöÇΓöÇΓöÇΓöÇΓöÇΓöÇ

    attachment #2: video (video/webm) ΓöÇΓöÇΓöÇΓöÇΓöÇΓöÇΓöÇΓöÇΓöÇΓöÇΓöÇΓöÇΓöÇΓöÇΓöÇΓöÇΓöÇΓöÇΓöÇΓöÇΓöÇΓöÇΓöÇΓöÇΓöÇΓöÇΓöÇΓöÇΓöÇΓöÇΓöÇΓöÇΓöÇΓöÇΓöÇΓöÇΓöÇΓöÇΓöÇΓöÇΓöÇΓöÇΓöÇΓöÇΓöÇΓöÇΓöÇΓöÇΓöÇΓöÇΓöÇΓöÇΓöÇΓöÇΓöÇΓöÇΓöÇΓöÇΓöÇΓöÇΓöÇΓöÇ
    test-results\e2e-permission-boundaries--97ae5-rd-billing-admin-is-blocked-steward\video.webm
    ΓöÇΓöÇΓöÇΓöÇΓöÇΓöÇΓöÇΓöÇΓöÇΓöÇΓöÇΓöÇΓöÇΓöÇΓöÇΓöÇΓöÇΓöÇΓöÇΓöÇΓöÇΓöÇΓöÇΓöÇΓöÇΓöÇΓöÇΓöÇΓöÇΓöÇΓöÇΓöÇΓöÇΓöÇΓöÇΓöÇΓöÇΓöÇΓöÇΓöÇΓöÇΓöÇΓöÇΓöÇΓöÇΓöÇΓöÇΓöÇΓöÇΓöÇΓöÇΓöÇΓöÇΓöÇΓöÇΓöÇΓöÇΓöÇΓöÇΓöÇΓöÇΓöÇΓöÇΓöÇΓöÇΓöÇΓöÇΓöÇΓöÇΓöÇΓöÇΓöÇΓöÇΓöÇΓöÇΓöÇΓöÇΓöÇΓöÇΓöÇΓöÇΓöÇΓöÇΓöÇΓöÇΓöÇΓöÇΓöÇΓöÇΓöÇΓöÇΓöÇΓöÇΓöÇΓöÇΓöÇ

    Error Context: test-results\e2e-permission-boundaries--97ae5-rd-billing-admin-is-blocked-steward\error-context.md


[1A[2K[30/41] [steward] ΓÇ║ e2e\permission-boundaries.spec.ts:186:9 ΓÇ║ Permission boundaries ΓÇö role gate enforcement ΓÇ║ Governance (auditor) role ΓÇö blocked admin surfaces ΓÇ║ governance: /dashboard/claims/new is blocked (GAP-01 ΓÇö no edit for read-only role)
[1A[2K  17) [steward] ΓÇ║ e2e\permission-boundaries.spec.ts:186:9 ΓÇ║ Permission boundaries ΓÇö role gate enforcement ΓÇ║ Governance (auditor) role ΓÇö blocked admin surfaces ΓÇ║ governance: /dashboard/claims/new is blocked (GAP-01 ΓÇö no edit for read-only role) 

    Error: [2mexpect([22m[31mpage[39m[2m).[22mtoHaveURL[2m([22m[32mexpected[39m[2m)[22m failed

    Expected pattern: [32m/\/en-CA\/dashboard\/governance(?:$|[/?#])/[39m
    Received string:  [31m"http://localhost:3002/en-CA/dashboard/work"[39m
    Timeout: 5000ms

    Call log:
    [2m  - Expect "toHaveURL" with timeout 5000ms[22m
    [2m    5 ├ù unexpected value "http://localhost:3002/en-CA/dashboard"[22m
    [2m    - waiting for" http://localhost:3002/en-CA/dashboard/work" navigation to finish...[22m
    [2m    - navigated to "http://localhost:3002/en-CA/dashboard/work"[22m
    [2m    3 ├ù unexpected value "http://localhost:3002/en-CA/dashboard/work"[22m


       at e2e\helpers\auth.ts:99

       97 |   await page.goto(toLocalizedPath('/dashboard', fixture.locale), { waitUntil: 'domcontentloaded' });
       98 |   const landing = toLocalizedPath(getExpectedLanding(role), fixture.locale);
    >  99 |   await expect(page).toHaveURL(new RegExp(`${escapeRegExp(landing)}(?:$|[/?#])`));
          |                      ^
      100 |   return landing;
      101 | }
      102 |
        at gotoDashboardAsRole (C:\APPS\nzila-automation-phase0c\apps\union-eyes\e2e\helpers\auth.ts:99:22)
        at C:\APPS\nzila-automation-phase0c\apps\union-eyes\e2e\permission-boundaries.spec.ts:190:32

    attachment #1: screenshot (image/png) ΓöÇΓöÇΓöÇΓöÇΓöÇΓöÇΓöÇΓöÇΓöÇΓöÇΓöÇΓöÇΓöÇΓöÇΓöÇΓöÇΓöÇΓöÇΓöÇΓöÇΓöÇΓöÇΓöÇΓöÇΓöÇΓöÇΓöÇΓöÇΓöÇΓöÇΓöÇΓöÇΓöÇΓöÇΓöÇΓöÇΓöÇΓöÇΓöÇΓöÇΓöÇΓöÇΓöÇΓöÇΓöÇΓöÇΓöÇΓöÇΓöÇΓöÇΓöÇΓöÇΓöÇΓöÇΓöÇΓöÇΓöÇΓöÇ
    test-results\e2e-permission-boundaries--a4d8b-no-edit-for-read-only-role--steward\test-failed-1.png
    ΓöÇΓöÇΓöÇΓöÇΓöÇΓöÇΓöÇΓöÇΓöÇΓöÇΓöÇΓöÇΓöÇΓöÇΓöÇΓöÇΓöÇΓöÇΓöÇΓöÇΓöÇΓöÇΓöÇΓöÇΓöÇΓöÇΓöÇΓöÇΓöÇΓöÇΓöÇΓöÇΓöÇΓöÇΓöÇΓöÇΓöÇΓöÇΓöÇΓöÇΓöÇΓöÇΓöÇΓöÇΓöÇΓöÇΓöÇΓöÇΓöÇΓöÇΓöÇΓöÇΓöÇΓöÇΓöÇΓöÇΓöÇΓöÇΓöÇΓöÇΓöÇΓöÇΓöÇΓöÇΓöÇΓöÇΓöÇΓöÇΓöÇΓöÇΓöÇΓöÇΓöÇΓöÇΓöÇΓöÇΓöÇΓöÇΓöÇΓöÇΓöÇΓöÇΓöÇΓöÇΓöÇΓöÇΓöÇΓöÇΓöÇΓöÇΓöÇΓöÇΓöÇΓöÇΓöÇΓöÇ

    attachment #2: video (video/webm) ΓöÇΓöÇΓöÇΓöÇΓöÇΓöÇΓöÇΓöÇΓöÇΓöÇΓöÇΓöÇΓöÇΓöÇΓöÇΓöÇΓöÇΓöÇΓöÇΓöÇΓöÇΓöÇΓöÇΓöÇΓöÇΓöÇΓöÇΓöÇΓöÇΓöÇΓöÇΓöÇΓöÇΓöÇΓöÇΓöÇΓöÇΓöÇΓöÇΓöÇΓöÇΓöÇΓöÇΓöÇΓöÇΓöÇΓöÇΓöÇΓöÇΓöÇΓöÇΓöÇΓöÇΓöÇΓöÇΓöÇΓöÇΓöÇΓöÇΓöÇΓöÇΓöÇ
    test-results\e2e-permission-boundaries--a4d8b-no-edit-for-read-only-role--steward\video.webm
    ΓöÇΓöÇΓöÇΓöÇΓöÇΓöÇΓöÇΓöÇΓöÇΓöÇΓöÇΓöÇΓöÇΓöÇΓöÇΓöÇΓöÇΓöÇΓöÇΓöÇΓöÇΓöÇΓöÇΓöÇΓöÇΓöÇΓöÇΓöÇΓöÇΓöÇΓöÇΓöÇΓöÇΓöÇΓöÇΓöÇΓöÇΓöÇΓöÇΓöÇΓöÇΓöÇΓöÇΓöÇΓöÇΓöÇΓöÇΓöÇΓöÇΓöÇΓöÇΓöÇΓöÇΓöÇΓöÇΓöÇΓöÇΓöÇΓöÇΓöÇΓöÇΓöÇΓöÇΓöÇΓöÇΓöÇΓöÇΓöÇΓöÇΓöÇΓöÇΓöÇΓöÇΓöÇΓöÇΓöÇΓöÇΓöÇΓöÇΓöÇΓöÇΓöÇΓöÇΓöÇΓöÇΓöÇΓöÇΓöÇΓöÇΓöÇΓöÇΓöÇΓöÇΓöÇΓöÇΓöÇ

    Error Context: test-results\e2e-permission-boundaries--a4d8b-no-edit-for-read-only-role--steward\error-context.md


[1A[2K[31/41] [steward] ΓÇ║ e2e\permission-boundaries.spec.ts:202:9 ΓÇ║ Permission boundaries ΓÇö role gate enforcement ΓÇ║ FSM ΓÇö invalid state transitions ΓÇ║ steward: cannot POST an invalid FSM skip-state transition
[1A[2K[32/41] [steward] ΓÇ║ tests\e2e\steward-review.spec.ts:14:7 ΓÇ║ UE E2E - steward review ΓÇ║ steward reviews assigned case and comment path is authorized
[1A[2K[33/41] [steward] ΓÇ║ tests\e2e\steward-review.spec.ts:29:7 ΓÇ║ UE E2E - steward review ΓÇ║ steward annotation includes required audit metadata (STEWARD-COMMENT-ANNOTATE)
[1A[2K[34/41] [steward] ΓÇ║ tests\e2e\steward-review.spec.ts:44:7 ΓÇ║ UE E2E - steward review ΓÇ║ steward can only update permitted fields on a case (STEWARD-UPDATE-ALLOWED-FIELDS)
[1A[2K[35/41] [staff] ΓÇ║ tests\e2e\auditor-readonly.spec.ts:14:7 ΓÇ║ UE E2E - auditor read-only boundary ΓÇ║ auditor can read allowed surfaces but mutation controls are blocked
[1A[2K[36/41] [staff] ΓÇ║ tests\e2e\case-escalation.spec.ts:14:7 ΓÇ║ UE E2E - case escalation ΓÇ║ authorized escalation succeeds and unauthorized escalation is blocked
[1A[2K[37/41] [staff] ΓÇ║ tests\e2e\case-resolution.spec.ts:14:7 ΓÇ║ UE E2E - case resolution ΓÇ║ authorized resolution is visible and invalid post-resolution mutation is blocked
[1A[2K[38/41] [staff] ΓÇ║ tests\e2e\external-ux-tester.spec.ts:15:7 ΓÇ║ UE E2E - external UX tester containment ΓÇ║ external tester is limited to isolated UX scope
[1A[2K[39/41] [staff] ΓÇ║ tests\e2e\external-ux-tester.spec.ts:33:7 ΓÇ║ UE E2E - external UX tester containment ΓÇ║ attempted role escalation by external tester is denied and audit-evidenced (NEG-ATTEMPTED-ROLE-ESCALATION)
[1A[2K[40/41] [executive] ΓÇ║ e2e\cba-intelligence.spec.ts:66:7 ΓÇ║ Labor continuity intelligence page ΓÇ║ authenticated user can navigate protected continuity route without auth failure
[1A[2K[41/41] [executive] ΓÇ║ e2e\cba-intelligence.spec.ts:75:7 ΓÇ║ Labor continuity intelligence page ΓÇ║ renders tabbed workflow when entitled, otherwise remains stable under module gating
[1A[2K  17 failed
    [member] ΓÇ║ e2e\member-journey.spec.ts:33:7 ΓÇ║ Member journey ΓÇ║ member lands at member portal after login 
    [member] ΓÇ║ e2e\member-journey.spec.ts:43:7 ΓÇ║ Member journey ΓÇ║ member: case management nav items are not visible 
    [member] ΓÇ║ e2e\member-journey.spec.ts:49:7 ΓÇ║ Member journey ΓÇ║ member: governance nav items are not visible 
    [member] ΓÇ║ e2e\member-journey.spec.ts:175:9 ΓÇ║ Member journey ΓÇ║ GAP-01 ΓÇö Governance persona: no edit/write controls visible ΓÇ║ governance: cannot see "Open Representation Case" action 
    [member] ΓÇ║ e2e\member-journey.spec.ts:185:9 ΓÇ║ Member journey ΓÇ║ GAP-01 ΓÇö Governance persona: no edit/write controls visible ΓÇ║ governance: no submit/create buttons visible on landing page 
    [steward] ΓÇ║ e2e\permission-boundaries.spec.ts:31:9 ΓÇ║ Permission boundaries ΓÇö role gate enforcement ΓÇ║ Unauthenticated user ΓÇ║ is redirected away from /dashboard 
    [steward] ΓÇ║ e2e\permission-boundaries.spec.ts:40:9 ΓÇ║ Permission boundaries ΓÇö role gate enforcement ΓÇ║ Unauthenticated user ΓÇ║ is redirected away from /dashboard/admin 
    [steward] ΓÇ║ e2e\permission-boundaries.spec.ts:47:9 ΓÇ║ Permission boundaries ΓÇö role gate enforcement ΓÇ║ Unauthenticated user ΓÇ║ unauthenticated POST to /api/cases/intake returns 401 or 403 
    [steward] ΓÇ║ e2e\permission-boundaries.spec.ts:61:9 ΓÇ║ Permission boundaries ΓÇö role gate enforcement ΓÇ║ Unauthenticated user ΓÇ║ unauthenticated PATCH to /api/cases/transition returns 401 
    [steward] ΓÇ║ e2e\permission-boundaries.spec.ts:72:9 ΓÇ║ Permission boundaries ΓÇö role gate enforcement ΓÇ║ Unauthenticated user ΓÇ║ unauthenticated POST to /api/cases/assign returns 401 or 403 
    [steward] ΓÇ║ e2e\permission-boundaries.spec.ts:85:9 ΓÇ║ Permission boundaries ΓÇö role gate enforcement ΓÇ║ Member role ΓÇö blocked admin surfaces ΓÇ║ member: /dashboard/admin is blocked (P0 ΓÇö missing server-side gate) 
    [steward] ΓÇ║ e2e\permission-boundaries.spec.ts:97:9 ΓÇ║ Permission boundaries ΓÇö role gate enforcement ΓÇ║ Member role ΓÇö blocked admin surfaces ΓÇ║ member: /dashboard/documents is blocked (P1 ΓÇö missing server-side gate) 
    [steward] ΓÇ║ e2e\permission-boundaries.spec.ts:107:9 ΓÇ║ Permission boundaries ΓÇö role gate enforcement ΓÇ║ Member role ΓÇö blocked admin surfaces ΓÇ║ member: /dashboard/billing-admin is blocked 
    [steward] ΓÇ║ e2e\permission-boundaries.spec.ts:117:9 ΓÇ║ Permission boundaries ΓÇö role gate enforcement ΓÇ║ Member role ΓÇö blocked admin surfaces ΓÇ║ member: /dashboard/admin/organizations is blocked 
    [steward] ΓÇ║ e2e\permission-boundaries.spec.ts:166:9 ΓÇ║ Permission boundaries ΓÇö role gate enforcement ΓÇ║ Governance (auditor) role ΓÇö blocked admin surfaces ΓÇ║ governance: /dashboard/admin is blocked 
    [steward] ΓÇ║ e2e\permission-boundaries.spec.ts:176:9 ΓÇ║ Permission boundaries ΓÇö role gate enforcement ΓÇ║ Governance (auditor) role ΓÇö blocked admin surfaces ΓÇ║ governance: /dashboard/billing-admin is blocked 
    [steward] ΓÇ║ e2e\permission-boundaries.spec.ts:186:9 ΓÇ║ Permission boundaries ΓÇö role gate enforcement ΓÇ║ Governance (auditor) role ΓÇö blocked admin surfaces ΓÇ║ governance: /dashboard/claims/new is blocked (GAP-01 ΓÇö no edit for read-only role) 
  1 skipped
  23 passed (6.3m)

To open last HTML report run:
[36m[39m
[36m  pnpm exec playwright show-report[39m
[36m[39m
[e2e:governed] Γ£ö step 10: playwright (380664 ms) ΓÇö exitCode=1 projects=[setup,member,steward,staff,executive]
[e2e:governed] Γû╢ step 11: collect-artifacts
[e2e:governed] Γ£ö step 11: collect-artifacts (124 ms) ΓÇö artifacts=playwright-report,test-results,server.log
[e2e:governed] Γ£ö step 12: stop-server (sigterm)
[e2e:governed] Γ£ö step 13: drop-db ue_e2e_20260724063108_97d868
[e2e:governed] Γ£ö step 14: verify-port-release port=3002
[e2e:governed] summary written ΓåÆ C:\APPS\nzila-automation-phase0c\reports\audits\cupe-national-phase-0\phase-0c\run-artifacts\20260724063108_97d868\run-summary.json
C:\APPS\nzila-automation-phase0c\apps\union-eyes:
ΓÇëERR_PNPM_RECURSIVE_RUN_FIRST_FAILΓÇë @nzila/union-eyes@1.0.0 e2e:governed: `tsx scripts/lifecycle/run.ts`
Exit status 1
