
> @nzila/union-eyes@1.0.0 e2e:governed C:\APPS\nzila-automation-phase0c\apps\union-eyes
> tsx scripts/lifecycle/run.ts

[e2e:governed] env loaded (adminUrl=postgresql://<user>:<pw>@localhost:5433/postgres)
[e2e:governed] Γû╢ step 1: preflight
[e2e:governed] Γ£ö step 1: preflight (10 ms) ΓÇö node=v24.13.1, port=3002 free
[e2e:governed] Γû╢ step 2: allocate-db
[ue:e2e:allocate-db] Creating disposable DB 'ue_e2e_20260724004806_ff82d5' via postgresql://<user>:<pw>@localhost:5433/postgres (owner=nzila)
[e2e:governed] Γ£ö step 2: allocate-db (4240 ms) ΓÇö db=ue_e2e_20260724004806_ff82d5 runId=20260724004806_ff82d5
[e2e:governed] Γû╢ step 3: allocate-port
[e2e:governed] Γ£ö step 3: allocate-port (2 ms) ΓÇö port=3002 (preferred=3002)
[e2e:governed] Γû╢ step 4: migrations.platform
[e2e:governed] Γ£ö step 4: migrations.platform (0 ms) ΓÇö applied during allocate-db (drizzle bootstrap)
[e2e:governed] Γû╢ step 5: migrations.django
[e2e:governed] Γ£ö step 5: migrations.django (0 ms) ΓÇö Django not required for Phase 0C.1 baseline; see readiness ┬º6 #6
[e2e:governed] Γû╢ step 6: verify-phase0b-contract
[e2e:governed] Γ£ÿ step 6: verify-phase0b-contract FAILED (107 ms) ΓÇö organization_members table missing after migrations
[e2e:governed] ABORT ΓÇö organization_members table missing after migrations
[e2e:governed] Γ£ö step 13: drop-db ue_e2e_20260724004806_ff82d5
[e2e:governed] Γ£ö step 14: verify-port-release port=3002
[e2e:governed] summary written ΓåÆ C:\APPS\nzila-automation-phase0c\apps\union-eyes\.e2e-lifecycle\runs\20260724004806_ff82d5\run-summary.json
C:\APPS\nzila-automation-phase0c\apps\union-eyes:
ΓÇëERR_PNPM_RECURSIVE_RUN_FIRST_FAILΓÇë @nzila/union-eyes@1.0.0 e2e:governed: `tsx scripts/lifecycle/run.ts`
Exit status 2
