
> @nzila/union-eyes@1.0.0 e2e:governed C:\APPS\nzila-automation-phase0c\apps\union-eyes
> tsx scripts/lifecycle/run.ts

[e2e:governed] env loaded (adminUrl=postgresql://<user>:<pw>@localhost:5433/postgres)
[e2e:governed] Γû╢ step 1: preflight
[e2e:governed] Γ£ö step 1: preflight (12 ms) ΓÇö node=v24.13.1, port=3002 free
[e2e:governed] Γû╢ step 2: allocate-db
[ue:e2e:allocate-db] Creating disposable DB 'ue_e2e_20260724012525_a45e5e' via postgresql://<user>:<pw>@localhost:5433/postgres (owner=nzila)
[e2e:governed] Γ£ö step 2: allocate-db (1933 ms) ΓÇö db=ue_e2e_20260724012525_a45e5e runId=20260724012525_a45e5e
[e2e:governed] Γû╢ step 3: allocate-port
[e2e:governed] Γ£ö step 3: allocate-port (2 ms) ΓÇö port=3002 (preferred=3002)
[e2e:governed] Γû╢ step 4: migrations.platform
[e2e:governed] Γ£ö step 4: migrations.platform (0 ms) ΓÇö applied during allocate-db (drizzle bootstrap)
[e2e:governed] Γû╢ step 5: migrations.django
[e2e:governed] Γ£ö step 5: migrations.django (0 ms) ΓÇö Django not required for Phase 0C.1 baseline; see readiness ┬º6 #6
[e2e:governed] Γû╢ step 6: verify-phase0b-contract
[e2e:governed] Γ£ö step 6: verify-phase0b-contract (106 ms) ΓÇö organization_members present
[e2e:governed] Γû╢ step 7: seed
[ue:seed:test-env] Seed complete
{
  "testOrgs": 4,
  "testUsers": 10,
  "testCases": 3,
  "externalTesterOrg": "33333333-3333-4333-8333-333333333333",
  "externalTesterUser": "ue-qa-ux-tester-001",
  "suspendedUser": "ue-qa-member-suspended",
  "productionLikeOrgGuardrail": "44444444-4444-4444-8444-444444444444",
  "qaPassword": "NzilaQa!2026"
}
[e2e:governed] Γ£ö step 7: seed (10886 ms) ΓÇö seed-test-env applied to disposable DB
[e2e:governed] Γû╢ step 8: boot-server
(node:50072) [DEP0190] DeprecationWarning: Passing args to a child process with shell option true can lead to security vulnerabilities, as the arguments are not escaped, only concatenated.
(Use `node --trace-deprecation ...` to show where the warning was created)
[e2e:governed] Γ£ö step 8: boot-server (26781 ms) ΓÇö pid=19232 port=3002 readyAfter=25351ms handshakeRunId=20260724012525_a45e5e
[e2e:governed] Γû╢ step 9: generate-auth-states
{
  "baseUrl": "http://localhost:3002",
  "outputDir": "C:\\APPS\\nzila-automation-phase0c\\apps\\union-eyes\\playwright\\.auth",
  "results": [
    {
      "role": "member",
      "email": "ue.qa.member.primary@nzila.test",
      "ok": true,
      "loginStatus": 200,
      "meStatus": 200,
      "cookieName": "nzila_session",
      "cookieValueSample": "cjNbvsBDΓÇª",
      "cookieExpires": 1784942769,
      "meEmail": "ue.qa.member.primary@nzila.test",
      "storageStatePath": "C:\\APPS\\nzila-automation-phase0c\\apps\\union-eyes\\playwright\\.auth\\member.json"
    },
    {
      "role": "steward",
      "email": "ue.qa.steward.primary@nzila.test",
      "ok": true,
      "loginStatus": 200,
      "meStatus": 200,
      "cookieName": "nzila_session",
      "cookieValueSample": "Frx9CGRbΓÇª",
      "cookieExpires": 1784942771,
      "meEmail": "ue.qa.steward.primary@nzila.test",
      "storageStatePath": "C:\\APPS\\nzila-automation-phase0c\\apps\\union-eyes\\playwright\\.auth\\steward.json"
    },
    {
      "role": "staff",
      "email": "ue.qa.staff.primary@nzila.test",
      "ok": true,
      "loginStatus": 200,
      "meStatus": 200,
      "cookieName": "nzila_session",
      "cookieValueSample": "NEFUBQmSΓÇª",
      "cookieExpires": 1784942771,
      "meEmail": "ue.qa.staff.primary@nzila.test",
      "storageStatePath": "C:\\APPS\\nzila-automation-phase0c\\apps\\union-eyes\\playwright\\.auth\\staff.json"
    },
    {
      "role": "executive",
      "email": "ue.qa.executive.primary@nzila.test",
      "ok": true,
      "loginStatus": 200,
      "meStatus": 200,
      "cookieName": "nzila_session",
      "cookieValueSample": "6pz30afHΓÇª",
      "cookieExpires": 1784942771,
      "meEmail": "ue.qa.executive.primary@nzila.test",
      "storageStatePath": "C:\\APPS\\nzila-automation-phase0c\\apps\\union-eyes\\playwright\\.auth\\executive.json"
    },
    {
      "role": "admin",
      "email": "ue.qa.admin.primary@nzila.test",
      "ok": true,
      "loginStatus": 200,
      "meStatus": 200,
      "cookieName": "nzila_session",
      "cookieValueSample": "GgqNnsLlΓÇª",
      "cookieExpires": 1784942771,
      "meEmail": "ue.qa.admin.primary@nzila.test",
      "storageStatePath": "C:\\APPS\\nzila-automation-phase0c\\apps\\union-eyes\\playwright\\.auth\\admin.json"
    }
  ],
  "allOk": true
}
[e2e:governed] Γ£ö step 9: generate-auth-states (6538 ms) ΓÇö roles=5 allOk=true dir=playwright\.auth
[e2e:governed] Γû╢ step 10: playwright
Error: [ue:e2e] Missing required E2E environment variable DATABASE_URL. Add it to tests/e2e/.env.test or export it in your shell.
    at assertRequired (C:\APPS\nzila-automation-phase0c\apps\union-eyes\tests\e2e\e2e-env.ts:50:11)
    at getE2EEnv (C:\APPS\nzila-automation-phase0c\apps\union-eyes\tests\e2e\e2e-env.ts:96:3)
    at Object.<anonymous> (C:\APPS\nzila-automation-phase0c\apps\union-eyes\playwright.config.ts:135:23)
    at Module._compile (node:internal/modules/cjs/loader:1804:14)
    at Module.newCompile2 (C:\APPS\nzila-automation-phase0c\node_modules\playwright\lib\third_party\pirates.js:46:29)
    at Object.<anonymous> (node:internal/modules/cjs/loader:1936:10)
    at Object.newLoader2 [as .ts] (C:\APPS\nzila-automation-phase0c\node_modules\playwright\lib\third_party\pirates.js:52:22)
    at Module.load (node:internal/modules/cjs/loader:1525:32)
    at Module._load (node:internal/modules/cjs/loader:1327:12)
    at TracingChannel.traceSync (node:diagnostics_channel:328:14)
    at wrapModuleLoad (node:internal/modules/cjs/loader:245:24)
    at Module.require (node:internal/modules/cjs/loader:1548:12)
    at require (node:internal/modules/helpers:152:16)
    at requireOrImport (C:\APPS\nzila-automation-phase0c\node_modules\playwright\lib\transform\transform.js:218:18)
    at loadUserConfig (C:\APPS\nzila-automation-phase0c\node_modules\playwright\lib\common\configLoader.js:107:89)
    at loadConfig (C:\APPS\nzila-automation-phase0c\node_modules\playwright\lib\common\configLoader.js:119:28)
    at loadConfigFromFile (C:\APPS\nzila-automation-phase0c\node_modules\playwright\lib\common\configLoader.js:331:10)
    at runTests (C:\APPS\nzila-automation-phase0c\node_modules\playwright\lib\testActions.js:51:18)
    at i.<anonymous> (C:\APPS\nzila-automation-phase0c\node_modules\playwright\lib\program.js:56:7)
[e2e:governed] Γ£ö step 10: playwright (3182 ms) ΓÇö exitCode=1
[e2e:governed] Γû╢ step 11: collect-artifacts
[e2e:governed] Γ£ö step 11: collect-artifacts (151 ms) ΓÇö artifacts=playwright-report,test-results,server.log
[e2e:governed] Γ£ö step 12: stop-server (sigterm)
[e2e:governed] Γ£ö step 13: drop-db ue_e2e_20260724012525_a45e5e
[e2e:governed] Γ£ö step 14: verify-port-release port=3002
[e2e:governed] summary written ΓåÆ C:\APPS\nzila-automation-phase0c\reports\audits\cupe-national-phase-0\phase-0c\run-artifacts\20260724012525_a45e5e\run-summary.json
C:\APPS\nzila-automation-phase0c\apps\union-eyes:
ΓÇëERR_PNPM_RECURSIVE_RUN_FIRST_FAILΓÇë @nzila/union-eyes@1.0.0 e2e:governed: `tsx scripts/lifecycle/run.ts`
Exit status 1
