
> @nzila/union-eyes@1.0.0 e2e:governed C:\APPS\nzila-automation-phase0c\apps\union-eyes
> tsx scripts/lifecycle/run.ts

[e2e:governed] env loaded (adminUrl=postgresql://<user>:<pw>@localhost:5433/postgres)
[e2e:governed] Γû╢ step 1: preflight
[e2e:governed] Γ£ö step 1: preflight (9 ms) ΓÇö node=v24.13.1, port=3002 free
[e2e:governed] Γû╢ step 2: allocate-db
[ue:e2e:allocate-db] Creating disposable DB 'ue_e2e_20260724071857_662b68' via postgresql://<user>:<pw>@localhost:5433/postgres (owner=nzila)
[e2e:governed] Γ£ö step 2: allocate-db (3666 ms) ΓÇö db=ue_e2e_20260724071857_662b68 runId=20260724071857_662b68
[e2e:governed] Γû╢ step 3: allocate-port
[e2e:governed] Γ£ö step 3: allocate-port (2 ms) ΓÇö port=3002 (preferred=3002)
[e2e:governed] Γû╢ step 4: migrations.platform
[e2e:governed] Γ£ö step 4: migrations.platform (0 ms) ΓÇö applied during allocate-db (drizzle bootstrap)
[e2e:governed] Γû╢ step 5: migrations.django
[e2e:governed] Γ£ö step 5: migrations.django (0 ms) ΓÇö Django not required for Phase 0C.1 baseline; see readiness ┬º6 #6
[e2e:governed] Γû╢ step 6: verify-phase0b-contract
[e2e:governed] Γ£ö step 6: verify-phase0b-contract (117 ms) ΓÇö organization_members present
[e2e:governed] Γû╢ step 7: seed
[ue:seed:test-env] Seed complete
{
  "testOrgs": 4,
  "testUsers": 10,
  "testCases": 3,
  "externalTesterOrg": "33333333-3333-4333-8333-333333333333",
  "externalTesterUser": "ue-qa-ux-tester-001",
  "suspendedUser": "ue-qa-member-suspended",
  "productionLikeOrgGuardrail": "44444444-4444-4444-8444-444444444444",
  "qaPassword": "NzilaQa!2026"
}
[e2e:governed] Γ£ö step 7: seed (10413 ms) ΓÇö seed-test-env applied to disposable DB
[e2e:governed] Γû╢ step 8: boot-server
(node:50132) [DEP0190] DeprecationWarning: Passing args to a child process with shell option true can lead to security vulnerabilities, as the arguments are not escaped, only concatenated.
(Use `node --trace-deprecation ...` to show where the warning was created)
[e2e:governed] Γ£ö step 8: boot-server (28377 ms) ΓÇö pid=51256 port=3002 readyAfter=27078ms handshakeRunId=20260724071857_662b68
[e2e:governed] Γû╢ step 9: generate-auth-states
{
  "baseUrl": "http://localhost:3002",
  "outputDir": "C:\\APPS\\nzila-automation-phase0c\\apps\\union-eyes\\playwright\\.auth",
  "results": [
    {
      "role": "member",
      "email": "ue.qa.member.primary@nzila.test",
      "ok": true,
      "loginStatus": 200,
      "meStatus": 200,
      "cookieName": "nzila_session",
      "cookieValueSample": "PHMXp2T7ΓÇª",
      "cookieExpires": 1784963983,
      "meEmail": "ue.qa.member.primary@nzila.test",
      "storageStatePath": "C:\\APPS\\nzila-automation-phase0c\\apps\\union-eyes\\playwright\\.auth\\member.json"
    },
    {
      "role": "steward",
      "email": "ue.qa.steward.primary@nzila.test",
      "ok": true,
      "loginStatus": 200,
      "meStatus": 200,
      "cookieName": "nzila_session",
      "cookieValueSample": "_RNfa3riΓÇª",
      "cookieExpires": 1784963986,
      "meEmail": "ue.qa.steward.primary@nzila.test",
      "storageStatePath": "C:\\APPS\\nzila-automation-phase0c\\apps\\union-eyes\\playwright\\.auth\\steward.json"
    },
    {
      "role": "staff",
      "email": "ue.qa.staff.primary@nzila.test",
      "ok": true,
      "loginStatus": 200,
      "meStatus": 200,
      "cookieName": "nzila_session",
      "cookieValueSample": "QCWjn-CVΓÇª",
      "cookieExpires": 1784963986,
      "meEmail": "ue.qa.staff.primary@nzila.test",
      "storageStatePath": "C:\\APPS\\nzila-automation-phase0c\\apps\\union-eyes\\playwright\\.auth\\staff.json"
    },
    {
      "role": "executive",
      "email": "ue.qa.executive.primary@nzila.test",
      "ok": true,
      "loginStatus": 200,
      "meStatus": 200,
      "cookieName": "nzila_session",
      "cookieValueSample": "mpZhqRNyΓÇª",
      "cookieExpires": 1784963986,
      "meEmail": "ue.qa.executive.primary@nzila.test",
      "storageStatePath": "C:\\APPS\\nzila-automation-phase0c\\apps\\union-eyes\\playwright\\.auth\\executive.json"
    },
    {
      "role": "admin",
      "email": "ue.qa.admin.primary@nzila.test",
      "ok": true,
      "loginStatus": 200,
      "meStatus": 200,
      "cookieName": "nzila_session",
      "cookieValueSample": "Gsp36P6vΓÇª",
      "cookieExpires": 1784963986,
      "meEmail": "ue.qa.admin.primary@nzila.test",
      "storageStatePath": "C:\\APPS\\nzila-automation-phase0c\\apps\\union-eyes\\playwright\\.auth\\admin.json"
    }
  ],
  "allOk": true
}
[e2e:governed] Γ£ö step 9: generate-auth-states (6926 ms) ΓÇö roles=5 allOk=true dir=playwright\.auth
[e2e:governed] Γû╢ step 10: playwright
[e2e:governed]   playwright project filter: setup, security

Running 33 tests using 1 worker

[1A[2K[1/33] [setup] ΓÇ║ playwright\setup\auth-state.setup.ts:34:6 ΓÇ║ phase-0c2-s8 auth-state summary is present, complete, and consistent
[1A[2K[2/33] [security] ΓÇ║ tests\e2e\auth-failure-handling.spec.ts:47:7 ΓÇ║ UE E2E ΓÇö auth and session failure handling ΓÇ║ unauthenticated requests are denied at all critical surfaces (NEG-AUTH-NO-SESSION)
[1A[2K[3/33] [security] ΓÇ║ tests\e2e\auth-failure-handling.spec.ts:64:7 ΓÇ║ UE E2E ΓÇö auth and session failure handling ΓÇ║ member role is insufficient for evidence export (NEG-AUTH-MEMBER-EVIDENCE-EXPORT)
[1A[2K[4/33] [security] ΓÇ║ tests\e2e\auth-failure-handling.spec.ts:74:7 ΓÇ║ UE E2E ΓÇö auth and session failure handling ΓÇ║ member role is insufficient for audit log access (NEG-AUTH-MEMBER-AUDIT-READ)
[1A[2K[5/33] [security] ΓÇ║ tests\e2e\auth-failure-handling.spec.ts:86:7 ΓÇ║ UE E2E ΓÇö auth and session failure handling ΓÇ║ role cannot be escalated via header injection (NEG-AUTH-HEADER-INJECTION)
[1A[2K[6/33] [security] ΓÇ║ tests\e2e\auth-failure-handling.spec.ts:104:7 ΓÇ║ UE E2E ΓÇö auth and session failure handling ΓÇ║ session switch isolates state between users (NEG-AUTH-SESSION-ISOLATION)
[1A[2K[7/33] [security] ΓÇ║ tests\e2e\auth-failure-handling.spec.ts:121:7 ΓÇ║ UE E2E ΓÇö auth and session failure handling ΓÇ║ auditor cannot perform mutations (NEG-AUTH-AUDITOR-MUTATION)
[1A[2K[8/33] [security] ΓÇ║ tests\e2e\auth-failure-handling.spec.ts:145:7 ΓÇ║ UE E2E ΓÇö auth and session failure handling ΓÇ║ steward cannot perform admin-only operations (NEG-AUTH-STEWARD-ADMIN-LIMIT)
[1A[2K[9/33] [security] ΓÇ║ tests\e2e\auth-session-switch.spec.ts:24:7 ΓÇ║ UE E2E - auth session switching ΓÇ║ sequential logins replace the active session and role context
[1A[2K[10/33] [security] ΓÇ║ tests\e2e\cross-org-block.spec.ts:14:7 ΓÇ║ UE E2E - cross-org containment ΓÇ║ wrong-org user cannot access case or audit export
[1A[2K[11/33] [security] ΓÇ║ tests\e2e\cross-org-block.spec.ts:30:7 ΓÇ║ UE E2E - cross-org containment ΓÇ║ wrong-org member cannot access evidence/documents from another org (MEMBER-CANNOT-VIEW-WRONG-ORG-DOCUMENT)
[1A[2K[12/33] [security] ΓÇ║ tests\e2e\cross-org-block.spec.ts:38:7 ΓÇ║ UE E2E - cross-org containment ΓÇ║ wrong-org auditor cannot access audit records from another org (AUDITOR-CANNOT-ACCESS-WRONG-ORG)
[1A[2K[13/33] [security] ΓÇ║ tests\e2e\evidence-misuse.spec.ts:39:7 ΓÇ║ UE E2E ΓÇö evidence misuse and access control ΓÇ║ invalid evidence ID returns safe error ΓÇö no server crash or data leak (NEG-EVIDENCE-INVALID-ID)
[1A[2K[14/33] [security] ΓÇ║ tests\e2e\evidence-misuse.spec.ts:51:7 ΓÇ║ UE E2E ΓÇö evidence misuse and access control ΓÇ║ cross-org evidence request is denied (NEG-EVIDENCE-CROSS-ORG)
[1A[2K[15/33] [security] ΓÇ║ tests\e2e\evidence-misuse.spec.ts:67:7 ΓÇ║ UE E2E ΓÇö evidence misuse and access control ΓÇ║ member cannot export evidence (insufficient role) (NEG-EVIDENCE-MEMBER-EXPORT)
[1A[2K[16/33] [security] ΓÇ║ tests\e2e\evidence-misuse.spec.ts:80:7 ΓÇ║ UE E2E ΓÇö evidence misuse and access control ΓÇ║ authorized evidence export returns audit-safe structure only (NEG-EVIDENCE-EXPORT-SHAPE)
[1A[2K[17/33] [security] ΓÇ║ tests\e2e\evidence-misuse.spec.ts:108:7 ΓÇ║ UE E2E ΓÇö evidence misuse and access control ΓÇ║ member cannot delete evidence (NEG-EVIDENCE-MEMBER-DELETE)
[1A[2K[18/33] [security] ΓÇ║ tests\e2e\evidence-misuse.spec.ts:119:7 ΓÇ║ UE E2E ΓÇö evidence misuse and access control ΓÇ║ evidence upload without session is denied (NEG-EVIDENCE-ANON-UPLOAD)
[1A[2K[19/33] [security] ΓÇ║ tests\e2e\evidence-misuse.spec.ts:130:7 ΓÇ║ UE E2E ΓÇö evidence misuse and access control ΓÇ║ evidence governance telemetry does not expose sensitive case content (NEG-EVIDENCE-TELEMETRY-SAFE)
[1A[2K[20/33] [security] ΓÇ║ tests\e2e\negative-workflow-transitions.spec.ts:36:7 ΓÇ║ UE E2E ΓÇö negative workflow transitions (FSM invariant) ΓÇ║ triage ΓåÆ resolved is blocked ΓÇö must go via under_review (NEG-FSM-TRIAGE-DIRECT-RESOLVE)
[1A[2K[21/33] [security] ΓÇ║ tests\e2e\negative-workflow-transitions.spec.ts:57:7 ΓÇ║ UE E2E ΓÇö negative workflow transitions (FSM invariant) ΓÇ║ closed ΓåÆ investigation is blocked without explicit reopen (NEG-FSM-CLOSED-NO-INVESTIGATION)
[1A[2K[22/33] [security] ΓÇ║ tests\e2e\negative-workflow-transitions.spec.ts:84:7 ΓÇ║ UE E2E ΓÇö negative workflow transitions (FSM invariant) ΓÇ║ member cannot self-advance case to arbitration (NEG-FSM-ARBITRATION-BYPASS)
[1A[2K[23/33] [security] ΓÇ║ tests\e2e\negative-workflow-transitions.spec.ts:104:7 ΓÇ║ UE E2E ΓÇö negative workflow transitions (FSM invariant) ΓÇ║ member cannot directly resolve a case (NEG-FSM-MEMBER-DIRECT-RESOLVE)
[1A[2K[24/33] [security] ΓÇ║ tests\e2e\negative-workflow-transitions.spec.ts:123:7 ΓÇ║ UE E2E ΓÇö negative workflow transitions (FSM invariant) ΓÇ║ re-submitting a resolved case without reopen is rejected (NEG-FSM-RESUBMIT-CLOSED)
[1A[2K[25/33] [security] ΓÇ║ tests\e2e\negative-workflow-transitions.spec.ts:150:7 ΓÇ║ UE E2E ΓÇö negative workflow transitions (FSM invariant) ΓÇ║ unauthorized user cannot perform any transition (NEG-FSM-UNAUTHORIZED-TRANSITION)
[1A[2K[26/33] [security] ΓÇ║ tests\e2e\org-isolation-negative.spec.ts:42:7 ΓÇ║ UE E2E ΓÇö org isolation negative paths ΓÇ║ wrong-org user cannot lookup primary-org grievance by claim number (NEG-ORG-CLAIM-LOOKUP)
[1A[2K[27/33] [security] ΓÇ║ tests\e2e\org-isolation-negative.spec.ts:51:7 ΓÇ║ UE E2E ΓÇö org isolation negative paths ΓÇ║ wrong-org user cannot view documents/evidence for primary-org case (NEG-ORG-EVIDENCE-READ)
[1A[2K[28/33] [security] ΓÇ║ tests\e2e\org-isolation-negative.spec.ts:60:7 ΓÇ║ UE E2E ΓÇö org isolation negative paths ΓÇ║ wrong-org user cannot export evidence for primary-org case (NEG-ORG-EXPORT)
[1A[2K[29/33] [security] ΓÇ║ tests\e2e\org-isolation-negative.spec.ts:73:7 ΓÇ║ UE E2E ΓÇö org isolation negative paths ΓÇ║ universal search cannot return primary-org records to wrong-org user (NEG-ORG-SEARCH-LEAKAGE)
[1A[2K[30/33] [security] ΓÇ║ tests\e2e\org-isolation-negative.spec.ts:94:7 ΓÇ║ UE E2E ΓÇö org isolation negative paths ΓÇ║ dashboard metrics do not expose primary-org aggregate data to wrong-org user (NEG-ORG-DASHBOARD-METRICS)
[1A[2K[31/33] [security] ΓÇ║ tests\e2e\org-isolation-negative.spec.ts:112:7 ΓÇ║ UE E2E ΓÇö org isolation negative paths ΓÇ║ audit log cannot be read by wrong-org user (NEG-ORG-AUDIT-READ)
[1A[2K[32/33] [security] ΓÇ║ tests\e2e\org-isolation-negative.spec.ts:129:7 ΓÇ║ UE E2E ΓÇö org isolation negative paths ΓÇ║ workbench case list does not include primary-org cases for wrong-org user (NEG-ORG-WORKBENCH)
[1A[2K[33/33] [security] ΓÇ║ tests\e2e\org-isolation-negative.spec.ts:143:7 ΓÇ║ UE E2E ΓÇö org isolation negative paths ΓÇ║ workflow transition on primary-org case is denied to wrong-org user (NEG-ORG-WORKFLOW-MUTATION)
[1A[2K  33 passed (1.2m)

To open last HTML report run:
[36m[39m
[36m  pnpm exec playwright show-report[39m
[36m[39m
[e2e:governed] Γ£ö step 10: playwright (72667 ms) ΓÇö exitCode=0 projects=[setup,security]
[e2e:governed] Γû╢ step 11: collect-artifacts
[e2e:governed] Γ£ö step 11: collect-artifacts (16 ms) ΓÇö artifacts=playwright-report,test-results,server.log
[e2e:governed] Γ£ö step 12: stop-server (sigterm)
[e2e:governed] Γ£ö step 13: drop-db ue_e2e_20260724071857_662b68
[e2e:governed] Γ£ö step 14: verify-port-release port=3002
[e2e:governed] summary written ΓåÆ C:\APPS\nzila-automation-phase0c\reports\audits\cupe-national-phase-0\phase-0c\run-artifacts\20260724071857_662b68\run-summary.json
